02-11 10:02:04.710   871  1519 D ConnSrv_Debug: getSlotExtendedType netType:100 is extended type or non-mobile type. No need to convert.
02-11 10:02:04.710   871  1519 D ConnSrv_Debug: Replaced NetworkType 100/0 to 0/0
02-11 10:02:04.710   871  1519 D ConnSrv_Debug: getSlotExtendedType slotType:10 netType:2 [output] slotExtendedType:102
02-11 10:02:04.710   871  1519 D ConnSrv_Debug: getSlotExtendedType netType:102 is extended type or non-mobile type. No need to convert.
02-11 10:02:04.710   871  1519 D ConnSrv_Debug: Replaced NetworkType 102/0 to 2/0
02-11 10:02:04.710   871  1519 D ConnSrv_Debug: getSlotExtendedType slotType:10 netType:53 [output] slotExtendedType:153
02-11 10:02:04.710   871  1519 D ConnSrv_Debug: getSlotExtendedType netType:153 is extended type or non-mobile type. No need to convert.
02-11 10:02:04.710   871  1519 D ConnSrv_Debug: Replaced NetworkType 153/0 to 53/0
02-11 10:02:04.710   871  1519 D ConnSrv_Debug: getSlotExtendedType slotType:10 netType:3 [output] slotExtendedType:103
02-11 10:02:04.710   871  1519 D ConnSrv_Debug: getSlotExtendedType netType:103 is extended type or non-mobile type. No need to convert.
02-11 10:02:04.710   871  1519 D ConnSrv_Debug: Replaced NetworkType 103/0 to 3/0
02-11 10:02:04.710   871  1519 D ConnSrv_Debug: getSlotExtendedType slotType:10 netType:4 [output] slotExtendedType:104
02-11 10:02:04.710   871  1519 D ConnSrv_Debug: getSlotExtendedType netType:104 is extended type or non-mobile type. No need to convert.
02-11 10:02:04.710   871  1519 D ConnSrv_Debug: Replaced NetworkType 104/0 to 4/0
02-11 10:02:04.710   871  1519 D ConnSrv_Debug: getSlotExtendedType slotType:10 netType:5 [output] slotExtendedType:105
02-11 10:02:04.710   871  1519 D ConnSrv_Debug: getSlotExtendedType netType:105 is extended type or non-mobile type. No need to convert.
02-11 10:02:04.710   871  1519 D ConnSrv_Debug: Replaced NetworkType 105/0 to 5/0
02-11 10:02:04.710   871  1519 D ConnSrv_Debug: getSlotExtendedType slotType:10 netType:10 [output] slotExtendedType:110
02-11 10:02:04.710   871  1519 D ConnSrv_Debug: getSlotExtendedType netType:110 is extended type or non-mobile type. No need to convert.
02-11 10:02:04.710   871  1519 D ConnSrv_Debug: Replaced NetworkType 110/0 to 10/0
02-11 10:02:04.710   871  1519 D ConnSrv_Debug: getSlotExtendedType slotType:10 netType:14 [output] slotExtendedType:114
02-11 10:02:04.710   871  1519 D ConnSrv_Debug: getSlotExtendedType netType:114 is extended type or non-mobile type. No need to convert.
02-11 10:02:04.710   871  1519 D ConnSrv_Debug: Replaced NetworkType 114/0 to 14/0
02-11 10:02:04.710   871  1519 D ConnSrv_Debug: getSlotExtendedType slotType:10 netType:11 [output] slotExtendedType:111
02-11 10:02:04.710   871  1519 D ConnSrv_Debug: getSlotExtendedType netType:111 is extended type or non-mobile type. No need to convert.
02-11 10:02:04.710   871  1519 D ConnSrv_Debug: Replaced NetworkType 111/0 to 11/0
02-11 10:02:04.710   871  1519 D ConnSrv_Debug: getSlotExtendedType slotType:10 netType:12 [output] slotExtendedType:112
02-11 10:02:04.710   871  1519 D ConnSrv_Debug: getSlotExtendedType netType:112 is extended type or non-mobile type. No need to convert.
02-11 10:02:04.710   871  1519 D ConnSrv_Debug: Replaced NetworkType 112/0 to 12/0
02-11 10:02:04.710   871  1519 D ConnSrv_Debug: getSlotExtendedType netType:1 is extended type or non-mobile type. No need to convert.
02-11 10:02:04.710   871  1519 D ConnSrv_Debug: getSlotExtendedType netType:7 is extended type or non-mobile type. No need to convert.
02-11 10:02:04.710   871  1519 D ConnSrv_Debug: getSlotExtendedType netType:13 is extended type or non-mobile type. No need to convert.
02-11 10:02:04.710   871  1519 D ConnSrv_Debug: getSlotExtendedType netType:55 is extended type or non-mobile type. No need to convert.
02-11 10:02:04.710   871  1519 D ConnSrv_Debug: getSlotExtendedType netType:100 is extended type or non-mobile type. No need to convert.
02-11 10:02:04.720   871  1519 D ConnSrv_Debug: getSlotExtendedType netType:102 is extended type or non-mobile type. No need to convert.
02-11 10:02:04.720   871  1519 D ConnSrv_Debug: getSlotExtendedType netType:103 is extended type or non-mobile type. No need to convert.
02-11 10:02:04.720   871  1519 D ConnSrv_Debug: getSlotExtendedType netType:104 is extended type or non-mobile type. No need to convert.
02-11 10:02:04.720   871  1519 D ConnSrv_Debug: getSlotExtendedType netType:105 is extended type or non-mobile type. No need to convert.
02-11 10:02:04.720   871  1519 D ConnSrv_Debug: getSlotExtendedType netType:110 is extended type or non-mobile type. No need to convert.
02-11 10:02:04.720   871  1519 D ConnSrv_Debug: getSlotExtendedType netType:111 is extended type or non-mobile type. No need to convert.
02-11 10:02:04.720   871  1519 D ConnSrv_Debug: getSlotExtendedType netType:112 is extended type or non-mobile type. No need to convert.
02-11 10:02:04.720   871  1519 D ConnSrv_Debug: getSlotExtendedType netType:114 is extended type or non-mobile type. No need to convert.
02-11 10:02:04.720   871  1519 D ConnSrv_Debug: getSlotExtendedType netType:115 is extended type or non-mobile type. No need to convert.
02-11 10:02:04.720   871  1519 D ConnSrv_Debug: getSlotExtendedType netType:119 is extended type or non-mobile type. No need to convert.
02-11 10:02:04.720   871  1519 D ConnSrv_Debug: getSlotExtendedType netType:121 is extended type or non-mobile type. No need to convert.
02-11 10:02:04.720   871  1519 D ConnSrv_Debug: getSlotExtendedType netType:153 is extended type or non-mobile type. No need to convert.
02-11 10:02:04.720   871  1519 D ConnSrv_Debug: getSlotExtendedType netType:200 is extended type or non-mobile type. No need to convert.
02-11 10:02:04.720   871  1519 D ConnSrv_Debug: getSlotExtendedType netType:202 is extended type or non-mobile type. No need to convert.
02-11 10:02:04.720   871  1519 D ConnSrv_Debug: getSlotExtendedType netType:203 is extended type or non-mobile type. No need to convert.
02-11 10:02:04.720   871  1519 D ConnSrv_Debug: getSlotExtendedType netType:204 is extended type or non-mobile type. No need to convert.
02-11 10:02:04.720   871  1519 D ConnSrv_Debug: getSlotExtendedType netType:205 is extended type or non-mobile type. No need to convert.
02-11 10:02:04.720   871  1519 D ConnSrv_Debug: getSlotExtendedType netType:210 is extended type or non-mobile type. No need to convert.
02-11 10:02:04.720   871  1519 D ConnSrv_Debug: getSlotExtendedType netType:211 is extended type or non-mobile type. No need to convert.
02-11 10:02:04.720   871  1519 D ConnSrv_Debug: getSlotExtendedType netType:212 is extended type or non-mobile type. No need to convert.
02-11 10:02:04.720   871  1519 D ConnSrv_Debug: getSlotExtendedType netType:214 is extended type or non-mobile type. No need to convert.
02-11 10:02:04.720   871  1519 D ConnSrv_Debug: getSlotExtendedType netType:215 is extended type or non-mobile type. No need to convert.
02-11 10:02:04.720   871  1519 D ConnSrv_Debug: getSlotExtendedType netType:219 is extended type or non-mobile type. No need to convert.
02-11 10:02:04.720   871  1519 D ConnSrv_Debug: getSlotExtendedType netType:221 is extended type or non-mobile type. No need to convert.
02-11 10:02:04.720   871  1519 D ConnSrv_Debug: getSlotExtendedType netType:253 is extended type or non-mobile type. No need to convert.
02-11 10:02:04.730 29036 29036 I packagereceiver: No network connection available.
02-11 10:02:04.730 29036 29036 V Perf    : com.htc.mirrorlinkserver.receiver.PackageChangeReceiver@47b62008 onReceive:android.intent.action.PACKAGE_ADDED 154ms
02-11 10:02:04.730   281   281 D dalvikvm: Before fork
02-11 10:02:04.740   281   281 D dalvikvm: Fork pid: 29049
02-11 10:02:04.740   871  5104 D Process : killProcessQuiet, pid=28466
02-11 10:02:04.740   871  5104 D Process : com.android.server.am.ActivityManagerService.killUnneededProcessLocked:7565 com.android.server.am.ActivityManagerService.updateOomAdjLocked:17028 com.android.server.am.ActivityManagerService.trimApplications:17297 
02-11 10:02:04.740 29049 29049 D FDManager: Init fd protection
02-11 10:02:04.740 29049 29049 D FDManager: Fail to open: /sys/fs/fd_list_lock, err: 2, msg: No such file or directory
02-11 10:02:04.740 29049 29049 D FDManager: Destroy fd protection
02-11 10:02:04.740   871  5104 I ActivityManager: Start proc com.android.vending for broadcast com.android.vending/com.google.android.finsky.receivers.PackageMonitorReceiver$RegisteredReceiver: pid=29049 uid=10071 gids={50071, 3003, 5012, 1028, 1015}
02-11 10:02:04.740   871  5104 I ActivityManager: Killing 28466:com.estrongs.android.pop/u0a403 (adj 15): empty #17
02-11 10:02:04.750   871   932 V HtcAppUsageStats: noteAppDied pid=28466
02-11 10:02:04.750   871  1260 I ActivityManager: Recipient 28466
02-11 10:02:04.750   871  1260 W WindowManager: Execute app transition: mNextAppTransition=0xffffffff
02-11 10:02:04.770   871   871 V Perf    : android.content.pm.RegisteredServicesCache$1@481c0340 onReceive:android.intent.action.PACKAGE_ADDED 394ms
02-11 10:02:04.770 29049 29049 V Perf    : ApplicationThread=47b58e60 attachApplication
02-11 10:02:04.770   871   871 V Perf    : com.android.server.NotificationManagerService$5@47f15700 onReceive:android.intent.action.PACKAGE_ADDED 0ms
02-11 10:02:04.770   871   871 V Perf    : android.media.MediaFocusControl$PackageIntentsReceiver@48578cb8 onReceive:android.intent.action.PACKAGE_ADDED 0ms
02-11 10:02:04.770   871   871 V Perf    : com.android.server.UiModeManagerService$6@48764d28 onReceive:android.intent.action.PACKAGE_ADDED 0ms
02-11 10:02:04.770   871   871 D NotificationService: onReceive: android.intent.action.PACKAGE_ADDED
02-11 10:02:04.770   871   871 D NotificationService: cancelAll: org.cocos2dx.simplegame 0 0 -1
02-11 10:02:04.770   871   871 D UiModeManager: HtcAutomotive Installed, ai = ActivityInfo{47b6efa8 com.htc.AutoMotive.carousel.MainActivity}
02-11 10:02:04.770   871   871 D BackupManagerService: Received broadcast Intent { act=android.intent.action.PACKAGE_ADDED dat=package:org.cocos2dx.simplegame flg=0x4000010 (has extras) }
02-11 10:02:04.780   871   871 V Perf    : com.android.server.BackupManagerService$2@485e14a0 onReceive:android.intent.action.PACKAGE_ADDED 8ms
02-11 10:02:04.780   871   871 V Perf    : com.android.server.AppWidgetService$2@485d0ef0 onReceive:android.intent.action.PACKAGE_ADDED 1ms
02-11 10:02:04.780   871   871 V Perf    : com.android.server.media.RemoteDisplayProviderWatcher$1@488ab738 onReceive:android.intent.action.PACKAGE_ADDED 1ms
02-11 10:02:04.780   871   871 V BackupManagerService: addPackageParticipantsLocked: #1
02-11 10:02:04.780   871   871 V BackupManagerService: Examining org.cocos2dx.simplegame for backup agent
02-11 10:02:04.780   871  1042 V BroadcastQueue: Deliver to ComponentInfo{com.android.vending/com.google.android.finsky.receivers.PackageMonitorReceiver$RegisteredReceiver}:BR@48dac990
02-11 10:02:04.780   871   871 I AppWidgetServiceImpl: u=0: onBroadcast Intent { act=android.intent.action.PACKAGE_ADDED dat=package:org.cocos2dx.simplegame flg=0x4000010 (has extras) }
02-11 10:02:04.780   871   871 D RemoteDisplayProvider: Received package manager broadcast: Intent { act=android.intent.action.PACKAGE_ADDED dat=package:org.cocos2dx.simplegame flg=0x4000010 (has extras) }
02-11 10:02:04.780   871   871 D RemoteDisplayProvider: start
02-11 10:02:04.800 29049 29049 V Perf    : ActivityThread=47b58da0 newApplication, 3ms
02-11 10:02:04.800   871   883 D ConnectivityService: getPackageNamebyPID : 1 package(s) in process com.android.vending, return package name=com.android.vending
02-11 10:02:04.800   871   883 D ConnSrv_Debug: getProxy() mGlobalProxy: null mDefaultProxyDisabled: false mDefaultProxy: null by com.android.vending (29049/10071)
02-11 10:02:04.810 29049 29049 V Perf    : com.google.android.finsky.providers.QSBSuggestionsProvider@47b63640 onCreate, 0ms
02-11 10:02:04.810 29049 29049 V Perf    : com.google.android.finsky.providers.AppIconProvider@47b67588 onCreate, 1ms
02-11 10:02:04.810 29049 29049 V Perf    : com.google.android.finsky.providers.RecentSuggestionsProvider@47b68d68 onCreate, 0ms
02-11 10:02:04.820   871  1261 I ActivityManager: 29049 get provider com.google.android.gsf.gservices 26873
02-11 10:02:04.830   871   919 W asset   : Copying FileAsset 0x8c0dba58 (zip:/data/app/com.example.android.apis-1.apk:/resources.arsc) to buffer size 169400 to make it aligned.
02-11 10:02:04.830 26924 29014 D dalvikvm: GC_FOR_ALLOC freed 1875K, 64% free 4606K/12492K, paused 23ms, total 23ms
02-11 10:02:04.840   871  1518 I PackageManager:  setEnabledSetting(), pkgName=com.android.vending, clsName=com.android.vending.AssetBrowserActivity, state=1, flag=1, pid=29049, uid=10071, userID:0
02-11 10:02:04.870   871   919 V Perf    : com.android.server.search.SearchManagerService$MyPackageMonitor@484d92f0 onReceive:android.intent.action.PACKAGE_ADDED 831ms
02-11 10:02:04.870   871   919 V Perf    : com.android.server.WallpaperManagerService$MyPackageMonitor@47ee0160 onReceive:android.intent.action.PACKAGE_ADDED 0ms
02-11 10:02:04.870   871   919 V Perf    : com.android.server.usb.UsbSettingsManager$MyPackageMonitor@4875d6a0 onReceive:android.intent.action.PACKAGE_ADDED 0ms
02-11 10:02:04.870  1245  1245 D Launcher.Model: onReceive intent=Intent { act=android.search.action.SEARCHABLES_CHANGED flg=0x24000010 }
02-11 10:02:04.870  1245  1245 V Perf    : com.htc.launcher.LauncherModel@47c17cd8 onReceive:android.search.action.SEARCHABLES_CHANGED 0ms
02-11 10:02:04.870   871   919 V Perf    : com.android.server.RecognitionManagerService$MyPackageMonitor@48712650 onReceive:android.intent.action.PACKAGE_ADDED 1ms
02-11 10:02:04.870   871   919 V Perf    : com.android.server.print.PrintManagerService$3@4875aea8 onReceive:android.intent.action.PACKAGE_ADDED 0ms
02-11 10:02:04.870   871   919 D LocationProviderProxy-network: bindBestPackage for com.android.location.service.v3.NetworkLocationProvider :  found 1, no new best package
02-11 10:02:04.870   871   919 V Perf    : com.android.server.ServiceWatcher$2@4869c908 onReceive:android.intent.action.PACKAGE_ADDED 1ms
02-11 10:02:04.870   871   919 D LocationProviderProxy-fused: bindBestPackage for com.android.location.service.FusedLocationProvider :  found 2, no new best package
02-11 10:02:04.870   871   919 V Perf    : com.android.server.ServiceWatcher$2@484d8458 onReceive:android.intent.action.PACKAGE_ADDED 0ms
02-11 10:02:04.870   871   919 D GeocoderProxy: bindBestPackage for com.android.location.service.GeocodeProvider :  found 1, no new best package
02-11 10:02:04.870   871   919 V Perf    : com.android.server.ServiceWatcher$2@48553c78 onReceive:android.intent.action.PACKAGE_ADDED 0ms
02-11 10:02:04.870   871   919 D FusedProxy: bindBestPackage for com.android.location.service.FusedProvider :  found 1, no new best package
02-11 10:02:04.870   871   919 V Perf    : com.android.server.ServiceWatcher$2@48543578 onReceive:android.intent.action.PACKAGE_ADDED 1ms
02-11 10:02:04.870   871   919 D GeofenceProxy: bindBestPackage for com.android.location.service.GeofenceProvider :  found 1, no new best package
02-11 10:02:04.870   871   919 V Perf    : com.android.server.ServiceWatcher$2@484c3318 onReceive:android.intent.action.PACKAGE_ADDED 0ms
02-11 10:02:04.870   871   919 V Perf    : com.android.server.LocationManagerService$4@484f3ef8 onReceive:android.intent.action.PACKAGE_ADDED 0ms
02-11 10:02:04.870 29049 29049 D Finsky  : [1] FinskyApp.onCreate: Initializing network with DFE https://android.clients.google.com/fdfe/
02-11 10:02:04.870   871   919 I ActivityManager: broadcast act=android.search.action.SEARCHABLES_CHANGED flg=0x24000000 from pid=871, uid=1000,parallel BR:48e86b68,u0,size=1,replaced=0,order BR:null,size=0,resultTo=null
02-11 10:02:04.870   871   918 I BroadcastQueue: Deliver non-order [BG] BR@48e86b68 BF{486ed408 u0 RL{486ff4d8 1245 com.htc.launcher/10073/u0 remote:486feeb8}}
02-11 10:02:04.870   871  1142 D ConnSrv_Debug: getSlotExtendedType slotType:10 netType:0 [output] slotExtendedType:100
02-11 10:02:04.870   871  1142 D ConnSrv_Debug: getSlotExtendedType netType:100 is extended type or non-mobile type. No need to convert.
02-11 10:02:04.870   871  1142 D ConnSrv_Debug: Replaced NetworkType 100/0 to 0/0
02-11 10:02:04.870   871  1142 D ConnSrv_Debug: getSlotExtendedType slotType:10 netType:2 [output] slotExtendedType:102
02-11 10:02:04.870   871  1142 D ConnSrv_Debug: getSlotExtendedType netType:102 is extended type or non-mobile type. No need to convert.
02-11 10:02:04.870   871  1142 D ConnSrv_Debug: Replaced NetworkType 102/0 to 2/0
02-11 10:02:04.870   871  1142 D ConnSrv_Debug: getSlotExtendedType slotType:10 netType:53 [output] slotExtendedType:153
02-11 10:02:04.880   871   919 V Perf    : com.android.server.TextServicesManagerService$TextServicesMonitor@485f4610 onReceive:android.intent.action.PACKAGE_ADDED 12ms
02-11 10:02:04.880   871  1142 D ConnSrv_Debug: getSlotExtendedType netType:153 is extended type or non-mobile type. No need to convert.
02-11 10:02:04.880   871  1142 D ConnSrv_Debug: Replaced NetworkType 153/0 to 53/0
02-11 10:02:04.880   871  1142 D ConnSrv_Debug: getSlotExtendedType slotType:10 netType:3 [output] slotExtendedType:103
02-11 10:02:04.880   871  1142 D ConnSrv_Debug: getSlotExtendedType netType:103 is extended type or non-mobile type. No need to convert.
02-11 10:02:04.880   871  1142 D ConnSrv_Debug: Replaced NetworkType 103/0 to 3/0
02-11 10:02:04.880   871  1142 D ConnSrv_Debug: getSlotExtendedType slotType:10 netType:4 [output] slotExtendedType:104
02-11 10:02:04.880   871  1142 D ConnSrv_Debug: getSlotExtendedType netType:104 is extended type or non-mobile type. No need to convert.
02-11 10:02:04.880   871  1142 D ConnSrv_Debug: Replaced NetworkType 104/0 to 4/0
02-11 10:02:04.880   871  1142 D ConnSrv_Debug: getSlotExtendedType slotType:10 netType:5 [output] slotExtendedType:105
02-11 10:02:04.880   871  1142 D ConnSrv_Debug: getSlotExtendedType netType:105 is extended type or non-mobile type. No need to convert.
02-11 10:02:04.880   871  1142 D ConnSrv_Debug: Replaced NetworkType 105/0 to 5/0
02-11 10:02:04.880   871  1142 D ConnSrv_Debug: getSlotExtendedType slotType:10 netType:10 [output] slotExtendedType:110
02-11 10:02:04.880   871  1142 D ConnSrv_Debug: getSlotExtendedType netType:110 is extended type or non-mobile type. No need to convert.
02-11 10:02:04.880   871  1142 D ConnSrv_Debug: Replaced NetworkType 110/0 to 10/0
02-11 10:02:04.880   871  1142 D ConnSrv_Debug: getSlotExtendedType slotType:10 netType:14 [output] slotExtendedType:114
02-11 10:02:04.880   871  1142 D ConnSrv_Debug: getSlotExtendedType netType:114 is extended type or non-mobile type. No need to convert.
02-11 10:02:04.880   871  1142 D ConnSrv_Debug: Replaced NetworkType 114/0 to 14/0
02-11 10:02:04.880   871  1142 D ConnSrv_Debug: getSlotExtendedType slotType:10 netType:11 [output] slotExtendedType:111
02-11 10:02:04.880   871  1142 D ConnSrv_Debug: getSlotExtendedType netType:111 is extended type or non-mobile type. No need to convert.
02-11 10:02:04.880   871  1142 D ConnSrv_Debug: Replaced NetworkType 111/0 to 11/0
02-11 10:02:04.880   871  1142 D ConnSrv_Debug: getSlotExtendedType slotType:10 netType:12 [output] slotExtendedType:112
02-11 10:02:04.880   871  1142 D ConnSrv_Debug: getSlotExtendedType netType:112 is extended type or non-mobile type. No need to convert.
02-11 10:02:04.880   871  1142 D ConnSrv_Debug: Replaced NetworkType 112/0 to 12/0
02-11 10:02:04.880   871  1142 D ConnSrv_Debug: getSlotExtendedType netType:1 is extended type or non-mobile type. No need to convert.
02-11 10:02:04.880   871  1142 D ConnSrv_Debug: getSlotExtendedType netType:7 is extended type or non-mobile type. No need to convert.
02-11 10:02:04.880   871  1142 D ConnSrv_Debug: getSlotExtendedType netType:13 is extended type or non-mobile type. No need to convert.
02-11 10:02:04.880   871  1142 D ConnSrv_Debug: getSlotExtendedType netType:55 is extended type or non-mobile type. No need to convert.
02-11 10:02:04.880   871  1142 D ConnSrv_Debug: getSlotExtendedType netType:100 is extended type or non-mobile type. No need to convert.
02-11 10:02:04.880   871  1142 D ConnSrv_Debug: getSlotExtendedType netType:102 is extended type or non-mobile type. No need to convert.
02-11 10:02:04.880   871  1142 D ConnSrv_Debug: getSlotExtendedType netType:103 is extended type or non-mobile type. No need to convert.
02-11 10:02:04.880   871  1142 D ConnSrv_Debug: getSlotExtendedType netType:104 is extended type or non-mobile type. No need to convert.
02-11 10:02:04.880   871  1142 D ConnSrv_Debug: getSlotExtendedType netType:105 is extended type or non-mobile type. No need to convert.
02-11 10:02:04.880   871  1142 D ConnSrv_Debug: getSlotExtendedType netType:110 is extended type or non-mobile type. No need to convert.
02-11 10:02:04.880   871  1142 D ConnSrv_Debug: getSlotExtendedType netType:111 is extended type or non-mobile type. No need to convert.
02-11 10:02:04.880   871  1142 D ConnSrv_Debug: getSlotExtendedType netType:112 is extended type or non-mobile type. No need to convert.
02-11 10:02:04.880   871  1142 D ConnSrv_Debug: getSlotExtendedType netType:114 is extended type or non-mobile type. No need to convert.
02-11 10:02:04.880   871  1142 D ConnSrv_Debug: getSlotExtendedType netType:115 is extended type or non-mobile type. No need to convert.
02-11 10:02:04.880   871  1142 D ConnSrv_Debug: getSlotExtendedType netType:119 is extended type or non-mobile type. No need to convert.
02-11 10:02:04.880   871  1142 D ConnSrv_Debug: getSlotExtendedType netType:121 is extended type or non-mobile type. No need to convert.
02-11 10:02:04.880   871  1142 D ConnSrv_Debug: getSlotExtendedType netType:153 is extended type or non-mobile type. No need to convert.
02-11 10:02:04.880   871  1142 D ConnSrv_Debug: getSlotExtendedType netType:200 is extended type or non-mobile type. No need to convert.
02-11 10:02:04.880   871  1142 D ConnSrv_Debug: getSlotExtendedType netType:202 is extended type or non-mobile type. No need to convert.
02-11 10:02:04.880   871  1142 D ConnSrv_Debug: getSlotExtendedType netType:203 is extended type or non-mobile type. No need to convert.
02-11 10:02:04.880   871  1142 D ConnSrv_Debug: getSlotExtendedType netType:204 is extended type or non-mobile type. No need to convert.
02-11 10:02:04.880   871  1142 D ConnSrv_Debug: getSlotExtendedType netType:205 is extended type or non-mobile type. No need to convert.
02-11 10:02:04.880   871  1142 D ConnSrv_Debug: getSlotExtendedType netType:210 is extended type or non-mobile type. No need to convert.
02-11 10:02:04.880   871  1142 D ConnSrv_Debug: getSlotExtendedType netType:211 is extended type or non-mobile type. No need to convert.
02-11 10:02:04.880   871  1142 D ConnSrv_Debug: getSlotExtendedType netType:212 is extended type or non-mobile type. No need to convert.
02-11 10:02:04.880   871  1142 D ConnSrv_Debug: getSlotExtendedType netType:214 is extended type or non-mobile type. No need to convert.
02-11 10:02:04.880   871  1142 D ConnSrv_Debug: getSlotExtendedType netType:215 is extended type or non-mobile type. No need to convert.
02-11 10:02:04.880   871  1142 D ConnSrv_Debug: getSlotExtendedType netType:219 is extended type or non-mobile type. No need to convert.
02-11 10:02:04.880   871  1142 D ConnSrv_Debug: getSlotExtendedType netType:221 is extended type or non-mobile type. No need to convert.
02-11 10:02:04.880   871  1142 D ConnSrv_Debug: getSlotExtendedType netType:253 is extended type or non-mobile type. No need to convert.
02-11 10:02:04.891   871  1260 D ConnSrv_Debug: getSlotExtendedType slotType:10 netType:0 [output] slotExtendedType:100
02-11 10:02:04.891   871  1260 D ConnSrv_Debug: getSlotExtendedType netType:100 is extended type or non-mobile type. No need to convert.
02-11 10:02:04.891   871  1260 D ConnSrv_Debug: Replaced NetworkType 100/0 to 0/0
02-11 10:02:04.891   871  1260 D ConnSrv_Debug: getSlotExtendedType slotType:10 netType:2 [output] slotExtendedType:102
02-11 10:02:04.891   871  1260 D ConnSrv_Debug: getSlotExtendedType netType:102 is extended type or non-mobile type. No need to convert.
02-11 10:02:04.891   871  1260 D ConnSrv_Debug: Replaced NetworkType 102/0 to 2/0
02-11 10:02:04.891   871  1260 D ConnSrv_Debug: getSlotExtendedType slotType:10 netType:53 [output] slotExtendedType:153
02-11 10:02:04.891   871  1260 D ConnSrv_Debug: getSlotExtendedType netType:153 is extended type or non-mobile type. No need to convert.
02-11 10:02:04.901   871  1260 D ConnSrv_Debug: Replaced NetworkType 153/0 to 53/0
02-11 10:02:04.901   871  1260 D ConnSrv_Debug: getSlotExtendedType slotType:10 netType:3 [output] slotExtendedType:103
02-11 10:02:04.901   871  1260 D ConnSrv_Debug: getSlotExtendedType netType:103 is extended type or non-mobile type. No need to convert.
02-11 10:02:04.901   871  1260 D ConnSrv_Debug: Replaced NetworkType 103/0 to 3/0
02-11 10:02:04.901   871  1260 D ConnSrv_Debug: getSlotExtendedType slotType:10 netType:4 [output] slotExtendedType:104
02-11 10:02:04.901   871  1260 D ConnSrv_Debug: getSlotExtendedType netType:104 is extended type or non-mobile type. No need to convert.
02-11 10:02:04.901   871  1260 D ConnSrv_Debug: Replaced NetworkType 104/0 to 4/0
02-11 10:02:04.901   871  1260 D ConnSrv_Debug: getSlotExtendedType slotType:10 netType:5 [output] slotExtendedType:105
02-11 10:02:04.901   871  1260 D ConnSrv_Debug: getSlotExtendedType netType:105 is extended type or non-mobile type. No need to convert.
02-11 10:02:04.901   871  1260 D ConnSrv_Debug: Replaced NetworkType 105/0 to 5/0
02-11 10:02:04.901   871  1260 D ConnSrv_Debug: getSlotExtendedType slotType:10 netType:10 [output] slotExtendedType:110
02-11 10:02:04.901   871  1260 D ConnSrv_Debug: getSlotExtendedType netType:110 is extended type or non-mobile type. No need to convert.
02-11 10:02:04.901   871  1260 D ConnSrv_Debug: Replaced NetworkType 110/0 to 10/0
02-11 10:02:04.901   871  1260 D ConnSrv_Debug: getSlotExtendedType slotType:10 netType:14 [output] slotExtendedType:114
02-11 10:02:04.901   871  1260 D ConnSrv_Debug: getSlotExtendedType netType:114 is extended type or non-mobile type. No need to convert.
02-11 10:02:04.901   871  1260 D ConnSrv_Debug: Replaced NetworkType 114/0 to 14/0
02-11 10:02:04.901   871  1260 D ConnSrv_Debug: getSlotExtendedType slotType:10 netType:11 [output] slotExtendedType:111
02-11 10:02:04.901   871  1260 D ConnSrv_Debug: getSlotExtendedType netType:111 is extended type or non-mobile type. No need to convert.
02-11 10:02:04.901   871  1260 D ConnSrv_Debug: Replaced NetworkType 111/0 to 11/0
02-11 10:02:04.901   871  1260 D ConnSrv_Debug: getSlotExtendedType slotType:10 netType:12 [output] slotExtendedType:112
02-11 10:02:04.901   871  1260 D ConnSrv_Debug: getSlotExtendedType netType:112 is extended type or non-mobile type. No need to convert.
02-11 10:02:04.901   871  1260 D ConnSrv_Debug: Replaced NetworkType 112/0 to 12/0
02-11 10:02:04.901   871  1260 D ConnSrv_Debug: getSlotExtendedType netType:1 is extended type or non-mobile type. No need to convert.
02-11 10:02:04.901   871  1260 D ConnSrv_Debug: getSlotExtendedType netType:7 is extended type or non-mobile type. No need to convert.
02-11 10:02:04.901   871  1260 D ConnSrv_Debug: getSlotExtendedType netType:13 is extended type or non-mobile type. No need to convert.
02-11 10:02:04.901   871  1260 D ConnSrv_Debug: getSlotExtendedType netType:55 is extended type or non-mobile type. No need to convert.
02-11 10:02:04.901   871  1260 D ConnSrv_Debug: getSlotExtendedType netType:100 is extended type or non-mobile type. No need to convert.
02-11 10:02:04.901   871  1260 D ConnSrv_Debug: getSlotExtendedType netType:102 is extended type or non-mobile type. No need to convert.
02-11 10:02:04.901   871  1260 D ConnSrv_Debug: getSlotExtendedType netType:103 is extended type or non-mobile type. No need to convert.
02-11 10:02:04.901   871  1260 D ConnSrv_Debug: getSlotExtendedType netType:104 is extended type or non-mobile type. No need to convert.
02-11 10:02:04.901   871  1260 D ConnSrv_Debug: getSlotExtendedType netType:105 is extended type or non-mobile type. No need to convert.
02-11 10:02:04.901   871  1260 D ConnSrv_Debug: getSlotExtendedType netType:110 is extended type or non-mobile type. No need to convert.
02-11 10:02:04.901   871  1260 D ConnSrv_Debug: getSlotExtendedType netType:111 is extended type or non-mobile type. No need to convert.
02-11 10:02:04.901   871  1260 D ConnSrv_Debug: getSlotExtendedType netType:112 is extended type or non-mobile type. No need to convert.
02-11 10:02:04.901   871  1260 D ConnSrv_Debug: getSlotExtendedType netType:114 is extended type or non-mobile type. No need to convert.
02-11 10:02:04.901   871  1260 D ConnSrv_Debug: getSlotExtendedType netType:115 is extended type or non-mobile type. No need to convert.
02-11 10:02:04.901   871  1260 D ConnSrv_Debug: getSlotExtendedType netType:119 is extended type or non-mobile type. No need to convert.
02-11 10:02:04.901   871  1260 D ConnSrv_Debug: getSlotExtendedType netType:121 is extended type or non-mobile type. No need to convert.
02-11 10:02:04.901   871  1260 D ConnSrv_Debug: getSlotExtendedType netType:153 is extended type or non-mobile type. No need to convert.
02-11 10:02:04.901   871  1260 D ConnSrv_Debug: getSlotExtendedType netType:200 is extended type or non-mobile type. No need to convert.
02-11 10:02:04.901   871  1260 D ConnSrv_Debug: getSlotExtendedType netType:202 is extended type or non-mobile type. No need to convert.
02-11 10:02:04.901   871  1260 D ConnSrv_Debug: getSlotExtendedType netType:203 is extended type or non-mobile type. No need to convert.
02-11 10:02:04.901   871  1260 D ConnSrv_Debug: getSlotExtendedType netType:204 is extended type or non-mobile type. No need to convert.
02-11 10:02:04.901   871  1260 D ConnSrv_Debug: getSlotExtendedType netType:205 is extended type or non-mobile type. No need to convert.
02-11 10:02:04.901   871  1260 D ConnSrv_Debug: getSlotExtendedType netType:210 is extended type or non-mobile type. No need to convert.
02-11 10:02:04.901   871  1260 D ConnSrv_Debug: getSlotExtendedType netType:211 is extended type or non-mobile type. No need to convert.
02-11 10:02:04.901   871  1260 D ConnSrv_Debug: getSlotExtendedType netType:212 is extended type or non-mobile type. No need to convert.
02-11 10:02:04.901   871  1260 D ConnSrv_Debug: getSlotExtendedType netType:214 is extended type or non-mobile type. No need to convert.
02-11 10:02:04.901   871  1260 D ConnSrv_Debug: getSlotExtendedType netType:215 is extended type or non-mobile type. No need to convert.
02-11 10:02:04.901   871  1260 D ConnSrv_Debug: getSlotExtendedType netType:219 is extended type or non-mobile type. No need to convert.
02-11 10:02:04.901   871  1260 D ConnSrv_Debug: getSlotExtendedType netType:221 is extended type or non-mobile type. No need to convert.
02-11 10:02:04.901   871  1260 D ConnSrv_Debug: getSlotExtendedType netType:253 is extended type or non-mobile type. No need to convert.
02-11 10:02:04.901   871   933 V WallpaperService: WallpaperObserver onEvent ev=8 path=appwidgets.xml
02-11 10:02:04.901   871   933 D WallpaperService: changedFile=/data/system/users/0/appwidgets.xml
02-11 10:02:04.901   871   933 V WallpaperService: WallpaperObserver onEvent ev=512 path=appwidgets.xml.bak
02-11 10:02:04.901   871   933 D WallpaperService: changedFile=/data/system/users/0/appwidgets.xml.bak
02-11 10:02:04.911 26924 29014 D SQLiteConnection: DB info: open Connection, path = /data/data/com.google.android.gms/databases/games_8eb3c0e4.db, handle: 0x8664b0d0, flag: 0x6, FH handler: 0x7ec00630, count: 1
02-11 10:02:04.911 29049 29049 D dalvikvm: Note: class Lcom/android/internal/telephony/IHtcTelephony$Stub; has 162 unimplemented (abstract) methods
02-11 10:02:04.931 26924 29014 D SQLiteDatabase: DB info: open, path: /data/data/com.google.android.gms/databases/games_8eb3c0e4.db, count: 1, wal: false
02-11 10:02:04.951 26924 26924 V Perf    : com.google.android.gms.games.service.GamesIntentService@47fb9828 onDestroy, 1ms
02-11 10:02:04.951   871   883 V ActivityManager: stopServiceToken: SR=1225289568 startId=-1
02-11 10:02:04.971 29049 29049 D Finsky  : [1] DailyHygiene.goMakeHygieneIfDirty: Dirty, need more hygiene.
02-11 10:02:04.981   871  1260 V AlarmManager: set(PendingIntent{48ad4970: PendingIntentRecord{48a9cdd8 com.android.vending startService}}) : type=0 triggerAtTime=1423620125985 win=0 tElapsed=2228031479 maxElapsed=2228031479 interval=0 standalone=false
02-11 10:02:04.981   871  1260 V AlarmManager: remove(PendingIntent{48ad4970: PendingIntentRecord{48a9cdd8 com.android.vending startService}}) changed bounds; rebatching
02-11 10:02:04.981   871  1260 V AlarmManager: Adding Alarm{489e86f8 type 0 com.android.vending} and create new batch Batch{49077450 num=1 start=2228031479 end=2228031479}
02-11 10:02:04.991 29049 29081 D SQLiteConnection: DB info: open Connection, path = /data/data/com.android.vending/databases/library.db, handle: 0x8635ae48, flag: 0x6, FH handler: 0x8635a7d8, count: 1
02-11 10:02:04.991 29049 29049 W Settings: Setting download_manager_max_bytes_over_mobile has moved from android.provider.Settings.Secure to android.provider.Settings.Global.
02-11 10:02:04.991 29049 29049 W Settings: Setting download_manager_recommended_max_bytes_over_mobile has moved from android.provider.Settings.Secure to android.provider.Settings.Global.
02-11 10:02:04.991 29049 29081 D SQLiteDatabase: DB info: open, path: /data/data/com.android.vending/databases/library.db, count: 1, wal: false
02-11 10:02:04.991 29049 29082 D SQLiteConnection: DB info: open Connection, path = /data/data/com.android.vending/databases/localappstate.db, handle: 0x8657aa10, flag: 0x6, FH handler: 0x8657cf88, count: 1
02-11 10:02:04.991   871  1709 I ActivityManager: 29049 get provider settings 871
02-11 10:02:05.001 29049 29082 D SQLiteDatabase: DB info: open, path: /data/data/com.android.vending/databases/localappstate.db, count: 1, wal: false
02-11 10:02:05.001 29049 29081 D SQLiteDatabase: DB info: close, path: /data/data/com.android.vending/databases/library.db, count: 0
02-11 10:02:05.001 29049 29081 D SQLiteConnection: DB info: close connection, path: /data/data/com.android.vending/databases/library.db, handle: 0x8635ae48, FH handler: 0x8635a7d8, count: 0
02-11 10:02:05.001 29049 29082 D SQLiteDatabase: DB info: close, path: /data/data/com.android.vending/databases/localappstate.db, count: 0
02-11 10:02:05.001 29049 29082 D SQLiteConnection: DB info: close connection, path: /data/data/com.android.vending/databases/localappstate.db, handle: 0x8657aa10, FH handler: 0x8657cf88, count: 0
02-11 10:02:05.001   871   883 I PackageManager:  setEnabledSetting(), pkgName=com.android.vending, clsName=com.google.android.finsky.activities.DebugActivity, state=2, flag=1, pid=29049, uid=10071, userID:0
02-11 10:02:05.011   871  3633 I ActivityManager: 29049 get provider downloads 28624
02-11 10:02:05.011   871  1142 I ActivityManager: 29049 get provider com.google.settings 26873
02-11 10:02:05.031 29049 29049 V Perf    : com.google.android.finsky.FinskyApp@47b62110 onCreate, 215ms
02-11 10:02:05.031 29049 29049 V Perf    : 47b5c580 com.android.vending handleBindApplication, 241ms
02-11 10:02:05.031 29049 29049 V Perf    : com.google.android.finsky.receivers.PackageMonitorReceiver$RegisteredReceiver@47c60e10 onReceive:android.intent.action.PACKAGE_ADDED 5ms
02-11 10:02:05.031   871   882 D Process : killProcessQuiet, pid=28702
02-11 10:02:05.031   871   882 D Process : com.android.server.am.ActivityManagerService.killUnneededProcessLocked:7565 com.android.server.am.ActivityManagerService.updateOomAdjLocked:17028 com.android.server.am.BroadcastQueue.processCurBroadcastLocked:231 
02-11 10:02:05.031  1245  1245 D Prism.PackageStateRece_: action: android.intent.action.PACKAGE_ADDED
02-11 10:02:05.031   871  1265 V AlarmManager: set(PendingIntent{48715740: PendingIntentRecord{4869af80 com.android.vending startService}}) : type=0 triggerAtTime=1423620140038 win=0 tElapsed=2228045532 maxElapsed=2228045532 interval=0 standalone=false
02-11 10:02:05.031   871  1265 V AlarmManager: Adding Alarm{48687258 type 0 com.android.vending} and create new batch Batch{486872a0 num=1 start=2228045532 end=2228045532}
02-11 10:02:05.031   871   882 I ActivityManager: Killing 28702:com.htc.bgp/u0a14 (adj 15): empty #17
02-11 10:02:05.031   871   882 V BroadcastQueue: Deliver to ComponentInfo{com.htc.launcher/com.htc.launcher.receiver.PackageStateReceiver}:BR@48dac990
02-11 10:02:05.041 29049 29049 D Finsky  : [1] 2.run: Loaded library for account: [EzMYrWFc1IrNTO012VtMWnDTXuc]
02-11 10:02:05.041 29049 29049 D Finsky  : [1] 2.run: Finished loading 1 libraries.
02-11 10:02:05.041  1245  1245 V Perf    : com.htc.launcher.receiver.PackageStateReceiver@48ac0948 onReceive:android.intent.action.PACKAGE_ADDED 1ms
02-11 10:02:05.041  3665  3665 V Perf    : com.google.android.search.core.summons.icing.InternalIcingCorporaProvider$CorporaChangedReceiver@47be3908 onReceive:android.intent.action.PACKAGE_ADDED 2ms
02-11 10:02:05.041  3665  3665 V Perf    : com.google.android.search.core.summons.icing.InternalIcingCorporaProvider$UpdateCorporaService@47fa9ab0 onCreate, 0ms
02-11 10:02:05.041  3665  3665 V Perf    : com.google.android.search.core.summons.icing.InternalIcingCorporaProvider$UpdateCorporaService@47fa9ab0 onStartCommand:act=ACTION_UPDATE, 0ms
02-11 10:02:05.041  3665  3665 V Perf    : com.google.android.googlequicksearchbox.GelStubAppWatcher@47cb8198 onReceive:android.intent.action.PACKAGE_ADDED 0ms
02-11 10:02:05.041  3665 29084 I InternalIcingCorporaPro: Updating corpora: APPS=org.cocos2dx.simplegame, CONTACTS=MAYBE
02-11 10:02:05.041   281   281 D dalvikvm: Before fork
02-11 10:02:05.041   871  1142 V BroadcastQueue: Deliver to ComponentInfo{com.google.android.googlequicksearchbox/com.google.android.search.core.summons.icing.InternalIcingCorporaProvider$CorporaChangedReceiver}:BR@48dac990
02-11 10:02:05.041   871  1042 V ActivityManager: startService: act=ACTION_UPDATE cmp=com.google.android.googlequicksearchbox/com.google.android.search.core.summons.icing.InternalIcingCorporaProvider$UpdateCorporaService type=null pid=3665
02-11 10:02:05.041   871  1518 V BroadcastQueue: Deliver to ComponentInfo{com.google.android.googlequicksearchbox/com.google.android.googlequicksearchbox.GelStubAppWatcher}:BR@48dac990
02-11 10:02:05.051 29049 29049 D Finsky  : [1] GmsCoreHelper.cleanupNlp: result=false type=4
02-11 10:02:05.051   281   281 D dalvikvm: Fork pid: 29085
02-11 10:02:05.051   871   932 V HtcAppUsageStats: noteAppDied pid=28702
02-11 10:02:05.051   871  1259 I ActivityManager: Recipient 28702
02-11 10:02:05.051   871  1518 I ActivityManager: Start proc com.htc.cs.dm for broadcast com.htc.cs.dm/.receiver.PackageUpdateReceiver: pid=29085 uid=10099 gids={50099, 3003, 5012}
02-11 10:02:05.051   871  1259 W WindowManager: Execute app transition: mNextAppTransition=0xffffffff
02-11 10:02:05.061 29085 29085 D FDManager: Init fd protection
02-11 10:02:05.061 29085 29085 D FDManager: Fail to open: /sys/fs/fd_list_lock, err: 2, msg: No such file or directory
02-11 10:02:05.061 29085 29085 D FDManager: Destroy fd protection
02-11 10:02:05.061   871   882 V ActivityManager: startService: dat=restoreservice://startup cmp=com.android.vending/com.google.android.finsky.services.RestoreService type=null pid=29049
02-11 10:02:05.081 29049 29049 V Perf    : com.google.android.finsky.services.RestoreService@47c73b18 onCreate, 0ms
02-11 10:02:05.081 29085 29085 V Perf    : ApplicationThread=47b5a0e8 attachApplication
02-11 10:02:05.081 29049 29049 V Perf    : com.google.android.finsky.services.RestoreService@47c73b18 onStartCommand:dat=restoreservice://startup, 2ms
02-11 10:02:05.091 29049 29049 D Finsky  : [1] RestoreTracker.stopServiceIfDone: Restore complete with 0 success and 0 failed.
02-11 10:02:05.091 29049 29049 V Perf    : com.google.android.finsky.services.RestoreService@47c73b18 onDestroy, 0ms
02-11 10:02:05.091   871  1566 V BroadcastQueue: Deliver to ComponentInfo{com.htc.cs.dm/com.htc.cs.dm.receiver.PackageUpdateReceiver}:BR@48dac990
02-11 10:02:05.091   871   883 V ActivityManager: stopServiceToken: SR=1216735120 startId=1
02-11 10:02:05.101  3665 29084 W asset   : Copying FileAsset 0x89b8bd68 (zip:/data/app/org.cocos2dx.simplegame-1.apk:/resources.arsc) to buffer size 988 to make it aligned.
02-11 10:02:05.101   871  3633 D ConnectivityService: getPackageNamebyPID : 1 package(s) in process com.htc.cs.dm, return package name=com.htc.cs.dm
02-11 10:02:05.101   871  3633 D ConnSrv_Debug: getProxy() mGlobalProxy: null mDefaultProxyDisabled: false mDefaultProxy: null by com.htc.cs.dm (29085/10099)
02-11 10:02:05.111 29085 29085 V Perf    : ActivityThread=47b5a028 newApplication, 7ms
02-11 10:02:05.121 29085 29085 D DeviceManagement: ProvDbConnectionManager: Created new instance: com.htc.cs.dm.provider.ProvDbConnectionManager@47b6c640
02-11 10:02:05.121 29085 29085 D DeviceManagement: ConfigCacheProviderDAO: Created new instance: com.htc.cs.dm.provider.ConfigCacheProviderDAO@47b6b7e0
02-11 10:02:05.121 29085 29085 D DeviceManagement: EnabledAppProviderDAO: Created new instance: com.htc.cs.dm.provider.EnabledAppProviderDAO@47b6eb20
02-11 10:02:05.121 29085 29085 V Perf    : com.htc.cs.dm.provider.ProvProvider@47b68230 onCreate, 5ms
02-11 10:02:05.131 29085 29085 D DeviceManagement: AppEnv: Created new instance: com.htc.cs.env.AppEnv@47b6fc90
02-11 10:02:05.131 29085 29085 D DeviceManagement: DefaultEnvConfigProvider: Created new instance: com.htc.cs.env.config.DefaultEnvConfigProvider@47b71e00
02-11 10:02:05.131 29085 29085 D DeviceManagement: EnvSessionState: Created new instance: com.htc.cs.env.config.EnvSessionState@47b729f8
02-11 10:02:05.131   871  1519 V ActivityManager: startService: act=com.google.android.gms.icing.START_STICKY cmp=com.google.android.gms/.icing.service.IndexWorkerService type=null pid=26924
02-11 10:02:05.141 29085 29085 D DeviceManagement: EnvFactoryPresets: HTCDebugFlag is available.
02-11 10:02:05.141 29085 29085 D DeviceManagement: EnvFactoryPresets: HtcDebugFlag: true
02-11 10:02:05.141 26924 26924 V Perf    : com.google.android.gms.icing.service.IndexWorkerService@47bfac90 onCreate, 0ms
02-11 10:02:05.141 29085 29085 D DeviceManagement: EnvFactoryPresets: HTCDebugFlag is available.
02-11 10:02:05.141 29085 29085 D DeviceManagement: EnvFactoryPresets: HtcDebugFlag: true
02-11 10:02:05.141 29085 29085 D DeviceManagement: EnvConfigModel: Created new instance: <EnvConfigModel: debugEnabled=true>
02-11 10:02:05.141 26924 26924 V Perf    : com.google.android.gms.icing.service.IndexWorkerService@47bfac90 onStartCommand:act=com.google.android.gms.icing.START_STICKY, 0ms
02-11 10:02:05.141 29085 29085 D DeviceManagement: EnvFactoryPresets: HTCDebugFlag is available.
02-11 10:02:05.141 29085 29085 D DeviceManagement: EnvFactoryPresets: HtcDebugFlag: true
02-11 10:02:05.141 29085 29085 D DeviceManagement: EnvFactoryPresets: HTCDebugFlag is available.
02-11 10:02:05.141 29085 29085 D DeviceManagement: EnvFactoryPresets: HtcDebugFlag: true
02-11 10:02:05.141 29085 29085 I DeviceManagement: DMApplication: !!! Hello, this is: [com.htc.cs.dm;2.1.784944;231300090] pid=29085 dbg=true s=true
02-11 10:02:05.141 29085 29085 D DeviceManagement: EnvFactoryPresets: HTCDebugFlag is available.
02-11 10:02:05.141 29085 29085 D DeviceManagement: EnvFactoryPresets: HtcDebugFlag: true
02-11 10:02:05.141 29085 29085 D DeviceManagement: EnvFactoryPresets: HTCDebugFlag is available.
02-11 10:02:05.141 29085 29085 D DeviceManagement: EnvFactoryPresets: HtcDebugFlag: true
02-11 10:02:05.141 29085 29085 V Perf    : com.htc.cs.dm.DMApplication@47b67880 onCreate, 16ms
02-11 10:02:05.141 29085 29085 V Perf    : 47b5c630 com.htc.cs.dm handleBindApplication, 47ms
02-11 10:02:05.141 29085 29085 D DeviceManagement: PackageUpdateReceiver: onReceive: intent=Intent { act=android.intent.action.PACKAGE_ADDED dat=package:org.cocos2dx.simplegame flg=0x4000010 cmp=com.htc.cs.dm/.receiver.PackageUpdateReceiver (has extras) }
02-11 10:02:05.141 29085 29085 I DeviceManagement: PackageUpdateReceiver: vvv Package added: [org.cocos2dx.simplegame]
02-11 10:02:05.141 29085 29085 D DeviceManagement: EnabledAppMetaData: Created new instance: com.htc.cs.dm.content.EnabledAppMetaData@47b873f8
02-11 10:02:05.141 29085 29085 V Perf    : com.htc.cs.dm.receiver.PackageUpdateReceiver@47b85928 onReceive:android.intent.action.PACKAGE_ADDED 2ms
02-11 10:02:05.141   871  1259 D PMS     : acquireWL(48541460): PARTIAL_WAKE_LOCK  Icing 0x1 26924 10029
02-11 10:02:05.141   871  1259 D PMS     : updateWLS(Awake,0x1)
02-11 10:02:05.151   281   281 D dalvikvm: Before fork
02-11 10:02:05.151   281   281 D dalvikvm: Fork pid: 29100
02-11 10:02:05.161   871  1518 D Process : killProcessQuiet, pid=28769
02-11 10:02:05.161   871  1518 D Process : com.android.server.am.ActivityManagerService.killUnneededProcessLocked:7565 com.android.server.am.ActivityManagerService.updateOomAdjLocked:17028 com.android.server.am.ActivityManagerService.trimApplications:17297 
02-11 10:02:05.161 29100 29100 D FDManager: Init fd protection
02-11 10:02:05.161 29100 29100 D FDManager: Fail to open: /sys/fs/fd_list_lock, err: 2, msg: No such file or directory
02-11 10:02:05.161 29100 29100 D FDManager: Destroy fd protection
02-11 10:02:05.161 26873 26873 V Perf    : com.google.android.gms.icing.service.LightweightIndexService@47ea0d98 onCreate, 0ms
02-11 10:02:05.161 26873 26873 V Perf    : com.google.android.gms.icing.service.LightweightIndexService@47ea0d98 onBind, 0ms
02-11 10:02:05.161   871  1518 I ActivityManager: Start proc com.google.android.apps.docs for broadcast com.google.android.apps.docs/.receivers.AppPackageAddRemoveReceiver: pid=29100 uid=10101 gids={50101, 3003, 5012, 1028, 1015}
02-11 10:02:05.161   871  1518 I ActivityManager: Killing 28769:com.htc.calendar/u0a13 (adj 15): empty #17
02-11 10:02:05.161   871  5104 V ActivityManager: bindService: act=com.google.android.gms.icing.LIGHTWEIGHT_INDEX_SERVICE pkg=com.google.android.gms type=null conn=48954588 flags=81 pid=26924
02-11 10:02:05.171 26873 26873 V Perf    : com.google.android.gms.icing.service.LightweightInd