02-11 10:00:51.572   871   932 V HtcAppUsageStats: noteAppDied pid=28606
02-11 10:00:51.572   871   882 I ActivityManager: Recipient 28606
02-11 10:00:51.572   871   882 W WindowManager: Execute app transition: mNextAppTransition=0xffffffff
02-11 10:00:52.824  1245 28352 I SocialFeedProvider: +disConnect socialManager
02-11 10:00:52.824  1245 28352 I SocialFeedProvider: disconnect socialManager
02-11 10:00:52.824  1245 28352 V FeedProviderContext: WrappedContext.unbindService:
02-11 10:00:52.824  1245 28352 V FeedProviderContext: 	connection:com.htc.lib2.opensense.social.SocialManager@48844ce0
02-11 10:00:52.824   871  1518 V ActivityManager: unbindService: conn=47e4b238 pid=1245
02-11 10:00:52.834   871   980 D AlarmManager: Cancel sending alarm.Alarm{48a2dfe0 t=0 com.google.android.apps.plus}
02-11 10:00:52.834   871   980 D AlarmManager: android.app.PendingIntent$CanceledException
02-11 10:00:52.834   871   980 D AlarmManager: 	at android.app.PendingIntent.send(PendingIntent.java:811)
02-11 10:00:52.834   871   980 D AlarmManager: 	at android.app.PendingIntent.send(PendingIntent.java:759)
02-11 10:00:52.834   871   980 D AlarmManager: 	at com.android.server.AlarmManagerService$AlarmThread.run(AlarmManagerService.java:1640)
02-11 10:00:52.834   871   980 D AlarmManager: Cancel sending alarm.Alarm{49012ff8 t=0 com.google.android.apps.plus}
02-11 10:00:52.834   871   980 D AlarmManager: android.app.PendingIntent$CanceledException
02-11 10:00:52.834   871   980 D AlarmManager: 	at android.app.PendingIntent.send(PendingIntent.java:811)
02-11 10:00:52.834   871   980 D AlarmManager: 	at android.app.PendingIntent.send(PendingIntent.java:759)
02-11 10:00:52.834   871   980 D AlarmManager: 	at com.android.server.AlarmManagerService$AlarmThread.run(AlarmManagerService.java:1640)
02-11 10:00:52.834   871   980 D AlarmManager: Cancel sending alarm.Alarm{488bd260 t=0 com.google.android.apps.plus}
02-11 10:00:52.834   871   980 D AlarmManager: android.app.PendingIntent$CanceledException
02-11 10:00:52.834   871   980 D AlarmManager: 	at android.app.PendingIntent.send(PendingIntent.java:811)
02-11 10:00:52.834   871   980 D AlarmManager: 	at android.app.PendingIntent.send(PendingIntent.java:759)
02-11 10:00:52.834   871   980 D AlarmManager: 	at com.android.server.AlarmManagerService$AlarmThread.run(AlarmManagerService.java:1640)
02-11 10:00:52.844  1245 28352 I SocialFeedProvider: -disConnect socialManager
02-11 10:00:52.844   451   451 V Perf    : com.htc.sense.hsp.opensense.social.SocialManagerService@47f4d850 onUnBind, 0ms
02-11 10:00:52.844   871   980 D AlarmManager: Cancel sending alarm.Alarm{48304ff0 t=0 com.google.android.apps.plus}
02-11 10:00:52.844   871   980 D AlarmManager: android.app.PendingIntent$CanceledException
02-11 10:00:52.844   871   980 D AlarmManager: 	at android.app.PendingIntent.send(PendingIntent.java:811)
02-11 10:00:52.844   871   980 D AlarmManager: 	at android.app.PendingIntent.send(PendingIntent.java:759)
02-11 10:00:52.844   871   980 D AlarmManager: 	at com.android.server.AlarmManagerService$AlarmThread.run(AlarmManagerService.java:1640)
02-11 10:00:52.844   871   980 D AlarmManager: Cancel sending alarm.Alarm{48dc4f30 t=0 com.google.android.apps.plus}
02-11 10:00:52.844   871   980 D AlarmManager: android.app.PendingIntent$CanceledException
02-11 10:00:52.844   871   980 D AlarmManager: 	at android.app.PendingIntent.send(PendingIntent.java:811)
02-11 10:00:52.844   871   980 D AlarmManager: 	at android.app.PendingIntent.send(PendingIntent.java:759)
02-11 10:00:52.844   871   980 D AlarmManager: 	at com.android.server.AlarmManagerService$AlarmThread.run(AlarmManagerService.java:1640)
02-11 10:00:52.844   871   980 D AlarmManager: Cancel sending alarm.Alarm{48529938 t=0 com.google.android.apps.plus}
02-11 10:00:52.844   871   980 D AlarmManager: android.app.PendingIntent$CanceledException
02-11 10:00:52.844   871   980 D AlarmManager: 	at android.app.PendingIntent.send(PendingIntent.java:811)
02-11 10:00:52.844   871   980 D AlarmManager: 	at android.app.PendingIntent.send(PendingIntent.java:759)
02-11 10:00:52.844   871   980 D AlarmManager: 	at com.android.server.AlarmManagerService$AlarmThread.run(AlarmManagerService.java:1640)
02-11 10:00:52.854   451   451 V Perf    : com.htc.sense.hsp.opensense.social.SocialManagerService@47f4d850 onDestroy, 1ms
02-11 10:00:53.144   871   980 D AlarmManager: Cancel sending alarm.Alarm{48c82700 t=0 com.google.android.apps.plus}
02-11 10:00:53.144   871   980 D AlarmManager: android.app.PendingIntent$CanceledException
02-11 10:00:53.144   871   980 D AlarmManager: 	at android.app.PendingIntent.send(PendingIntent.java:811)
02-11 10:00:53.144   871   980 D AlarmManager: 	at android.app.PendingIntent.send(PendingIntent.java:759)
02-11 10:00:53.144   871   980 D AlarmManager: 	at com.android.server.AlarmManagerService$AlarmThread.run(AlarmManagerService.java:1640)
02-11 10:00:53.144   871   980 D AlarmManager: Cancel sending alarm.Alarm{48daffb0 t=0 com.google.android.apps.plus}
02-11 10:00:53.144   871   980 D AlarmManager: android.app.PendingIntent$CanceledException
02-11 10:00:53.144   871   980 D AlarmManager: 	at android.app.PendingIntent.send(PendingIntent.java:811)
02-11 10:00:53.144   871   980 D AlarmManager: 	at android.app.PendingIntent.send(PendingIntent.java:759)
02-11 10:00:53.144   871   980 D AlarmManager: 	at com.android.server.AlarmManagerService$AlarmThread.run(AlarmManagerService.java:1640)
02-11 10:00:53.144   871   980 D AlarmManager: Cancel sending alarm.Alarm{48dc7a58 t=0 com.google.android.apps.plus}
02-11 10:00:53.144   871   980 D AlarmManager: android.app.PendingIntent$CanceledException
02-11 10:00:53.144   871   980 D AlarmManager: 	at android.app.PendingIntent.send(PendingIntent.java:811)
02-11 10:00:53.144   871   980 D AlarmManager: 	at android.app.PendingIntent.send(PendingIntent.java:759)
02-11 10:00:53.144   871   980 D AlarmManager: 	at com.android.server.AlarmManagerService$AlarmThread.run(AlarmManagerService.java:1640)
02-11 10:00:53.144   871   980 D AlarmManager: Cancel sending alarm.Alarm{48976338 t=0 com.google.android.apps.plus}
02-11 10:00:53.144   871   980 D AlarmManager: android.app.PendingIntent$CanceledException
02-11 10:00:53.144   871   980 D AlarmManager: 	at android.app.PendingIntent.send(PendingIntent.java:811)
02-11 10:00:53.144   871   980 D AlarmManager: 	at android.app.PendingIntent.send(PendingIntent.java:759)
02-11 10:00:53.144   871   980 D AlarmManager: 	at com.android.server.AlarmManagerService$AlarmThread.run(AlarmManagerService.java:1640)
02-11 10:00:53.144   871   980 D AlarmManager: Cancel sending alarm.Alarm{48aeeb88 t=0 com.google.android.apps.plus}
02-11 10:00:53.144   871   980 D AlarmManager: android.app.PendingIntent$CanceledException
02-11 10:00:53.144   871   980 D AlarmManager: 	at android.app.PendingIntent.send(PendingIntent.java:811)
02-11 10:00:53.144   871   980 D AlarmManager: 	at android.app.PendingIntent.send(PendingIntent.java:759)
02-11 10:00:53.144   871   980 D AlarmManager: 	at com.android.server.AlarmManagerService$AlarmThread.run(AlarmManagerService.java:1640)
02-11 10:00:53.634   871   980 D AlarmManager: Cancel sending alarm.Alarm{4906df18 t=0 com.google.android.apps.plus}
02-11 10:00:53.634   871   980 D AlarmManager: android.app.PendingIntent$CanceledException
02-11 10:00:53.634   871   980 D AlarmManager: 	at android.app.PendingIntent.send(PendingIntent.java:811)
02-11 10:00:53.634   871   980 D AlarmManager: 	at android.app.PendingIntent.send(PendingIntent.java:759)
02-11 10:00:53.634   871   980 D AlarmManager: 	at com.android.server.AlarmManagerService$AlarmThread.run(AlarmManagerService.java:1640)
02-11 10:00:53.634   871   980 D AlarmManager: Cancel sending alarm.Alarm{48c89fb0 t=0 com.google.android.apps.plus}
02-11 10:00:53.634   871   980 D AlarmManager: android.app.PendingIntent$CanceledException
02-11 10:00:53.634   871   980 D AlarmManager: 	at android.app.PendingIntent.send(PendingIntent.java:811)
02-11 10:00:53.634   871   980 D AlarmManager: 	at android.app.PendingIntent.send(PendingIntent.java:759)
02-11 10:00:53.634   871   980 D AlarmManager: 	at com.android.server.AlarmManagerService$AlarmThread.run(AlarmManagerService.java:1640)
02-11 10:00:53.644   871   980 D AlarmManager: Cancel sending alarm.Alarm{485756f0 t=0 com.google.android.apps.plus}
02-11 10:00:53.644   871   980 D AlarmManager: android.app.PendingIntent$CanceledException
02-11 10:00:53.644   871   980 D AlarmManager: 	at android.app.PendingIntent.send(PendingIntent.java:811)
02-11 10:00:53.644   871   980 D AlarmManager: 	at android.app.PendingIntent.send(PendingIntent.java:759)
02-11 10:00:53.644   871   980 D AlarmManager: 	at com.android.server.AlarmManagerService$AlarmThread.run(AlarmManagerService.java:1640)
02-11 10:00:53.644   871   980 D AlarmManager: Cancel sending alarm.Alarm{48f20008 t=0 com.google.android.apps.plus}
02-11 10:00:53.644   871   980 D AlarmManager: android.app.PendingIntent$CanceledException
02-11 10:00:53.644   871   980 D AlarmManager: 	at android.app.PendingIntent.send(PendingIntent.java:811)
02-11 10:00:53.644   871   980 D AlarmManager: 	at android.app.PendingIntent.send(PendingIntent.java:759)
02-11 10:00:53.644   871   980 D AlarmManager: 	at com.android.server.AlarmManagerService$AlarmThread.run(AlarmManagerService.java:1640)
02-11 10:00:53.654   871   980 D AlarmManager: Cancel sending alarm.Alarm{48ef6e30 t=0 com.google.android.apps.plus}
02-11 10:00:53.654   871   980 D AlarmManager: android.app.PendingIntent$CanceledException
02-11 10:00:53.654   871   980 D AlarmManager: 	at android.app.PendingIntent.send(PendingIntent.java:811)
02-11 10:00:53.654   871   980 D AlarmManager: 	at android.app.PendingIntent.send(PendingIntent.java:759)
02-11 10:00:53.654   871   980 D AlarmManager: 	at com.android.server.AlarmManagerService$AlarmThread.run(AlarmManagerService.java:1640)
02-11 10:00:53.654   871   980 D AlarmManager: Cancel sending alarm.Alarm{48ed7320 t=0 com.google.android.apps.plus}
02-11 10:00:53.654   871   980 D AlarmManager: android.app.PendingIntent$CanceledException
02-11 10:00:53.654   871   980 D AlarmManager: 	at android.app.PendingIntent.send(PendingIntent.java:811)
02-11 10:00:53.654   871   980 D AlarmManager: 	at android.app.PendingIntent.send(PendingIntent.java:759)
02-11 10:00:53.654   871   980 D AlarmManager: 	at com.android.server.AlarmManagerService$AlarmThread.run(AlarmManagerService.java:1640)
02-11 10:00:53.654   871   980 V ActivityManager: startService: flg=0x4 cmp=com.google.android.apps.plus/.service.CameraMonitor$MediaTrackerIntentService type=null pid=-1
02-11 10:00:53.665   871   980 D PMS     : acquireWL(48ddd518): PARTIAL_WAKE_LOCK  AlarmManager 0x1 871 1000
02-11 10:00:53.665   871   980 D PMS     : updateWLS(Awake,0x1)
02-11 10:00:53.675 22559 22559 V Perf    : com.google.android.apps.plus.service.CameraMonitor$MediaTrackerIntentService@47ddd9a8 onCreate, 11ms
02-11 10:00:53.675 22559 22559 V Perf    : com.google.android.apps.plus.service.CameraMonitor$MediaTrackerIntentService@47ddd9a8 onStartCommand:flg=0x4, 0ms
02-11 10:00:53.675   871   980 V AlarmManager: sending alarm PendingIntent{48f11250: PendingIntentRecord{48e06148 com.google.android.apps.plus startService}}, i=null, t=0, cnt=1, w=1423620053644, Int=0
02-11 10:00:53.675   871   871 D PMS     : releaseWL(48ddd518): PARTIAL_WAKE_LOCK  AlarmManager 0x1
02-11 10:00:53.675   871   871 D PMS     : updateWLS(Awake,0x0)
02-11 10:00:53.685   718   793 D STT:logctl: storage_update [usb:/storage/usb]: not-mount: no mount entry
02-11 10:00:53.695   871  1041 I ActivityManager: 22559 get provider media 28624
02-11 10:00:53.725 28624 28635 D MediaProvider: [query][8] uri=content://media/phoneStorage/video/media, selection=null, caller:com.google.android.apps.plus, PID:22559
02-11 10:00:53.725 22559 28881 D ContentProviderProxy: bulkCursor: null
02-11 10:00:53.725   871  1265 I ActivityManager: 22559 get provider media 28624
02-11 10:00:53.755 28624 28856 D MediaProvider: [query][21]#-4:1# uri=content://media/external/images/media, selection=null, caller:com.google.android.apps.plus, PID:22559
02-11 10:00:53.765   718   793 D STT:logctl: storage_update [external:/storage/ext_sd]: not-mount: no mount entry
02-11 10:00:53.765   718   793 D STT:dir : detected fuse, replace mountpoint [/storage/emulated/legacy] with [/mnt/shell/emulated]
02-11 10:00:53.775   718   793 D STT:dir :   [ /mnt/shell/emulated ] <-> [/dev/fuse][/mnt/shell/emulated][fuse][rw,nosuid,nodev,relatime,user_id=1023,group_id=1023,default_permissions,allow_other 0 0]
02-11 10:00:53.775 28624 28678 D MediaProvider: [query][4]#-4:0# uri=content://media/external/images/media, selection=_id > ?, caller:com.google.android.apps.plus, PID:22559
02-11 10:00:53.785   718   793 D STT:logctl: storage_update [phone:/storage/emulated/legacy]: valid: priority=2, free=19427MB, reserved=300MB, total=25854MB, limited=6463MB
02-11 10:00:53.785   718   793 D STT:dir :   [ /data ] <-> [/dev/block/mmcblk0p40][/data][ext4][rw,seclabel,nosuid,nodev,noatime,discard,noauto_da_alloc,data=ordered 0 0]
02-11 10:00:53.785   718   793 D STT:logctl: storage_update [internal:/data]: valid: priority=1, free=19527MB, reserved=300MB, total=25954MB, limited=6488MB
02-11 10:00:53.795 28624 28635 D MediaProvider: [query][5]#-4:1# uri=content://media/external/video/media, selection=null, caller:com.google.android.apps.plus, PID:22559
02-11 10:00:53.795   718   793 D STT:logctl: logging [/data/htclog/][internal]: free=19527MB, reserved=300MB, total=25954MB, limited=6488MB, log=4662MB
02-11 10:00:53.805 28624 28677 D MediaProvider: [query][5]#-4:0# uri=content://media/external/video/media, selection=_id > ?, caller:com.google.android.apps.plus, PID:22559
02-11 10:00:53.825 28624 28636 D MediaProvider: [query][2] uri=content://media/phoneStorage/images/media, selection=null, caller:com.google.android.apps.plus, PID:22559
02-11 10:00:53.825 22559 28881 D ContentProviderProxy: bulkCursor: null
02-11 10:00:53.835 22559 22559 V Perf    : com.google.android.apps.plus.service.CameraMonitor$MediaTrackerIntentService@47ddd9a8 onDestroy, 0ms
02-11 10:00:53.835   871  1566 V ActivityManager: stopServiceToken: SR=1224519824 startId=1
02-11 10:00:56.027   871   871 I ActivityManager: broadcast act=android.intent.action.DROPBOX_ENTRY_ADDED from pid=871, uid=1000,parallel BR:null,size=0,order BR:null,size=0,resultTo=null
02-11 10:00:58.600   718 28900 D STT:lognet: in autoclear thread
02-11 10:00:58.600   718 28900 D STT:lognet: total size = 417808384 bytes
02-11 10:00:59.991   871   980 I ActivityManager: broadcast act=android.intent.action.TIME_TICK flg=0x50000004 from pid=-1, uid=1000,order BR:4901fce8,u-1,size=3,replaced=0
02-11 10:00:59.991   871   918 I BroadcastQueue: Deliver order [FG] BF{483ad6f8 u0 RL{483b2400 871 system/1000/u0 local:483b2770}}:BR@4901fce8
02-11 10:00:59.991   871   871 V AlarmManager: Received TIME_TICK alarm; rescheduling
02-11 10:01:00.001   871   871 V Perf    : com.android.server.AlarmManagerService$ClockReceiver@483b9b20 onReceive:android.intent.action.TIME_TICK 8ms
02-11 10:01:00.001   871   980 D PMS     : acquireWL(48c64a90): PARTIAL_WAKE_LOCK  AlarmManager 0x1 871 1000
02-11 10:01:00.001   871   980 D PMS     : updateWLS(Awake,0x1)
02-11 10:01:00.001   871   980 V AlarmManager: sending alarm PendingIntent{4841aff0: PendingIntentRecord{48409458 android broadcastIntent}}, i=android.intent.action.TIME_TICK, t=3, cnt=1, w=2227965494, Int=0
02-11 10:01:00.001   871   871 V AlarmManager: set(PendingIntent{4841aff0: PendingIntentRecord{48409458 android broadcastIntent}}) : type=3 triggerAtTime=2228025494 win=0 tElapsed=2228025494 maxElapsed=2228025494 interval=0 standalone=true
02-11 10:01:00.001   871   871 V AlarmManager: Adding Alarm{48ca5c38 type 3 android} and create new batch Batch{47ccce78 num=1 start=2228025494 end=2228025494 STANDALONE}
02-11 10:01:00.001   871   871 D AlarmManager: scheduleTimeTickEvent: Current time ,1423620060003
02-11 10:01:00.001   871   871 D AlarmManager: scheduleTimeTickEvent: Next TIME_TICK broadcast time 1423620120000
02-11 10:01:00.001   871   871 I BroadcastQueue: Deliver order [FG] BF{48860648 u0 RL{488605e8 1060 com.android.systemui/10050/u0 remote:4885fce8}}:BR@4901fce8
02-11 10:01:00.011  1060  1160 I ClockThread: now=1423620060016 next=59984
02-11 10:01:00.011  1060  1060 D KeyguardUpdateMonitor: Dual received broadcast android.intent.action.TIME_TICK
02-11 10:01:00.011  1060  1060 V Perf    : com.htc.lockscreen.keyguard.KeyguardUpdateMonitor$2@47b69408 onReceive:android.intent.action.TIME_TICK 0ms
02-11 10:01:00.011   871  1518 I BroadcastQueue: Deliver order [FG] BF{48a5d520 u0 RL{48a5d4c0 1245 com.htc.launcher/10073/u0 remote:48a5d218}}:BR@4901fce8
02-11 10:01:00.021  1245  1245 V Perf    : com.htc.android.home.clock.DigitalClockView$1@48d02d78 onReceive:android.intent.action.TIME_TICK 8ms
02-11 10:01:00.021   871   871 D PMS     : releaseWL(48c64a90): PARTIAL_WAKE_LOCK  AlarmManager 0x1
02-11 10:01:00.021   871   871 D PMS     : updateWLS(Awake,0x0)
02-11 10:01:00.031  1060  1060 I Clock   : updateClock:10:01 Asia/Taipei
02-11 10:01:00.031  1060  1060 I Clock   : updateClock:10:01 Asia/Taipei
02-11 10:01:00.061  1245  1245 D PagedView: updateMaxScroll() 3
02-11 10:01:00.061  1245  1245 D PagedView: Check current position // getChildOffset + 
02-11 10:01:00.061  1245  1245 D PagedView: Check current position // getChildOffset 1080, 0
02-11 10:01:00.061  1245  1245 D PagedView: Check current position // getChildOffset 1080, 1
02-11 10:01:00.061  1245  1245 D PagedView: Check current position // getChildOffset - 
02-11 10:01:03.805   718   793 D STT:logctl: storage_update [usb:/storage/usb]: not-mount: no mount entry
02-11 10:01:03.815   718   793 D STT:logctl: storage_update [external:/storage/ext_sd]: not-mount: no mount entry
02-11 10:01:03.815   718   793 D STT:dir : detected fuse, replace mountpoint [/storage/emulated/legacy] with [/mnt/shell/emulated]
02-11 10:01:03.825   718   793 D STT:dir :   [ /mnt/shell/emulated ] <-> [/dev/fuse][/mnt/shell/emulated][fuse][rw,nosuid,nodev,relatime,user_id=1023,group_id=1023,default_permissions,allow_other 0 0]
02-11 10:01:03.825   718   793 D STT:logctl: storage_update [phone:/storage/emulated/legacy]: valid: priority=2, free=19427MB, reserved=300MB, total=25854MB, limited=6463MB
02-11 10:01:03.825   718   793 D STT:dir :   [ /data ] <-> [/dev/block/mmcblk0p40][/data][ext4][rw,seclabel,nosuid,nodev,noatime,discard,noauto_da_alloc,data=ordered 0 0]
02-11 10:01:03.825   718   793 D STT:logctl: storage_update [internal:/data]: valid: priority=1, free=19527MB, reserved=300MB, total=25954MB, limited=6488MB
02-11 10:01:03.825   718   793 D STT:logctl: logging [/data/htclog/][internal]: free=19527MB, reserved=300MB, total=25954MB, limited=6488MB, log=4662MB
02-11 10:01:05.147   871   918 I ActivityManager: Waited long enough for: ServiceRecord{48d310d0 u0 com.htc.musicenhancer/.EnhancerService}
02-11 10:01:06.418   871   871 D HtcDeviceStorageExtension-PhoneStorage: checkPhoneStorageStats: mIsCheckEnabled=false
02-11 10:01:06.428   871   871 V DeviceStorageMonitorService: freeMemory=20475584512, mMemLowThreshold=1048576000
02-11 10:01:08.600   718 28901 D STT:lognet: in autoclear thread
02-11 10:01:08.600   718 28901 D STT:lognet: total size = 417808384 bytes
02-11 10:01:09.321   451 28464 D AutoSetting: service - handleMessage() stop self
02-11 10:01:09.331   451   451 D AutoSetting: service - onDestroy() END
02-11 10:01:09.331   451   451 V Perf    : com.htc.sense.hsp.weather.location.AutoSettingService@47f4c468 onDestroy, 3ms
02-11 10:01:09.331   871  1709 V ActivityManager: stopServiceToken: SR=1225006776 startId=-1
02-11 10:01:09.331   871  1261 D ActivityManager: unregisterReceiver rec=48a75fa0
02-11 10:01:09.341   871  1041 D Process : killProcessQuiet, pid=5673
02-11 10:01:09.341   871  1041 D Process : com.android.server.am.ActivityManagerService.killUnneededProcessLocked:7565 com.android.server.am.ActivityManagerService.updateOomAdjLocked:17028 com.android.server.am.ActivityManagerService.updateOomAdjLocked:16872 
02-11 10:01:09.341   871  1041 I ActivityManager: Killing 5673:com.htc.htcpowermanager:remote/1000 (adj 15): empty #17
02-11 10:01:09.361   451 28464 D AutoSetting: service - handleMessage() quit looper
02-11 10:01:09.411   871   932 V HtcAppUsageStats: noteAppDied pid=5673
02-11 10:01:09.411   871  1519 I ActivityManager: Recipient 5673
02-11 10:01:09.411   871  1519 W WindowManager: Execute app transition: mNextAppTransition=0xffffffff
02-11 10:01:09.411   871  1012 D WifiService: Client connection lost with reason: 4
02-11 10:01:10.052  1227  1227 D NfcService: handleMessage msg = 25
02-11 10:01:11.233   871   988 D EventHub: epoll_wait takes 29464.539ms
02-11 10:01:13.826   718   793 D STT:logctl: storage_update [usb:/storage/usb]: not-mount: no mount entry
02-11 10:01:13.836   718   793 D STT:logctl: storage_update [external:/storage/ext_sd]: not-mount: no mount entry
02-11 10:01:13.836   718   793 D STT:dir : detected fuse, replace mountpoint [/storage/emulated/legacy] with [/mnt/shell/emulated]
02-11 10:01:13.836   718   793 D STT:dir :   [ /mnt/shell/emulated ] <-> [/dev/fuse][/mnt/shell/emulated][fuse][rw,nosuid,nodev,relatime,user_id=1023,group_id=1023,default_permissions,allow_other 0 0]
02-11 10:01:13.836   718   793 D STT:logctl: storage_update [phone:/storage/emulated/legacy]: valid: priority=2, free=19427MB, reserved=300MB, total=25854MB, limited=6463MB
02-11 10:01:13.846   718   793 D STT:dir :   [ /data ] <-> [/dev/block/mmcblk0p40][/data][ext4][rw,seclabel,nosuid,nodev,noatime,discard,noauto_da_alloc,data=ordered 0 0]
02-11 10:01:13.846   718   793 D STT:logctl: storage_update [internal:/data]: valid: priority=1, free=19527MB, reserved=300MB, total=25954MB, limited=6488MB
02-11 10:01:13.846   718   793 D STT:logctl: logging [/data/htclog/][internal]: free=19527MB, reserved=300MB, total=25954MB, limited=6488MB, log=4662MB
02-11 10:01:18.601   718 28926 D STT:lognet: in autoclear thread
02-11 10:01:18.601   718 28926 D STT:lognet: total size = 417808384 bytes
02-11 10:01:20.954   871  1042 V ActivityManager: bindService: act=com.google.android.gms.icing.INDEX_SERVICE pkg=com.google.android.gms type=null conn=487140b8 flags=81 pid=28719
02-11 10:01:20.964   871  5104 V ActivityManager: startService: act=com.google.android.gms.icing.START_STICKY cmp=com.google.android.gms/.icing.service.IndexWorkerService type=null pid=26924
02-11 10:01:20.974   871  1566 D PMS     : acquireWL(4866dd40): PARTIAL_WAKE_LOCK  Icing 0x1 26924 10029
02-11 10:01:20.974   871  1566 D PMS     : updatePSL(0x1,true) (repeat:10)
02-11 10:01:20.974   871  1566 D PMS     : updateWLS(Awake,0x1)
02-11 10:01:20.984 26924 26924 V Perf    : com.google.android.gms.icing.service.IndexWorkerService@47c010e8 onCreate, 0ms
02-11 10:01:20.994 26924 26924 V Perf    : com.google.android.gms.icing.service.IndexWorkerService@47c010e8 onStartCommand:act=com.google.android.gms.icing.START_STICKY, 0ms
02-11 10:01:21.034 26873 26873 V Perf    : com.google.android.gms.icing.service.LightweightIndexService@47b92340 onCreate, 0ms
02-11 10:01:21.034 26873 26873 V Perf    : com.google.android.gms.icing.service.LightweightIndexService@47b92340 onBind, 0ms
02-11 10:01:21.034   871  3633 V ActivityManager: bindService: act=com.google.android.gms.icing.LIGHTWEIGHT_INDEX_SERVICE pkg=com.google.android.gms type=null conn=485ccd38 flags=81 pid=26924
02-11 10:01:21.044   871   883 V ActivityManager: startService: act=com.google.android.gms.icing.LIGHTWEIGHT_WORKER_SERVICE pkg=com.google.android.gms type=null pid=26873
02-11 10:01:21.054 26873 26873 V Perf    : com.google.android.gms.icing.service.LightweightIndexService$LightweightWorkerService@47d23708 onCreate, 7ms
02-11 10:01:21.054 26873 26873 V Perf    : com.google.android.gms.icing.service.LightweightIndexService$LightweightWorkerService@47d23708 onStartCommand:act=com.google.android.gms.icing.LIGHTWEIGHT_WORKER_SERVICE pkg=com.google.android.gms, 0ms
02-11 10:01:21.054   871   882 D PMS     : releaseWL(4866dd40): PARTIAL_WAKE_LOCK  Icing 0x1
02-11 10:01:21.054   871   882 D PMS     : updateWLS(Awake,0x0)
02-11 10:01:21.064 26873 26873 V Perf    : com.google.android.gms.icing.service.LightweightIndexService$LightweightWorkerService@47d23708 onDestroy, 0ms
02-11 10:01:21.064 26924 26924 V Perf    : com.google.android.gms.icing.service.IndexWorkerService@47c010e8 onDestroy, 0ms
02-11 10:01:21.064   871  1518 V ActivityManager: stopServiceToken: SR=1223677056 startId=1
02-11 10:01:21.064   871  1709 V ActivityManager: stopService: act=com.google.android.gms.icing.START_STICKY cmp=com.google.android.gms/.icing.service.IndexWorkerService type=null pid=26924
02-11 10:01:21.084 26924 26924 V Perf    : com.google.android.gms.icing.service.IndexWorkerService@47bf1920 onCreate, 0ms
02-11 10:01:21.084 26924 26924 V Perf    : com.google.android.gms.icing.service.IndexWorkerService@47bf1920 onStartCommand:act=com.google.android.gms.icing.START_STICKY, 0ms
02-11 10:01:21.084   871  1259 V ActivityManager: startService: act=com.google.android.gms.icing.START_STICKY cmp=com.google.android.gms/.icing.service.IndexWorkerService type=null pid=26924
02-11 10:01:21.084   871  1566 D PMS     : acquireWL(47e63568): PARTIAL_WAKE_LOCK  Icing 0x1 26924 10029
02-11 10:01:21.084   871  1566 D PMS     : updateWLS(Awake,0x1)
02-11 10:01:21.104   871  1142 V ActivityManager: startService: act=com.google.android.gms.icing.LIGHTWEIGHT_WORKER_SERVICE pkg=com.google.android.gms type=null pid=26873
02-11 10:01:21.114 26873 26873 V Perf    : com.google.android.gms.icing.service.LightweightIndexService$LightweightWorkerService@47ba7498 onCreate, 1ms
02-11 10:01:21.114 26873 26873 V Perf    : com.google.android.gms.icing.service.LightweightIndexService$LightweightWorkerService@47ba7498 onStartCommand:act=com.google.android.gms.icing.LIGHTWEIGHT_WORKER_SERVICE pkg=com.google.android.gms, 0ms
02-11 10:01:21.124 26873 26873 V Perf    : com.google.android.gms.icing.service.LightweightIndexService$LightweightWorkerService@47ba7498 onDestroy, 0ms
02-11 10:01:21.124 26924 26924 V Perf    : com.google.android.gms.icing.service.IndexWorkerService@47bf1920 onDestroy, 1ms
02-11 10:01:21.124   871  5104 V ActivityManager: stopServiceToken: SR=1223441952 startId=1
02-11 10:01:21.124   871   882 D PMS     : releaseWL(47e63568): PARTIAL_WAKE_LOCK  Icing 0x1
02-11 10:01:21.124   871   882 D PMS     : updateWLS(Awake,0x0)
02-11 10:01:21.124   871  1519 V ActivityManager: stopService: act=com.google.android.gms.icing.START_STICKY cmp=com.google.android.gms/.icing.service.IndexWorkerService type=null pid=26924
02-11 10:01:21.124   871  1259 V ActivityManager: startService: act=com.google.android.gms.icing.START_STICKY cmp=com.google.android.gms/.icing.service.IndexWorkerService type=null pid=26924
02-11 10:01:21.134 26924 26924 V Perf    : com.google.android.gms.icing.service.IndexWorkerService@47be79c8 onCreate, 0ms
02-11 10:01:21.134 26924 26924 V Perf    : com.google.android.gms.icing.service.IndexWorkerService@47be79c8 onStartCommand:act=com.google.android.gms.icing.START_STICKY, 0ms
02-11 10:01:21.134   871  1142 D PMS     : acquireWL(4869e9b0): PARTIAL_WAKE_LOCK  Icing 0x1 26924 10029
02-11 10:01:21.134   871  1142 D PMS     : updateWLS(Awake,0x1)
02-11 10:01:21.144 26873 26873 V Perf    : com.google.android.gms.icing.service.LightweightIndexService$LightweightWorkerService@47b84788 onCreate, 1ms
02-11 10:01:21.144 26873 26873 V Perf    : com.google.android.gms.icing.service.LightweightIndexService$LightweightWorkerService@47b84788 onStartCommand:act=com.google.android.gms.icing.LIGHTWEIGHT_WORKER_SERVICE pkg=com.google.android.gms, 0ms
02-11 10:01:21.144   871  1265 V ActivityManager: startService: act=com.google.android.gms.icing.LIGHTWEIGHT_WORKER_SERVICE pkg=com.google.android.gms type=null pid=26873
02-11 10:01:21.154 26873 26873 V Perf    : com.google.android.gms.icing.service.LightweightIndexService$LightweightWorkerService@47b84788 onDestroy, 0ms
02-11 10:01:21.154 26924 26924 V Perf    : com.google.android.gms.icing.service.IndexWorkerService@47be79c8 onDestroy, 0ms
02-11 10:01:21.154 26924 26924 V Perf    : com.google.android.gms.icing.service.IndexWorkerService@47ed6278 onCreate, 0ms
02-11 10:01:21.154 26924 26924 V Perf    : com.google.android.gms.icing.service.IndexWorkerService@47ed6278 onStartCommand:act=com.google.android.gms.icing.START_STICKY, 0ms
02-11 10:01:21.154   871  5104 V ActivityManager: stopServiceToken: SR=1223365136 startId=1
02-11 10:01:21.154   871   882 D PMS     : releaseWL(4869e9b0): PARTIAL_WAKE_LOCK  Icing 0x1
02-11 10:01:21.154   871   882 D PMS     : updateWLS(Awake,0x0)
02-11 10:01:21.154   871  1260 V ActivityManager: stopService: act=com.google.android.gms.icing.START_STICKY cmp=com.google.android.gms/.icing.service.IndexWorkerService type=null pid=26924
02-11 10:01:21.154   871  1041 V ActivityManager: startService: act=com.google.android.gms.icing.START_STICKY cmp=com.google.android.gms/.icing.service.IndexWorkerService type=null pid=26924
02-11 10:01:21.154   871  1264 D PMS     : acquireWL(47df3b58): PARTIAL_WAKE_LOCK  Icing 0x1 26924 10029
02-11 10:01:21.154   871  1264 D PMS     : updateWLS(Awake,0x1)
02-11 10:01:21.174 26873 26873 V Perf    : com.google.android.gms.icing.service.LightweightIndexService$LightweightWorkerService@47d05fa0 onCreate, 1ms
02-11 10:01:21.174 26873 26873 V Perf    : com.google.android.gms.icing.service.LightweightIndexService$LightweightWorkerService@47d05fa0 onStartCommand:act=com.google.android.gms.icing.LIGHTWEIGHT_WORKER_SERVICE pkg=com.google.android.gms, 0ms
02-11 10:01:21.174 26873 26873 V Perf    : com.google.android.gms.icing.service.LightweightIndexService$LightweightWorkerService@47d05fa0 onDestroy, 0ms
02-11 10:01:21.174   871  1260 V ActivityManager: startService: act=com.google.android.gms.icing.LIGHTWEIGHT_WORKER_SERVICE pkg=com.google.android.gms type=null pid=26873
02-11 10:01:21.174   871  1041 V ActivityManager: stopServiceToken: SR=1223287800 startId=1
02-11 10:01:21.184 26924 26924 V Perf    : com.google.android.gms.icing.service.IndexWorkerService@47ed6278 onDestroy, 0ms
02-11 10:01:21.184   871  1264 D PMS     : releaseWL(47df3b58): PARTIAL_WAKE_LOCK  Icing 0x1
02-11 10:01:21.184   871  1264 D PMS     : updateWLS(Awake,0x0)
02-11 10:01:21.184   871  1259 V ActivityManager: stopService: act=com.google.android.gms.icing.START_STICKY cmp=com.google.android.gms/.icing.service.IndexWorkerService type=null pid=26924
02-11 10:01:23.867   718   793 D STT:logctl: storage_update [usb:/storage/usb]: not-mount: no mount entry
02-11 10:01:23.877   718   793 D STT:logctl: storage_update [external:/storage/ext_sd]: not-mount: no mount entry
02-11 10:01:23.877   718   793 D STT:dir : detected fuse, replace mountpoint [/storage/emulated/legacy] with [/mnt/shell/emulated]
02-11 10:01:23.887   718   793 D STT:dir :   [ /mnt/shell/emulated ] <-> [/dev/fuse][/mnt/shell/emulated][fuse][rw,nosuid,nodev,relatime,user_id=1023,group_id=1023,default_permissions,allow_other 0 0]
02-11 10:01:23.887   718   793 D STT:logctl: storage_update [phone:/storage/emulated/legacy]: valid: priority=2, free=19427MB, reserved=300MB, total=25854MB, limited=6463MB
02-11 10:01:23.887   718   793 D STT:dir :   [ /data ] <-> [/dev/block/mmcblk0p40][/data][ext4][rw,seclabel,nosuid,nodev,noatime,discard,noauto_da_alloc,data=ordered 0 0]
02-11 10:01:23.887   718   793 D STT:logctl: storage_update [internal:/data]: valid: priority=1, free=19527MB, reserved=300MB, total=25954MB, limited=6488MB
02-11 10:01:23.887   718   793 D STT:logctl: logging [/data/htclog/][internal]: free=19527MB, reserved=300MB, total=25954MB, limited=6488MB, log=4662MB
02-11 10:01:26.179 26873 26873 V Perf    : com.google.android.gms.icing.service.LightweightIndexService@47b92340 onUnBind, 0ms
02-11 10:01:26.179 26873 26873 V Perf    : com.google.android.gms.icing.service.LightweightIndexService@47b92340 onDestroy, 0ms
02-11 10:01:26.179   871  1042 V ActivityManager: unbindService: conn=487140b8 pid=28719
02-11 10:01:26.179   871   883 V ActivityManager: unbindService: conn=485ccd38 pid=26924
02-11 10:01:28.592   718 28949 D STT:lognet: in autoclear thread
02-11 10:01:28.592   718 28949 D STT:lognet: total size = 417808384 bytes
02-11 10:01:33.907   718   793 D STT:logctl: storage_update [usb:/storage/usb]: not-mount: no mount entry
02-11 10:01:33.907   718   793 D STT:logctl: storage_update [external:/storage/ext_sd]: not-mount: no mount entry
02-11 10:01:33.907   718   793 D STT:dir : detected fuse, replace mountpoint [/storage/emulated/legacy] with [/mnt/shell/emulated]
02-11 10:01:33.917   718   793 D STT:dir :   [ /mnt/shell/emulated ] <-> [/dev/fuse][/mnt/shell/emulated][fuse][rw,nosuid,nodev,relatime,user_id=1023,group_id=1023,default_permissions,allow_other 0 0]
02-11 10:01:33.917   718   793 D STT:logctl: storage_update [phone:/storage/emulated/legacy]: valid: priority=2, free=19427MB, reserved=300MB, total=25854MB, limited=6463MB
02-11 10:01:33.917   718   793 D STT:dir :   [ /data ] <-> [/dev/block/mmcblk0p40][/data][ext4][rw,seclabel,nosuid,nodev,noatime,discard,noauto_da_alloc,data=ordered 0 0]
02-11 10:01:33.917   718   793 D STT:logctl: storage_update [internal:/data]: valid: priority=1, free=19527MB, reserved=300MB, total=25954MB, limited=6488MB
02-11 10:01:33.917   718   793 D STT:logctl: logging [/data/htclog/][internal]: free=19527MB, reserved=300MB, total=25954MB, limited=6488MB, log=4662MB
02-11 10:01:38.592   718 28950 D STT:lognet: in autoclear thread
02-11 10:01:38.602   718 28950 D STT:lognet: total size = 417808384 bytes
02-11 10:01:40.094  1227  1227 D NfcService: handleMessage msg = 25
02-11 10:01:41.235   871   988 D EventHub: epoll_wait takes 30000.334ms
02-11 10:01:41.886   871  1261 D PMS     : acquireWL(488b3d70): PARTIAL_WAKE_LOCK  BatteryServiceUpdateStats_3 0x1 0 0
02-11 10:01:41.886   871  1261 D PMS     : updateWLS(Awake,0x1)
02-11 10:01:41.886   871  1261 I BatteryService: n_update
02-11 10:01:41.886   871  1261 I BatteryService: n_update end
02-11 10:01:41.896   871  1261 I BatteryService: Online (false,true,false)
02-11 10:01:41.896   871  1261 I BatteryService: Battery Others is (false,false,2,2,true,34,3819,-2147483648,-2147483648,229,Li-ion,4,false,95696,0,false,0,0,true,2228007403)
02-11 10:01:41.896   871  1261 I BatteryService: check bat
02-11 10:01:41.896   871  1261 D BatteryService: sendIntent:(34,100,2,2,true,3819,229,Li-ion,false,true,false,false,false,0,false,false,0,0,true,17302941,0)
02-11 10:01:41.896   871   871 I ActivityManager: broadcast act=android.intent.action.BATTERY_CHANGED flg=0x60000000 from pid=871, uid=1000,parallel BR:48f1a3f0,u-1,size=15,replaced=0,order BR:null,size=0,resultTo=null
02-11 10:01:41.906   871   871 V Perf    : com.android.server.wifi.WifiService$3@48601338 onReceive:android.intent.action.BATTERY_CHANGED 0ms
02-11 10:01:41.906   871   871 D UsbnetService: BroadcastReceiver::onReceive+
02-11 10:01:41.906   871   871 D UsbnetService: onReceive BATTERY_CHANGED
02-11 10:01:41.906   871   871 D UsbnetService:  --> pluggedType = 2, mPluggedType = 0, mScreenOff = false
02-11 10:01:41.906   871   871 D UsbnetService: BroadcastReceiver::onReceive-
02-11 10:01:41.906   871   871 V Perf    : com.android.server.UsbnetService$1@486607d8 onReceive:android.intent.action.BATTERY_CHANGED 0ms
02-11 10:01:41.906   871   871 V Perf    : com.android.server.NotificationManagerService$5@47f15700 onReceive:android.intent.action.BATTERY_CHANGED 0ms
02-11 10:01:41.906   871   871 V Perf    : com.android.server.UiModeManagerService$3@48764a58 onReceive:android.intent.action.BATTERY_CHANGED 0ms
02-11 10:01:41.906   871   871 V Perf    : com.android.server.IdleMaintenanceService@4874d870 onReceive:android.intent.action.BATTERY_CHANGED 0ms
02-11 10:01:41.906   871  1012 D WifiController: handleMessage: E msg.what=155652
02-11 10:01:41.906   871  1012 D WifiController: processMsg: StaDisabledWithScanState
02-11 10:01:41.906   871  1012 D WifiController: processMsg: DefaultState
02-11 10:01:41.906   871  1012 D WifiController: handleMessage: X
02-11 10:01:41.906   871   974 V Perf    : com.android.server.power.PowerManagerService$BatteryReceiver@487e8c68 onReceive:android.intent.action.BATTERY_CHANGED 4ms
02-11 10:01:41.906   871   974 D PMS     : updatePSL(0x1,true) (repeat:8)
02-11 10:01:41.906   871   974 D PMS     : updatePSL(0x100,true)
02-11 10:01:41.906   871   871 D NotificationService: onReceive: android.intent.action.BATTERY_CHANGED
02-11 10:01:41.906   871   871 D NotificationService: plugged:true pluggin:true
02-11 10:01:41.906   871   871 D NotificationService: bat: 1 34 2 2 0 0 0
02-11 10:01:41.906   871  1012 D WifiController: battery changed pluggedType: 2
02-11 10:01:41.906   871  1261 I BatteryService: check bat end
02-11 10:01:41.906   871   974 D PMS     : updateIsPowered(true,true,2,2,34)
02-11 10:01:41.906   871   974 D HtcPowerSaver: updateBatteryInfo
02-11 10:01:41.906   871  1261 D PMS     : releaseWL(488b3d70): PARTIAL_WAKE_LOCK  BatteryServiceUpdateStats_3 0x1
02-11 10:01:41.906   871  1261 D PMS     : updatePSL(0x1,true)
02-11 10:01:41.906   871  1261 D PMS     : updateWLS(Awake,0x0)
02-11 10:01:41.916  1216  1216 V Perf    : com.android.phone.HtcCdmaPhoneApp$PhoneAppBroadcastReceiver@47d8e000 onReceive:android.intent.action.BATTERY_CHANGED 0ms
02-11 10:01:41.916  1216  1216 D HtcCdmaPhoneApp: level 34 scale 100
02-11 10:01:41.916   871   918 I BroadcastQueue: Deliver non-order [BG] BR@48f1a3f0 BF{485eb9c0 u0 RL{485eb960 871 system/1000/u0 local:485eb788}} BF{48661240 u0 RL{486611e0 871 system/1000/u0 local:48660fd8}} BF{47f78128 u0 RL{485ede00 871 system/1000/u0 local:47e8d570}} BF{487657a0 u0 RL{48765740 871 system/1000/u0 local:48765578}} BF{485d47f0 u-1 RL{485d4790 871 system/1000/u-1 local:4874e700}} BF{487e8ec8 u0 RL{487e8e68 871 system/1000/u0 local:487e8cb0}} BF{48860648 u0 RL{488605e8 1060 com.android.systemui/10050/u0 remote:4885fce8}} BF{48060c90 u0 RL{487d8ca0 1060 com.android.systemui/10050/u0 remote:480fbfd0}} BF{487b4358 u0 RL{4875e120 1060 com.android.systemui/10050/u0 remote:487574e8}} BF{48805358 u0 RL{488641b8 1060 com.android.systemui/10050/u0 remote:48675ac8}}
02-11 10:01:41.926  1216  1216 V Perf    : com.android.phone.HtcCdmaPhoneApp$3@47d8e2b8 onReceive:android.intent.action.BATTERY_CHANGED 0ms
02-11 10:01:41.926  2108  2108 V Perf    : com.android.bluetooth.hfp.HeadsetService$1@47b77a28 onReceive:android.intent.action.BATTERY_CHANGED 0ms
02-11 10:01:41.926  2108  2130 D HeadsetStateMachine: Disconnected process message: 10
02-11 10:01:41.926   871   918 I BroadcastQueue: Deliver non-order [BG] BR@48f1a3f0 BF{487b24d8 u0 RL{487b2478 1060 com.android.systemui/10050/u0 remote:487b21f0}} BF{487528d0 u0 RL{48838c28 1216 com.android.phone/1001/u0 remote:486399e0}} BF{48724b58 u0 RL{48830938 1216 com.android.phone/1001/u0 remote:48603a48}} BF{487028d0 u0 RL{48702870 2108 com.android.bluetooth/1002/u0 remote:4864a7e0}} BF{489c48c0 u0 RL{489c4d68 3835 com.htc.CruiserPwrExpert/10097/u0 remote:489dda90}}
02-11 10:01:41.926   871   871 I ActivityManager: broadcast act=com.htc.intent.action.BATTERY_CHANGE_NOTIFICATION flg=0x24000000 from pid=871, uid=1000,parallel BR:null,size=0,order BR:null,size=0,resultTo=null
02-11 10:01:41.926   871   871 D PMS     : runPSCheck
02-11 10:01:41.926   871   871 D HtcPowerSaver: Checking...
02-11 10:01:41.926   871   871 I HtcPowerSaver: >> updateStatus
02-11 10:01:41.956  1060  1060 D KeyguardUpdateMonitor: Dual received broadcast android.intent.action.BATTERY_CHANGED
02-11 10:01:41.956  1060  1060 V Perf    : com.htc.lockscreen.keyguard.KeyguardUpdateMonitor$2@47b69408 onReceive:android.intent.action.BATTERY_CHANGED 0ms
02-11 10:01:41.956  1060  1060 V Perf    : com.android.systemui.power.PowerUI$3@47bb8330 onReceive:android.intent.action.BATTERY_CHANGED 1ms
02-11 10:01:41.956  1060  1060 I IntentController: receive(android.intent.action.BATTERY_CHANGED,1,false)
02-11 10:01:41.956  1060  1060 V Perf    : com.android.systemui.statusbar.IntentController$ReceiverRecord$1@47cbe660 onReceive:android.intent.action.BATTERY_CHANGED 0ms
02-11 10:01:41.956  1060  1060 V Perf    : com.htc.widget.notification.util.PluginReceiver@48110f30 onReceive:android.intent.action.BATTERY_CHANGED 4ms
02-11 10:01:41.956  1060  1104 I HtcLockScreen: UIEventCtrl: powerNotifyWakeUp plugged:true mDevicePluggedIn:true type:2 mBatteryPluggedType:2 level:34 screenOff:false wakeupCondition:false showMTPHint:false
02-11 10:01:41.956  1060  1060 V Perf    : com.htc.lockscreen.ctrl.UIEventCtrl$MyEvent4ShowReceiver@4814c668 onReceive:android.intent.action.BATTERY_CHANGED 1ms
02-11 10:01:41.956   871   871 I HtcPowerSaver: updateStatus (8000,34,-1,false,false,false,-1)
02-11 10:01:41.956   871   871 I HtcPowerSaver: << updateStatus
02-11 10:01:41.956  1060  1060 D PowerUI : onReceive , action=android.intent.action.BATTERY_CHANGED
02-11 10:01:41.956  1060  1060 D PowerUI : level          34 --> 34
02-11 10:01:41.956  1060  1060 D PowerUI : status         2 --> 2
02-11 10:01:41.956  1060  1060 D PowerUI : plugType       2 --> 2
02-11 10:01:41.956  1060  1060 D PowerUI : invalidCharger 0 --> 0
02-11 10:01:41.956  1060  1060 D PowerUI : bucket         1 --> 1
02-11 10:01:41.956  1060  1060 D PowerUI : plugged        true --> true
02-11 10:01:41.956  1060  1060 D PowerUI : health         2
02-11 10:01:41.956  1060  1060 D PowerUI : closing low battery warning: level=34
02-11 10:01:41.956  1060  1060 D PowerUI : plugged = true, health = 2, mBatteryLevel = 34, mPluggedBatteryLevel = 34, mLowBatteryWarningLevel2 = 25, mshowLowChargingWarning2 = true
02-11 10:01:41.956   871  1518 V ActivityManager: startService: act=android.intent.action.BATTERY_CHANGED flg=0x60000010 cmp=com.htc.widget.notification/.util.ProductivityService type=null pid=1060
02-11 10:01:41.966  3835  3835 V Perf    : com.htc.CruiserPwrExpert.CruiserPwrExpertService$1@47b98368 onReceive:android.intent.action.BATTERY_CHANGED 1ms
02-11 10:01:41.966  1060  1060 V Perf    : com.htc.widget.notification.util.ProductivityService@48100818 onCreate, 1ms
02-11 10:01:41.966  1060  1060 V Perf    : com.htc.widget.notification.util.ProductivityService@48100818 onStartCommand:act=android.intent.action.BATTERY_CHANGED flg=0x60000010, 0ms
02-11 10:01:41.966  1060  1060 I HtcLockScreen: LSState: onControlAction UIEventCtrl: 2001
02-11 10:01:41.966  1060  1060 V Perf    : com.htc.widget.notification.util.ProductivityService@48100818 onDestroy, 0ms
02-11 10:01:41.966  1060  1499 D HtcNotificationWidget.WeatherBase: getWeatherClickIntent: cityName = 
02-11 10:01:41.966  1060  1499 D HtcNotificationWidget.WeatherBase: getWeatherClickIntent: app = 
02-11 10:01:41.966   871  1519 V ActivityManager: stopServiceToken: SR=1222919824 startId=1
02-11 10:01:41.986  1060  1499 D HtcNotificationWidget.WeatherBase: getWeatherClickIntent: cityName = 
02-11 10:01:41.986  1060  1499 D HtcNotificationWidget.WeatherBase: getWeatherClickIntent: app = 
02-11 10:01:41.986  1060  1499 D HtcNotificationWidget.LSTelephoneState: dump mType:0 mSimState:ABSENT mNetworkServiceStatus:1 mPlmn: mSpn:null
02-11 10:01:41.986  1060  1499 D HtcNotificationWidget.LSTelephoneState: dump mType:1 mSimState:ABSENT mNetworkServiceStatus:3 mPlmn: mSpn:null
02-11 10:01:41.986  1060  1499 D HtcNotificationWidget.LSTelephoneState: isSimMissed mType:0 mSimState:ABSENT needShowSimState:true isAirPlane:false
02-11 10:01:41.986  1060  1499 D HtcNotificationWidget.LSTelephoneState: isSimMissed mType:1 mSimState:ABSENT needShowSimState:true isAirPlane:false
02-11 10:01:41.986  1060  1499 D HtcNotificationWidget.SimStateUpdateCtrl: getTelephonyState dual_mode no sim
02-11 10:01:41.986  1060  1499 D HtcNotificationWidget.SimStateUpdateCtrl: getTelephonyState mNetworkServiceStatus:1
02-11 10:01:41.996  1060  1499 D HtcNotificationWidget.LSTelephoneState: dump mType:0 mSimState:ABSENT mNetworkServiceStatus:1 mPlmn: mSpn:null
02-11 10:01:41.996  1060  1499 D HtcNotificationWidget.LSTelephoneState: dump mType:1 mSimState:ABSENT mNetworkServiceStatus:3 mPlmn: mSpn:null
02-11 10:01:41.996  1060  1499 D HtcNotificationWidget.LSTelephoneState: isSimMissed mType:0 mSimState:ABSENT needShowSimState:true isAirPlane:false
02-11 10:01:41.996  1060  1499 D HtcNotificationWidget.LSTelephoneState: isSimMissed mType:1 mSimState:ABSENT needShowSimState:true isAirPlane:false
02-11 10:01:41.996  1060  1499 D HtcNotificationWidget.SimStateUpdateCtrl: getTelephonyState dual_mode no sim
02-11 10:01:41.996  1060  1499 D HtcNotificationWidget.SimStateUpdateCtrl: getTelephonyState mNetworkServiceStatus:1
02-11 10:01:41.996  1060  1499 D HtcNotificationWidget.LSTelephoneState: dump mType:0 mSimState:ABSENT mNetworkServiceStatus:1 mPlmn: mSpn:null
02-11 10:01:41.996  1060  1499 D HtcNotificationWidget.LSTelephoneState: dump mType:1 mSimState:ABSENT mNetworkServiceStatus:3 mPlmn: mSpn:null
02-11 10:01:41.996  1060  1499 D HtcNotificationWidget.LSTelephoneState: isSimMissed mType:0 mSimState:ABSENT needShowSimState:true isAirPlane:false
02-11 10:01:41.996  1060  1499 D HtcNotificationWidget.LSTelephoneState: isSimMissed mType:1 mSimState:ABSENT needShowSimState:true isAirPlane:false
02-11 10:01:41.996  1060  1499 D HtcNotificationWidget.SimStateUpdateCtrl: getTelephonyState dual_mode no sim
02-11 10:01:41.996  1060  1499 D HtcNotificationWidget.SimStateUpdateCtrl: getTelephonyState mNetworkServiceStatus:1
02-11 10:01:41.996  1060  1499 D HtcNotificationWidget.LSTelephoneState: dump mType:0 mSimState:ABSENT mNetworkServiceStatus:1 mPlmn: mSpn:null
02-11 10:01:41.996  1060  1499 D HtcNotificationWidget.LSTelephoneState: dump mType:1 mSimState:ABSENT mNetworkServiceStatus:3 mPlmn: mSpn:null
02-11 10:01:41.996  1060  1499 D HtcNotificationWidget.LSTelephoneState: isSimMissed mType:0 mSimState:ABSENT needShowSimState:true isAirPlane:false
02-11 10:01:41.996  1060  1499 D HtcNotificationWidget.LSTelephoneState: isSimMissed mType:1 mSimState:ABSENT needShowSimState:true isAirPlane:false
02-11 10:01:41.996  1060  1499 D HtcNotificationWidget.SimStateUpdateCtrl: getTelephonyState dual_mode no sim
02-11 10:01:41.996  1060  1499 D HtcNotificationWidget.SimStateUpdateCtrl: getTelephonyState mNetworkServiceStatus:1
02-11 10:01:41.996  1060  1499 D HtcNotificationWidget.SimStateUpdateCtrl: state is:1 mIsAirPlaneModefalse mNeedShowSimStatetrue
02-11 10:01:41.996  1060  1499 D HtcNotificationWidget.LSTelephoneState: dump mType:0 mSimState:ABSENT mNetworkServiceStatus:1 mPlmn: mSpn:null
02-11 10:01:42.006  1060  1060 I StatusBar.BatteryController: status:2 level:34 unsupport:false plugged:true
02-11 10:01:42.006  1060  1499 D HtcNotificationWidget.LSTelephoneState: dump mType:1 mSimState:ABSENT mNetworkServiceStatus:3 mPlmn: mSpn:null
02-11 10:01:42.006  1060  1499 D HtcNotificationWidget.LSTelephoneState: isSimMissed mType:0 mSimState:ABSENT needShowSimState:true isAirPlane:false
02-11 10:01:42.006  1060  1499 D HtcNotificationWidget.LSTelephoneState: isSimMissed mType:1 mSimState:ABSENT needShowSimState:true isAirPlane:false
02-11 10:01:42.006  1060  1499 D HtcNotificationWidget.SimStateUpdateCtrl: getTelephonyState dual_mode no sim
02-11 10:01:42.006  1060  1499 D HtcNotificationWidget.SimStateUpdateCtrl: getTelephonyState mNetworkServiceStatus:1
02-11 10:01:42.006  1060  1499 D HtcNotificationWidget.SimStateUpdateCtrl: isNoSignal simState:1 serviceState:1
02-11 10:01:42.006  1060  1499 D HtcNotificationWidget.LSTelephoneState: dump mType:0 mSimState:ABSENT mNetworkServiceStatus:1 mPlmn: mSpn:null
02-11 10:01:42.016  1060  1499 D HtcNotificationWidget.LSTelephoneState: dump mType:1 mSimState:ABSENT mNetworkServiceStatus:3 mPlmn: mSpn:null
02-11 10:01:42.016  1060  1499 D HtcNotificationWidget.LSTelephoneState: isSimMissed mType:0 mSimState:ABSENT needShowSimState:true isAirPlane:false
02-11 10:01:42.016  1060  1499 D HtcNotificationWidget.LSTelephoneState: isSimMissed mType:1 mSimState:ABSENT needShowSimState:true isAirPlane:false
02-11 10:01:42.016  1060  1499 D HtcNotificationWidget.SimStateUpdateCtrl: getTelephonyState dual_mode no sim
02-11 10:01:42.016  1060  1499 D HtcNotificationWidget.SimStateUpdateCtrl: getTelephonyState mNetworkServiceStatus:1
02-11 10:01:42.016  1060  1499 D HtcNotificationWidget.TelephonyUtil: getTelephonyStr simState:1 ICC_ABSENT title: UIM/SIM  event: UIM/SIM  hint:
02-11 10:01:42.016  1060  1499 D HtcNotificationWidget.ClassOneBase: checkLayoutExpand:text2, count = 1
02-11 10:01:42.016  1060  1499 D HtcNotificationWidget.ProductivityData: isGroupMessageActive:false
02-11 10:01:42.016   871  1259 I AppWidgetServiceImpl: u=0: updateAppWidgetIds views: android.widget.RemoteViews@486d7e60
02-11 10:01:42.016   871  1259 W AppWidgetServiceImpl: updateAppWidget failed! callbacks null
02-11 10:01:43.688   871  1265 D PMS     : acquireWL(4845dcb0): PARTIAL_WAKE_LOCK  BatteryServiceUpdateStats_3 0x1 0 0
02-11 10:01:43.688   871  1265 D PMS     : updateWLS(Awake,0x1)
02-11 10:01:43.698   871  1265 I BatteryService: n_update
02-11 10:01:43.698   871  1265 I BatteryService: n_update end
02-11 10:01:43.698   871  1265 I BatteryService: Online (false,true,false)
02-11 10:01:43.698   871  1265 I BatteryService: Battery Others is (false,false,2,2,true,34,3808,-2147483648,-2147483648,229,Li-ion,4,false,95648,0,false,0,0,true,2228009206)
02-11 10:01:43.698   871  1265 I BatteryService: check bat
02-11 10:01:43.698   871  1265 D BatteryService: sendIntent:(34,100,2,2,true,3808,229,Li-ion,false,true,false,false,false,0,false,false,0,0,true,17302941,0)
02-11 10:01:43.708   871   871 V Perf    : com.android.server.wifi.WifiService$3@48601338 onReceive:android.intent.action.BATTERY_CHANGED 0ms
02-11 10:01:43.708   871   871 D UsbnetService: BroadcastReceiver::onReceive+
