02-11 10:00:50.071   871  1519 D ConnSrv_Debug: getProxy() mGlobalProxy: null mDefaultProxyDisabled: false mDefaultProxy: null by com.htc.demoflopackageinstaller (28808/10020)
02-11 10:00:50.081 28808 28808 V Perf    : ActivityThread=47b52420 newApplication, 0ms
02-11 10:00:50.081 28808 28808 V Perf    : android.app.Application@47b594a0 onCreate, 1ms
02-11 10:00:50.081 28808 28808 V Perf    : 47b54140 com.htc.demoflopackageinstaller handleBindApplication, 12ms
02-11 10:00:50.081 28808 28808 D DFPI.PIReciver: onReceiver action:android.intent.action.MEDIA_SCANNER_FINISHED
02-11 10:00:50.081 28808 28808 V Perf    : com.htc.demoflopackageinstaller.PIReceiver@47b5a9f0 onReceive:android.intent.action.MEDIA_SCANNER_FINISHED 4ms
02-11 10:00:50.081 28808 28808 V Perf    : com.htc.demoflopackageinstaller.ApkInstallService@47b5c458 onCreate, 1ms
02-11 10:00:50.081 28637 28637 D MediaManager: [MMPReceiver]	action: android.intent.action.MEDIA_SCANNER_FINISHED path: /storage/emulated/0
02-11 10:00:50.081 28808 28808 V Perf    : com.htc.demoflopackageinstaller.ApkInstallService@47b5c458 onStartCommand:, 0ms
02-11 10:00:50.081 28808 28821 I DFPI.ApkInstallService: onHandleIntent
02-11 10:00:50.081 28808 28821 I DFPI.ApkInstallService: Media Scan Finished Case 
02-11 10:00:50.081   871  1264 V ActivityManager: startService: cmp=com.htc.demoflopackageinstaller/.ApkInstallService type=null pid=28808
02-11 10:00:50.081   871  5104 V BroadcastQueue: Deliver to ComponentInfo{com.htc.album/com.htc.mediamanager.providers.media.MMPReceiver}:BR@486bae20
02-11 10:00:50.091 28808 28821 D DFPI.ApkInstallService: check CID = 11111111 ; is it special CID? false
02-11 10:00:50.091 28637 28637 V Perf    : com.htc.mediamanager.providers.media.MMPReceiver@47bb6638 onReceive:android.intent.action.MEDIA_SCANNER_FINISHED 3ms
02-11 10:00:50.091 28637 28637 V Perf    : com.htc.mediamanager.providers.media.MMPScanService@47bb7a70 onCreate, 0ms
02-11 10:00:50.091 28808 28821 I DFPI.ApkInstallService: There is no Demo.apk in sd card or phone storage
02-11 10:00:50.091 28637 28637 V Perf    : com.htc.mediamanager.providers.media.MMPScanService@47bb7a70 onStartCommand:, 0ms
02-11 10:00:50.091   281   281 D dalvikvm: Before fork
02-11 10:00:50.091   871  1259 V ActivityManager: startService: cmp=com.htc.album/com.htc.mediamanager.providers.media.MMPScanService type=null pid=28637
02-11 10:00:50.101   281   281 D dalvikvm: Fork pid: 28823
02-11 10:00:50.101 28808 28808 V Perf    : com.htc.demoflopackageinstaller.ApkInstallService@47b5c458 onDestroy, 0ms
02-11 10:00:50.101 28823 28823 D FDManager: Init fd protection
02-11 10:00:50.101 28823 28823 D FDManager: Fail to open: /sys/fs/fd_list_lock, err: 2, msg: No such file or directory
02-11 10:00:50.101 28823 28823 D FDManager: Destroy fd protection
02-11 10:00:50.101   871  1566 I ActivityManager: Start proc com.htc.musicenhancer for broadcast com.htc.musicenhancer/.provider.MScannerReceiver: pid=28823 uid=10049 gids={50049, 1028, 1015, 3003, 5012}
02-11 10:00:50.101   871   883 V ActivityManager: stopServiceToken: SR=1219519256 startId=1
02-11 10:00:50.121 28823 28823 V Perf    : ApplicationThread=47b53418 attachApplication
02-11 10:00:50.121   871  1042 V BroadcastQueue: Deliver to ComponentInfo{com.htc.musicenhancer/com.htc.musicenhancer.provider.MScannerReceiver}:BR@486bae20
02-11 10:00:50.131 28823 28823 V Perf    : ActivityThread=47b53358 newApplication, 0ms
02-11 10:00:50.131   871  1265 D ConnectivityService: getPackageNamebyPID : 1 package(s) in process com.htc.musicenhancer, return package name=com.htc.musicenhancer
02-11 10:00:50.131   871  1265 D ConnSrv_Debug: getProxy() mGlobalProxy: null mDefaultProxyDisabled: false mDefaultProxy: null by com.htc.musicenhancer (28823/10049)
02-11 10:00:50.141 28823 28823 D DownloadProvider: [HtcMusicEnhancer]onCreate +
02-11 10:00:50.141 28823 28823 D DownloadProvider: [HtcMusicEnhancer]onCreate -
02-11 10:00:50.141 28823 28823 V Perf    : com.htc.musicenhancer.provider.DownloadProvider@47b5b218 onCreate, 1ms
02-11 10:00:50.141 28823 28823 V Perf    : android.app.Application@47b5a680 onCreate, 0ms
02-11 10:00:50.141 28823 28823 V Perf    : 47b55db8 com.htc.musicenhancer handleBindApplication, 15ms
02-11 10:00:50.141 28823 28823 D MScannerReceiver: [HtcMusicEnhancer]onReceive: android.intent.action.MEDIA_SCANNER_FINISHED
02-11 10:00:50.141   871  3633 V ActivityManager: startService: act=com.htc.musicenhancer.ACTION_SYNC_MDPROVIDER cmp=com.htc.musicenhancer/.EnhancerService type=null pid=28823
02-11 10:00:50.151 28823 28823 V Perf    : com.htc.musicenhancer.provider.MScannerReceiver@47b6c4d0 onReceive:android.intent.action.MEDIA_SCANNER_FINISHED 4ms
02-11 10:00:50.151 28823 28823 I EnhancerService: [HtcMusicEnhancer]onCreate + 
02-11 10:00:50.151   281   281 D dalvikvm: Before fork
02-11 10:00:50.161   281   281 D dalvikvm: Fork pid: 28839
02-11 10:00:50.161 28839 28839 D FDManager: Init fd protection
02-11 10:00:50.161 28839 28839 D FDManager: Fail to open: /sys/fs/fd_list_lock, err: 2, msg: No such file or directory
02-11 10:00:50.161 28839 28839 D FDManager: Destroy fd protection
02-11 10:00:50.161 28823 28847 D EnhancerService: [HtcMusicEnhancer]changeAlbumArtName
02-11 10:00:50.161 28823 28847 W EnhancerService: [HtcMusicEnhancer][changeAlbumArtName] files is empty. No need to change name
02-11 10:00:50.161 28823 28847 D EnhancerService: [HtcMusicEnhancer][changeArtistPhotoName] + mNowExternalPath=/storage/emulated/0
02-11 10:00:50.161   871   882 I ActivityManager: Start proc com.htc.sdm for broadcast com.htc.sdm/.soundpicker.SoundPickerReceiver: pid=28839 uid=10078 gids={50078, 5001, 1028, 1015}
02-11 10:00:50.161   871  1259 D ActivityManager: registerReceiver filter=488b4790 from com.htc.musicenhancer,userId=0,pid=28823,uid=10049,rec=48702860
02-11 10:00:50.161   871   883 D ActivityManager: registerReceiver filter=48a39be8 from com.htc.musicenhancer,userId=0,pid=28823,uid=10049,rec=488d95a0
02-11 10:00:50.171 28823 28847 W EnhancerService: [HtcMusicEnhancer][changeArtistPhotoName] files is empty. No need to change name
02-11 10:00:50.171 28823 28823 D TerritoryKeyRetriever: [HtcMusicEnhancer]territory fake key url = http://api.lyricfind.com/client.do?reqtype=keys&apikey=df2d5**********************65ffd
02-11 10:00:50.171 28823 28847 D LyricsFileCleanOutHelper: [HtcMusicEnhancer]moveLyricsToLyricFolderIfNeed+
02-11 10:00:50.171 28823 28847 W LyricsFileCleanOutHelper: [HtcMusicEnhancer]getFolderContainer: rootDir doesn't not exist
02-11 10:00:50.171 28823 28847 D LyricsFileCleanOutHelper: [HtcMusicEnhancer]moveLyricsToLyricFolderIfNeed : no lyrics file need to be moved
02-11 10:00:50.171 28823 28823 D EnhancerUtils: [HtcMusicEnhancer]isWifiOnlyByCustomization: get HtcWrapCustomizationReader = com.htc.wrap.com.htc.customization.HtcWrapCustomizationReader@47b8e458, isWifiOnly = false
02-11 10:00:50.171 28823 28823 D EnhancerService: [HtcMusicEnhancer]mIsCustomizationWifiOnlyEnabled = false
02-11 10:00:50.171 28823 28823 I EnhancerService: [HtcMusicEnhancer]onCreate - 
02-11 10:00:50.171 28823 28823 V Perf    : com.htc.musicenhancer.EnhancerService@47b6ea28 onCreate, 26ms
02-11 10:00:50.171   871  1518 D ActivityManager: registerReceiver filter=48c3ddc0 from com.htc.musicenhancer,userId=0,pid=28823,uid=10049,rec=48a992e0
02-11 10:00:50.171   871  1518 D ActivityManager: Enqueue sticky BR{48ca1f10 u-1 android.net.conn.CONNECTIVITY_CHANGE callingPid=-1 callingUid=-1} size=1
02-11 10:00:50.171   871   918 W BroadcastQueue: Permission Denial: broadcasting Intent { act=android.net.conn.CONNECTIVITY_CHANGE flg=0x4000010 (has extras) } from null (pid=-1, uid=-1) requires com.htc.permission.APP_MEDIA due to registered receiver BroadcastFilter{48c3ddc0 u0 ReceiverList{48c347a8 28823 com.htc.musicenhancer/10049/u0 remote:48a9cf68}}
02-11 10:00:50.181 28823 28823 V EnhancerService: [HtcMusicEnhancer]onStartCommand
02-11 10:00:50.181 28823 28823 V Perf    : com.htc.musicenhancer.EnhancerService@47b6ea28 onStartCommand:act=com.htc.musicenhancer.ACTION_SYNC_MDPROVIDER, 0ms
02-11 10:00:50.181 28823 28847 I EnhancerService: [HtcMusicEnhancer]receive MSG_INIT_GNCONFIG +
02-11 10:00:50.181 28823 28847 I EnhancerUtils: [HtcMusicEnhancer]application context = android.app.Application@47b5a680
02-11 10:00:50.181 28839 28839 V Perf    : ApplicationThread=47b542d0 attachApplication
02-11 10:00:50.181   871  1260 V BroadcastQueue: Deliver to ComponentInfo{com.htc.sdm/com.htc.sdm.soundpicker.SoundPickerReceiver}:BR@486bae20
02-11 10:00:50.191   263   589 E cutils  : Failed to mkdirat(/storage/ext_sd/Android): Read-only file system
02-11 10:00:50.191 28823 28847 W ContextImpl: Failed to ensure directory: /storage/ext_sd/Android/data/com.htc.musicenhancer/cache
02-11 10:00:50.191 28823 28847 D dalvikvm: No JNI_OnLoad found in /system/lib/libgnlocal_lookup.3.3.3.15.so 0x47b59548, skipping init
02-11 10:00:50.191   871  1142 D VoldConnector: SND -> {91 volume mkdirs /storage/ext_sd/Android/data/com.htc.musicenhancer/cache/}
02-11 10:00:50.191   263   589 W Vold    : Returning OperationFailed - no handler for errno 30
02-11 10:00:50.191   871   994 D VoldConnector: RCV <- {400 91 volume operation failed (Read-only file system)}
02-11 10:00:50.191   871  1142 D VoldConnector: RMV <- {400 91 volume operation failed (Read-only file system)}
02-11 10:00:50.201 28823 28847 I EnhancerUtils: [HtcMusicEnhancer]initConfig metricsSize = 2073600
02-11 10:00:50.201 28839 28839 V Perf    : ActivityThread=47b54210 newApplication, 0ms
02-11 10:00:50.201 28839 28839 V Perf    : android.app.Application@47b5ad30 onCreate, 0ms
02-11 10:00:50.201 28839 28839 V Perf    : 47b56568 com.htc.sdm handleBindApplication, 12ms
02-11 10:00:50.201 28839 28839 I SoundPicker: SoundPickerReceiver [onReceive] action = android.intent.action.MEDIA_SCANNER_FINISHED
02-11 10:00:50.201 28839 28839 W ContextImpl: Implicit intents with startService are not safe: Intent { act=com.htc.sdm.TurnFileToMediaUriService (has extras) } android.content.ContextWrapper.startService:501 android.content.ContextWrapper.startService:501 com.htc.sdm.soundpicker.SoundPickerReceiver.onReceive:34 
02-11 10:00:50.201   871  3633 D ConnectivityService: getPackageNamebyPID : 1 package(s) in process com.htc.sdm, return package name=com.htc.sdm
02-11 10:00:50.201   871  3633 D ConnSrv_Debug: getProxy() mGlobalProxy: null mDefaultProxyDisabled: false mDefaultProxy: null by com.htc.sdm (28839/10078)
02-11 10:00:50.201   871  1566 V ActivityManager: startService: act=com.htc.sdm.TurnFileToMediaUriService type=null pid=28839
02-11 10:00:50.211 28839 28839 I SoundPicker: SoundPickerReceiver [onReceive] startService
02-11 10:00:50.211 28839 28839 V Perf    : com.htc.sdm.soundpicker.SoundPickerReceiver@47b5c0e8 onReceive:android.intent.action.MEDIA_SCANNER_FINISHED 6ms
02-11 10:00:50.211 28823 28847 I EnhancerService: [HtcMusicEnhancer]receive MSG_INIT_GNCONFIG -
02-11 10:00:50.211 28823 28823 I EnhancerService: [HtcMusicEnhancer]UIMSG_EXECUTE_ONSTARTCOMMAND
02-11 10:00:50.211 28823 28823 D EnhancerService: [HtcMusicEnhancer]onStartCommand action: com.htc.musicenhancer.ACTION_SYNC_MDPROVIDER
02-11 10:00:50.211 28823 28823 D EnhancerService: [HtcMusicEnhancer]handleSyncMDProvider: mountedPath = /storage/emulated/0
02-11 10:00:50.211 28823 28823 D EnhancerService: [HtcMusicEnhancer]removable storage state = removed
02-11 10:00:50.211 28823 28823 D EnhancerService: [HtcMusicEnhancer]handleSyncMDProvider: can clear files = true
02-11 10:00:50.211 28823 28847 D LyricsFileCleanOutHelper: [HtcMusicEnhancer]clearOutUnusedLyricFilesAndFolders+
02-11 10:00:50.211 28823 28847 W LyricsFileCleanOutHelper: [HtcMusicEnhancer]getFolderContainer: rootDir doesn't not exist
02-11 10:00:50.211 28823 28847 D LyricsFileCleanOutHelper: [HtcMusicEnhancer]no lyrics file need to be deleted
02-11 10:00:50.211 28823 28823 I EnhancerService: [HtcMusicEnhancer]Receive START_DOWNLOAD_AFTER_SCANNING
02-11 10:00:50.211 28823 28847 D EnhancerService: [HtcMusicEnhancer]MSG_DELETE_ALBUMART_AND_ARTISTPHOTO
02-11 10:00:50.211 28823 28823 I EnhancerService: [HtcMusicEnhancer]loadPreference previous action = NONE
02-11 10:00:50.211 28823 28823 I EnhancerService: [HtcMusicEnhancer]loadPreference mDownloadProcess = END
02-11 10:00:50.211 28823 28847 D EnhancerService: [HtcMusicEnhancer]deleteUnusedAlbumArt: no files in downloaded album art folder
02-11 10:00:50.211 28839 28839 V Perf    : com.htc.sdm.service.TurnFileToMediaUriService@47b603e0 onCreate, 2ms
02-11 10:00:50.211 28823 28847 D EnhancerService: [HtcMusicEnhancer]deleteUnusedArtistPhoto: no files in downloaded artist photo folder
02-11 10:00:50.211 28823 28847 D EnhancerService: [HtcMusicEnhancer]shutdownServiceDelay
02-11 10:00:50.211 28839 28839 V Perf    : com.htc.sdm.service.TurnFileToMediaUriService@47b603e0 onStartCommand:act=com.htc.sdm.TurnFileToMediaUriService, 0ms
02-11 10:00:50.211 28839 28855 I SoundPicker: TurnFileToMediaUriService onHandleIntent - Intent { act=com.htc.sdm.TurnFileToMediaUriService (has extras) }
02-11 10:00:50.211 28839 28855 V SoundPicker: TurnFileToMediaUriService fromMediaScanned = true
02-11 10:00:50.211 28839 28855 I SoundPicker: TurnFileToMediaUriService [turnFileUriIntoMediaUri]
02-11 10:00:50.211   871  1518 I ActivityManager: Delay finish: com.htc.sdm/.soundpicker.SoundPickerReceiver
02-11 10:00:50.231 28839 28855 D RingtoneManager: getActualDefaultRingtoneUri(context, 1, mode_gsm)
02-11 10:00:50.231 28839 28855 D RingtoneManager: MODE_GSM access default DB
02-11 10:00:50.231 28839 28855 I SoundPicker: SoundPickerUtil [getRingtone] uri=content://media/internal/audio/media/205 type=1
02-11 10:00:50.231 28839 28855 W SoundPicker: TurnFileToMediaUriService [type] = 1 [turnFileUriIntoMediaUri] already converted uri = content://media/internal/audio/media/205
02-11 10:00:50.231 28839 28855 D RingtoneManager: getActualDefaultRingtoneUri(context, 1, mode_cdma)
02-11 10:00:50.231 28839 28855 I SoundPicker: SoundPickerUtil [getRingtone] uri=content://media/internal/audio/media/205 type=2
02-11 10:00:50.231 28839 28855 W SoundPicker: TurnFileToMediaUriService [type] = 2 [turnFileUriIntoMediaUri] already converted uri = content://media/internal/audio/media/205
02-11 10:00:50.231 28839 28855 D RingtoneManager: getActualDefaultRingtoneUri(context, 1, mode_wcdma)
02-11 10:00:50.231 28839 28855 I SoundPicker: SoundPickerUtil [getRingtone] uri=content://media/internal/audio/media/205 type=3
02-11 10:00:50.231 28839 28855 W SoundPicker: TurnFileToMediaUriService [type] = 3 [turnFileUriIntoMediaUri] already converted uri = content://media/internal/audio/media/205
02-11 10:00:50.231 28839 28855 D RingtoneManager: getActualDefaultRingtoneUri(context, 2)
02-11 10:00:50.231 28839 28855 I SoundPicker: SoundPickerUtil [getRingtone] uri=content://media/internal/audio/media/181 type=4
02-11 10:00:50.231 28839 28855 W SoundPicker: TurnFileToMediaUriService [type] = 4 [turnFileUriIntoMediaUri] already converted uri = content://media/internal/audio/media/181
02-11 10:00:50.231   871  1041 I ActivityManager: 28839 get provider settings 871
02-11 10:00:50.241 28839 28855 D RingtoneManager: getActualDefaultRingtoneUri(context, 4)
02-11 10:00:50.241 28839 28855 I SoundPicker: SoundPickerUtil [getRingtone] uri=content://media/internal/audio/media/151 type=5
02-11 10:00:50.241 28839 28855 W SoundPicker: TurnFileToMediaUriService [type] = 5 [turnFileUriIntoMediaUri] already converted uri = content://media/internal/audio/media/151
02-11 10:00:50.241 28839 28855 I SoundPicker: SoundPickerUtil [getRingtone] uri=content://media/internal/audio/media/179 type=6
02-11 10:00:50.241 28839 28855 W SoundPicker: TurnFileToMediaUriService [type] = 6 [turnFileUriIntoMediaUri] already converted uri = content://media/internal/audio/media/179
02-11 10:00:50.241 28839 28855 I SoundPicker: SoundPickerUtil [getRingtone] uri=content://media/internal/audio/media/185 type=7
02-11 10:00:50.241 28839 28855 W SoundPicker: TurnFileToMediaUriService [type] = 7 [turnFileUriIntoMediaUri] already converted uri = content://media/internal/audio/media/185
02-11 10:00:50.241 28839 28855 I SoundPicker: SoundPickerUtil [getRingtone] uri=content://media/internal/audio/media/187 type=8
02-11 10:00:50.241 28839 28855 W SoundPicker: TurnFileToMediaUriService [type] = 8 [turnFileUriIntoMediaUri] already converted uri = content://media/internal/audio/media/187
02-11 10:00:50.241 28839 28855 I SoundPicker: SoundPickerUtil [getRingtone] uri=content://media/internal/audio/media/181 type=9
02-11 10:00:50.241 28839 28855 W SoundPicker: TurnFileToMediaUriService [type] = 9 [turnFileUriIntoMediaUri] already converted uri = content://media/internal/audio/media/181
02-11 10:00:50.241 28839 28855 I SoundPicker: TurnFileToMediaUriService [checkFileExistence]
02-11 10:00:50.241 28839 28855 D RingtoneManager: getActualDefaultRingtoneUri(context, 1, mode_gsm)
02-11 10:00:50.241 28839 28855 D RingtoneManager: MODE_GSM access default DB
02-11 10:00:50.241 28839 28855 I SoundPicker: SoundPickerUtil [getRingtone] uri=content://media/internal/audio/media/205 type=1
02-11 10:00:50.241 28839 28855 I SoundPicker: TurnFileToMediaUriService [type] = 1 [checkFileExistence] get current setting uri = content://media/internal/audio/media/205
02-11 10:00:50.241   871   883 I ActivityManager: 28839 get provider media 28624
02-11 10:00:50.251 28624 28635 D SQLiteConnection: DB info: open Connection, path = /data/data/com.android.providers.media/databases/internal.db, handle: 0x860f92a0, flag: 0x6, FH handler: 0x857a22c0, count: 1
02-11 10:00:50.271 28624 28635 D SQLiteDatabase: DB info: open, path: /data/data/com.android.providers.media/databases/internal.db, count: 1, wal: true
02-11 10:00:50.271 28624 28635 D SQLiteConnection: DB info: open Connection, path = /data/data/com.android.providers.media/databases/internal.db, handle: 0x85a7e820, flag: 0x6, FH handler: 0x857a22c0, count: 2
02-11 10:00:50.291 28624 28635 D MediaProvider: [query][43]#-4:1# uri=content://media/internal/audio/media/205, selection=null, caller:com.htc.sdm, PID:28839
02-11 10:00:50.301 28839 28855 I SoundPicker: SoundPickerUtil [getFilePathByAudioContentUri] filePath = /system/media/audio/ringtones/Dahlia.flac
02-11 10:00:50.301 28839 28855 I SoundPicker: TurnFileToMediaUriService [type] = 1 [checkFileExistence] get original file path = /system/media/audio/ringtones/Dahlia.flac
02-11 10:00:50.301 28839 28855 I SoundPicker: TurnFileToMediaUriService [type] = 1 [checkFileExistence] fileExisted = /system/media/audio/ringtones/Dahlia.flac
02-11 10:00:50.301 28839 28855 D RingtoneManager: getActualDefaultRingtoneUri(context, 1, mode_cdma)
02-11 10:00:50.301 28839 28855 I SoundPicker: SoundPickerUtil [getRingtone] uri=content://media/internal/audio/media/205 type=2
02-11 10:00:50.301 28839 28855 I SoundPicker: TurnFileToMediaUriService [type] = 2 [checkFileExistence] get current setting uri = content://media/internal/audio/media/205
02-11 10:00:50.301   871  1519 I ActivityManager: 28839 get provider media 28624
02-11 10:00:50.311 28624 28677 D MediaProvider: [query][7]#-4:1# uri=content://media/internal/audio/media/205, selection=null, caller:com.htc.sdm, PID:28839
02-11 10:00:50.311 28839 28855 I SoundPicker: SoundPickerUtil [getFilePathByAudioContentUri] filePath = /system/media/audio/ringtones/Dahlia.flac
02-11 10:00:50.321 28839 28855 I SoundPicker: TurnFileToMediaUriService [type] = 2 [checkFileExistence] get original file path = /system/media/audio/ringtones/Dahlia.flac
02-11 10:00:50.321 28839 28855 I SoundPicker: TurnFileToMediaUriService [type] = 2 [checkFileExistence] fileExisted = /system/media/audio/ringtones/Dahlia.flac
02-11 10:00:50.321 28839 28855 D RingtoneManager: getActualDefaultRingtoneUri(context, 1, mode_wcdma)
02-11 10:00:50.321 28839 28855 I SoundPicker: SoundPickerUtil [getRingtone] uri=content://media/internal/audio/media/205 type=3
02-11 10:00:50.321 28839 28855 I SoundPicker: TurnFileToMediaUriService [type] = 3 [checkFileExistence] get current setting uri = content://media/internal/audio/media/205
02-11 10:00:50.331 28624 28635 D MediaProvider: [query][7]#-4:1# uri=content://media/internal/audio/media/205, selection=null, caller:com.htc.sdm, PID:28839
02-11 10:00:50.331 28839 28855 I SoundPicker: SoundPickerUtil [getFilePathByAudioContentUri] filePath = /system/media/audio/ringtones/Dahlia.flac
02-11 10:00:50.341 28839 28855 I SoundPicker: TurnFileToMediaUriService [type] = 3 [checkFileExistence] get original file path = /system/media/audio/ringtones/Dahlia.flac
02-11 10:00:50.341 28839 28855 I SoundPicker: TurnFileToMediaUriService [type] = 3 [checkFileExistence] fileExisted = /system/media/audio/ringtones/Dahlia.flac
02-11 10:00:50.341 28839 28855 D RingtoneManager: getActualDefaultRingtoneUri(context, 2)
02-11 10:00:50.341 28839 28855 I SoundPicker: SoundPickerUtil [getRingtone] uri=content://media/internal/audio/media/181 type=4
02-11 10:00:50.341 28839 28855 I SoundPicker: TurnFileToMediaUriService [type] = 4 [checkFileExistence] get current setting uri = content://media/internal/audio/media/181
02-11 10:00:50.351 28624 28677 D MediaProvider: [query][7]#-4:1# uri=content://media/internal/audio/media/181, selection=null, caller:com.htc.sdm, PID:28839
02-11 10:00:50.351 28839 28855 I SoundPicker: SoundPickerUtil [getFilePathByAudioContentUri] filePath = /system/media/audio/notifications/Lotus.flac
02-11 10:00:50.351 28839 28855 I SoundPicker: TurnFileToMediaUriService [type] = 4 [checkFileExistence] get original file path = /system/media/audio/notifications/Lotus.flac
02-11 10:00:50.351 28839 28855 I SoundPicker: TurnFileToMediaUriService [type] = 4 [checkFileExistence] fileExisted = /system/media/audio/notifications/Lotus.flac
02-11 10:00:50.351 28839 28855 D RingtoneManager: getActualDefaultRingtoneUri(context, 4)
02-11 10:00:50.351 28839 28855 I SoundPicker: SoundPickerUtil [getRingtone] uri=content://media/internal/audio/media/151 type=5
02-11 10:00:50.351 28839 28855 I SoundPicker: TurnFileToMediaUriService [type] = 5 [checkFileExistence] get current setting uri = content://media/internal/audio/media/151
02-11 10:00:50.591   871  1518 D dalvikvm: GC_EXPLICIT freed 1705K, 23% free 22240K/28712K, paused 13ms+12ms, total 229ms
02-11 10:00:50.601 28624 28635 D MediaProvider: [query][238]#-4:1# uri=content://media/internal/audio/media/151, selection=null, caller:com.htc.sdm, PID:28839
02-11 10:00:50.601 28839 28855 I SoundPicker: SoundPickerUtil [getFilePathByAudioContentUri] filePath = /system/media/audio/alarms/Foxglove.flac
02-11 10:00:50.601 28839 28855 I SoundPicker: TurnFileToMediaUriService [type] = 5 [checkFileExistence] get original file path = /system/media/audio/alarms/Foxglove.flac
02-11 10:00:50.601 28839 28855 I SoundPicker: TurnFileToMediaUriService [type] = 5 [checkFileExistence] fileExisted = /system/media/audio/alarms/Foxglove.flac
02-11 10:00:50.601 28839 28855 I SoundPicker: SoundPickerUtil [getRingtone] uri=content://media/internal/audio/media/179 type=6
02-11 10:00:50.601 28839 28855 I SoundPicker: TurnFileToMediaUriService [type] = 6 [checkFileExistence] get current setting uri = content://media/internal/audio/media/179
02-11 10:00:50.611 28624 28677 D MediaProvider: [query][5]#-4:1# uri=content://media/internal/audio/media/179, selection=null, caller:com.htc.sdm, PID:28839
02-11 10:00:50.621 28839 28855 I SoundPicker: SoundPickerUtil [getFilePathByAudioContentUri] filePath = /system/media/audio/notifications/Lilac.flac
02-11 10:00:50.621 28839 28855 I SoundPicker: TurnFileToMediaUriService [type] = 6 [checkFileExistence] get original file path = /system/media/audio/notifications/Lilac.flac
02-11 10:00:50.621 28839 28855 I SoundPicker: TurnFileToMediaUriService [type] = 6 [checkFileExistence] fileExisted = /system/media/audio/notifications/Lilac.flac
02-11 10:00:50.621 28839 28855 I SoundPicker: SoundPickerUtil [getRingtone] uri=content://media/internal/audio/media/185 type=7
02-11 10:00:50.621 28839 28855 I SoundPicker: TurnFileToMediaUriService [type] = 7 [checkFileExistence] get current setting uri = content://media/internal/audio/media/185
02-11 10:00:50.621 28624 28636 D MediaProvider: [query][5]#-4:1# uri=content://media/internal/audio/media/185, selection=null, caller:com.htc.sdm, PID:28839
02-11 10:00:50.631 28839 28855 I SoundPicker: SoundPickerUtil [getFilePathByAudioContentUri] filePath = /system/media/audio/notifications/Orchid.flac
02-11 10:00:50.631 28839 28855 I SoundPicker: TurnFileToMediaUriService [type] = 7 [checkFileExistence] get original file path = /system/media/audio/notifications/Orchid.flac
02-11 10:00:50.631 28839 28855 I SoundPicker: TurnFileToMediaUriService [type] = 7 [checkFileExistence] fileExisted = /system/media/audio/notifications/Orchid.flac
02-11 10:00:50.631 28839 28855 I SoundPicker: SoundPickerUtil [getRingtone] uri=content://media/internal/audio/media/187 type=8
02-11 10:00:50.631 28839 28855 I SoundPicker: TurnFileToMediaUriService [type] = 8 [checkFileExistence] get current setting uri = content://media/internal/audio/media/187
02-11 10:00:50.641 28624 28856 D MediaProvider: [query][5]#-4:1# uri=content://media/internal/audio/media/187, selection=null, caller:com.htc.sdm, PID:28839
02-11 10:00:50.641 28839 28855 I SoundPicker: SoundPickerUtil [getFilePathByAudioContentUri] filePath = /system/media/audio/notifications/Sage.flac
02-11 10:00:50.641 28839 28855 I SoundPicker: TurnFileToMediaUriService [type] = 8 [checkFileExistence] get original file path = /system/media/audio/notifications/Sage.flac
02-11 10:00:50.641 28839 28855 I SoundPicker: TurnFileToMediaUriService [type] = 8 [checkFileExistence] fileExisted = /system/media/audio/notifications/Sage.flac
02-11 10:00:50.641 28839 28855 I SoundPicker: SoundPickerUtil [getRingtone] uri=content://media/internal/audio/media/181 type=9
02-11 10:00:50.641 28839 28855 I SoundPicker: TurnFileToMediaUriService [type] = 9 [checkFileExistence] get current setting uri = content://media/internal/audio/media/181
02-11 10:00:50.651 28624 28678 D MediaProvider: [query][4]#-4:1# uri=content://media/internal/audio/media/181, selection=null, caller:com.htc.sdm, PID:28839
02-11 10:00:50.651 28839 28855 I SoundPicker: SoundPickerUtil [getFilePathByAudioContentUri] filePath = /system/media/audio/notifications/Lotus.flac
02-11 10:00:50.661 28839 28855 I SoundPicker: TurnFileToMediaUriService [type] = 9 [checkFileExistence] get original file path = /system/media/audio/notifications/Lotus.flac
02-11 10:00:50.661 28839 28855 I SoundPicker: TurnFileToMediaUriService [type] = 9 [checkFileExistence] fileExisted = /system/media/audio/notifications/Lotus.flac
02-11 10:00:50.661 28839 28839 V Perf    : com.htc.sdm.service.TurnFileToMediaUriService@47b603e0 onDestroy, 0ms
02-11 10:00:50.661   871  1041 V ActivityManager: stopServiceToken: SR=1213776720 startId=1
02-11 10:00:50.661   871  1041 I ActivityManager: Resuming delayed broadcast
02-11 10:00:50.661   871  1041 V BroadcastQueue: Deliver to ComponentInfo{com.google.android.music/com.google.android.music.store.MediaStoreImportService$Receiver}:BR@486bae20
02-11 10:00:50.671   871  1519 V ActivityManager: startService: act=MediaStoreImportService.import_pending cmp=com.google.android.music/.store.MediaStoreImportService type=null pid=28719
02-11 10:00:50.671   871  1142 I ActivityManager: broadcast act=com.google.android.music.IMPORT_PENDING from pid=28719, uid=10163,parallel BR:null,size=0,order BR:null,size=0,resultTo=null
02-11 10:00:50.671   871  1265 V ActivityManager: startService: act=MediaStoreImportService.import cmp=com.google.android.music/.store.MediaStoreImportService type=null pid=28719
02-11 10:00:50.681 28719 28719 V Perf    : com.google.android.music.store.MediaStoreImportService$Receiver@47d04cc8 onReceive:android.intent.action.MEDIA_SCANNER_FINISHED 11ms
02-11 10:00:50.681 28719 28719 I BroadcastReceiver: >>android.app.ActivityThread$ApplicationThread@47b599c0 onReceive; QueuedWork begin, wait SharedPreferences.Editor.apply() write to disk
02-11 10:00:50.681 28719 28719 V Perf    : com.google.android.music.store.MediaStoreImportService@47d0d7d0 onCreate, 0ms
02-11 10:00:50.681 28719 28719 V Perf    : com.google.android.music.store.MediaStoreImportService@47d0d7d0 onStartCommand:act=MediaStoreImportService.import_pending, 0ms
02-11 10:00:50.681 28719 28719 I ActivityThread: >>com.google.android.music.store.MediaStoreImportService@47d0d7d0 onStartCommand; QueuedWork begin, wait SharedPreferences.Editor.apply() write to disk
02-11 10:00:50.681   871  5104 V ActivityManager: stopServiceToken: SR=1225492024 startId=1
02-11 10:00:50.711 28719 28744 I BroadcastReceiver: <<android.app.ActivityThread$ApplicationThread@47b599c0 onReceive; QueuedWork finished, 32ms
02-11 10:00:50.711 28719 28719 I ActivityThread: <<com.google.android.music.store.MediaStoreImportService@47d0d7d0 onStartCommand; QueuedWork finished, 30ms
02-11 10:00:50.711 28719 28719 V Perf    : com.google.android.music.store.MediaStoreImportService@47d0d7d0 onStartCommand:act=MediaStoreImportService.import, 0ms
02-11 10:00:50.711 28719 28859 D SQLiteConnection: DB info: open Connection, path = /data/data/com.google.android.music/databases/music.db, handle: 0x862a6510, flag: 0x6, FH handler: 0x81f609f8, count: 1
02-11 10:00:50.711   871  3633 I ActivityManager: Delay finish: com.google.android.music/.store.MediaStoreImportService$Receiver
02-11 10:00:50.711   871   980 I ActivityManager: broadcast act=com.nero.htc.cd_mount.time_expired flg=0x4 from pid=-1, uid=10008,order BR:490709e8,u0,size=1,replaced=0
02-11 10:00:50.711   871   980 D PMS     : acquireWL(49089d78): PARTIAL_WAKE_LOCK  AlarmManager 0x1 871 1000
02-11 10:00:50.711   871   980 D PMS     : updateWLS(Awake,0x1)
02-11 10:00:50.711   871   980 V AlarmManager: sending alarm PendingIntent{487f39a0: PendingIntentRecord{48de15b0 com.nero.android.htc.sync broadcastIntent}}, i=com.nero.htc.cd_mount.time_expired, t=0, cnt=1, w=1423620050720, Int=0
02-11 10:00:50.731 28719 28859 D SQLiteDatabase: DB info: open, path: /data/data/com.google.android.music/databases/music.db, count: 1, wal: false
02-11 10:00:50.731 28719 28859 D MusicStore: Disabled WAL
02-11 10:00:50.731 28719 28859 D MusicStore: Database opened
02-11 10:00:50.741   871   882 I ActivityManager: 28719 get provider media 28624
02-11 10:00:50.751 28624 28635 D MediaProvider: [query][4] uri=content://media/none/version, selection=null, caller:com.google.android.music:main, PID:28719
02-11 10:00:50.761 28624 28678 D MediaProvider: [query][3] uri=content://media/external/fs_id, selection=null, caller:com.google.android.music:main, PID:28719
02-11 10:00:50.781 28624 28856 D MediaProvider: [query][10]#-4:0# uri=content://media/external/audio/media, selection=((is_music=1 OR is_podcast=1) AND title IS NOT NULL)  AND (date_added >=?  OR date_modified >=?  ), caller:com.google.android.music:main, PID:28719
02-11 10:00:50.801 28624 28677 D MediaProvider: [query][9]#-4:1# uri=content://media/external/audio/media, selection=(is_music=1 OR is_podcast=1) AND title IS NOT NULL, caller:com.google.android.music:main, PID:28719
02-11 10:00:50.821   871  1260 I ActivityManager: 28719 get provider com.google.android.gsf.gservices 26873
02-11 10:00:50.841 28624 28636 D MediaProvider: [query][7]#-4:0# uri=content://media/external/audio/playlists, selection=null, caller:com.google.android.music:main, PID:28719
02-11 10:00:50.872 28719 28859 I MediaStoreImporter: Update: incremental Added music: 0 Updated music: 0 Deleted music: 0 Created playlists: 0 Updated playlists: 0 Deleted playlists: 0 Inserted playlist items: 0 Deleted playlist items: 0 Removed orphaned playlist items: 0
02-11 10:00:50.872   871  1261 I ActivityManager: broadcast act=com.google.android.music.IMPORT_COMPLETE from pid=28719, uid=10163,parallel BR:null,size=0,order BR:null,size=0,resultTo=null
02-11 10:00:50.872   871  1260 V ActivityManager: stopServiceToken: SR=1225492024 startId=2
02-11 10:00:50.872   871  1260 I ActivityManager: Resuming delayed broadcast
02-11 10:00:50.882 28719 28719 V Perf    : com.google.android.music.store.MediaStoreImportService@47d0d7d0 onDestroy, 0ms
02-11 10:00:50.882 28745 28745 V Perf    : com.tencent.mm.booter.MountReceiver@47d2a758 onReceive:android.intent.action.MEDIA_SCANNER_FINISHED 0ms
02-11 10:00:50.882   871  1260 V BroadcastQueue: Deliver to ComponentInfo{com.tencent.mm/com.tencent.mm.booter.MountReceiver}:BR@486bae20
02-11 10:00:50.882   871  1041 V BroadcastQueue: Deliver to ComponentInfo{com.nero.android.htc.sync/com.nero.android.htc.sync.CDMountReceiver}:BR@490709e8
02-11 10:00:50.892   871  1142 W ActivityManager: registerReceiver com.nero.android.htc.sync,rec=null
02-11 10:00:50.932 28562 28562 D CDMountReceiver: whether to enable CD Auto-mount: true
02-11 10:00:50.932 28562 28562 D CDMountReceiver: showNotification() contentText= HTC Sync Manager  http://www.htc.com/hsm/ 
02-11 10:00:50.952  1060  1060 D PhoneStatusBar: addNotification score=0 fullScreenIntent:null
02-11 10:00:50.952  1060  1060 D StatusBar: addNotificationViews key=android.os.BinderProxy@47f60b90 com.nero.android.htc.sync null 0 Notification(pri=0 contentView=com.nero.android.htc.sync/0x1090064 vibrate=null sound=null button=null defaults=0x0 flags=0x10 kind=[null])
02-11 10:00:50.952   871  1265 V NotificationService: enqueueNotification: com.nero.android.htc.sync 9999 null 10 0 0 0
02-11 10:00:50.952   871   871 I ActivityManager: broadcast act=com.htc.intent.action.NOTIFICATION_ADD flg=0x4000000 from pid=871, uid=1000,parallel BR:null,size=0,order BR:null,size=0,resultTo=null
02-11 10:00:50.972  1060  1060 I RemoteViews: com.nero.android.htc.sync (false,0)
02-11 10:00:51.002 28562 28562 D CDMountReceiver: enable CD Auto-mount: true
02-11 10:00:51.002  1060  1060 D OnDemandProgressBar: release indeterminate drawable android.widget.OnDemandProgressBar{47f34fd8 G.ED.... ......I. 0,0-0,0 #102000d android:id/progress}
02-11 10:00:51.002   871   882 V ActivityManager: startService: act=com.nero.htc.enable_cdautomat cmp=com.nero.android.htc.sync/.AccessoryService type=null pid=28562
02-11 10:00:51.012 28562 28562 V Perf    : com.nero.android.htc.sync.CDMountReceiver@47c76b88 onReceive:com.nero.htc.cd_mount.time_expired 121ms
02-11 10:00:51.012   871  1259 I ActivityManager: Delay finish: com.nero.android.htc.sync/.CDMountReceiver
02-11 10:00:51.022  1060  1060 I RemoteViews.Performance: com.nero.android.htc.sync 4 37 8 11
02-11 10:00:51.022  1060  1060 I RemoteViews: com.nero.android.htc.sync (false,0)
02-11 10:00:51.022 28562 28562 V Perf    : com.nero.android.htc.sync.AccessoryService@47cd3190 onCreate, 0ms
02-11 10:00:51.022 28562 28870 D HTCUtilities: enable auto-mount
02-11 10:00:51.022 28562 28562 V Perf    : com.nero.android.htc.sync.AccessoryService@47cd3190 onStartCommand:act=com.nero.htc.enable_cdautomat, 1ms
02-11 10:00:51.032 28562 28871 D HTCUtilities: enable auto-mount
02-11 10:00:51.032  1060  1060 D OnDemandProgressBar: release indeterminate drawable android.widget.OnDemandProgressBar{48109a78 G.ED.... ......I. 0,0-0,0 #102000d android:id/progress}
02-11 10:00:51.032   871  3633 I MountService: setPCtoolISOEnabled: enable true
02-11 10:00:51.032   871  3633 I MountService: mountISO: /system/etc/PCTOOL.ISO
02-11 10:00:51.032   871  3633 D VoldConnector: SND -> {92 mountISO mount /system/etc/PCTOOL.ISO /sys/class/android_usb/f_mass_storage/lun0/file}
02-11 10:00:51.032   871   994 D VoldConnector: RCV <- {200 92 mountISO operation succeeded}
02-11 10:00:51.032   871   882 I MountService: setPCtoolISOEnabled: enable true
02-11 10:00:51.032   871   882 I MountService: mountISO: /system/etc/PCTOOL.ISO
02-11 10:00:51.032   871   882 D VoldConnector: SND -> {93 mountISO mount /system/etc/PCTOOL.ISO /sys/class/android_usb/f_mass_storage/lun0/file}
02-11 10:00:51.032   871  3633 D VoldConnector: RMV <- {200 92 mountISO operation succeeded}
02-11 10:00:51.032   871  3633 D MountService: mountISO: /system/etc/PCTOOL.ISO
02-11 10:00:51.032   871   994 D VoldConnector: RCV <- {200 93 mountISO operation succeeded}
02-11 10:00:51.032   871   882 D VoldConnector: RMV <- {200 93 mountISO operation succeeded}
02-11 10:00:51.042  1060  1060 I RemoteViews.Performance: com.nero.android.htc.sync 1 17 5 16
02-11 10:00:51.042 28562 28562 V Perf    : com.nero.android.htc.sync.AccessoryService@47cd3190 onDestroy, 0ms
02-11 10:00:51.042  1060  1060 I StatusBar.Perf: addView:com.nero.android.htc.sync oneU:49/1 largeU:23/1
02-11 10:00:51.042   871   883 D Process : killProcessQuiet, pid=28591
02-11 10:00:51.042  1060  1060 D StatusBar: addNotificationView at 4
02-11 10:00:51.042   871   883 D Process : com.android.server.am.ActivityManagerService.killUnneededProcessLocked:7565 com.android.server.am.ActivityManagerService.updateOomAdjLocked:17028 com.android.server.am.ActivityManagerService.updateOomAdjLocked:16872 
02-11 10:00:51.042  1060  1060 I OnDemandDateTimeView: skip registerReceivers()
02-11 10:00:51.042  1060  1060 I OnDemandDateTimeView: skip registerReceivers()
02-11 10:00:51.042   871   882 D MountService: mountISO: /system/etc/PCTOOL.ISO
02-11 10:00:51.042   871  1259 V ActivityManager: stopServiceToken: SR=1225312936 startId=-1
02-11 10:00:51.042   871  1259 I ActivityManager: Resuming delayed broadcast
02-11 10:00:51.042   871   871 D PMS     : releaseWL(49089d78): PARTIAL_WAKE_LOCK  AlarmManager 0x1
02-11 10:00:51.042   871   871 D PMS     : updateWLS(Awake,0x0)
02-11 10:00:51.042   871  1566 V ActivityManager: stopServiceToken: SR=1225312936 startId=-1
02-11 10:00:51.042   871   883 I ActivityManager: Killing 28591:com.htc.visual_search/u0a33 (adj 15): empty #17
02-11 10:00:51.052  1060  1060 D PhoneStatusBar: setAreThereNotifications: N=5 any=true clearable=true
02-11 10:00:51.062   871   932 V HtcAppUsageStats: noteAppDied pid=28591
02-11 10:00:51.062   871  1261 I ActivityManager: Recipient 28591
02-11 10:00:51.062   871  1261 W WindowManager: Execute app transition: mNextAppTransition=0xffffffff
02-11 10:00:51.092 28637 28822 D MediaManager: [MMPScanService]	Scan finish: file:///storage/emulated/0
02-11 10:00:51.092   871  1519 I ActivityManager: broadcast act=com.htc.intent.action.MMP_SCAN_FINISHED dat=file:///storage/emulated/0 from pid=28637, uid=10033,parallel BR:null,size=0,order BR:4905de50,u0,size=1,replaced=0
02-11 10:00:51.092   871   918 V BroadcastQueue: Deliver to ComponentInfo{com.htc.album/com.htc.mediamanager.providers.media.MMReceiver}:BR@4905de50
02-11 10:00:51.102 28637 28637 D MediaManager: [MMReceiver]	onReceive(), action = com.htc.intent.action.MMP_SCAN_FINISHED
02-11 10:00:51.102 28637 28637 V Perf    : com.htc.mediamanager.providers.media.MMReceiver@47bb9bd0 onReceive:com.htc.intent.action.MMP_SCAN_FINISHED 5ms
02-11 10:00:51.102 28637 28637 V Perf    : com.htc.mediamanager.providers.media.MMPScanService@47bb7a70 onDestroy, 0ms
02-11 10:00:51.102 28637 28822 D MediaManager: [MMPScanService]	Start Handler
02-11 10:00:51.102 28637 28637 V Perf    : com.htc.mediamanager.IntentServiceMedia@47bbbdd8 onCreate, 1ms
02-11 10:00:51.102 28637 28637 D MediaManager: [IntentServiceMedia]	[onStart] action = com.htc.mediamanager.ACTION_RECOVER_ZOE_BURST, startId = 1
02-11 10:00:51.102 28637 28637 V Perf    : com.htc.mediamanager.IntentServiceMedia@47bbbdd8 onStartCommand:act=com.htc.mediamanager.ACTION_RECOVER_ZOE_BURST, 0ms
02-11 10:00:51.102 28637 28872 D MediaManager: [IntentServiceMedia]	onHandleIntent volume = file:///storage/emulated/0
02-11 10:00:51.102   871  1142 V ActivityManager: stopServiceToken: SR=1218257056 startId=1
02-11 10:00:51.102   871  1265 V ActivityManager: startService: act=com.htc.mediamanager.ACTION_RECOVER_ZOE_BURST cmp=com.htc.album/com.htc.mediamanager.IntentServiceMedia type=null pid=28637
02-11 10:00:51.112 28637 28872 D MediaManager: [GalleryCacheStorageSetting]	[GalleryCacheStorageSetting][Init]true,true,/storage/emulated/0,/storage/ext_sd,/storage/usb,/storage/emmc
02-11 10:00:51.112 28637 28872 D MediaManager: [MMP_DEBUG]	[query][bypass] content://mediamanager/media/external/file : content://media/external/file
02-11 10:00:51.112 28637 28872 D MediaManager: [MMP_DEBUG]	[query MP]: content://media/external/file
02-11 10:00:51.112   871  1259 I ActivityManager: 28637 get provider media 28624
02-11 10:00:51.142 28624 28677 D MediaProvider: [query][24]#-4:0# uri=content://media/external/file, selection=(media_type = 1 OR media_type =3) AND (((favorite is null) OR ((favorite & 48) != 48 )) AND ( _data like  ?)), caller:com.htc.mediamanager, PID:28637
02-11 10:00:51.152 28637 28872 D MediaManager: [MMP_DEBUG]	[query] notify URI: content://mediamanager/media
02-11 10:00:51.152 28637 28872 D MediaManager: [MediaManagerProvider]	[query][37]#0# uri=content://mediamanager/media/external/file, caller:com.htc.mediamanager, PID:28637
02-11 10:00:51.152 28637 28872 D MediaManager: [BurstScannUtil]	[MediaCacheService][isCoverImageDBNotReady]-false,42,/storage/emulated/0/DCIM,null
02-11 10:00:51.162 28637 28872 D MediaManager: [MMP_DEBUG]	[query][bypass] content://mediamanager/media/external/file : content://media/external/file
02-11 10:00:51.162 28637 28872 D MediaManager: [MMP_DEBUG]	[query MP]: content://media/external/file
02-11 10:00:51.192 28624 28636 D MediaProvider: [query][26]#-4:0# uri=content://media/external/file, selection=(media_type = 1 OR media_type =3) AND ( _data like  ?), caller:com.htc.mediamanager, PID:28637
02-11 10:00:51.192 28637 28872 D MediaManager: [MMP_DEBUG]	[query] notify URI: content://mediamanager/media
02-11 10:00:51.192 28637 28872 D MediaManager: [MediaManagerProvider]	[query][39]#0# uri=content://mediamanager/media/external/file, caller:com.htc.mediamanager, PID:28637
02-11 10:00:51.192 28637 28872 D MediaManager: [BurstScannUtil]	[MediaCacheService][queryCoverCount1]-43,0,/storage/emulated/0/DCIM/%BURST/%_COVER.jpg
02-11 10:00:51.212 28637 28872 D MediaManager: [BurstScannUtil]	[MediaCacheService][isCoverCountChnage]-false,0,0
02-11 10:00:51.212 28637 28872 D MediaManager: [BurstScannUtil]	[MediaCacheService][writeCoverCount]-
02-11 10:00:51.212 28637 28872 D MediaManager: [BurstScannUtil]	[MediaCacheService][doBrustDBUpdate]-
02-11 10:00:51.212 28637 28872 D MediaManager: [MMP_DEBUG]	[query][bypass] content://mediamanager/media/external/file : content://media/external/file
02-11 10:00:51.212 28637 28872 D MediaManager: [MMP_DEBUG]	[query MP]: content://media/external/file
02-11 10:00:51.252 28624 28856 D MediaProvider: [query][35]#-4:0# uri=content://media/external/file, selection=(media_type = 1 OR media_type =3) AND (((favorite is null) OR ((favorite & 48) != 48 )) AND  (_data glob '/storage/emulated/0*/IMAG[0-9][0-9][0-9][0-9]*_BURST[0-9][0-9][0-9]_COVER.jpg')), caller:com.htc.mediamanager, PID:28637
02-11 10:00:51.262 28637 28872 D MediaManager: [MMP_DEBUG]	[query] notify URI: content://mediamanager/media
02-11 10:00:51.262 28637 28872 D MediaManager: [MediaManagerProvider]	[query][50]#0# uri=content://mediamanager/media/external/file, caller:com.htc.mediamanager, PID:28637
02-11 10:00:51.262 28637 28872 D MediaManager: [BurstScannUtil]	[MediaCacheService][isCoverBurstFlagNotReady2]-false,55,/storage/emulated/0,null
02-11 10:00:51.272 28637 28872 D MediaManager: [MMP_DEBUG]	[query][bypass] content://mediamanager/media/external/file : content://media/external/file
02-11 10:00:51.272 28637 28872 D MediaManager: [MMP_DEBUG]	[query MP]: content://media/external/file
02-11 10:00:51.302 28624 28678 D MediaProvider: [query][26]#-4:0# uri=content://media/external/file, selection=(media_type = 1 OR media_type =3) AND ( _data glob  '/storage/emulated/0*/IMAG[0-9][0-9][0-9][0-9]_BURST[0-9][0-9][0-9]_COVER.jpg' and _data not like ?  and _data not like ?), caller:com.htc.mediamanager, PID:28637
02-11 10:00:51.302 28637 28872 D MediaManager: [MMP_DEBUG]	[query] notify URI: content://mediamanager/media
02-11 10:00:51.302 28637 28872 D MediaManager: [MediaManagerProvider]	[query][39]#0# uri=content://mediamanager/media/external/file, caller:com.htc.mediamanager, PID:28637
02-11 10:00:51.312 28637 28872 D MediaManager: [BurstScannUtil]	[MediaCacheService][queryCoverCount1]-44,0,/storage/ext_sd/%
02-11 10:00:51.312 28637 28872 D MediaManager: [BurstScannUtil]	[MediaCacheService][isCoverCountChnage]-false,0,0
02-11 10:00:51.312 28637 28872 D MediaManager: [BurstScannUtil]	[MediaCacheService][writeCoverCount]-
02-11 10:00:51.312 28637 28872 D MediaManager: [BurstScannUtil]	[MediaCacheService][doBrustDBUpdate2]-
02-11 10:00:51.312 28637 28872 D MediaManager: [MMP_DEBUG]	[query][bypass] content://mediamanager/media/external/file : content://media/external/file
02-11 10:00:51.312 28637 28872 D MediaManager: [MMP_DEBUG]	[query MP]: content://media/external/file
02-11 10:00:51.342 28624 28635 D MediaProvider: [query][26]#-4:0# uri=content://media/external/file, selection=(media_type = 1 OR media_type =3) AND (((favorite is null) OR ((favorite & 192) != 192 )) AND  (_data glob '/storage/emulated/0*/IMAG[0-9][0-9][0-9][0-9]*_ZOE[0-9][0-9][0-9]_SHOT.jpg')), caller:com.htc.mediamanager, PID:28637
02-11 10:00:51.352 28637 28872 D MediaManager: [MMP_DEBUG]	[query] notify URI: content://mediamanager/media
02-11 10:00:51.352 28637 28872 D MediaManager: [MediaManagerProvider]	[query][39]#0# uri=content://mediamanager/media/external/file, caller:com.htc.mediamanager, PID:28637
02-11 10:00:51.352 28637 28872 D MediaManager: [ZoeScanUtil]	[MediaCacheService][isCoverZoeFlagNotReady]-false,43,/storage/emulated/0,null
02-11 10:00:51.362 28637 28872 D MediaManager: [MMP_DEBUG]	[query][bypass] content://mediamanager/media/external/file : content://media/external/file
02-11 10:00:51.362 28637 28872 D MediaManager: [MMP_DEBUG]	[query MP]: content://media/external/file
02-11 10:00:51.392 28624 28677 D MediaProvider: [query][25]#-4:0# uri=content://media/external/file, selection=(media_type = 1 OR media_type =3) AND ( _data glob  '/storage/emulated/0*/IMAG[0-9][0-9][0-9][0-9]*_ZOE[0-9][0-9][0-9]_SHOT.jpg' and _data not like ?  and _data not like ?), caller:com.htc.mediamanager, PID:28637
02-11 10:00:51.392 28637 28872 D MediaManager: [MMP_DEBUG]	[query] notify URI: content://mediamanager/media
02-11 10:00:51.392 28637 28872 D MediaManager: [MediaManagerProvider]	[query][39]#0# uri=content://mediamanager/media/external/file, caller:com.htc.mediamanager, PID:28637
02-11 10:00:51.392 28637 28872 D MediaManager: [ZoeScanUtil]	[MediaCacheService][queryExternalCoverCount2]-43,0,/storage/ext_sd/%
02-11 10:00:51.392 28637 28872 D MediaManager: [ZoeScanUtil]	[MediaCacheService][doZeoDBUpdate]-
02-11 10:00:51.392 28637 28872 D MediaManager: [ZoeScanUtil]	[updateImage]+
02-11 10:00:51.402 28637 28872 D MediaManager: [MMP_DEBUG]	[query][bypass] content://mediamanager/media/external/file : content://media/external/file
02-11 10:00:51.402 28637 28872 D MediaManager: [MMP_DEBUG]	[query MP]: content://media/external/file
02-11 10:00:51.432 28624 28636 D MediaProvider: [query][26]#-4:0# uri=content://media/external/file, selection=(media_type = 1 OR media_type =3) AND (htc_type = ? AND _data LIKE ?), caller:com.htc.mediamanager, PID:28637
02-11 10:00:51.432 28637 28872 D MediaManager: [MMP_DEBUG]	[query] notify URI: content://mediamanager/media
02-11 10:00:51.432 28637 28872 D MediaManager: [MediaManagerProvider]	[query][39]#0# uri=content://mediamanager/media/external/file, caller:com.htc.mediamanager, PID:28637
02-11 10:00:51.442 28637 28872 D MediaManager: [MMP_DEBUG]	[query][bypass] content://mediamanager/media/external/file : content://media/external/file
02-11 10:00:51.442 28637 28872 D MediaManager: [MMP_DEBUG]	[query MP]: content://media/external/file
02-11 10:00:51.482 28624 28856 D MediaProvider: [query][31]#-4:0# uri=content://media/external/file, selection=(media_type = 1 OR media_type =3) AND (htc_type&1 = 1 AND _data LIKE ?), caller:com.htc.mediamanager, PID:28637
02-11 10:00:51.482 28637 28872 D MediaManager: [MMP_DEBUG]	[query] notify URI: content://mediamanager/media
02-11 10:00:51.482 28637 28872 D MediaManager: [MediaManagerProvider]	[query][45]#0# uri=content://mediamanager/media/external/file, caller:com.htc.mediamanager, PID:28637
02-11 10:00:51.492 28637 28872 D MediaManager: [ZoeScanUtil]	[updateImage]-0
02-11 10:00:51.492 28637 28872 D MediaManager: [DualLensScanUtil]	scanDualLensContents()
02-11 10:00:51.502 28637 28872 D MediaManager: [MMP_DEBUG]	[query][bypass] content://mediamanager/media/external/file?limit=500 : content://media/external/file?limit=500
02-11 10:00:51.502 28637 28872 D MediaManager: [MMP_DEBUG]	[query MP]: content://media/external/file?limit=500
02-11 10:00:51.532 28624 28678 D MediaProvider: [query][29]#-4:0# uri=content://media/external/file?limit=500, selection=(media_type = 1 OR media_type =3) AND ((_id > ?) AND (media_type = 1) AND ((htc_type & 32) >> 5) = 1 AND ((htc_type & 1024) >> 10) = 0 AND (_data LIKE '/storage/emulated/0%')), caller:com.htc.mediamanager, PID:28637
02-11 10:00:51.532 28637 28872 D MediaManager: [MMP_DEBUG]	[query] notify URI: content://mediamanager/media
02-11 10:00:51.532 28637 28872 D MediaManager: [MediaManagerProvider]	[query][44]#0# uri=content://mediamanager/media/external/file?limit=500, caller:com.htc.mediamanager, PID:28637
02-11 10:00:51.542 28637 28872 W MediaManager: [DualLensScanUtil]	mmpCursor count is 0
02-11 10:00:51.542 28637 28637 V Perf    : com.htc.mediamanager.IntentServiceMedia@47bbbdd8 onDestroy, 1ms
02-11 10:00:51.542   871  1264 D Process : killProcessQuiet, pid=28606
02-11 10:00:51.542   871  1142 V ActivityManager: stopServiceToken: SR=1225037568 startId=1
02-11 10:00:51.542   871  1264 I ActivityManager: Killing 28606:com.htc.zero:re_proc/u0a36 (adj 15): empty #17
02-11 10:00:51.552   871  1264 D Process : com.android.server.am.ActivityManagerService.killUnneededProcessLocked:7565 com.android.server.am.ActivityManagerService.updateOomAdjLocked:17028 com.android.server.am.ActivityManagerService.updateOomAdjLocked:16872 
