02-11 10:00:44.325   871   883 D VoldConnector: RMV <- {400 88 volume operation failed (Read-only file system)}
02-11 10:00:44.325   871  1143 V LightsService: setLight #0: color=#81
02-11 10:00:44.335   871  1144 D LightsService: [LedInfo] setLight_native light=0 colorARGB=130 flashMode=0 onMS=0 offMS=0 brightnessMode=0
02-11 10:00:44.335   871  1144 V LightsService: setLight #0: color=#82
02-11 10:00:44.355   871  1039 D LightsService: [LedInfo] setLight_native light=0 colorARGB=131 flashMode=0 onMS=0 offMS=0 brightnessMode=0
02-11 10:00:44.355   263   589 E cutils  : Failed to mkdirat(/storage/ext_sd/Android): Read-only file system
02-11 10:00:44.355   871  1039 V LightsService: setLight #0: color=#83
02-11 10:00:44.355   871  1041 D VoldConnector: SND -> {89 volume mkdirs /storage/ext_sd/Android/data/com.google.android.music/files/}
02-11 10:00:44.355   263   589 W Vold    : Returning OperationFailed - no handler for errno 30
02-11 10:00:44.355   871   994 D VoldConnector: RCV <- {400 89 volume operation failed (Read-only file system)}
02-11 10:00:44.355   871  1041 D VoldConnector: RMV <- {400 89 volume operation failed (Read-only file system)}
02-11 10:00:44.365 28719 28719 W ContextImpl: Failed to ensure directory: /storage/ext_sd/Android/data/com.google.android.music/files
02-11 10:00:44.365   263   589 E cutils  : Failed to mkdirat(/storage/ext_sd/Android): Read-only file system
02-11 10:00:44.365 28719 28719 W ContextImpl: Failed to ensure directory: /storage/ext_sd/Android/data/com.google.android.music/files
02-11 10:00:44.365   871  1260 D VoldConnector: SND -> {90 volume mkdirs /storage/ext_sd/Android/data/com.google.android.music/files/}
02-11 10:00:44.365   263   589 W Vold    : Returning OperationFailed - no handler for errno 30
02-11 10:00:44.365   871   994 D VoldConnector: RCV <- {400 90 volume operation failed (Read-only file system)}
02-11 10:00:44.365   871  1260 D VoldConnector: RMV <- {400 90 volume operation failed (Read-only file system)}
02-11 10:00:44.365   871  5104 V ActivityManager: startService: act=com.google.android.music.ResumeStorageMigration cmp=com.google.android.music/.download.cache.StorageMigrationService type=null pid=28719
02-11 10:00:44.365   871  1142 I PackageManager:  setEnabledSetting(), pkgName=com.google.android.music, clsName=com.android.music.MediaAppWidgetProvider, state=1, flag=1, pid=28719, uid=10163, userID:0
02-11 10:00:44.375   871  1081 D LightsService: [LedInfo] setLight_native light=0 colorARGB=132 flashMode=0 onMS=0 offMS=0 brightnessMode=0
02-11 10:00:44.375   871  1081 V LightsService: setLight #0: color=#84
02-11 10:00:44.385   871  1131 D LightsService: [LedInfo] setLight_native light=0 colorARGB=133 flashMode=0 onMS=0 offMS=0 brightnessMode=0
02-11 10:00:44.385   871  1131 V LightsService: setLight #0: color=#85
02-11 10:00:44.395   871  1709 D WifiDisplayAdapter: getWifiDisplayStatusLocked: result=WifiDisplayStatus{featureState=1, scanState=0, activeDisplayState=0, activeDisplay=null, displays=[Push2TV 740F00-PTV3000 (22:e5:2a:74:0f:00), isAvailable false, canConnect false, isRemembered true], sessionInfo=WifiDisplaySessionInfo:
02-11 10:00:44.395   871  1709 D WifiDisplayAdapter:     Client/Owner: Client
02-11 10:00:44.395   871  1709 D WifiDisplayAdapter:     GroupId: 
02-11 10:00:44.395   871  1709 D WifiDisplayAdapter:     Passphrase: 
02-11 10:00:44.395   871  1709 D WifiDisplayAdapter:     SessionId: 0
02-11 10:00:44.395   871  1709 D WifiDisplayAdapter:     IP Address: }
02-11 10:00:44.395   871  1265 D ActivityManager: registerReceiver filter=489745b0 from com.google.android.music,userId=0,pid=28719,uid=10163,rec=4894f508
02-11 10:00:44.395   871  1518 D ActivityManager: registerReceiver filter=4895a1d8 from com.google.android.music,userId=0,pid=28719,uid=10163,rec=48949b08
02-11 10:00:44.395   871  1041 D MediaRouterService: Client com.google.android.music (pid 28719): Registered
02-11 10:00:44.405   871  1259 D IAudioPolicyService: getDevicesForStream(), bf transact
02-11 10:00:44.405   283   761 D IAudioPolicyService: onTransact(), code=24
02-11 10:00:44.405   871  1259 D IAudioPolicyService: getDevicesForStream() return
02-11 10:00:44.405 28719 28719 I MediaRouter: Found default route: MediaRouter.RouteInfo{ uniqueId=android/.support.v7.media.SystemMediaRouteProvider:DEFAULT_ROUTE, name=, description=null, enabled=true, connecting=false, playbackType=0, playbackStream=3, volumeHandling=1, volume=0, volumeMax=15, presentationDisplayId=-1, extras=null, providerPackageName=android }
02-11 10:00:44.405   871  1143 D LightsService: [LedInfo] setLight_native light=0 colorARGB=134 flashMode=0 onMS=0 offMS=0 brightnessMode=0
02-11 10:00:44.405   871  1261 D WifiDisplayAdapter: getWifiDisplayStatusLocked: result=WifiDisplayStatus{featureState=1, scanState=0, activeDisplayState=0, activeDisplay=null, displays=[Push2TV 740F00-PTV3000 (22:e5:2a:74:0f:00), isAvailable false, canConnect false, isRemembered true], sessionInfo=WifiDisplaySessionInfo:
02-11 10:00:44.405   871  1261 D WifiDisplayAdapter:     Client/Owner: Client
02-11 10:00:44.405   871  1261 D WifiDisplayAdapter:     GroupId: 
02-11 10:00:44.405   871  1261 D WifiDisplayAdapter:     Passphrase: 
02-11 10:00:44.405   871  1261 D WifiDisplayAdapter:     SessionId: 0
02-11 10:00:44.405   871  1261 D WifiDisplayAdapter:     IP Address: }
02-11 10:00:44.405   871  1519 D ActivityManager: registerReceiver filter=48946388 from com.google.android.music,userId=0,pid=28719,uid=10163,rec=488d47f8
02-11 10:00:44.405   871  1143 V LightsService: setLight #0: color=#86
02-11 10:00:44.425 28719 28719 V Perf    : com.google.android.music.MusicApplication@47b61f50 onCreate, 115ms
02-11 10:00:44.425 28719 28719 V Perf    : 47b5d278 com.google.android.music handleBindApplication, 252ms
02-11 10:00:44.425   871  1144 D LightsService: [LedInfo] setLight_native light=0 colorARGB=135 flashMode=0 onMS=0 offMS=0 brightnessMode=0
02-11 10:00:44.425 28719 28719 V Perf    : com.google.android.music.store.MediaStoreImportService$Receiver@47c96d98 onReceive:android.intent.action.MEDIA_SCANNER_STARTED 3ms
02-11 10:00:44.425   871  1144 V LightsService: setLight #0: color=#87
02-11 10:00:44.425   871  1264 V ActivityManager: startService: act=MediaStoreImportService.import_pending cmp=com.google.android.music/.store.MediaStoreImportService type=null pid=28719
02-11 10:00:44.425   871   883 I ActivityManager: broadcast act=com.google.android.music.IMPORT_PENDING from pid=28719, uid=10163,parallel BR:null,size=0,order BR:null,size=0,resultTo=null
02-11 10:00:44.425   871  1519 I ActivityManager: Delay finish: com.google.android.music/.store.MediaStoreImportService$Receiver
02-11 10:00:44.435 28719 28719 V Perf    : com.google.android.music.preferences.MusicPreferenceService$MusicPreferenceServiceBinder@47c989b0 onCreate, 4ms
02-11 10:00:44.435 28624 28685 D MediaProvider: [query][11]#-4:1000# uri=content://media/external/file?limit=1000, selection=_id>?, caller:android.process.media, PID:28624
02-11 10:00:44.435 28719 28719 V Perf    : com.google.android.music.preferences.MusicPreferenceService$MusicPreferenceServiceBinder@47c989b0 onBind, 0ms
02-11 10:00:44.435   871  1518 D ActivityManager: registerReceiver filter=488e2c48 from com.google.android.music,userId=0,pid=28719,uid=10163,rec=48873a60
02-11 10:00:44.435   871  1518 D ActivityManager: Enqueue sticky BR{48fb7718 u-1 android.net.conn.CONNECTIVITY_CHANGE callingPid=-1 callingUid=-1} size=1
02-11 10:00:44.445   871  1039 D LightsService: [LedInfo] setLight_native light=0 colorARGB=136 flashMode=0 onMS=0 offMS=0 brightnessMode=0
02-11 10:00:44.445 28719 28719 V Perf    : com.google.android.music.net.NetworkMonitor@47ca2c60 onCreate, 4ms
02-11 10:00:44.445 28719 28719 V Perf    : com.google.android.music.net.NetworkMonitor@47ca2c60 onBind, 0ms
02-11 10:00:44.445 28719 28719 V Perf    : com.google.android.music.download.cache.StorageMigrationService@47ca5848 onCreate, 0ms
02-11 10:00:44.445 28719 28719 V Perf    : com.google.android.music.download.cache.StorageMigrationService@47ca5848 onStartCommand:act=com.google.android.music.ResumeStorageMigration, 3ms
02-11 10:00:44.445 28719 28719 D MediaRouter: getSelectedRoute
02-11 10:00:44.445   871   918 I BroadcastQueue: Deliver non-order [BG] BR@48fb7718 BF{488e2c48 u0 RL{48699908 28719 com.google.android.music:main/10163/u0 remote:47d53970}}
02-11 10:00:44.445   871  1039 V LightsService: setLight #0: color=#88
02-11 10:00:44.455 28719 28719 V Perf    : com.google.android.music.store.MediaStoreImportService@47cb1b78 onCreate, 0ms
02-11 10:00:44.455 28719 28719 V Perf    : com.google.android.music.store.MediaStoreImportService@47cb1b78 onStartCommand:act=MediaStoreImportService.import_pending, 0ms
02-11 10:00:44.455   871  1081 D LightsService: [LedInfo] setLight_native light=0 colorARGB=137 flashMode=0 onMS=0 offMS=0 brightnessMode=0
02-11 10:00:44.455   871  1259 V ActivityManager: stopServiceToken: SR=1224813816 startId=1
02-11 10:00:44.455   871  1081 V LightsService: setLight #0: color=#89
02-11 10:00:44.465 28719 28735 D MusicPreferences: Set pref key isInvalidAccount=false
02-11 10:00:44.465   871   919 D SyncManager: sync msg = 6
02-11 10:00:44.465   871  3633 I PackageManager:  setEnabledSetting(), pkgName=com.google.android.music, clsName=com.google.android.music.Settings.NetworkUsage, state=2, flag=1, pid=28719, uid=10163, userID:0
02-11 10:00:44.465   871   919 D PMS     : acquireWL(48e89cc0): PARTIAL_WAKE_LOCK  SyncLoopWakeLock 0x1 871 1000
02-11 10:00:44.465   871  1041 D ConnSrv_Debug: getSlotExtendedType netType:1 is extended type or non-mobile type. No need to convert.
02-11 10:00:44.475   871   919 D SyncManager: mActiveSyncContexts.isEmpty is true, we aren't syncing
02-11 10:00:44.475   871   919 D SyncManager: check send SYNC_STATE_CHANGE or not, shouldCancel = false, shouldInstall = false
02-11 10:00:44.475 28719 28719 D dalvikvm: Note: class Lcom/android/internal/telephony/IHtcTelephony$Stub; has 162 unimplemented (abstract) methods
02-11 10:00:44.475   871  1131 D LightsService: [LedInfo] setLight_native light=0 colorARGB=138 flashMode=0 onMS=0 offMS=0 brightnessMode=0
02-11 10:00:44.475 28719 28735 D MusicPreferences: Set pref key upgradeSyncDone=false
02-11 10:00:44.475   871   919 D PMS     : releaseWL(48e89cc0): PARTIAL_WAKE_LOCK  SyncLoopWakeLock 0x1
02-11 10:00:44.475   871  1131 V LightsService: setLight #0: color=#8a
02-11 10:00:44.475   871   919 D PMS     : updatePSL(0x1,true) (repeat:10)
02-11 10:00:44.495   871  1131 D LightsService: [LedInfo] setLight_native light=0 colorARGB=139 flashMode=0 onMS=0 offMS=0 brightnessMode=0
02-11 10:00:44.495 28719 28719 V Perf    : com.google.android.music.net.NetworkMonitor$1@47ca3b30 onReceive:android.net.conn.CONNECTIVITY_CHANGE 34ms
02-11 10:00:44.495   871  1131 V LightsService: setLight #0: color=#8b
02-11 10:00:44.495   871   883 V ActivityManager: stopServiceToken: SR=1225006280 startId=1
02-11 10:00:44.505   281   281 D dalvikvm: Before fork
02-11 10:00:44.505   871  1131 D LightsService: [LedInfo] setLight_native light=0 colorARGB=140 flashMode=0 onMS=0 offMS=0 brightnessMode=0
02-11 10:00:44.505   281   281 D dalvikvm: Fork pid: 28745
02-11 10:00:44.505   871   883 I ActivityManager: Resuming delayed broadcast
02-11 10:00:44.505   871  1131 V LightsService: setLight #0: color=#8c
02-11 10:00:44.515 28719 28719 V Perf    : com.google.android.music.store.MediaStoreImportService@47cb1b78 onDestroy, 1ms
02-11 10:00:44.515 28745 28745 D FDManager: Init fd protection
02-11 10:00:44.515 28745 28745 D FDManager: Fail to open: /sys/fs/fd_list_lock, err: 2, msg: No such file or directory
02-11 10:00:44.515 28745 28745 D FDManager: Destroy fd protection
02-11 10:00:44.515 28719 28719 V Perf    : com.google.android.music.download.cache.StorageMigrationService@47ca5848 onDestroy, 0ms
02-11 10:00:44.515 28745 28745 I dalvikvm: Enabling JNI app bug workarounds for target SDK version 7...
02-11 10:00:44.515   871  1709 D Process : killProcessQuiet, pid=5659
02-11 10:00:44.515   871  1709 D Process : com.android.server.am.ActivityManagerService.killUnneededProcessLocked:7565 com.android.server.am.ActivityManagerService.updateOomAdjLocked:17028 com.android.server.am.ActivityManagerService.updateOomAdjLocked:16872 
02-11 10:00:44.515   871   883 I ActivityManager: Start proc com.tencent.mm for broadcast com.tencent.mm/.booter.MountReceiver: pid=28745 uid=10186 gids={50186, 3003, 5012, 1028, 1015, 3002, 3001}
02-11 10:00:44.515   871  1709 I ActivityManager: Killing 5659:com.htc.aurora/u0a47 (adj 15): empty #17
02-11 10:00:44.525 28745 28745 V Perf    : ApplicationThread=47b5a850 attachApplication
02-11 10:00:44.535   281   281 D dalvikvm: GC_EXPLICIT freed 44K, 73% free 3461K/12492K, paused 2ms+3ms, total 26ms
02-11 10:00:44.535   871   932 V HtcAppUsageStats: noteAppDied pid=5659
02-11 10:00:44.535   871  1265 V BroadcastQueue: Deliver to ComponentInfo{com.tencent.mm/com.tencent.mm.booter.MountReceiver}:BR@49081108
02-11 10:00:44.535   871  1131 V LightsService: setLight #0: color=#8d
02-11 10:00:44.535   871  1260 I ActivityManager: Recipient 5659
02-11 10:00:44.545   871  1131 D LightsService: [LedInfo] setLight_native light=0 colorARGB=141 flashMode=0 onMS=0 offMS=0 brightnessMode=0
02-11 10:00:44.545   871   974 D XAN-RA  : mCb:FV (142)
02-11 10:00:44.545   871  1260 W WindowManager: Execute app transition: mNextAppTransition=0xffffffff
02-11 10:00:44.555   281   281 D dalvikvm: GC_EXPLICIT freed <1K, 73% free 3461K/12492K, paused 3ms+2ms, total 23ms
02-11 10:00:44.555   871  5104 D ConnectivityService: getPackageNamebyPID : 1 package(s) in process com.tencent.mm, return package name=com.tencent.mm
02-11 10:00:44.555   871  5104 D ConnSrv_Debug: getProxy() mGlobalProxy: null mDefaultProxyDisabled: false mDefaultProxy: null by com.tencent.mm (28745/10186)
02-11 10:00:44.565   871  1131 D LightsService: [LedInfo] setLight_native light=0 colorARGB=142 flashMode=0 onMS=0 offMS=0 brightnessMode=0
02-11 10:00:44.565 28745 28745 V Perf    : ActivityThread=47b5a790 newApplication, 1ms
02-11 10:00:44.565 28745 28745 V Perf    : com.tencent.mm.plugin.ext.provider.ExtControlProviderNearBy@47b68480 onCreate, 0ms
02-11 10:00:44.565 28745 28745 V Perf    : com.tencent.mm.plugin.ext.provider.ExtControlProviderEntry@47b6d520 onCreate, 0ms
02-11 10:00:44.565 28745 28745 V Perf    : com.tencent.mm.plugin.ext.provider.ExtControlProviderSNS@47b6e6c8 onCreate, 0ms
02-11 10:00:44.565   871  1131 V LightsService: setLight #0: color=#8e
02-11 10:00:44.575 28745 28745 V Perf    : com.tencent.mm.plugin.ext.provider.ExtControlProviderSearchContact@47b79b50 onCreate, 0ms
02-11 10:00:44.575 28745 28745 V Perf    : com.tencent.mm.plugin.ext.provider.ExtControlProviderAccountSync@47b7a770 onCreate, 0ms
02-11 10:00:44.575 28745 28745 V Perf    : com.tencent.mm.plugin.base.stub.WXCommProvider@47b7bae0 onCreate, 1ms
02-11 10:00:44.575 28745 28745 V Perf    : com.tencent.mm.plugin.gwallet.GWalletQueryProvider@47b7f5d0 onCreate, 0ms
02-11 10:00:44.575 28745 28745 V Perf    : com.tencent.mm.plugin.ext.provider.ExtContentProviderBase@47b7fc40 onCreate, 0ms
02-11 10:00:44.575   281   281 D dalvikvm: GC_EXPLICIT freed <1K, 73% free 3461K/12492K, paused 1ms+2ms, total 20ms
02-11 10:00:44.575 28745 28745 V Perf    : com.tencent.mm.plugin.ext.provider.ExtControlProviderMsg@47b80ee8 onCreate, 0ms
02-11 10:00:44.575 28745 28745 V Perf    : com.tencent.mm.plugin.base.stub.MMPluginProvider@47b81ca8 onCreate, 0ms
02-11 10:00:44.585 28745 28745 W jni crash monitor: JNI_OnLoad
02-11 10:00:44.595 28745 28745 W dalvikvm: method Lcom/tencent/mm/compatible/loader/PluginResourceLoader;.loadDrawable incorrectly overrides package-private method with same name in Landroid/content/res/Resources;
02-11 10:00:44.605 28745 28745 D dalvikvm: No JNI_OnLoad found in /system/lib/libxlog.so 0x47b64d50, skipping init
02-11 10:00:44.605 28745 28745 W MicroMsg.xlogger: JNI_Xlog_onCreate
02-11 10:00:44.605   871  1259 D ActivityManager: registerReceiver filter=48783da0 from com.tencent.mm,userId=0,pid=28745,uid=10186,rec=48c47168
02-11 10:00:44.605   871   883 I ActivityManager: 28745 get provider com.tencent.mm.coolassist.debugprovider
02-11 10:00:44.605   871   883 I ActivityManager: Cannot resolve ContentProvider=com.tencent.mm.coolassist.debugprovider
02-11 10:00:44.605 28745 28745 E ActivityThread: Failed to find provider info for com.tencent.mm.coolassist.debugprovider
02-11 10:00:44.655 28624 28685 D MediaProvider: [query][14]#-4:1000# uri=content://media/external/file?limit=1000, selection=_id>?, caller:android.process.media, PID:28624
02-11 10:00:44.685 28745 28749 D dalvikvm: GC_CONCURRENT freed 7969K, 71% free 3669K/12492K, paused 2ms+2ms, total 34ms
02-11 10:00:44.685 28745 28745 D dalvikvm: WAIT_FOR_CONCURRENT_GC blocked 30ms
02-11 10:00:44.695 28745 28745 D dalvikvm: GC_FOR_ALLOC freed 2062K, 71% free 3638K/12492K, paused 13ms, total 13ms
02-11 10:00:44.705 28745 28749 D dalvikvm: GC_CONCURRENT freed 12K, 71% free 3644K/12492K, paused 2ms+1ms, total 14ms
02-11 10:00:44.725 28745 28745 D dalvikvm: GC_FOR_ALLOC freed 2045K, 71% free 3639K/12492K, paused 13ms, total 13ms
02-11 10:00:44.745 28745 28749 D dalvikvm: GC_CONCURRENT freed 2017K, 71% free 3662K/12492K, paused 2ms+1ms, total 14ms
02-11 10:00:44.745 28745 28745 D dalvikvm: WAIT_FOR_CONCURRENT_GC blocked 10ms
02-11 10:00:44.755 28702 28714 I CalendarProvider2: Sending notification intent: Intent { act=android.intent.action.PROVIDER_CHANGED dat=content://com.android.calendar }
02-11 10:00:44.755 28702 28714 W ContentResolver: Failed to get type for: content://com.android.calendar (Unknown URL content://com.android.calendar)
02-11 10:00:44.755   265   265 D qdmemalloc: ion: Unmap buf  base:0xacbc6000 size:8355840
02-11 10:00:44.755   265   265 D qdmemalloc: ion: Unmap buf  base:0xb391f000 size:4096
02-11 10:00:44.755   265   265 D qdmemalloc: ion: Free buf base:0x0 size:8355840 fd:99
02-11 10:00:44.755 28702 28702 V Perf    : com.android.providers.calendar.EmptyService@47bac9e0 onDestroy, 0ms
02-11 10:00:44.755   265   265 D qdmemalloc: ion: Free buf base:0x0 size:4096 fd:91
02-11 10:00:44.755   871  1518 I ActivityManager: broadcast act=android.intent.action.PROVIDER_CHANGED dat=content://com.android.calendar from pid=28702, uid=10014,parallel BR:48f3de80,u0,size=1,replaced=0,order BR:48f3da08,u0,size=2,replaced=0
02-11 10:00:44.755   871   918 I BroadcastQueue: Deliver non-order [BG] BR@48f3de80 BF{48852ff8 u0 RL{488aab20 1060 com.android.systemui/10050/u0 remote:4875ac40}}
02-11 10:00:44.755   871   882 V ActivityManager: stopService: cmp=com.android.providers.calendar/.EmptyService type=null pid=28702
02-11 10:00:44.755   871  1041 V ActivityManager: startService: act=android.intent.action.PROVIDER_CHANGED dat=content://com.android.calendar flg=0x10 cmp=com.htc.widget.notification/.util.ProductivityService type=null pid=1060
02-11 10:00:44.765  1060  1060 V Perf    : com.htc.widget.notification.util.PluginReceiver@4810c7a0 onReceive:android.intent.action.PROVIDER_CHANGED 3ms
02-11 10:00:44.765   871  1518 D Process : killProcessQuiet, pid=1358
02-11 10:00:44.765  1060  1060 V Perf    : com.htc.widget.notification.util.ProductivityService@47ce9c70 onCreate, 0ms
02-11 10:00:44.765   871  1518 D Process : com.android.server.am.ActivityManagerService.killUnneededProcessLocked:7565 com.android.server.am.ActivityManagerService.updateOomAdjLocked:17028 com.android.server.am.ActivityManagerService.updateOomAdjLocked:16872 
02-11 10:00:44.765  1060  1060 V Perf    : com.htc.widget.notification.util.ProductivityService@47ce9c70 onStartCommand:act=android.intent.action.PROVIDER_CHANGED dat=content://com.android.calendar flg=0x10, 1ms
02-11 10:00:44.765  1060  1060 V Perf    : com.htc.widget.notification.util.ProductivityService@47ce9c70 onDestroy, 0ms
02-11 10:00:44.765 28702 28714 V CalendarProvider2: ACTION_EVENT_CHANGED
02-11 10:00:44.765   871  1518 I ActivityManager: Killing 1358:com.htc.backup/1000 (adj 15): empty #17
02-11 10:00:44.765   871  5104 V ActivityManager: stopServiceToken: SR=1224241688 startId=1
02-11 10:00:44.765   871  1042 I ActivityManager: broadcast act=com.htc.calendar.event_changed from pid=28702, uid=10014,parallel BR:null,size=0,order BR:null,size=0,resultTo=null
02-11 10:00:44.775   871   932 V HtcAppUsageStats: noteAppDied pid=1358
02-11 10:00:44.775   871  1264 I ActivityManager: Recipient 1358
02-11 10:00:44.775   871  1264 W WindowManager: Execute app transition: mNextAppTransition=0xffffffff
02-11 10:00:44.785 28745 28745 I Database: JNI_OnLoad called
02-11 10:00:44.785 28745 28745 I Database: JNI_OnLoad register methods 
02-11 10:00:44.785 28745 28745 D dalvikvm: No JNI_OnLoad found in /system/lib/libMMProtocalJni.so 0x47b64d50, skipping init
02-11 10:00:44.785 28745 28745 W linker  : libvoice.so has text relocations. This is wasting memory and is a security risk. Please fix.
02-11 10:00:44.795 28745 28745 D dalvikvm: No JNI_OnLoad found in /system/lib/libImgTools.so 0x47b64d50, skipping init
02-11 10:00:44.795 28745 28745 D dalvikvm: No JNI_OnLoad found in /system/lib/libAmmCommon.so 0x47b64d50, skipping init
02-11 10:00:44.795 28745 28745 D dalvikvm: No JNI_OnLoad found in /system/lib/libcdntran.so 0x47b64d50, skipping init
02-11 10:00:44.795 28745 28745 V MicroMsg.Jni: ll=2
02-11 10:00:44.865 28624 28685 D MediaProvider: [query][11]#-4:1000# uri=content://media/external/file?limit=1000, selection=_id>?, caller:android.process.media, PID:28624
02-11 10:00:44.915 28745 28745 V Perf    : com.tencent.mm.app.MMApplication@47b66790 onCreate, 328ms
02-11 10:00:44.915 28745 28745 V Perf    : 47b61210 com.tencent.mm handleBindApplication, 373ms
02-11 10:00:44.915 28745 28745 V Perf    : com.tencent.mm.booter.MountReceiver@47d27aa0 onReceive:android.intent.action.MEDIA_SCANNER_STARTED 0ms
02-11 10:00:44.915   281   281 D dalvikvm: Before fork
02-11 10:00:44.925   281   281 D dalvikvm: Fork pid: 28769
02-11 10:00:44.925   871  5104 D Process : killProcessQuiet, pid=24210
02-11 10:00:44.925   871  5104 D Process : com.android.server.am.ActivityManagerService.killUnneededProcessLocked:7565 com.android.server.am.ActivityManagerService.updateOomAdjLocked:17028 com.android.server.am.ActivityManagerService.trimApplications:17297 
02-11 10:00:44.925   871  5104 I ActivityManager: Start proc com.htc.calendar for broadcast com.htc.calendar/.ProviderChangeReceiver: pid=28769 uid=10013 gids={50013, 3003, 5012, 1028, 1015, 1023}
02-11 10:00:44.925   871  5104 I ActivityManager: Killing 24210:com.htc.sense.news/u0a73 (adj 15): empty #17
02-11 10:00:44.935 28769 28769 D FDManager: Init fd protection
02-11 10:00:44.935 28769 28769 D FDManager: Fail to open: /sys/fs/fd_list_lock, err: 2, msg: No such file or directory
02-11 10:00:44.935 28769 28769 D FDManager: Destroy fd protection
02-11 10:00:44.945 28769 28769 V Perf    : ApplicationThread=47b50240 attachApplication
02-11 10:00:44.945   871  1142 V BroadcastQueue: Deliver to ComponentInfo{com.htc.calendar/com.htc.calendar.ProviderChangeReceiver}:BR@48f3da08
02-11 10:00:44.945   871   883 I ActivityManager: Recipient 24210
02-11 10:00:44.945   871   883 W WindowManager: Execute app transition: mNextAppTransition=0xffffffff
02-11 10:00:44.955   871   932 V HtcAppUsageStats: noteAppDied pid=24210
02-11 10:00:44.965   871  1260 D ConnectivityService: getPackageNamebyPID : 1 package(s) in process com.htc.calendar, return package name=com.htc.calendar
02-11 10:00:44.965   871  1260 D ConnSrv_Debug: getProxy() mGlobalProxy: null mDefaultProxyDisabled: false mDefaultProxy: null by com.htc.calendar (28769/10013)
02-11 10:00:44.975 28769 28769 V Perf    : ActivityThread=47b50180 newApplication, 3ms
02-11 10:00:44.975 28769 28769 V Perf    : com.htc.calendar.CalendarFileProvider@47b5b358 onCreate, 0ms
02-11 10:00:44.985 28769 28769 D CalendarApplication: onCreate
02-11 10:00:44.985 28769 28769 V Perf    : com.htc.calendar.CalendarApplication@47b5a888 onCreate, 5ms
02-11 10:00:44.985 28769 28769 V Perf    : 47b526e0 com.htc.calendar handleBindApplication, 30ms
02-11 10:00:44.985 28769 28769 D ProviderChangeReceiver: ---------------------------------------------------
02-11 10:00:44.985 28769 28769 D ProviderChangeReceiver: ProviderChangeReceiver onReceive, start to update notification!
02-11 10:00:44.985 28769 28769 V Perf    : com.htc.calendar.ProviderChangeReceiver@47b6ede8 onReceive:android.intent.action.PROVIDER_CHANGED 1ms
02-11 10:00:44.985 28769 28783 D AlertService: start to updateAlertNotification!
02-11 10:00:44.985   281   281 D dalvikvm: Before fork
02-11 10:00:45.005   281   281 D dalvikvm: Fork pid: 28785
02-11 10:00:45.005   871  5104 I ActivityManager: Start proc com.android.settings:remote for broadcast com.android.settings/.framework.app.HtcDndCommandReceiver: pid=28785 uid=1000 gids={41000, 5006, 5001, 3006, 1028, 1015, 3002, 3001, 3003, 5012, 9985, 1023, 5011, 2001, 1007, 1004, 2002}
02-11 10:00:45.015   871  5104 D Process : killProcessQuiet, pid=24262
02-11 10:00:45.015   871  5104 D Process : com.android.server.am.ActivityManagerService.killUnneededProcessLocked:7565 com.android.server.am.ActivityManagerService.updateOomAdjLocked:17028 com.android.server.am.ActivityManagerService.trimApplications:17297 
02-11 10:00:45.015 28785 28785 D FDManager: Init fd protection
02-11 10:00:45.015 28785 28785 D FDManager: Fail to open: /sys/fs/fd_list_lock, err: 2, msg: No such file or directory
02-11 10:00:45.015 28785 28785 D FDManager: Destroy fd protection
02-11 10:00:45.015   871  5104 I ActivityManager: Killing 24262:com.htc.sense.socialplugins/u0a25 (adj 15): empty #17
02-11 10:00:45.015   871  1519 I ActivityManager: 28769 get provider com.android.calendar 28702
02-11 10:00:45.025   871   932 V HtcAppUsageStats: noteAppDied pid=24262
02-11 10:00:45.025 28785 28785 V Perf    : ApplicationThread=47b51430 attachApplication
02-11 10:00:45.025   871  1566 I ActivityManager: Recipient 24262
02-11 10:00:45.025   871  1566 W WindowManager: Execute app transition: mNextAppTransition=0xffffffff
02-11 10:00:45.035 28769 28783 D AlertService: No fired or scheduled alerts
02-11 10:00:45.035 28769 28783 D HtcAlertUtils: -- cancelReminderNotification --
02-11 10:00:45.035 28769 28783 D HtcAlertUtils: broadcastExistReminder!
02-11 10:00:45.035   871   883 V BroadcastQueue: Deliver to ComponentInfo{com.android.settings/com.android.settings.framework.app.HtcDndCommandReceiver}:BR@48f3da08
02-11 10:00:45.035   871  1041 I ActivityManager: broadcast act=com.htc.intent.action.calendar_exist_reminder from pid=28769, uid=10013,parallel BR:null,size=0,order BR:null,size=0,resultTo=null
02-11 10:00:45.055 28785 28785 V Perf    : ActivityThread=47b51370 newApplication, 1ms
02-11 10:00:45.055 28785 28785 V Settings:HtcSettingsApplication: [28785/28785] onCreate()
02-11 10:00:45.055 28785 28785 V Perf    : com.android.settings.framework.app.HtcSettingsApplication@47b59aa0 onCreate, 2ms
02-11 10:00:45.055 28785 28785 V Perf    : 47b53120 com.android.settings handleBindApplication, 19ms
02-11 10:00:45.055   871  1518 D ConnectivityService: getPackageNamebyPID : 1 package(s) in process com.android.settings:remote, return package name=com.android.settings
02-11 10:00:45.055   871  1518 D ConnSrv_Debug: getProxy() mGlobalProxy: null mDefaultProxyDisabled: false mDefaultProxy: null by com.android.settings (28785/1000)
02-11 10:00:45.055 28785 28785 W ContextImpl: Calling a method in the system process without a qualified user: android.app.ContextImpl.startService:1727 android.content.ContextWrapper.startService:501 android.content.ContextWrapper.startService:501 com.android.settings.framework.app.HtcDndCommandReceiver.onReceive:34 android.app.ActivityThread.handleReceiver:2833 
02-11 10:00:45.065 28785 28785 V Perf    : com.android.settings.framework.app.HtcDndCommandReceiver@47b5c880 onReceive:android.intent.action.PROVIDER_CHANGED 4ms
02-11 10:00:45.065 28785 28785 V Perf    : com.android.settings.framework.app.HtcDndCommandService@47b614d8 onCreate, 0ms
02-11 10:00:45.065 28785 28785 V Perf    : com.android.settings.framework.app.HtcDndCommandService@47b614d8 onStartCommand:act=android.intent.action.PROVIDER_CHANGED dat=content://com.android.calendar flg=0x10, 0ms
02-11 10:00:45.065   871  1519 V ActivityManager: startService: act=android.intent.action.PROVIDER_CHANGED dat=content://com.android.calendar flg=0x10 cmp=com.android.settings/.framework.app.HtcDndCommandService type=null pid=28785
02-11 10:00:45.065   871  1042 I ActivityManager: Delay finish: com.android.settings/.framework.app.HtcDndCommandReceiver
02-11 10:00:45.075 28785 28798 D Settings:HtcDndCommandService: onHandleIntent, action = android.intent.action.PROVIDER_CHANGED
02-11 10:00:45.075   871  1709 I ActivityManager: 28785 get provider settings 871
02-11 10:00:45.085 28702 28718 D HtcFilterImpl_google: INSTANCES_BY_DAY EXCLUDE_ASSOCIATE_NOTES: false
02-11 10:00:45.085 28702 28718 D HtcFilterImpl_google: INSTANCES_BY_DAY EXCLUDE_ASSOCIATE_NOTES_V2: false
02-11 10:00:45.085 28702 28718 D HtcFilterImpl_google: INSTANCES_BY_DAY EXCLUDE_ASSOCIATE_LUCY: false
02-11 10:00:45.085 28702 28718 D HtcFilterImpl_google: extendedquery: true
02-11 10:00:45.085   871  1265 I ActivityManager: 28785 get provider com.android.calendar 28702
02-11 10:00:45.105   871  1265 V SettingsProvider:HtcAbsDatabaseHelper: getReadableDatabase()
02-11 10:00:45.105 28785 28798 D Settings:HtcDndUtils: isDndFeatureEnabled, value = 0
02-11 10:00:45.105 28785 28785 V Perf    : com.android.settings.framework.app.HtcDndCommandService@47b614d8 onDestroy, 0ms
02-11 10:00:45.105   871  1259 D Process : killProcessQuiet, pid=28546
02-11 10:00:45.105   871  1259 D Process : com.android.server.am.ActivityManagerService.killUnneededProcessLocked:7565 com.android.server.am.ActivityManagerService.updateOomAdjLocked:17028 com.android.server.am.ActivityManagerService.updateOomAdjLocked:16872 
02-11 10:00:45.105   871  1264 V ActivityManager: stopServiceToken: SR=1223935200 startId=1
02-11 10:00:45.105   871  1264 I ActivityManager: Resuming delayed broadcast
02-11 10:00:45.105   871  1259 I ActivityManager: Killing 28546:com.htc.android.mail:sync/u0a62 (adj 15): empty #17
02-11 10:00:45.115   871   932 V HtcAppUsageStats: noteAppDied pid=28546
02-11 10:00:45.115   871  1041 I ActivityManager: Recipient 28546
02-11 10:00:45.115   871  1012 D WifiService: Client connection lost with reason: 4
02-11 10:00:45.115   871  1041 W WindowManager: Execute app transition: mNextAppTransition=0xffffffff
02-11 10:00:45.185 28624 28685 D MediaProvider: [query][88]#-4:1000# uri=content://media/external/file?limit=1000, selection=_id>?, caller:android.process.media, PID:28624
02-11 10:00:45.376 28624 28685 D MediaProvider: [query][12]#-4:927# uri=content://media/external/file?limit=1000, selection=_id>?, caller:android.process.media, PID:28624
02-11 10:00:45.556 28624 28685 D MediaProvider: [query][4]#-4:0# uri=content://media/external/file?limit=1000, selection=_id>?, caller:android.process.media, PID:28624
02-11 10:00:45.576 28624 28685 D MediaProvider: [query][16]#-4:4# uri=content://media/external/images/media?insertdata=false, selection=null, caller:android.process.media, PID:28624
02-11 10:00:45.626 28624 28685 D MediaProvider: [update][8]#1# uri=content://media/external/file/41, userWhere=null, initValues=_size=0 title=files mime_type=null date_modified=1423620044 is_drm=false, caller:android.process.media, PID:28624
02-11 10:00:45.746 28624 28685 D MediaProvider: [update][8]#1# uri=content://media/external/file/37951, userWhere=null, initValues=media_type=0 _size=0 title=obb mime_type=null date_modified=1419567621 is_drm=false, caller:android.process.media, PID:28624
02-11 10:00:45.766 28624 28685 D MediaProvider: [update][14]#1# uri=content://media/external/file/64, userWhere=null, initValues=media_type=0 _size=36 title=syncid_uuid mime_type=text/plain date_modified=1423620042 is_drm=false, caller:android.process.media, PID:28624
02-11 10:00:45.926   871  1709 I ActivityManager: 28637 get provider media 28624
02-11 10:00:45.936 28624 28677 D MediaProvider: [query][7]#-4:1# uri=content://media/external/file/41, selection=null, caller:com.htc.mediamanager, PID:28637
02-11 10:00:45.986 28624 28685 D MediaProvider: [update][85]#1# uri=content://media/external/file/510, userWhere=null, initValues=_size=0 title=temp mime_type=null date_modified=1423620039 is_drm=false, caller:android.process.media, PID:28624
02-11 10:00:46.046 28624 28635 D MediaProvider: [query][5]#-4:1# uri=content://media/external/file/37951, selection=null, caller:com.htc.mediamanager, PID:28637
02-11 10:00:46.046   871  1042 I ActivityManager: 28637 get provider media 28624
02-11 10:00:46.076 28624 28677 D MediaProvider: [query][6]#-4:1# uri=content://media/external/file/64, selection=null, caller:com.htc.mediamanager, PID:28637
02-11 10:00:46.297 28624 28635 D MediaProvider: [query][4]#-4:1# uri=content://media/external/file/510, selection=null, caller:com.htc.mediamanager, PID:28637
02-11 10:00:46.607 28624 28628 D dalvikvm: GC_CONCURRENT freed 3022K, 32% free 8516K/12492K, paused 1ms+3ms, total 39ms
02-11 10:00:47.158 28624 28685 D MediaProvider: [update][7]#1# uri=content://media/external/file/36499, userWhere=null, initValues=_size=0 title=.estrongs mime_type=null date_modified=1423620039 is_drm=false, caller:android.process.media, PID:28624
02-11 10:00:47.218 28624 28685 D MediaProvider: [update][9]#1# uri=content://media/external/file/41, userWhere=null, initValues=_size=0 title=files mime_type=null date_modified=1423620044 is_drm=false, caller:android.process.media, PID:28624
02-11 10:00:47.448 28624 28685 D MediaProvider: [update][20]#1# uri=content://media/external/file/37951, userWhere=null, initValues=media_type=0 _size=0 title=obb mime_type=null date_modified=1421632862 is_drm=false, caller:android.process.media, PID:28624
02-11 10:00:47.458 28624 28685 D MediaProvider: [update][7]#1# uri=content://media/external/file/38406, userWhere=null, initValues=media_type=0 _size=1442 title=MM_20150204 mime_type=null date_modified=1423046038 is_drm=false, caller:android.process.media, PID:28624
02-11 10:00:47.458 28624 28677 D MediaProvider: [query][5]#-4:1# uri=content://media/external/file/36499, selection=null, caller:com.htc.mediamanager, PID:28637
02-11 10:00:47.458   871  1041 I ActivityManager: 28637 get provider media 28624
02-11 10:00:47.468 28624 28685 D MediaProvider: [update][6]#1# uri=content://media/external/file/499, userWhere=null, initValues=media_type=0 _size=326674 title=shoebox mime_type=null date_modified=1423620042 is_drm=false, caller:android.process.media, PID:28624
02-11 10:00:47.518 28624 28635 D MediaProvider: [query][5]#-4:1# uri=content://media/external/file/41, selection=null, caller:com.htc.mediamanager, PID:28637
02-11 10:00:47.528 28624 28685 D MediaProvider: [update][7]#1# uri=content://media/external/file/510, userWhere=null, initValues=_size=0 title=temp mime_type=null date_modified=1423620039 is_drm=false, caller:android.process.media, PID:28624
02-11 10:00:47.538 32410 32410 D MyReportAgent: ReportService [##] onDestroy(), this =com.htc.reportagent.ReportService@47cc19b8
02-11 10:00:47.538 32410 32410 V Perf    : com.htc.reportagent.ReportService@47cc19b8 onDestroy, 0ms
02-11 10:00:47.538   871   882 D Process : killProcessQuiet, pid=6608
02-11 10:00:47.538   871   882 D Process : com.android.server.am.ActivityManagerService.killUnneededProcessLocked:7565 com.android.server.am.ActivityManagerService.updateOomAdjLocked:17028 com.android.server.am.ActivityManagerService.updateOomAdjLocked:16872 
02-11 10:00:47.538 32410 28657 D MyReportAgent: ReportServiceHandler [##] call stopSelfResult() startId = 1, reurn true
02-11 10:00:47.538   871  1259 V ActivityManager: stopServiceToken: SR=1222949032 startId=1
02-11 10:00:47.538   871   882 I ActivityManager: Killing 6608:com.facebook.katana/u0a26 (adj 15): empty #17
02-11 10:00:47.558   871   932 V HtcAppUsageStats: noteAppDied pid=6608
02-11 10:00:47.558   871  1041 I ActivityManager: Recipient 6608
02-11 10:00:47.558   871  1012 D WifiService: Client connection lost with reason: 4
02-11 10:00:47.558   871  1041 W WindowManager: Execute app transition: mNextAppTransition=0xffffffff
02-11 10:00:47.748 28624 28628 D dalvikvm: GC_CONCURRENT freed 2255K, 35% free 8239K/12492K, paused 1ms+1ms, total 31ms
02-11 10:00:47.758 28624 28677 D MediaProvider: [query][4]#-4:1# uri=content://media/external/file/37951, selection=null, caller:com.htc.mediamanager, PID:28637
02-11 10:00:47.778 28624 28635 D MediaProvider: [query][6]#-4:1# uri=content://media/external/file/38406, selection=null, caller:com.htc.mediamanager, PID:28637
02-11 10:00:47.788 28624 28677 D MediaProvider: [query][4]#-4:1# uri=content://media/external/file/499, selection=null, caller:com.htc.mediamanager, PID:28637
02-11 10:00:47.838 28624 28635 D MediaProvider: [query][4]#-4:1# uri=content://media/external/file/510, selection=null, caller:com.htc.mediamanager, PID:28637
02-11 10:00:48.049   267   365 I PnPMgr  : Write '/sys/power/pnpmgr/hotplug/mp_spc_enabled' = '1' <Rule: Foreground Apps>
02-11 10:00:48.049   267   365 I PnPMgr  : Write '/sys/devices/system/cpu/cpu0/cpufreq/scaling_min_freq' = '384000' <Rule: Default>
02-11 10:00:48.049   267   365 I PnPMgr  : Write '/sys/devices/system/cpu/cpu1/cpufreq/scaling_min_freq' = '384000' <Rule: Default>
02-11 10:00:48.049   267   365 I PnPMgr  : Write '/sys/devices/system/cpu/cpu2/cpufreq/scaling_min_freq' = '384000' <Rule: Default>
02-11 10:00:48.049   267   365 I PnPMgr  : Write '/sys/devices/system/cpu/cpu3/cpufreq/scaling_min_freq' = '384000' <Rule: Default>
02-11 10:00:48.049   267   365 I PnPMgr  : Write '/sys/power/adaptive_policy/enabled' = '1' <Rule: Default>
02-11 10:00:48.589   718 28801 D STT:lognet: in autoclear thread
02-11 10:00:48.589   718 28801 D STT:lognet: total size = 417808384 bytes
02-11 10:00:48.609 28624 28628 D dalvikvm: GC_CONCURRENT freed 1954K, 34% free 8250K/12492K, paused 1ms+2ms, total 41ms
02-11 10:00:49.300   451 28463 D AutoSetting: service - mRequestRunnable: screen on delay 10s, request NLP now
02-11 10:00:49.300   451 28463 D AutoSetting: Util - check NLP state, Allowned:false, Enabled:false
02-11 10:00:49.300   451 28463 D AutoSetting: service - requestNLP() NetworkLocationProvider not enabled
02-11 10:00:49.390   871  3633 I ActivityManager: broadcast act=com.google.android.music.START_DOWNLOAD_SCHEDULING from pid=28719, uid=10163,parallel BR:null,size=0,order BR:48461368,u0,size=1,replaced=0
02-11 10:00:49.390   871   918 V BroadcastQueue: Deliver to ComponentInfo{com.google.android.music/com.google.android.music.leanback.AutoCacheSchedulingService$EnablingReceiver}:BR@48461368
02-11 10:00:49.390   871   882 V ActivityManager: startService: act=com.google.android.music.leanback.APP_IN_USE cmp=com.google.android.music/.leanback.AutoCacheSchedulingService type=null pid=28719
02-11 10:00:49.400 28719 28719 V Perf    : com.google.android.music.leanback.AutoCacheSchedulingService$EnablingReceiver@47cc91a8 onReceive:com.google.android.music.START_DOWNLOAD_SCHEDULING 7ms
02-11 10:00:49.400   871  1566 D PMS     : acquireWL(48910360): PARTIAL_WAKE_LOCK  wake:com.google.android.music/.leanback.AutoCacheSchedulingService 0x1 28719 10163
02-11 10:00:49.400   871  1518 V ActivityManager: bindService: cmp=com.google.android.music/.download.DownloadQueueService type=null conn=48a49df0 flags=1 pid=28719
02-11 10:00:49.410 28719 28719 W ContextImpl: Implicit intents with startService are not safe: Intent { act=com.google.android.music.NETWORK_MONITOR_SERVICE } android.content.ContextWrapper.bindService:524 com.google.android.music.utils.SafeServiceConnection$ServiceConnectionImp.bindService:98 com.google.android.music.utils.SafeServiceConnection.bindService:259 
02-11 10:00:49.410 28719 28719 V Perf    : com.google.android.music.leanback.AutoCacheSchedulingService@47ccb508 onCreate, 10ms
02-11 10:00:49.410 28719 28719 V Perf    : com.google.android.music.leanback.AutoCacheSchedulingService@47ccb508 onStartCommand:act=com.google.android.music.leanback.APP_IN_USE, 0ms
02-11 10:00:49.410   871  1042 V ActivityManager: bindService: cmp=com.google.android.music/.download.cache.CacheService type=null conn=48ce5cc0 flags=1 pid=28719
02-11 10:00:49.410   871  1261 V ActivityManager: bindService: act=com.google.android.music.NETWORK_MONITOR_SERVICE type=null conn=48ef3d50 flags=1 pid=28719
02-11 10:00:49.420 28719 28719 D AndroidHttpClient: newInstance, userAgent: Android-Music/1609 (m7cdwg KTU84L); gzip
02-11 10:00:49.420   871  1041 I PackageManager:  setEnabledSetting(), pkgName=com.google.android.music, clsName=com.google.android.music.leanback.AutoCacheSchedulingService$ActionReceiver, state=2, flag=1, pid=28719, uid=10163, userID:0
02-11 10:00:49.420   871  1264 D PMS     : releaseWL(48910360): PARTIAL_WAKE_LOCK  wake:com.google.android.music/.leanback.AutoCacheSchedulingService 0x1
02-11 10:00:49.430 28719 28802 I MusicLeanback: Conditions not met for autocaching.
02-11 10:00:49.430 28719 28802 I MusicLeanback: Stop autocaching.
02-11 10:00:49.430 28719 28719 W ContextImpl: Implicit intents with startService are not safe: Intent { act=com.google.android.music.NETWORK_MONITOR_SERVICE } android.content.ContextWrapper.bindService:524 com.google.android.music.utils.SafeServiceConnection$ServiceConnectionImp.bindService:98 com.google.android.music.utils.SafeServiceConnection.bindService:259 
02-11 10:00:49.430   871   882 D Parcel  : writeException :
02-11 10:00:49.430   871   882 D Parcel  : java.lang.SecurityException: WifiService: Neither user 10163 nor current process has android.permission.CHANGE_WIFI_STATE.
02-11 10:00:49.430   871   882 D Parcel  : 	at android.app.ContextImpl.enforce(ContextImpl.java:1933)
02-11 10:00:49.430   871   882 D Parcel  : 	at android.app.ContextImpl.enforceCallingOrSelfPermission(ContextImpl.java:1962)
02-11 10:00:49.430   871   882 D Parcel  : 	at com.android.server.wifi.WifiService.enforceChangePermission(WifiService.java:1087)
02-11 10:00:49.430   871   882 D Parcel  : 	at com.android.server.wifi.WifiService.getWifiServiceMessenger(WifiService.java:2067)
02-11 10:00:49.430   871   882 D Parcel  : 	at android.net.wifi.IWifiManager$Stub.onTransact(IWifiManager.java:437)
02-11 10:00:49.430   871   882 D Parcel  : 	at android.os.Binder.execTransact(Binder.java:412)
02-11 10:00:49.430   871   882 D Parcel  : 	at dalvik.system.NativeStart.run(Native Method)
02-11 10:00:49.430 28719 28719 V Perf    : com.google.android.music.download.DownloadQueueService@47cd6a68 onCreate, 20ms
02-11 10:00:49.430   871  1259 V ActivityManager: stopServiceToken: SR=1215434376 startId=1
02-11 10:00:49.430   871  3633 V ActivityManager: bindService: act=com.google.android.music.NETWORK_MONITOR_SERVICE type=null conn=488355e0 flags=1 pid=28719
02-11 10:00:49.440 28719 28719 V Perf    : com.google.android.music.download.DownloadQueueService@47cd6a68 onBind, 0ms
02-11 10:00:49.440 28719 28719 D CacheService: onCreate
02-11 10:00:49.440   871  1518 I ActivityManager: 28719 get provider com.google.android.gsf.gservices 26873
02-11 10:00:49.450 28719 28719 V Perf    : com.google.android.music.download.cache.CacheService@47ceeb90 onCreate, 17ms
02-11 10:00:49.460 28719 28719 D CacheService: onBind
02-11 10:00:49.460 28719 28719 V Perf    : com.google.android.music.download.cache.CacheService@47ceeb90 onBind, 0ms
02-11 10:00:49.460 28719 28719 V Perf    : com.google.android.music.leanback.AutoCacheSchedulingService@47ccb508 onDestroy, 1ms
02-11 10:00:49.460   871  1259 V ActivityManager: unbindService: conn=48ef3d50 pid=28719
02-11 10:00:49.460   871   882 V ActivityManager: unbindService: conn=48a49df0 pid=28719
02-11 10:00:49.460   871   883 V ActivityManager: unbindService: conn=48ce5cc0 pid=28719
02-11 10:00:49.470 28719 28719 V Perf    : com.google.android.music.download.DownloadQueueService@47cd6a68 onUnBind, 0ms
02-11 10:00:49.470 28719 28719 V Perf    : com.google.android.music.download.DownloadQueueService@47cd6a68 onDestroy, 0ms
02-11 10:00:49.470 28719 28719 V Perf    : com.google.android.music.download.cache.CacheService@47ceeb90 onUnBind, 0ms
02-11 10:00:49.470 28719 28719 D CacheService: onDestroy
02-11 10:00:49.470 28719 28719 V Perf    : com.google.android.music.download.cache.CacheService@47ceeb90 onDestroy, 0ms
02-11 10:00:49.470   871  1042 V ActivityManager: unbindService: conn=488355e0 pid=28719
02-11 10:00:49.560 28624 28685 D MediaProvider: [update][12]#1# uri=content://media/external/file/36499, userWhere=null, initValues=_size=0 title=.estrongs mime_type=null date_modified=1423620039 is_drm=false, caller:android.process.media, PID:28624
02-11 10:00:49.580 28624 28685 D MediaProvider: [query][6]#-4:11# uri=content://media/external/file, selection=media_type=2, caller:android.process.media, PID:28624
02-11 10:00:49.580 28624 28685 D MediaScanner:  prescan time: 1824ms
02-11 10:00:49.580 28624 28685 D MediaScanner:     scan time: 3999ms
02-11 10:00:49.580 28624 28685 D MediaScanner: postscan time: 7ms
02-11 10:00:49.580 28624 28685 D MediaScanner:    total time: 5830ms
02-11 10:00:49.580 28624 28685 D MediaScanner: -----------------------------------------------------------------
02-11 10:00:49.580 28624 28685 D MediaScanner: firstscan(media) time: 1593ms
02-11 10:00:49.580 28624 28685 D MediaScanner: secondscan(non-media) time: 2397ms
02-11 10:00:49.580 28624 28685 D MediaScanner:  [Update]   Image: 0 Video: 0 Audio: 0 Other: 3
02-11 10:00:49.580 28624 28685 D MediaScanner:  [Insert]   Image: 0 Video: 0 Audio: 0 Other: 0
02-11 10:00:49.580 28624 28685 D MediaScanner:  [Delete]   Image: 0 Video: 0 Audio: 0 Other: 0
02-11 10:00:49.580 28624 28685 D MediaScanner:  [Total]    File(Image+Video+Audio+Others) in database : 7927
02-11 10:00:49.580 28624 28685 D MediaScannerServiceEx: [scan]-
02-11 10:00:49.590   871  5104 I ActivityManager: 28624 get provider settings 871
02-11 10:00:49.630 28624 28685 D MediaProvider: [delete][41] uri=content://media/none/media_scanner, userWhere=null, match:500, caller:android.process.media, PID:28624
02-11 10:00:49.630 28624 28685 D MediaProvider: [recoverParentNodes] + parent != 0 and parent not in (SELECT DISTINCT _id from files where format = 12289)
02-11 10:00:49.650 28624 28628 D dalvikvm: GC_CONCURRENT freed 5674K, 64% free 4532K/12492K, paused 2ms+2ms, total 25ms
02-11 10:00:49.830 28624 28685 D MediaProvider: [recoverParentNodes] - 0
02-11 10:00:49.840 28624 28685 D MediaProvider: [update][204] uri=content://media/external/recover_parent_node, userWhere=parent != 0 and parent not in (SELECT DISTINCT _id from files where format = 12289), initValues=, caller:android.process.media, PID:28624
02-11 10:00:49.840 28624 28685 D MediaScannerServiceEx: [scan] Recover Parent Node is finished!
02-11 10:00:49.840 28624 28685 D MediaScannerServiceEx: [updateImage]+/storage/emulated/0
02-11 10:00:49.860   871   883 I ActivityManager: 28637 get provider media 28624
02-11 10:00:49.870 28624 28677 D MediaProvider: [query][6]#-4:1# uri=content://media/external/file/36499, selection=null, caller:com.htc.mediamanager, PID:28637
02-11 10:00:49.931 28624 28685 D MediaProvider: [query][90]#-4:0# uri=content://media/external/file, selection=htc_type = ? AND _data LIKE ?, caller:android.process.media, PID:28624
02-11 10:00:50.021 28624 28685 D MediaProvider: [query][88]#-4:0# uri=content://media/external/file, selection=htc_type&1 = 1 AND _data LIKE ?, caller:android.process.media, PID:28624
02-11 10:00:50.021 28624 28685 D MediaScannerServiceEx: [updateImage]-0
02-11 10:00:50.021 28624 28685 D TAG     : mWakeLock.release() at scan()
02-11 10:00:50.021 28624 28624 D MediaProvider: [getSDCardDirectory] path:/storage/ext_sd
02-11 10:00:50.021 28624 28624 V Perf    : com.android.providers.media.MediaProvider$1@47b7b778 onReceive:android.intent.action.MEDIA_SCANNER_FINISHED 0ms
02-11 10:00:50.021 28624 28685 D MediaScannerServiceEx: [1] scan finished
02-11 10:00:50.021   281   281 D dalvikvm: Before fork
02-11 10:00:50.021   871  3633 I ActivityManager: broadcast act=android.intent.action.MEDIA_SCANNER_FINISHED dat=file:///storage/emulated/0 from pid=28624, uid=10021,parallel BR:48692e50,u0,size=1,replaced=0,order BR:486bae20,u0,size=6,replaced=0
02-11 10:00:50.021   871   918 I BroadcastQueue: Deliver non-order [BG] BR@48692e50 BF{48e88a68 u0 RL{48e889b8 28624 android.process.media/10021/u0 remote:48d96400}}
02-11 10:00:50.021   871   882 D PMS     : releaseWL(490c0d58): PARTIAL_WAKE_LOCK  MediaScannerServiceEx 0x1
02-11 10:00:50.021   871   882 D PMS     : updateWLS(Awake,0x0)
02-11 10:00:50.031   281   281 D dalvikvm: Fork pid: 28808
02-11 10:00:50.031 28624 28624 V Perf    : com.android.providers.media.MediaScannerServiceEx@47c97060 onDestroy, 0ms
02-11 10:00:50.031   871   918 I ActivityManager: Start proc com.htc.demoflopackageinstaller for broadcast com.htc.demoflopackageinstaller/.PIReceiver: pid=28808 uid=10020 gids={50020, 3003, 5012, 1028, 1015, 1023}
02-11 10:00:50.031   871  1566 V ActivityManager: stopServiceToken: SR=1219480624 startId=1
02-11 10:00:50.041 28808 28808 D FDManager: Init fd protection
02-11 10:00:50.041 28808 28808 D FDManager: Fail to open: /sys/fs/fd_list_lock, err: 2, msg: No such file or directory
02-11 10:00:50.041 28808 28808 D FDManager: Destroy fd protection
02-11 10:00:50.051 28808 28808 V Perf    : ApplicationThread=47b524e0 attachApplication
02-11 10:00:50.061   871  1518 V BroadcastQueue: Deliver to ComponentInfo{com.htc.demoflopackageinstaller/com.htc.demoflopackageinstaller.PIReceiver}:BR@486bae20
02-11 10:00:50.071   871  1519 D ConnectivityService: getPackageNamebyPID : 1 package(s) in process com.htc.demoflopackageinstaller, return package name=com.htc.demoflopackageinstaller
