02-11 11:54:10.198   321   321 D Zygote  : fork++
02-11 11:54:10.208   321   321 D Zygote  : fork-- pid: 14141
02-11 11:54:10.208 15521 15541 D MediaManager: [MMPUtils]	[requestScan] Scan ID: 41
02-11 11:54:10.208 14141 14141 I art     : VMHOOK: rlim_cur : 4294967295 pid:14141
02-11 11:54:10.208   722  1163 I ActivityManager: Start proc com.htc.music:musicenhancer for broadcast com.htc.music/com.htc.musicenhancer.provider.MScannerReceiver: pid=14141 uid=10027 gids={50027, 9997, 1028, 1015, 3003, 3002, 3001, 1023} abi=armeabi-v7a
02-11 11:54:10.218 14122 14122 V Perf    : com.htc.demoflopackageinstaller.ApkInstallService@1840dea0 onDestroy, 0ms
02-11 11:54:10.218 15521 15521 D MediaManager: [MMPScanService]	[onStartCommand][3]
02-11 11:54:10.218 15521 15521 D MediaManager: [MMP_DEBUG]	[abortIfNeed][3] Group: 2, Latest:3 Keep scan
02-11 11:54:10.218 15521 15521 D MediaManager: [MMPScanService]	[processMessageLocked] 3
02-11 11:54:10.218 15521 15521 V Perf    : com.htc.mediamanager.providers.media.MMPScanService@61eee33 onStartCommand:, 0ms
02-11 11:54:10.218 15521 14121 D MediaManager: [MMP_DEBUG]	[query] content://mediamanager/media/external/file?limit=500
02-11 11:54:10.218 15521 15541 D MediaManager: [MMPUtils]	[requestScan] Scan ID: 854
02-11 11:54:10.218 15521 14121 D MediaManager: [MMP_DEBUG]	[query]: content://mediamanager/media/external/file?limit=500
02-11 11:54:10.218 15521 14121 D MediaManager: [MMP_DEBUG]	[query Selection]: _id>? and ( (media_type = 3 OR media_type = 1))
02-11 11:54:10.218 15521 15521 D MediaManager: [MMPScanService]	[onStartCommand][4]
02-11 11:54:10.218 15521 15521 D MediaManager: [MMP_DEBUG]	[abortIfNeed][4] Group: 2, Latest:3 Keep scan
02-11 11:54:10.218 15521 15521 D MediaManager: [MMPScanService]	[processMessageLocked] 3
02-11 11:54:10.218 15521 15521 V Perf    : com.htc.mediamanager.providers.media.MMPScanService@61eee33 onStartCommand:, 0ms
02-11 11:54:10.218 14141 14141 D FDManager: Init fd protection
02-11 11:54:10.218 15521 14121 D MediaManager: [MMP_DEBUG]	[query MMP] selection:_id>? and ( (media_type = 3 OR media_type = 1)) , limit:500
02-11 11:54:10.218   722   738 V ActivityManager: stopServiceToken: SR=632672397 startId=1
02-11 11:54:10.218   722  1415 V ActivityManager: startService: Intent { cmp=com.htc.album/com.htc.mediamanager.providers.media.MMPScanService (has extras) } type=null args=Bundle[mParcelledData.dataSize=136] pid=15521
02-11 11:54:10.218   722  1412 V ActivityManager: startService: Intent { cmp=com.htc.album/com.htc.mediamanager.providers.media.MMPScanService (has extras) } type=null args=Bundle[mParcelledData.dataSize=136] pid=15521
02-11 11:54:10.228 15521 14121 D MediaManager: [MMP_DEBUG]	[query] notify URI: content://mediamanager/media
02-11 11:54:10.228 15521 14121 D MediaManager: [MediaManagerProvider]	[query][38]#25# uri=content://mediamanager/media/external/file?limit=500, selection=_id>? and ( (media_type = 3 OR media_type = 1)), caller:com.htc.mediamanager, PID:15521
02-11 11:54:10.238   722   739 I ActivityManager: 15521 get provider media 21709
02-11 11:54:10.248 14141 14141 V Perf    : attach ApplicationThread=1c245446
02-11 11:54:10.248   722  1121 V BroadcastQueue: Deliver to ComponentInfo{com.htc.music/com.htc.musicenhancer.provider.MScannerReceiver}:BR@260780b6
02-11 11:54:10.268 21709 21738 D MediaProvider: [query][24]#25# uri=content://media/external/file?limit=500, selection=_id>? and _id<=? and ( (media_type = 3 OR media_type = 1)), caller:15521
02-11 11:54:10.268 14141 14141 V Perf    : ActivityThread=19c0c334 newApplication, 0ms
02-11 11:54:10.278 14141 14141 D DownloadProvider: [HtcMusicEnhancer]onCreate +
02-11 11:54:10.278 14141 14141 D DownloadProvider: [HtcMusicEnhancer]onCreate -
02-11 11:54:10.278 14141 14141 V Perf    : com.htc.musicenhancer.provider.DownloadProvider@20c5255d onCreate, 2ms
02-11 11:54:10.278 15521 14121 D MediaManager: [MMPScanner]	Sync: #1:1, 0:0:0:0, 25, 25
02-11 11:54:10.278 14141 14141 V Perf    : android.app.Application@3c0c5ba3 onCreate, 2ms
02-11 11:54:10.278 14141 14141 V Perf    : 1840dea0 com.htc.music handleBindApplication, 22ms
02-11 11:54:10.278 14141 14141 D MScannerReceiver: [HtcMusicEnhancer]onReceive: android.intent.action.MEDIA_SCANNER_FINISHED
02-11 11:54:10.278 15521 14121 D MediaManager: [MMP_DEBUG]	[query] content://mediamanager/media/external/file?limit=500
02-11 11:54:10.278 15521 14121 D MediaManager: [MMP_DEBUG]	[query]: content://mediamanager/media/external/file?limit=500
02-11 11:54:10.278 15521 14121 D MediaManager: [MMP_DEBUG]	[query Selection]: _id>? and ( (media_type = 3 OR media_type = 1))
02-11 11:54:10.278 15521 14121 D MediaManager: [MMP_DEBUG]	[query MMP] selection:_id>? and ( (media_type = 3 OR media_type = 1)) , limit:500
02-11 11:54:10.288 15521 14121 D MediaManager: [MMP_DEBUG]	[query] notify URI: content://mediamanager/media
02-11 11:54:10.288 14141 14141 V Perf    : com.htc.musicenhancer.provider.MScannerReceiver@2733ba59 onReceive:android.intent.action.MEDIA_SCANNER_FINISHED, 4ms
02-11 11:54:10.288 15521 14121 D MediaManager: [MediaManagerProvider]	[query][14]#0# uri=content://mediamanager/media/external/file?limit=500, selection=_id>? and ( (media_type = 3 OR media_type = 1)), caller:com.htc.mediamanager, PID:15521
02-11 11:54:10.288 14141 14141 I EnhancerService: [HtcMusicEnhancer]onCreate + 
02-11 11:54:10.288   722  1413 V ActivityManager: startService: Intent { act=com.htc.musicenhancer.ACTION_SYNC_MDPROVIDER cmp=com.htc.music/com.htc.musicenhancer.EnhancerService (has extras) } type=null args=Bundle[mParcelledData.dataSize=96] pid=14141
02-11 11:54:10.288   722  1417 V BroadcastQueue: Deliver to ComponentInfo{com.google.android.music/com.google.android.music.store.MediaStoreImportService$Receiver}:BR@260780b6
02-11 11:54:10.288   722  1173 V ActivityManager: startService: Intent { act=MediaStoreImportService.import_pending cmp=com.google.android.music/.store.MediaStoreImportService } type=null args=null pid=14075
02-11 11:54:10.298 14075 14075 V Perf    : com.google.android.music.store.MediaStoreImportService$Receiver@2cea4a7c onReceive:android.intent.action.MEDIA_SCANNER_FINISHED, 5ms
02-11 11:54:10.298 14075 14075 I BroadcastReceiver: QueuedWork>>1c245446 onReceive wait SharedPreferences apply to disk
02-11 11:54:10.298 14075 14075 V Perf    : com.google.android.music.store.MediaStoreImportService@1a5baf05 onCreate, 0ms
02-11 11:54:10.298 14075 14075 V Perf    : com.google.android.music.store.MediaStoreImportService@1a5baf05 onStartCommand:act=MediaStoreImportService.import_pending, 0ms
02-11 11:54:10.298 14075 14075 I ActivityThread: QueuedWork>>com.google.android.music.store.MediaStoreImportService@1a5baf05 onStartCommand wait SharedPreferences apply to disk
02-11 11:54:10.298 14075 14120 I BroadcastReceiver: QueuedWork<<1c245446, 7ms
02-11 11:54:10.298 14075 14075 I ActivityThread: QueuedWork<<com.google.android.music.store.MediaStoreImportService@1a5baf05, 4ms
02-11 11:54:10.298 14075 14075 V Perf    : com.google.android.music.store.MediaStoreImportService@1a5baf05 onStartCommand:act=MediaStoreImportService.import, 0ms
02-11 11:54:10.298 21709 21729 D MediaProvider: [query][4]#0# uri=content://media/external/file?limit=500, selection=_id>? and ( (media_type = 3 OR media_type = 1)), caller:15521
02-11 11:54:10.298   722   867 I ActivityManager: broadcast act=com.google.android.music.IMPORT_PENDING from pid=14075, uid=10120,parallel BR:null,size=0,order BR:null,size=0,resultTo=null
02-11 11:54:10.298   722  1175 V ActivityManager: startService: Intent { act=MediaStoreImportService.import cmp=com.google.android.music/.store.MediaStoreImportService } type=null args=null pid=14075
02-11 11:54:10.298   722 14404 V ActivityManager: stopServiceToken: SR=1042117203 startId=1
02-11 11:54:10.308 15521 15541 D MediaManager: [MMPUtils]	[requestScan] Scan ID: 33
02-11 11:54:10.318   321   321 D Zygote  : fork++
02-11 11:54:10.328   321   321 D Zygote  : fork-- pid: 14163
02-11 11:54:10.328 14163 14163 I art     : Late-enabling -Xcheck:jni
02-11 11:54:10.328 14163 14163 I art     : VMHOOK: rlim_cur : 4294967295 pid:14163
02-11 11:54:10.328   722  1401 I ActivityManager: Start proc com.htc.sdm for broadcast com.htc.sdm/.soundpicker.SoundPickerReceiver: pid=14163 uid=10407 gids={50407, 9997, 1028, 1015} abi=armeabi-v7a
02-11 11:54:10.338 15521 15521 D MediaManager: [MMPScanService]	[onStartCommand][5]
02-11 11:54:10.338 15521 15521 D MediaManager: [MMP_DEBUG]	[abortIfNeed][5] Group: 2, Latest:3 Keep scan
02-11 11:54:10.338 15521 15521 D MediaManager: [MMPScanService]	[processMessageLocked] 3
02-11 11:54:10.338 15521 15521 V Perf    : com.htc.mediamanager.providers.media.MMPScanService@61eee33 onStartCommand:, 0ms
02-11 11:54:10.338 15521 14121 D MediaManager: [MMPScanner]	Sync: #2:1, 0:0:0:0, 0, 0
02-11 11:54:10.338 21709 21728 D MediaProvider: [query][0] uri=content://media/none/version, selection=null, caller:14075
02-11 11:54:10.338 14163 14163 D FDManager: Init fd protection
02-11 11:54:10.338   722  1121 V ActivityManager: startService: Intent { cmp=com.htc.album/com.htc.mediamanager.providers.media.MMPScanService (has extras) } type=null args=Bundle[mParcelledData.dataSize=136] pid=15521
02-11 11:54:10.338   722  3974 I ActivityManager: 14075 get provider media 21709
02-11 11:54:10.338   722   750 I UsageStatsService: User[0] Rolling over usage stats
02-11 11:54:10.338   722  1142 D ActivityManager: registerReceiver filter=451f08e from com.htc.music,userId=0,pid=14141,uid=10027,rec=2a02e0af
02-11 11:54:10.338   722  1173 D ActivityManager: registerReceiver filter=2d80879a from com.htc.music,userId=0,pid=14141,uid=10027,rec=426d8cb
02-11 11:54:10.348 14141 14175 D EnhancerService: [HtcMusicEnhancer]changeAlbumArtName
02-11 11:54:10.348 14141 14141 D TerritoryKeyRetriever: [HtcMusicEnhancer]territory fake key url = http://api.lyricfind.com/client.do?reqtype=keys&apikey=df2d5**********************65ffd
02-11 11:54:10.348 15521 14121 D MediaManager: [MMPScanner]	[syncMP2MMP][163]#0,0,0,25#
02-11 11:54:10.358 14141 14175 W EnhancerService: [HtcMusicEnhancer]mIsNeedToChangeAlbumKey = false, no need change name
02-11 11:54:10.358 14141 14175 D EnhancerService: [HtcMusicEnhancer][changeArtistPhotoName] + mNowExternalPath=/storage/emulated/0
02-11 11:54:10.358 14141 14175 D EnhancerService: [HtcMusicEnhancer][getFileNameFromPath] Handle filePath=[/storage/emulated/0/Android/data/com.htc.music/files/.artistphotos/LisaOno] for fileName=[LisaOno]
02-11 11:54:10.358 14141 14175 D EnhancerService: [HtcMusicEnhancer][getLegacyArtistPhotoPrefix] firstFileName = LisaOno
02-11 11:54:10.358 14141 14175 D EnhancerService: [HtcMusicEnhancer][getLegacyArtistPhotoPrefix] firstFileLegacyPrefix == null
02-11 11:54:10.358 14141 14175 W EnhancerService: [HtcMusicEnhancer][changeArtistPhotoName] legacyPrefix=null. no need change name
02-11 11:54:10.358   722  1163 I ActivityManager: 14075 get provider media 21709
02-11 11:54:10.358   722  1413 I ActivityManager: broadcast act=com.htc.intent.action.MMP_SCAN_FINISHED from pid=15521, uid=10026,parallel BR:null,size=0,order BR:null,size=0,resultTo=null
02-11 11:54:10.358   722  3974 V ActivityManager: stopServiceToken: SR=554469516 startId=1
02-11 11:54:10.358   722  1417 D ActivityManager: registerReceiver filter=38cf8366 from com.htc.music,userId=0,pid=14141,uid=10027,rec=314836a7
02-11 11:54:10.358   722  1417 D ActivityManager: Enqueue sticky BR{28905754 u-1 android.net.conn.CONNECTIVITY_CHANGE callingPid=-1 callingUid=-1} size=1
02-11 11:54:10.358   722   751 W BroadcastQueue: Permission Denial: broadcasting Intent { act=android.net.conn.CONNECTIVITY_CHANGE flg=0x4000010 (has extras) } from null (pid=-1, uid=-1) requires com.htc.permission.APP_MEDIA due to registered receiver BroadcastFilter{38cf8366 u0 ReceiverList{2cab1fc1 14141 com.htc.music:musicenhancer/10027/u0 remote:129a58a8}}
02-11 11:54:10.368 14141 14175 D LyricsFileCleanOutHelper: [HtcMusicEnhancer]moveLyricsToLyricFolderIfNeed+
02-11 11:54:10.368 14141 14175 D LyricsFileCleanOutHelper: [HtcMusicEnhancer]moveLyricsToLyricFolderIfNeed- : no need to move lyric files
02-11 11:54:10.368 14163 14163 V Perf    : attach ApplicationThread=1c245446
02-11 11:54:10.368 21709 21728 D MediaProvider: [query][0] uri=content://media/external/fs_id, selection=null, caller:14075
02-11 11:54:10.368 14141 14141 D EnhancerUtils: [HtcMusicEnhancer]isWifiOnlyByCustomization: get HtcWrapCustomizationReader = com.htc.lib0.customization.HtcWrapCustomizationReader@1660062a, isWifiOnly = false
02-11 11:54:10.368 14141 14141 D EnhancerService: [HtcMusicEnhancer]mIsCustomizationWifiOnlyEnabled = false
02-11 11:54:10.368 14141 14141 I EnhancerService: [HtcMusicEnhancer]onCreate - 
02-11 11:54:10.368 14141 14141 V Perf    : com.htc.musicenhancer.EnhancerService@2da3a61e onCreate, 77ms
02-11 11:54:10.368 14141 14141 V EnhancerService: [HtcMusicEnhancer]onStartCommand
02-11 11:54:10.368 14141 14175 I EnhancerService: [HtcMusicEnhancer]receive MSG_INIT_GNCONFIG +
02-11 11:54:10.368 14141 14175 I EnhancerUtils: [HtcMusicEnhancer]application context = android.app.Application@3c0c5ba3
02-11 11:54:10.368 14141 14141 V Perf    : com.htc.musicenhancer.EnhancerService@2da3a61e onStartCommand:act=com.htc.musicenhancer.ACTION_SYNC_MDPROVIDER, 3ms
02-11 11:54:10.368   722   867 V BroadcastQueue: Deliver to ComponentInfo{com.htc.sdm/com.htc.sdm.soundpicker.SoundPickerReceiver}:BR@260780b6
02-11 11:54:10.378 14141 14175 I EnhancerUtils: [HtcMusicEnhancer]initConfig metricsSize = 2073600
02-11 11:54:10.388 14141 14141 I EnhancerService: [HtcMusicEnhancer]UIMSG_EXECUTE_ONSTARTCOMMAND
02-11 11:54:10.388 14141 14141 D EnhancerService: [HtcMusicEnhancer]onStartCommand action: com.htc.musicenhancer.ACTION_SYNC_MDPROVIDER
02-11 11:54:10.388 14141 14141 D EnhancerService: [HtcMusicEnhancer]handleSyncMDProvider: mountedPath = /storage/emulated/0
02-11 11:54:10.388 14163 14163 V Perf    : ActivityThread=19c0c334 newApplication, 0ms
02-11 11:54:10.388 14163 14163 V Perf    : android.app.Application@20c5255d onCreate, 0ms
02-11 11:54:10.388 14163 14163 V Perf    : 8416ed2 com.htc.sdm handleBindApplication, 17ms
02-11 11:54:10.398 14141 14185 D Gracenote MobileSDK: warning: local database has not been set up
02-11 11:54:10.398 14141 14175 I EnhancerService: [HtcMusicEnhancer]receive MSG_INIT_GNCONFIG -
02-11 11:54:10.398 14141 14141 D EnhancerService: [HtcMusicEnhancer]hasRemovableStorageSlot = false
02-11 11:54:10.398 14141 14141 D EnhancerService: [HtcMusicEnhancer]handleSyncMDProvider: can clear files = true
02-11 11:54:10.398 14141 14175 D LyricsFileCleanOutHelper: [HtcMusicEnhancer]clearOutUnusedLyricFilesAndFolders+
02-11 11:54:10.398 14163 14163 I SoundPicker: SoundPickerReceiver [onReceive] action = android.intent.action.MEDIA_SCANNER_FINISHED
02-11 11:54:10.398 14163 14163 I SoundPicker: SoundPickerReceiver [onReceive] startService
02-11 11:54:10.398 14163 14163 V Perf    : com.htc.sdm.soundpicker.SoundPickerReceiver@3c0c5ba3 onReceive:android.intent.action.MEDIA_SCANNER_FINISHED, 5ms
02-11 11:54:10.398 14141 14175 W LyricsFileCleanOutHelper: [HtcMusicEnhancer]getFileList: rootDir is null
02-11 11:54:10.398 14141 14175 W LyricsFileCleanOutHelper: [HtcMusicEnhancer]getFileList: rootDir is null
02-11 11:54:10.398   722  1412 V ActivityManager: startService: Intent { act=com.htc.sdm.TurnFileToMediaUriService cmp=com.htc.sdm/.service.TurnFileToMediaUriService (has extras) } type=null args=Bundle[mParcelledData.dataSize=64] pid=14163
02-11 11:54:10.398   722  1401 V BroadcastQueue: Deliver to ComponentInfo{com.htc.album/com.htc.mediamanager.providers.media.MMPReceiver}:BR@3d2d71b7
02-11 11:54:10.408 15521 15521 D MediaManager: [MMPReceiver]	action: android.intent.action.MEDIA_SCANNER_STARTED path: /storage/usb
02-11 11:54:10.408 15521 15521 V Perf    : com.htc.mediamanager.providers.media.MMPReceiver@279ff0ab onReceive:android.intent.action.MEDIA_SCANNER_STARTED, 2ms
02-11 11:54:10.408 15521 15521 D MediaManager: [MMPScanService]	[onStartCommand][6]
02-11 11:54:10.408 15521 15521 D MediaManager: [MMP_DEBUG]	[abortIfNeed][6] Group: 2, Latest:1 Keep scan
02-11 11:54:10.408 15521 15521 D MediaManager: [MMPScanService]	[processMessageLocked] 1
02-11 11:54:10.408 15521 15521 V Perf    : com.htc.mediamanager.providers.media.MMPScanService@61eee33 onStartCommand:, 0ms
02-11 11:54:10.408 14163 14163 V Perf    : com.htc.sdm.service.TurnFileToMediaUriService@1840dea0 onCreate, 2ms
02-11 11:54:10.408 14163 14163 V Perf    : com.htc.sdm.service.TurnFileToMediaUriService@1840dea0 onStartCommand:act=com.htc.sdm.TurnFileToMediaUriService, 0ms
02-11 11:54:10.408 14163 14186 I SoundPicker: TurnFileToMediaUriService onHandleIntent - Intent { act=com.htc.sdm.TurnFileToMediaUriService cmp=com.htc.sdm/.service.TurnFileToMediaUriService (has extras) }
02-11 11:54:10.408 14163 14186 V SoundPicker: TurnFileToMediaUriService fromMediaScanned = true
02-11 11:54:10.408 14163 14186 I SoundPicker: TurnFileToMediaUriService [turnFileUriIntoMediaUri]
02-11 11:54:10.408 14075 14075 V Perf    : com.google.android.music.store.MediaStoreImportService$Receiver@13cf9268 onReceive:android.intent.action.MEDIA_SCANNER_STARTED, 2ms
02-11 11:54:10.408 14075 14075 V Perf    : com.google.android.music.store.MediaStoreImportService@1a5baf05 onStartCommand:act=MediaStoreImportService.import_pending, 0ms
02-11 11:54:10.408 14122 14122 D DFPI.PIReciver: onReceiver action:android.intent.action.MEDIA_SCANNER_FINISHED
02-11 11:54:10.408   722   739 V ActivityManager: startService: Intent { cmp=com.htc.album/com.htc.mediamanager.providers.media.MMPScanService (has extras) } type=null args=Bundle[mParcelledData.dataSize=172] pid=15521
02-11 11:54:10.408   722  1121 V BroadcastQueue: Deliver to ComponentInfo{com.google.android.music/com.google.android.music.store.MediaStoreImportService$Receiver}:BR@3d2d71b7
02-11 11:54:10.408   722  1163 V ActivityManager: startService: Intent { act=MediaStoreImportService.import_pending cmp=com.google.android.music/.store.MediaStoreImportService } type=null args=null pid=14075
02-11 11:54:10.408   722  1413 I ActivityManager: broadcast act=com.google.android.music.IMPORT_PENDING from pid=14075, uid=10120,parallel BR:null,size=0,order BR:null,size=0,resultTo=null
02-11 11:54:10.408   722  3974 V BroadcastQueue: Deliver to ComponentInfo{com.htc.demoflopackageinstaller/com.htc.demoflopackageinstaller.PIReceiver}:BR@f895d24
02-11 11:54:10.418 14122 14122 V Perf    : com.htc.demoflopackageinstaller.PIReceiver@2da3a61e onReceive:android.intent.action.MEDIA_SCANNER_FINISHED, 5ms
02-11 11:54:10.418 15521 15521 D MediaManager: [MMPReceiver]	action: android.intent.action.MEDIA_SCANNER_FINISHED path: /storage/usb
02-11 11:54:10.418 15521 15521 V Perf    : com.htc.mediamanager.providers.media.MMPReceiver@29afc308 onReceive:android.intent.action.MEDIA_SCANNER_FINISHED, 1ms
02-11 11:54:10.418 15521 15521 D MediaManager: [MMPScanService]	[onStartCommand][7]
02-11 11:54:10.418 15521 15521 D MediaManager: [MMP_DEBUG]	[abortIfNeed][7] Group: 2, Latest:6 Keep scan
02-11 11:54:10.418 15521 15521 D MediaManager: [MMPScanService]	[processMessageLocked] 6
02-11 11:54:10.418 15521 15521 V Perf    : com.htc.mediamanager.providers.media.MMPScanService@61eee33 onStartCommand:, 0ms
02-11 11:54:10.418 14163 14186 D RingtoneManager: getActualDefaultRingtoneUri(context, 1, mode_gsm)
02-11 11:54:10.418 14141 14141 D MScannerReceiver: [HtcMusicEnhancer]onReceive: android.intent.action.MEDIA_SCANNER_FINISHED
02-11 11:54:10.418   722  1142 V ActivityManager: startService: Intent { pkg=com.htc.demoflopackageinstaller cmp=com.htc.demoflopackageinstaller/.ApkInstallService } type=null args=null pid=14122
02-11 11:54:10.418   722   738 V BroadcastQueue: Deliver to ComponentInfo{com.htc.album/com.htc.mediamanager.providers.media.MMPReceiver}:BR@f895d24
02-11 11:54:10.418   722   867 V ActivityManager: startService: Intent { cmp=com.htc.album/com.htc.mediamanager.providers.media.MMPScanService (has extras) } type=null args=Bundle[mParcelledData.dataSize=176] pid=15521
02-11 11:54:10.418   722  1415 V BroadcastQueue: Deliver to ComponentInfo{com.htc.music/com.htc.musicenhancer.provider.MScannerReceiver}:BR@f895d24
02-11 11:54:10.428 14141 14141 V Perf    : com.htc.musicenhancer.provider.MScannerReceiver@3ff15b91 onReceive:android.intent.action.MEDIA_SCANNER_FINISHED, 2ms
02-11 11:54:10.428 14141 14141 V EnhancerService: [HtcMusicEnhancer]onStartCommand
02-11 11:54:10.428 14141 14141 V Perf    : com.htc.musicenhancer.EnhancerService@2da3a61e onStartCommand:act=com.htc.musicenhancer.ACTION_SYNC_MDPROVIDER, 0ms
02-11 11:54:10.428 14122 14122 V Perf    : com.htc.demoflopackageinstaller.ApkInstallService@247f0eff onCreate, 9ms
02-11 11:54:10.428 14122 14122 V Perf    : com.htc.demoflopackageinstaller.ApkInstallService@247f0eff onStartCommand:pkg=com.htc.demoflopackageinstaller, 0ms
02-11 11:54:10.428 14122 14187 I DFPI.ApkInstallService: onHandleIntent
02-11 11:54:10.428 14122 14187 I DFPI.ApkInstallService: Media Scan Finished Case 
02-11 11:54:10.428 14122 14187 I DFPI.SystemPropertiesUtil: value = 11111111
02-11 11:54:10.428 14122 14187 I DFPI.ApkInstallService: deviceCID = 11111111
02-11 11:54:10.428 14122 14187 D DFPI.ApkInstallService: check CID = 11111111
02-11 11:54:10.428 14122 14187 I DFPI.ApkInstallService: There is no Demo.apk in sd card or phone storage
02-11 11:54:10.428 14122 14122 V Perf    : com.htc.demoflopackageinstaller.ApkInstallService@247f0eff onDestroy, 0ms
02-11 11:54:10.428 14075 14075 V Perf    : com.google.android.music.store.MediaStoreImportService$Receiver@126d3681 onReceive:android.intent.action.MEDIA_SCANNER_FINISHED, 6ms
02-11 11:54:10.428   722  1175 I ActivityManager: 14163 get provider settings 722
02-11 11:54:10.428   722 14404 V ActivityManager: startService: Intent { act=com.htc.musicenhancer.ACTION_SYNC_MDPROVIDER cmp=com.htc.music/com.htc.musicenhancer.EnhancerService (has extras) } type=null args=Bundle[mParcelledData.dataSize=84] pid=14141
02-11 11:54:10.428   722  1412 V BroadcastQueue: Deliver to ComponentInfo{com.google.android.music/com.google.android.music.store.MediaStoreImportService$Receiver}:BR@f895d24
02-11 11:54:10.428   722   739 V ActivityManager: startService: Intent { act=MediaStoreImportService.import_pending cmp=com.google.android.music/.store.MediaStoreImportService } type=null args=null pid=14075
02-11 11:54:10.428   722   739 V ActivityManager: stopServiceToken: SR=918581234 startId=1
02-11 11:54:10.428   722  1417 I ActivityManager: broadcast act=com.google.android.music.IMPORT_PENDING from pid=14075, uid=10120,parallel BR:null,size=0,order BR:null,size=0,resultTo=null
02-11 11:54:10.428   722  1142 V ActivityManager: startService: Intent { act=MediaStoreImportService.import cmp=com.google.android.music/.store.MediaStoreImportService } type=null args=null pid=14075
02-11 11:54:10.438 14075 14075 V Perf    : com.google.android.music.store.MediaStoreImportService@1a5baf05 onStartCommand:act=MediaStoreImportService.import_pending, 0ms
02-11 11:54:10.438 14075 14075 V Perf    : com.google.android.music.store.MediaStoreImportService@1a5baf05 onStartCommand:act=MediaStoreImportService.import, 0ms
02-11 11:54:10.438 14163 14163 I SoundPicker: SoundPickerReceiver [onReceive] action = android.intent.action.MEDIA_SCANNER_FINISHED
02-11 11:54:10.438 14163 14163 I SoundPicker: SoundPickerReceiver [onReceive] startService
02-11 11:54:10.438 14163 14163 V Perf    : com.htc.sdm.soundpicker.SoundPickerReceiver@2da3a61e onReceive:android.intent.action.MEDIA_SCANNER_FINISHED, 1ms
02-11 11:54:10.438 14163 14163 V Perf    : com.htc.sdm.service.TurnFileToMediaUriService@1840dea0 onStartCommand:act=com.htc.sdm.TurnFileToMediaUriService, 0ms
02-11 11:54:10.438 21709 21729 D MediaProvider: [query][49]#0# uri=content://media/external/audio/media, selection=((is_music=1 OR is_podcast=1) AND title IS NOT NULL)  AND (date_added >=?  OR date_modified >=?  ), caller:14075
02-11 11:54:10.438 14163 14186 I SoundPicker: SoundPickerUtil [getRingtone] uri=content://media/internal/audio/media/101?canonical=1&title=Amaryllis type=1
02-11 11:54:10.438 14163 14186 W SoundPicker: TurnFileToMediaUriService [type] = 1 [turnFileUriIntoMediaUri] already converted uri = content://media/internal/audio/media/101?canonical=1&title=Amaryllis
02-11 11:54:10.438 14163 14186 D RingtoneManager: getActualDefaultRingtoneUri(context, 1, mode_cdma)
02-11 11:54:10.438   722   750 D SyncManager: sync msg = 6
02-11 11:54:10.438   722   750 D SyncManager: mActiveSyncContexts.isEmpty is true, we aren't syncing
02-11 11:54:10.438   722  1173 V BroadcastQueue: Deliver to ComponentInfo{com.htc.sdm/com.htc.sdm.soundpicker.SoundPickerReceiver}:BR@f895d24
02-11 11:54:10.438   722   738 V ActivityManager: startService: Intent { act=com.htc.sdm.TurnFileToMediaUriService cmp=com.htc.sdm/.service.TurnFileToMediaUriService (has extras) } type=null args=Bundle[mParcelledData.dataSize=64] pid=14163
02-11 11:54:10.438   722   750 I UsageStatsService: User[0] Rollover scheduled @ 2015-02-12 08:00:00(1423699200000)
02-11 11:54:10.438   722   750 I UsageStatsService: User[0] Rolling over usage stats complete. Took 104 milliseconds
02-11 11:54:10.438   722   750 D PMS     : acquireWL(39379643): PARTIAL_WAKE_LOCK  SyncLoopWakeLock 0x1 722 1000 null
02-11 11:54:10.448   722   750 D SyncManager: check send SYNC_STATE_CHANGE or not, shouldCancel = false, shouldInstall = false
02-11 11:54:10.448 14163 14186 I SoundPicker: SoundPickerUtil [getRingtone] uri=content://media/internal/audio/media/91 type=2
02-11 11:54:10.448 14163 14186 W SoundPicker: TurnFileToMediaUriService [type] = 2 [turnFileUriIntoMediaUri] already converted uri = content://media/internal/audio/media/91
02-11 11:54:10.448 14163 14186 D RingtoneManager: getActualDefaultRingtoneUri(context, 1, mode_wcdma)
02-11 11:54:10.448 14163 14186 I SoundPicker: SoundPickerUtil [getRingtone] uri=content://media/internal/audio/media/91 type=3
02-11 11:54:10.448 14163 14186 W SoundPicker: TurnFileToMediaUriService [type] = 3 [turnFileUriIntoMediaUri] already converted uri = content://media/internal/audio/media/91
02-11 11:54:10.448 14163 14186 D RingtoneManager: getActualDefaultRingtoneUri(context, 2)
02-11 11:54:10.448 14163 14186 I SoundPicker: SoundPickerUtil [getRingtone] uri=content://media/internal/audio/media/61?canonical=1&title=Lotus type=4
02-11 11:54:10.448 14163 14186 W SoundPicker: TurnFileToMediaUriService [type] = 4 [turnFileUriIntoMediaUri] already converted uri = content://media/internal/audio/media/61?canonical=1&title=Lotus
02-11 11:54:10.448 14163 14186 D RingtoneManager: getActualDefaultRingtoneUri(context, 4)
02-11 11:54:10.448 14163 14186 I SoundPicker: SoundPickerUtil [getRingtone] uri=content://media/internal/audio/media/30 type=5
02-11 11:54:10.448 14163 14186 W SoundPicker: TurnFileToMediaUriService [type] = 5 [turnFileUriIntoMediaUri] already converted uri = content://media/internal/audio/media/30
02-11 11:54:10.448 14163 14186 I SoundPicker: SoundPickerUtil [getRingtone] uri=content://media/internal/audio/media/59 type=6
02-11 11:54:10.448 14163 14186 W SoundPicker: TurnFileToMediaUriService [type] = 6 [turnFileUriIntoMediaUri] already converted uri = content://media/internal/audio/media/59
02-11 11:54:10.448 14163 14186 I SoundPicker: SoundPickerUtil [getRingtone] uri=content://media/internal/audio/media/65 type=7
02-11 11:54:10.448 14163 14186 W SoundPicker: TurnFileToMediaUriService [type] = 7 [turnFileUriIntoMediaUri] already converted uri = content://media/internal/audio/media/65
02-11 11:54:10.448 14141 14175 D LyricsFileCleanOutHelper: [HtcMusicEnhancer]the execution time of cleaning out lyrics and folders = 57 ms
02-11 11:54:10.448 14141 14175 D LyricsFileCleanOutHelper: [HtcMusicEnhancer]clearOutUnusedLyricFilesAndFolders-
02-11 11:54:10.448 14141 14141 I EnhancerService: [HtcMusicEnhancer]Receive START_DOWNLOAD_AFTER_SCANNING
02-11 11:54:10.448 14163 14186 I SoundPicker: SoundPickerUtil [getRingtone] uri=content://media/internal/audio/media/67 type=8
02-11 11:54:10.448 14163 14186 W SoundPicker: TurnFileToMediaUriService [type] = 8 [turnFileUriIntoMediaUri] already converted uri = content://media/internal/audio/media/67
02-11 11:54:10.448 14141 14141 I EnhancerService: [HtcMusicEnhancer]loadPreference previous action = AUTO_UPDATE
02-11 11:54:10.448 14163 14186 I SoundPicker: SoundPickerUtil [getRingtone] uri=content://media/internal/audio/media/61 type=9
02-11 11:54:10.448 14141 14141 I EnhancerService: [HtcMusicEnhancer]loadPreference mDownloadProcess = END
02-11 11:54:10.448 14163 14186 W SoundPicker: TurnFileToMediaUriService [type] = 9 [turnFileUriIntoMediaUri] already converted uri = content://media/internal/audio/media/61
02-11 11:54:10.448   722   750 D PMS     : releaseWL(39379643): PARTIAL_WAKE_LOCK  SyncLoopWakeLock 0x1 null
02-11 11:54:10.458 14163 14186 I SoundPicker: TurnFileToMediaUriService [checkFileExistence]
02-11 11:54:10.458 14163 14186 D RingtoneManager: getActualDefaultRingtoneUri(context, 1, mode_gsm)
02-11 11:54:10.458 14163 14186 I SoundPicker: SoundPickerUtil [getRingtone] uri=content://media/internal/audio/media/101?canonical=1&title=Amaryllis type=1
02-11 11:54:10.458 14163 14186 I SoundPicker: TurnFileToMediaUriService [type] = 1 [checkFileExistence] get current setting uri = content://media/internal/audio/media/101?canonical=1&title=Amaryllis
02-11 11:54:10.458 14141 14175 D EnhancerService: [HtcMusicEnhancer]MSG_DELETE_ALBUMART_AND_ARTISTPHOTO
02-11 11:54:10.458 21709 21738 D MediaProvider: [query][3]#1# uri=content://media/internal/audio/media/101, selection=null, caller:14163
02-11 11:54:10.458 21709 21728 D MediaProvider: [query][15]#1# uri=content://media/external/audio/media, selection=(is_music=1 OR is_podcast=1) AND title IS NOT NULL, caller:14075
02-11 11:54:10.458   722   867 I ActivityManager: 14163 get provider media 21709
02-11 11:54:10.458   722 14466 I ActivityManager: 14141 get provider media 21709
02-11 11:54:10.468 21709 21738 D MediaProvider: [query][3]#1# uri=content://media/internal/audio/media, selection=title=?, caller:14163
02-11 11:54:10.468 21709 21738 D MediaProvider: [query][2]#1# uri=content://media/internal/audio/media/81, selection=null, caller:14163
02-11 11:54:10.468 14163 14186 I SoundPicker: SoundPickerUtil [getFilePathByAudioContentUri] filePath = /system/media/audio/ringtones/Amaryllis.flac
02-11 11:54:10.468 14163 14186 I SoundPicker: TurnFileToMediaUriService [type] = 1 [checkFileExistence] get original file path = /system/media/audio/ringtones/Amaryllis.flac
02-11 11:54:10.468 14163 14186 I SoundPicker: TurnFileToMediaUriService [type] = 1 [checkFileExistence] fileExisted = /system/media/audio/ringtones/Amaryllis.flac
02-11 11:54:10.468 14163 14186 D RingtoneManager: getActualDefaultRingtoneUri(context, 1, mode_cdma)
02-11 11:54:10.468 14163 14186 I SoundPicker: SoundPickerUtil [getRingtone] uri=content://media/internal/audio/media/91 type=2
02-11 11:54:10.468 14163 14186 I SoundPicker: TurnFileToMediaUriService [type] = 2 [checkFileExistence] get current setting uri = content://media/internal/audio/media/91
02-11 11:54:10.468   722  1415 I ActivityManager: 14163 get provider media 21709
02-11 11:54:10.478 21709 27263 D MediaProvider: [query][2]#1# uri=content://media/internal/audio/media/91, selection=null, caller:14163
02-11 11:54:10.478 14163 14186 I SoundPicker: SoundPickerUtil [getFilePathByAudioContentUri] filePath = /system/media/audio/ringtones/Dahlia.flac
02-11 11:54:10.478 14163 14186 I SoundPicker: TurnFileToMediaUriService [type] = 2 [checkFileExistence] get original file path = /system/media/audio/ringtones/Dahlia.flac
02-11 11:54:10.478 14163 14186 I SoundPicker: TurnFileToMediaUriService [type] = 2 [checkFileExistence] fileExisted = /system/media/audio/ringtones/Dahlia.flac
02-11 11:54:10.478 14163 14186 D RingtoneManager: getActualDefaultRingtoneUri(context, 1, mode_wcdma)
02-11 11:54:10.478 14163 14186 I SoundPicker: SoundPickerUtil [getRingtone] uri=content://media/internal/audio/media/91 type=3
02-11 11:54:10.478 14163 14186 I SoundPicker: TurnFileToMediaUriService [type] = 3 [checkFileExistence] get current setting uri = content://media/internal/audio/media/91
02-11 11:54:10.478 21709 21729 D MediaProvider: [query][22]#3# uri=content://media/external/audio/media, selection=is_music=1 OR is_podcast>=1, caller:14141
02-11 11:54:10.478 21709 21728 D MediaProvider: [query][2]#1# uri=content://media/internal/audio/media/91, selection=null, caller:14163
02-11 11:54:10.488 14163 14186 I SoundPicker: SoundPickerUtil [getFilePathByAudioContentUri] filePath = /system/media/audio/ringtones/Dahlia.flac
02-11 11:54:10.488 14163 14186 I SoundPicker: TurnFileToMediaUriService [type] = 3 [checkFileExistence] get original file path = /system/media/audio/ringtones/Dahlia.flac
02-11 11:54:10.488 14163 14186 I SoundPicker: TurnFileToMediaUriService [type] = 3 [checkFileExistence] fileExisted = /system/media/audio/ringtones/Dahlia.flac
02-11 11:54:10.488 14163 14186 D RingtoneManager: getActualDefaultRingtoneUri(context, 2)
02-11 11:54:10.488 14163 14186 I SoundPicker: SoundPickerUtil [getRingtone] uri=content://media/internal/audio/media/61?canonical=1&title=Lotus type=4
02-11 11:54:10.488 14163 14186 I SoundPicker: TurnFileToMediaUriService [type] = 4 [checkFileExistence] get current setting uri = content://media/internal/audio/media/61?canonical=1&title=Lotus
02-11 11:54:10.488 14141 14175 D EnhancerService: [HtcMusicEnhancer]deleteUnusedAlbumArt: deleteFiles+
02-11 11:54:10.488 14141 14175 D EnhancerService: [HtcMusicEnhancer]deleteUnusedAlbumArt: deleteFiles-
02-11 11:54:10.488 21709 21729 D MediaProvider: [query][1]#1# uri=content://media/internal/audio/media/61, selection=null, caller:14163
02-11 11:54:10.488   722  1163 I ActivityManager: 14141 get provider media 21709
02-11 11:54:10.498 21709 21729 D MediaProvider: [query][2]#1# uri=content://media/internal/audio/media/61, selection=null, caller:14163
02-11 11:54:10.498 14163 14186 I SoundPicker: SoundPickerUtil [getFilePathByAudioContentUri] filePath = /system/media/audio/notifications/Lotus.flac
02-11 11:54:10.498 21709 27263 D MediaProvider: [query][3]#1# uri=content://media/external/audio/media, selection=artist IS NOT NULL AND artist<>'' AND artist<>'<unknown>', caller:14141
02-11 11:54:10.498 14163 14186 I SoundPicker: TurnFileToMediaUriService [type] = 4 [checkFileExistence] get original file path = /system/media/audio/notifications/Lotus.flac
02-11 11:54:10.498 14163 14186 I SoundPicker: TurnFileToMediaUriService [type] = 4 [checkFileExistence] fileExisted = /system/media/audio/notifications/Lotus.flac
02-11 11:54:10.498 14163 14186 D RingtoneManager: getActualDefaultRingtoneUri(context, 4)
02-11 11:54:10.498 14163 14186 I SoundPicker: SoundPickerUtil [getRingtone] uri=content://media/internal/audio/media/30 type=5
02-11 11:54:10.498 14163 14186 I SoundPicker: TurnFileToMediaUriService [type] = 5 [checkFileExistence] get current setting uri = content://media/internal/audio/media/30
02-11 11:54:10.498 21709 21728 D MediaProvider: [query][2]#1# uri=content://media/internal/audio/media/30, selection=null, caller:14163
02-11 11:54:10.498   722 14404 I ActivityManager: 14163 get provider media 21709
02-11 11:54:10.498   722  1415 I ActivityManager: 14075 get provider com.google.android.gsf.gservices 1548
02-11 11:54:10.508 14141 14175 D EnhancerService: [HtcMusicEnhancer]deleteUnusedArtistPhoto: deleteFiles+
02-11 11:54:10.508 14141 14175 D EnhancerService: [HtcMusicEnhancer]deleteUnusedArtistPhoto: deleteFiles-
02-11 11:54:10.508 14141 14175 D EnhancerService: [HtcMusicEnhancer]shutdownServiceDelay
02-11 11:54:10.508 14163 14186 I SoundPicker: SoundPickerUtil [getFilePathByAudioContentUri] filePath = /system/media/audio/alarms/Foxglove.flac
02-11 11:54:10.508 14141 14175 I EnhancerService: [HtcMusicEnhancer]receive MSG_INIT_GNCONFIG +
02-11 11:54:10.508 14141 14175 I EnhancerService: [HtcMusicEnhancer]receive MSG_INIT_GNCONFIG -
02-11 11:54:10.508 14141 14141 I EnhancerService: [HtcMusicEnhancer]UIMSG_EXECUTE_ONSTARTCOMMAND
02-11 11:54:10.508 14141 14141 D EnhancerService: [HtcMusicEnhancer]onStartCommand action: com.htc.musicenhancer.ACTION_SYNC_MDPROVIDER
02-11 11:54:10.508 14141 14141 D EnhancerService: [HtcMusicEnhancer]handleSyncMDProvider: mountedPath = /storage/usb
02-11 11:54:10.508 14141 14141 D EnhancerService: [HtcMusicEnhancer]handleSyncMDProvider: can clear files = false
02-11 11:54:10.508 14141 14175 D EnhancerService: [HtcMusicEnhancer]shutdownServiceDelay
02-11 11:54:10.508 14163 14186 I SoundPicker: TurnFileToMediaUriService [type] = 5 [checkFileExistence] get original file path = /system/media/audio/alarms/Foxglove.flac
02-11 11:54:10.508 14163 14186 I SoundPicker: TurnFileToMediaUriService [type] = 5 [checkFileExistence] fileExisted = /system/media/audio/alarms/Foxglove.flac
02-11 11:54:10.508 14163 14186 I SoundPicker: SoundPickerUtil [getRingtone] uri=content://media/internal/audio/media/59 type=6
02-11 11:54:10.508 14163 14186 I SoundPicker: TurnFileToMediaUriService [type] = 6 [checkFileExistence] get current setting uri = content://media/internal/audio/media/59
02-11 11:54:10.508 21709 27263 D MediaProvider: [query][1]#1# uri=content://media/internal/audio/media/59, selection=null, caller:14163
02-11 11:54:10.508 14163 14186 I SoundPicker: SoundPickerUtil [getFilePathByAudioContentUri] filePath = /system/media/audio/notifications/Lilac.flac
02-11 11:54:10.508 14163 14186 I SoundPicker: TurnFileToMediaUriService [type] = 6 [checkFileExistence] get original file path = /system/media/audio/notifications/Lilac.flac
02-11 11:54:10.508 14163 14186 I SoundPicker: TurnFileToMediaUriService [type] = 6 [checkFileExistence] fileExisted = /system/media/audio/notifications/Lilac.flac
02-11 11:54:10.518 14163 14186 I SoundPicker: SoundPickerUtil [getRingtone] uri=content://media/internal/audio/media/65 type=7
02-11 11:54:10.518 14163 14186 I SoundPicker: TurnFileToMediaUriService [type] = 7 [checkFileExistence] get current setting uri = content://media/internal/audio/media/65
02-11 11:54:10.518 21709 21728 D MediaProvider: [query][2]#1# uri=content://media/internal/audio/media/65, selection=null, caller:14163
02-11 11:54:10.518 14163 14186 I SoundPicker: SoundPickerUtil [getFilePathByAudioContentUri] filePath = /system/media/audio/notifications/Orchid.flac
02-11 11:54:10.518 14163 14186 I SoundPicker: TurnFileToMediaUriService [type] = 7 [checkFileExistence] get original file path = /system/media/audio/notifications/Orchid.flac
02-11 11:54:10.518 14163 14186 I SoundPicker: TurnFileToMediaUriService [type] = 7 [checkFileExistence] fileExisted = /system/media/audio/notifications/Orchid.flac
02-11 11:54:10.518   722  3974 I ActivityManager: 14163 get provider media 21709
02-11 11:54:10.528 14163 14186 I SoundPicker: SoundPickerUtil [getRingtone] uri=content://media/internal/audio/media/67 type=8
02-11 11:54:10.528 14163 14186 I SoundPicker: TurnFileToMediaUriService [type] = 8 [checkFileExistence] get current setting uri = content://media/internal/audio/media/67
02-11 11:54:10.528 21709 27263 D MediaProvider: [query][2]#0# uri=content://media/external/audio/playlists, selection=null, caller:14075
02-11 11:54:10.528 21709 21729 D MediaProvider: [query][1]#1# uri=content://media/internal/audio/media/67, selection=null, caller:14163
02-11 11:54:10.528 14163 14186 I SoundPicker: SoundPickerUtil [getFilePathByAudioContentUri] filePath = /system/media/audio/notifications/Sage.flac
02-11 11:54:10.538 14163 14186 I SoundPicker: TurnFileToMediaUriService [type] = 8 [checkFileExistence] get original file path = /system/media/audio/notifications/Sage.flac
02-11 11:54:10.538 14163 14186 I SoundPicker: TurnFileToMediaUriService [type] = 8 [checkFileExistence] fileExisted = /system/media/audio/notifications/Sage.flac
02-11 11:54:10.538 14163 14186 I SoundPicker: SoundPickerUtil [getRingtone] uri=content://media/internal/audio/media/61 type=9
02-11 11:54:10.538 14163 14186 I SoundPicker: TurnFileToMediaUriService [type] = 9 [checkFileExistence] get current setting uri = content://media/internal/audio/media/61
02-11 11:54:10.538 21709 27263 D MediaProvider: [query][2]#1# uri=content://media/internal/audio/media/61, selection=null, caller:14163
02-11 11:54:10.548 14163 14186 I SoundPicker: SoundPickerUtil [getFilePathByAudioContentUri] filePath = /system/media/audio/notifications/Lotus.flac
02-11 11:54:10.548 14163 14186 I SoundPicker: TurnFileToMediaUriService [type] = 9 [checkFileExistence] get original file path = /system/media/audio/notifications/Lotus.flac
02-11 11:54:10.548 14163 14186 I SoundPicker: TurnFileToMediaUriService [type] = 9 [checkFileExistence] fileExisted = /system/media/audio/notifications/Lotus.flac
02-11 11:54:10.548 14075 14161 I MediaStoreImporter: Update: incremental Added music: 0 Updated music: 0 Deleted music: 0 Created playlists: 0 Updated playlists: 0 Deleted playlists: 0 Inserted playlist items: 0 Deleted playlist items: 0 Removed orphaned playlist items: 0
02-11 11:54:10.548 14163 14186 I SoundPicker: TurnFileToMediaUriService onHandleIntent - Intent { act=com.htc.sdm.TurnFileToMediaUriService cmp=com.htc.sdm/.service.TurnFileToMediaUriService (has extras) }
02-11 11:54:10.548 14163 14186 V SoundPicker: TurnFileToMediaUriService fromMediaScanned = true
02-11 11:54:10.548 14163 14186 I SoundPicker: TurnFileToMediaUriService [turnFileUriIntoMediaUri]
02-11 11:54:10.548 14163 14186 D RingtoneManager: getActualDefaultRingtoneUri(context, 1, mode_gsm)
02-11 11:54:10.548 14163 14186 I SoundPicker: SoundPickerUtil [getRingtone] uri=content://media/internal/audio/media/101?canonical=1&title=Amaryllis type=1
02-11 11:54:10.548   722   738 I ActivityManager: broadcast act=com.google.android.music.IMPORT_COMPLETE from pid=14075, uid=10120,parallel BR:null,size=0,order BR:null,size=0,resultTo=null
02-11 11:54:10.548   722  1173 V ActivityManager: stopServiceToken: SR=1042117203 startId=2
02-11 11:54:10.548   722 14466 V ActivityManager: stopServiceToken: SR=520681213 startId=1
02-11 11:54:10.548   722  1175 V ActivityManager: stopServiceToken: SR=1042117203 startId=3
02-11 11:54:10.558 14163 14186 W SoundPicker: TurnFileToMediaUriService [type] = 1 [turnFileUriIntoMediaUri] already converted uri = content://media/internal/audio/media/101?canonical=1&title=Amaryllis
02-11 11:54:10.558 14163 14186 D RingtoneManager: getActualDefaultRingtoneUri(context, 1, mode_cdma)
02-11 11:54:10.558 14163 14186 I SoundPicker: SoundPickerUtil [getRingtone] uri=content://media/internal/audio/media/91 type=2
02-11 11:54:10.558 14163 14186 W SoundPicker: TurnFileToMediaUriService [type] = 2 [turnFileUriIntoMediaUri] already converted uri = content://media/internal/audio/media/91
02-11 11:54:10.558 14163 14186 D RingtoneManager: getActualDefaultRingtoneUri(context, 1, mode_wcdma)
02-11 11:54:10.558 14163 14186 I SoundPicker: SoundPickerUtil [getRingtone] uri=content://media/internal/audio/media/91 type=3
02-11 11:54:10.558 14163 14186 W SoundPicker: TurnFileToMediaUriService [type] = 3 [turnFileUriIntoMediaUri] already converted uri = content://media/internal/audio/media/91
02-11 11:54:10.558 14163 14186 D RingtoneManager: getActualDefaultRingtoneUri(context, 2)
02-11 11:54:10.558 14163 14186 I SoundPicker: SoundPickerUtil [getRingtone] uri=content://media/internal/audio/media/61?canonical=1&title=Lotus type=4
02-11 11:54:10.558 14163 14186 W SoundPicker: TurnFileToMediaUriService [type] = 4 [turnFileUriIntoMediaUri] already converted uri = content://media/internal/audio/media/61?canonical=1&title=Lotus
02-11 11:54:10.558 14163 14186 D RingtoneManager: getActualDefaultRingtoneUri(context, 4)
02-11 11:54:10.558 14163 14186 I SoundPicker: SoundPickerUtil [getRingtone] uri=content://media/internal/audio/media/30 type=5
02-11 11:54:10.558 14163 14186 W SoundPicker: TurnFileToMediaUriService [type] = 5 [turnFileUriIntoMediaUri] already converted uri = content://media/internal/audio/media/30
02-11 11:54:10.558 14163 14186 I SoundPicker: SoundPickerUtil [getRingtone] uri=content://media/internal/audio/media/59 type=6
02-11 11:54:10.558 14163 14186 W SoundPicker: TurnFileToMediaUriService [type] = 6 [turnFileUriIntoMediaUri] already converted uri = content://media/internal/audio/media/59
02-11 11:54:10.558 14163 14186 I SoundPicker: SoundPickerUtil [getRingtone] uri=content://media/internal/audio/media/65 type=7
02-11 11:54:10.558 14163 14186 W SoundPicker: TurnFileToMediaUriService [type] = 7 [turnFileUriIntoMediaUri] already converted uri = content://media/internal/audio/media/65
02-11 11:54:10.558 14163 14186 I SoundPicker: SoundPickerUtil [getRingtone] uri=content://media/internal/audio/media/67 type=8
02-11 11:54:10.558 14163 14186 W SoundPicker: TurnFileToMediaUriService [type] = 8 [turnFileUriIntoMediaUri] already converted uri = content://media/internal/audio/media/67
02-11 11:54:10.558 14163 14186 I SoundPicker: SoundPickerUtil [getRingtone] uri=content://media/internal/audio/media/61 type=9
02-11 11:54:10.558 14163 14186 W SoundPicker: TurnFileToMediaUriService [type] = 9 [turnFileUriIntoMediaUri] already converted uri = content://media/internal/audio/media/61
02-11 11:54:10.558 14163 14186 I SoundPicker: TurnFileToMediaUriService [checkFileExistence]
02-11 11:54:10.558 14163 14186 D RingtoneManager: getActualDefaultRingtoneUri(context, 1, mode_gsm)
02-11 11:54:10.558 14163 14186 I SoundPicker: SoundPickerUtil [getRingtone] uri=content://media/internal/audio/media/101?canonical=1&title=Amaryllis type=1
02-11 11:54:10.558 14163 14186 I SoundPicker: TurnFileToMediaUriService [type] = 1 [checkFileExistence] get current setting uri = content://media/internal/audio/media/101?canonical=1&title=Amaryllis
02-11 11:54:10.558 21709 21738 D MediaProvider: [query][0] uri=content://media/external/fs_id, selection=null, caller:14075
02-11 11:54:10.558 21709 27263 D MediaProvider: [query][4]#1# uri=content://media/internal/audio/media/101, selection=null, caller:14163
02-11 11:54:10.558   722  1412 V ActivityManager: stopServiceToken: SR=1042117203 startId=4
02-11 11:54:10.558   722 14404 I ActivityManager: 14075 get provider media 21709
02-11 11:54:10.558   722  1401 I ActivityManager: 14163 get provider media 21709
02-11 11:54:10.568 21709 27263 D MediaProvider: [query][2]#1# uri=content://media/internal/audio/media, selection=title=?, caller:14163
02-11 11:54:10.568 21709 27263 D MediaProvider: [query][4]#1# uri=content://media/internal/audio/media/81, selection=null, caller:14163
02-11 11:54:10.568 15521 15541 D MediaManager: [MMPUtils]	[requestScan] Scan ID: 1381
02-11 11:54:10.568 14163 14186 I SoundPicker: SoundPickerUtil [getFilePathByAudioContentUri] filePath = /system/media/audio/ringtones/Amaryllis.flac
02-11 11:54:10.568   722  1173 I ActivityManager: 14075 get provider media 21709
02-11 11:54:10.578 15521 15521 D MediaManager: [MMPScanService]	[onStartCommand][8]
02-11 11:54:10.578 15521 15521 D MediaManager: [MMP_DEBUG]	[abortIfNeed][8] Group: 2, Latest:3 Keep scan
02-11 11:54:10.578 15521 15521 D MediaManager: [MMPScanService]	[processMessageLocked] 3
02-11 11:54:10.578 15521 15521 V Perf    : com.htc.mediamanager.providers.media.MMPScanService@61eee33 onStartCommand:, 0ms
02-11 11:54:10.578 14163 14186 I SoundPicker: TurnFileToMediaUriService [type] = 1 [checkFileExistence] get original file path = /system/media/audio/ringtones/Amaryllis.flac
02-11 11:54:10.578 14163 14186 I SoundPicker: TurnFileToMediaUriService [type] = 1 [checkFileExistence] fileExisted = /system/media/audio/ringtones/Amaryllis.flac
02-11 11:54:10.578 14163 14186 D RingtoneManager: getActualDefaultRingtoneUri(context, 1, mode_cdma)
02-11 11:54:10.578 14163 14186 I SoundPicker: SoundPickerUtil [getRingtone] uri=content://media/internal/audio/media/91 type=2
02-11 11:54:10.578 14163 14186 I SoundPicker: TurnFileToMediaUriService [type] = 2 [checkFileExistence] get current setting uri = content://media/internal/audio/media/91
02-11 11:54:10.578 21709 21729 D MediaProvider: [query][4]#0# uri=content://media/external/audio/media, selection=((is_music=1 OR is_podcast=1) AND title IS NOT NULL)  AND (date_added >=?  OR date_modified >=?  ), caller:14075
02-11 11:54:10.578 21709 21728 D MediaProvider: [query][2]#1# uri=content://media/internal/audio/media/91, selection=null, caller:14163
02-11 11:54:10.578 14163 14186 I SoundPicker: SoundPickerUtil [getFilePathByAudioContentUri] filePath = /system/media/audio/ringtones/Dahlia.flac
02-11 11:54:10.578 14163 14186 I SoundPicker: TurnFileToMediaUriService [type] = 2 [checkFileExistence] get original file path = /system/media/audio/ringtones/Dahlia.flac
02-11 11:54:10.578   722  1415 V ActivityManager: startService: Intent { cmp=com.htc.album/com.htc.mediamanager.providers.media.MMPScanService (has extras) } type=null args=Bundle[mParcelledData.dataSize=136] pid=15521
02-11 11:54:10.588 14163 14186 I SoundPicker: TurnFileToMediaUriService [type] = 2 [checkFileExistence] fileExisted = /system/media/audio/ringtones/Dahlia.flac
02-11 11:54:10.588 14163 14186 D RingtoneManager: getActualDefaultRingtoneUri(context, 1, mode_wcdma)
02-11 11:54:10.588 14163 14186 I SoundPicker: SoundPickerUtil [getRingtone] uri=content://media/internal/audio/media/91 type=3
02-11 11:54:10.588 14163 14186 I SoundPicker: TurnFileToMediaUriService [type] = 3 [checkFileExistence] get current setting uri = content://media/internal/audio/media/91
02-11 11:54:10.588 21709 21738 D MediaProvider: [query][3]#1# uri=content://media/external/audio/media, selection=(is_music=1 OR is_podcast=1) AND title IS NOT NULL, caller:14075
02-11 11:54:10.588   722  1121 I ActivityManager: 14163 get provider media 21709
02-11 11:54:10.598 21709 21729 D MediaProvider: [query][2]#0# uri=content://media/external/audio/playlists, selection=null, caller:14075
