02-11 11:54:10.628 14075 14161 I MediaStoreImporter: Update: incremental Added music: 0 Updated music: 0 Deleted music: 0 Created playlists: 0 Updated playlists: 0 Deleted playlists: 0 Inserted playlist items: 0 Deleted playlist items: 0 Removed orphaned playlist items: 0
02-11 11:54:10.628 14075 14075 V Perf    : com.google.android.music.store.MediaStoreImportService@1a5baf05 onDestroy, 0ms
02-11 11:54:10.628   722  1412 I ActivityManager: broadcast act=com.google.android.music.IMPORT_COMPLETE from pid=14075, uid=10120,parallel BR:null,size=0,order BR:null,size=0,resultTo=null
02-11 11:54:10.628   722 14404 V ActivityManager: stopServiceToken: SR=1042117203 startId=5
02-11 11:54:10.728   722  1121 I art     : Explicit concurrent mark sweep GC freed 21285(1297KB) AllocSpace objects, 3(48KB) LOS objects, 33% free, 30MB/46MB, paused 2.105ms total 144.238ms
02-11 11:54:10.738 21709 21728 D MediaProvider: [query][2]#1# uri=content://media/internal/audio/media/91, selection=null, caller:14163
02-11 11:54:10.738 14163 14186 I SoundPicker: SoundPickerUtil [getFilePathByAudioContentUri] filePath = /system/media/audio/ringtones/Dahlia.flac
02-11 11:54:10.738 14163 14186 I SoundPicker: TurnFileToMediaUriService [type] = 3 [checkFileExistence] get original file path = /system/media/audio/ringtones/Dahlia.flac
02-11 11:54:10.738 14163 14186 I SoundPicker: TurnFileToMediaUriService [type] = 3 [checkFileExistence] fileExisted = /system/media/audio/ringtones/Dahlia.flac
02-11 11:54:10.738 14163 14186 D RingtoneManager: getActualDefaultRingtoneUri(context, 2)
02-11 11:54:10.738 14163 14186 I SoundPicker: SoundPickerUtil [getRingtone] uri=content://media/internal/audio/media/61?canonical=1&title=Lotus type=4
02-11 11:54:10.738 14163 14186 I SoundPicker: TurnFileToMediaUriService [type] = 4 [checkFileExistence] get current setting uri = content://media/internal/audio/media/61?canonical=1&title=Lotus
02-11 11:54:10.748 21709 21738 D MediaProvider: [query][1]#1# uri=content://media/internal/audio/media/61, selection=null, caller:14163
02-11 11:54:10.748 21709 21738 D MediaProvider: [query][2]#1# uri=content://media/internal/audio/media/61, selection=null, caller:14163
02-11 11:54:10.748 14163 14186 I SoundPicker: SoundPickerUtil [getFilePathByAudioContentUri] filePath = /system/media/audio/notifications/Lotus.flac
02-11 11:54:10.748 14163 14186 I SoundPicker: TurnFileToMediaUriService [type] = 4 [checkFileExistence] get original file path = /system/media/audio/notifications/Lotus.flac
02-11 11:54:10.748 14163 14186 I SoundPicker: TurnFileToMediaUriService [type] = 4 [checkFileExistence] fileExisted = /system/media/audio/notifications/Lotus.flac
02-11 11:54:10.748 14163 14186 D RingtoneManager: getActualDefaultRingtoneUri(context, 4)
02-11 11:54:10.748 14163 14186 I SoundPicker: SoundPickerUtil [getRingtone] uri=content://media/internal/audio/media/30 type=5
02-11 11:54:10.748 14163 14186 I SoundPicker: TurnFileToMediaUriService [type] = 5 [checkFileExistence] get current setting uri = content://media/internal/audio/media/30
02-11 11:54:10.758 21709 21729 D MediaProvider: [query][1]#1# uri=content://media/internal/audio/media/30, selection=null, caller:14163
02-11 11:54:10.758 14163 14186 I SoundPicker: SoundPickerUtil [getFilePathByAudioContentUri] filePath = /system/media/audio/alarms/Foxglove.flac
02-11 11:54:10.758 14163 14186 I SoundPicker: TurnFileToMediaUriService [type] = 5 [checkFileExistence] get original file path = /system/media/audio/alarms/Foxglove.flac
02-11 11:54:10.758 14163 14186 I SoundPicker: TurnFileToMediaUriService [type] = 5 [checkFileExistence] fileExisted = /system/media/audio/alarms/Foxglove.flac
02-11 11:54:10.758 14163 14186 I SoundPicker: SoundPickerUtil [getRingtone] uri=content://media/internal/audio/media/59 type=6
02-11 11:54:10.758 14163 14186 I SoundPicker: TurnFileToMediaUriService [type] = 6 [checkFileExistence] get current setting uri = content://media/internal/audio/media/59
02-11 11:54:10.758 21709 21738 D MediaProvider: [query][2]#1# uri=content://media/internal/audio/media/59, selection=null, caller:14163
02-11 11:54:10.768 14163 14186 I SoundPicker: SoundPickerUtil [getFilePathByAudioContentUri] filePath = /system/media/audio/notifications/Lilac.flac
02-11 11:54:10.768 14163 14186 I SoundPicker: TurnFileToMediaUriService [type] = 6 [checkFileExistence] get original file path = /system/media/audio/notifications/Lilac.flac
02-11 11:54:10.768 14163 14186 I SoundPicker: TurnFileToMediaUriService [type] = 6 [checkFileExistence] fileExisted = /system/media/audio/notifications/Lilac.flac
02-11 11:54:10.768 14163 14186 I SoundPicker: SoundPickerUtil [getRingtone] uri=content://media/internal/audio/media/65 type=7
02-11 11:54:10.768 14163 14186 I SoundPicker: TurnFileToMediaUriService [type] = 7 [checkFileExistence] get current setting uri = content://media/internal/audio/media/65
02-11 11:54:10.778 21709 21729 D MediaProvider: [query][2]#1# uri=content://media/internal/audio/media/65, selection=null, caller:14163
02-11 11:54:10.778 14163 14186 I SoundPicker: SoundPickerUtil [getFilePathByAudioContentUri] filePath = /system/media/audio/notifications/Orchid.flac
02-11 11:54:10.778 14163 14186 I SoundPicker: TurnFileToMediaUriService [type] = 7 [checkFileExistence] get original file path = /system/media/audio/notifications/Orchid.flac
02-11 11:54:10.778 14163 14186 I SoundPicker: TurnFileToMediaUriService [type] = 7 [checkFileExistence] fileExisted = /system/media/audio/notifications/Orchid.flac
02-11 11:54:10.778 14163 14186 I SoundPicker: SoundPickerUtil [getRingtone] uri=content://media/internal/audio/media/67 type=8
02-11 11:54:10.778 14163 14186 I SoundPicker: TurnFileToMediaUriService [type] = 8 [checkFileExistence] get current setting uri = content://media/internal/audio/media/67
02-11 11:54:10.778 21709 21738 D MediaProvider: [query][1]#1# uri=content://media/internal/audio/media/67, selection=null, caller:14163
02-11 11:54:10.778 14163 14186 I SoundPicker: SoundPickerUtil [getFilePathByAudioContentUri] filePath = /system/media/audio/notifications/Sage.flac
02-11 11:54:10.788 14163 14186 I SoundPicker: TurnFileToMediaUriService [type] = 8 [checkFileExistence] get original file path = /system/media/audio/notifications/Sage.flac
02-11 11:54:10.788 14163 14186 I SoundPicker: TurnFileToMediaUriService [type] = 8 [checkFileExistence] fileExisted = /system/media/audio/notifications/Sage.flac
02-11 11:54:10.788 14163 14186 I SoundPicker: SoundPickerUtil [getRingtone] uri=content://media/internal/audio/media/61 type=9
02-11 11:54:10.788 14163 14186 I SoundPicker: TurnFileToMediaUriService [type] = 9 [checkFileExistence] get current setting uri = content://media/internal/audio/media/61
02-11 11:54:10.788 21709 21729 D MediaProvider: [query][1]#1# uri=content://media/internal/audio/media/61, selection=null, caller:14163
02-11 11:54:10.788 14163 14186 I SoundPicker: SoundPickerUtil [getFilePathByAudioContentUri] filePath = /system/media/audio/notifications/Lotus.flac
02-11 11:54:10.798 14163 14186 I SoundPicker: TurnFileToMediaUriService [type] = 9 [checkFileExistence] get original file path = /system/media/audio/notifications/Lotus.flac
02-11 11:54:10.798 14163 14186 I SoundPicker: TurnFileToMediaUriService [type] = 9 [checkFileExistence] fileExisted = /system/media/audio/notifications/Lotus.flac
02-11 11:54:10.798 14163 14163 V Perf    : com.htc.sdm.service.TurnFileToMediaUriService@1840dea0 onDestroy, 0ms
02-11 11:54:10.798   722  1417 V ActivityManager: stopServiceToken: SR=520681213 startId=2
02-11 11:54:11.179   261   261 D qdmemalloc: ion: Unmap buf  base:0xad977000 size:8355840
02-11 11:54:11.179   261   261 D qdmemalloc: ion: Unmap buf  base:0xb3a70000 size:4096
02-11 11:54:11.179   261   261 D qdmemalloc: ion: Free buf base:0x0 size:8355840 fd:59
02-11 11:54:11.179   261   261 D qdmemalloc: ion: Free buf base:0x0 size:4096 fd:65
02-11 11:54:11.359 15521 14121 D MediaManager: [MMPScanService]	Scan finish: file:///storage/emulated/0
02-11 11:54:11.359 15521 14121 D MediaManager: [MMP_DEBUG]	[hasDuplicatedScan][2] Group: 6 - duplicated? : true
02-11 11:54:11.359 15521 14121 D MediaManager: [MMPScanService]	Scan in queue, skip
02-11 11:54:11.359 15521 14121 D MediaManager: [MMPScanService]	MMP scan finished case1: false
02-11 11:54:11.359   722 14466 V ActivityManager: stopServiceToken: SR=554469516 startId=2
02-11 11:54:11.369 15521 14121 D MediaManager: [MMP_DEBUG]	[hasDuplicatedScan][3] Group: 3 - duplicated? : false
02-11 11:54:11.369 15521 14121 D MediaManager: [MMPScanner]	syncMP
02-11 11:54:11.369 15521 14121 D MediaManager: [MMP_DEBUG]	[syncMP2MMP]
02-11 11:54:11.369 15521 14121 D MediaManager: [MMP_DEBUG]	[syncMP2MMP][mmpWhere]_id>? and ( ((media_type = 3 OR media_type = 1) AND (_id=41)))
02-11 11:54:11.369 15521 14121 D MediaManager: [MMP_DEBUG]	[syncMP2MMP][mpWhere]_id>? and ( ((media_type = 3 OR media_type = 1) AND (_id=41)))
02-11 11:54:11.369 15521 14121 D MediaManager: [MMP_DEBUG]	[syncMP2MMP][mpWhere_limitID]_id>? and _id<=? and ( ((media_type = 3 OR media_type = 1) AND (_id=41)))
02-11 11:54:11.379 15521 14121 D MediaManager: [MMP_DEBUG]	[query] content://mediamanager/media/external/file?limit=500
02-11 11:54:11.389 15521 14121 D MediaManager: [MMP_DEBUG]	[query]: content://mediamanager/media/external/file?limit=500
02-11 11:54:11.389 15521 14121 D MediaManager: [MMP_DEBUG]	[query Selection]: _id>? and ( ((media_type = 3 OR media_type = 1) AND (_id=41)))
02-11 11:54:11.389 15521 14121 D MediaManager: [MMP_DEBUG]	[query MMP] selection:_id>? and ( ((media_type = 3 OR media_type = 1) AND (_id=41))) , limit:500
02-11 11:54:11.419 15521 14121 D MediaManager: [MMP_DEBUG]	[query] notify URI: content://mediamanager/media
02-11 11:54:11.429 15521 14121 D MediaManager: [MediaManagerProvider]	[query][51]#0# uri=content://mediamanager/media/external/file?limit=500, selection=_id>? and ( ((media_type = 3 OR media_type = 1) AND (_id=41))), caller:com.htc.mediamanager, PID:15521
02-11 11:54:11.429   722  1415 I ActivityManager: 15521 get provider media 21709
02-11 11:54:11.459 21709 21738 D MediaProvider: [query][12]#0# uri=content://media/external/file?limit=500, selection=_id>? and ( ((media_type = 3 OR media_type = 1) AND (_id=41))), caller:15521
02-11 11:54:11.459 15521 14121 D MediaManager: [MMPScanner]	Sync: #1:1, 0:0:0:0, 0, 0
02-11 11:54:11.479 15521 14121 D MediaManager: [MMPScanner]	[syncMP2MMP][107]#0,0,0,0#
02-11 11:54:11.479   722   867 I ActivityManager: broadcast act=com.htc.intent.action.MMP_SCAN_FINISHED from pid=15521, uid=10026,parallel BR:null,size=0,order BR:null,size=0,resultTo=null
02-11 11:54:11.479   722   738 V ActivityManager: stopServiceToken: SR=554469516 startId=3
02-11 11:54:11.489 15521 14121 D MediaManager: [MMP_DEBUG]	[hasDuplicatedScan][4] Group: 3 - duplicated? : false
02-11 11:54:11.489 15521 14121 D MediaManager: [MMPScanner]	syncMP
02-11 11:54:11.489 15521 14121 D MediaManager: [MMP_DEBUG]	[syncMP2MMP]
02-11 11:54:11.489 15521 14121 D MediaManager: [MMP_DEBUG]	[syncMP2MMP][mmpWhere]_id>? and ( ((media_type = 3 OR media_type = 1) AND (_id=854)))
02-11 11:54:11.489 15521 14121 D MediaManager: [MMP_DEBUG]	[syncMP2MMP][mpWhere]_id>? and ( ((media_type = 3 OR media_type = 1) AND (_id=854)))
02-11 11:54:11.489 15521 14121 D MediaManager: [MMP_DEBUG]	[syncMP2MMP][mpWhere_limitID]_id>? and _id<=? and ( ((media_type = 3 OR media_type = 1) AND (_id=854)))
02-11 11:54:11.499 15521 14121 D MediaManager: [MMP_DEBUG]	[query] content://mediamanager/media/external/file?limit=500
02-11 11:54:11.499 15521 14121 D MediaManager: [MMP_DEBUG]	[query]: content://mediamanager/media/external/file?limit=500
02-11 11:54:11.499 15521 14121 D MediaManager: [MMP_DEBUG]	[query Selection]: _id>? and ( ((media_type = 3 OR media_type = 1) AND (_id=854)))
02-11 11:54:11.499 15521 14121 D MediaManager: [MMP_DEBUG]	[query MMP] selection:_id>? and ( ((media_type = 3 OR media_type = 1) AND (_id=854))) , limit:500
02-11 11:54:11.529 15521 14121 D MediaManager: [MMP_DEBUG]	[query] notify URI: content://mediamanager/media
02-11 11:54:11.529 15521 14121 D MediaManager: [MediaManagerProvider]	[query][50]#0# uri=content://mediamanager/media/external/file?limit=500, selection=_id>? and ( ((media_type = 3 OR media_type = 1) AND (_id=854))), caller:com.htc.mediamanager, PID:15521
02-11 11:54:11.539   939   939 D HtcThemeUtils: Clear the texture cache.
02-11 11:54:11.539   939   939 I HWMemoryController: perform trim hwacc texture cache
02-11 11:54:11.539   939   939 D HtcUPManager: HtcUPServiceProxy onTrimMemory() has been called. Memory Level: 60
02-11 11:54:11.539   939  1519 D OpenGLRenderer: Flushing caches (mode 1)
02-11 11:54:11.549 21709 21729 D MediaProvider: [query][8]#0# uri=content://media/external/file?limit=500, selection=_id>? and ( ((media_type = 3 OR media_type = 1) AND (_id=854))), caller:15521
02-11 11:54:11.559 15521 14121 D MediaManager: [MMPScanner]	Sync: #1:1, 0:0:0:0, 0, 0
02-11 11:54:11.559 15521 14121 D MediaManager: [MMPScanner]	[syncMP2MMP][87]#0,0,0,0#
02-11 11:54:11.569 15521 14121 D MediaManager: [MMP_DEBUG]	[hasDuplicatedScan][5] Group: 3 - duplicated? : false
02-11 11:54:11.569 15521 14121 D MediaManager: [MMPScanner]	syncMP
02-11 11:54:11.569 15521 14121 D MediaManager: [MMP_DEBUG]	[syncMP2MMP]
02-11 11:54:11.569 15521 14121 D MediaManager: [MMP_DEBUG]	[syncMP2MMP][mmpWhere]_id>? and ( ((media_type = 3 OR media_type = 1) AND (_id=33)))
02-11 11:54:11.569 15521 14121 D MediaManager: [MMP_DEBUG]	[syncMP2MMP][mpWhere]_id>? and ( ((media_type = 3 OR media_type = 1) AND (_id=33)))
02-11 11:54:11.569 15521 14121 D MediaManager: [MMP_DEBUG]	[syncMP2MMP][mpWhere_limitID]_id>? and _id<=? and ( ((media_type = 3 OR media_type = 1) AND (_id=33)))
02-11 11:54:11.569   722  1413 I ActivityManager: broadcast act=com.htc.intent.action.MMP_SCAN_FINISHED from pid=15521, uid=10026,parallel BR:null,size=0,order BR:null,size=0,resultTo=null
02-11 11:54:11.569   722  3974 V ActivityManager: stopServiceToken: SR=554469516 startId=4
02-11 11:54:11.579 15521 14121 D MediaManager: [MMP_DEBUG]	[query] content://mediamanager/media/external/file?limit=500
02-11 11:54:11.579 15521 14121 D MediaManager: [MMP_DEBUG]	[query]: content://mediamanager/media/external/file?limit=500
02-11 11:54:11.579 15521 14121 D MediaManager: [MMP_DEBUG]	[query Selection]: _id>? and ( ((media_type = 3 OR media_type = 1) AND (_id=33)))
02-11 11:54:11.579 15521 14121 D MediaManager: [MMP_DEBUG]	[query MMP] selection:_id>? and ( ((media_type = 3 OR media_type = 1) AND (_id=33))) , limit:500
02-11 11:54:11.589 15521 14121 D MediaManager: [MMP_DEBUG]	[query] notify URI: content://mediamanager/media
02-11 11:54:11.589 15521 14121 D MediaManager: [MediaManagerProvider]	[query][17]#0# uri=content://mediamanager/media/external/file?limit=500, selection=_id>? and ( ((media_type = 3 OR media_type = 1) AND (_id=33))), caller:com.htc.mediamanager, PID:15521
02-11 11:54:11.599 21709 27263 D MediaProvider: [query][6]#0# uri=content://media/external/file?limit=500, selection=_id>? and ( ((media_type = 3 OR media_type = 1) AND (_id=33))), caller:15521
02-11 11:54:11.599 15521 14121 D MediaManager: [MMPScanner]	Sync: #1:1, 0:0:0:0, 0, 0
02-11 11:54:11.609 15521 14121 D MediaManager: [MMPScanner]	[syncMP2MMP][38]#0,0,0,0#
02-11 11:54:11.609   722  1173 I ActivityManager: broadcast act=com.htc.intent.action.MMP_SCAN_FINISHED from pid=15521, uid=10026,parallel BR:null,size=0,order BR:null,size=0,resultTo=null
02-11 11:54:11.609   722  1142 V ActivityManager: stopServiceToken: SR=554469516 startId=5
02-11 11:54:11.649   722   882 D InputDispatcher: notifyM-evT=81789146,dev=5,src=0x1002, ac=0x0, downT=81789146
02-11 11:54:11.649   722   882 D InputDispatcher: id[0]=0,tool=1,x=505,y=1784
02-11 11:54:11.649   722   881 D InputDispatcher: DispatchM[0]3f5341de StatusBar (s),evT=81789146,curT=81789146
02-11 11:54:11.649   939   939 D InputEventReceiver: dispatchM{ac=4,id[0]=0,(0,0),tool=1,flags=0x0,pointCnt=1,evT=81789146,downT=81789146,dev=5,src=0x1002}
02-11 11:54:11.649   722   881 D InputDispatcher: DispatchM[0]a225faa com.htc.launcher.Launcher (s),evT=81789146,curT=81789146
02-11 11:54:11.649   722   881 D InputDispatcher: DispatchM[0]32b5bc66 com.android.systemui.ImageWallpaper (s),evT=81789146,curT=81789146
02-11 11:54:11.649   939   939 D InputEventReceiver: finishM{evT=81789146}
02-11 11:54:11.649   722   881 D InputDispatcher: DispatchM[0]WindowManager (s),evT=81789146,curT=81789146
02-11 11:54:11.649   939   939 D InputEventReceiver: dispatchM{ac=0,id[0]=0,(505,1784),tool=1,flags=0x1,pointCnt=1,evT=81789146,downT=81789146,dev=5,src=0x1002}
02-11 11:54:11.649   722   881 I PowerManagerService-JNI: [Stability] userActivity 2
02-11 11:54:11.649   722   881 D InputDispatcher: FinishedM-evT=81789146
02-11 11:54:11.649   263   283 I PnPMgr  : Write '/sys/power/pnpmgr/hotplug/mp_min_cpus' = '2' <Rule: input boost>
02-11 11:54:11.649   263   283 I PnPMgr  : Write '/sys/block/mmcblk0/queue/max_sectors_kb' = '64' <Rule: long duration input boost >
02-11 11:54:11.649  1165  1165 D InputEventReceiver: dispatchM{ac=0,id[0]=0,(505,1784),tool=1,flags=0x0,pointCnt=1,evT=81789146,downT=81789146,dev=5,src=0x1002}
02-11 11:54:11.649  1165  1165 D Hotseat : resetGiveUpFocus
02-11 11:54:11.649   722   881 I PMS     : uAFN (81789146,2,0)
02-11 11:54:11.649   722   881 D PMS     : udaUAEL
02-11 11:54:11.649   722   881 D PMS     : updatePSL(0x1,true) (repeat:7)
02-11 11:54:11.649   722   881 D PMS     : updatePSL(0x4,true)
02-11 11:54:11.659   939   939 D InputEventReceiver: finishM{evT=81789146}
02-11 11:54:11.659   722 14466 D WindowManager: Haptic effectId:1, pattern len:1
02-11 11:54:11.659   722   881 D InputDispatcher: FinishedM-evT=81789146
02-11 11:54:11.659   722 14466 D Vibrator: vib dbg, vibrate, time: 15, obj: android.os.SystemVibrator@48d8c05
02-11 11:54:11.659   722   765 D InputEventReceiver: dispatchM{ac=0,id[0]=0,(505,1784),tool=1,flags=0x0,pointCnt=1,evT=81789146,downT=81789146,dev=5,src=0x1002}
02-11 11:54:11.659   722   765 D InputEventReceiver: finishM{evT=81789146}
02-11 11:54:11.659   722   881 D InputDispatcher: FinishedM-evT=81789146
02-11 11:54:11.659  1165  1165 V View    : onTouchEvent com.htc.launcher.BubbleTextView{2b6e4fdd VFED..C. ...P..ID 394,41-592,300 #0}
02-11 11:54:11.659  1165  1165 I PhoneWindow: cb.dispatchTouchEvent handled
02-11 11:54:11.659  1165  1165 D InputEventReceiver: finishM{evT=81789146}
02-11 11:54:11.659   722   881 D InputDispatcher: FinishedM-evT=81789146
02-11 11:54:11.659   722 14466 D VibratorService: vib dbg, vibrate, time: 15, pid: 722, enlarge:0
02-11 11:54:11.739   722   882 D InputDispatcher: notifyM-evT=81789232,dev=5,src=0x1002, ac=0x1, downT=81789146
02-11 11:54:11.739   722   882 D InputDispatcher: id[0]=0,tool=1,x=504,y=1786
02-11 11:54:11.739   722   881 D InputDispatcher: DispatchM[1]a225faa com.htc.launcher.Launcher (s),evT=81789232,curT=81789232
02-11 11:54:11.739  1165  1165 D InputEventReceiver: dispatchM{ac=1,id[0]=0,(504,1786),tool=1,flags=0x0,pointCnt=1,evT=81789232,downT=81789146,dev=5,src=0x1002}
02-11 11:54:11.739   722   881 D InputDispatcher: DispatchM[1]32b5bc66 com.android.systemui.ImageWallpaper (s),evT=81789232,curT=81789232
02-11 11:54:11.739   939   939 D InputEventReceiver: dispatchM{ac=1,id[0]=0,(504,1786),tool=1,flags=0x1,pointCnt=1,evT=81789232,downT=81789146,dev=5,src=0x1002}
02-11 11:54:11.739   722   881 D InputDispatcher: DispatchM[1]WindowManager (s),evT=81789232,curT=81789232
02-11 11:54:11.739   939   939 D InputEventReceiver: finishM{evT=81789232}
02-11 11:54:11.739   722   881 D InputDispatcher: FinishedM-evT=81789232
02-11 11:54:11.739   722   765 D InputEventReceiver: dispatchM{ac=1,id[0]=0,(504,1786),tool=1,flags=0x0,pointCnt=1,evT=81789232,downT=81789146,dev=5,src=0x1002}
02-11 11:54:11.739  1165  1165 V View    : onTouchEvent com.htc.launcher.BubbleTextView{2b6e4fdd VFED..C. ...P..ID 394,41-592,300 #0}
02-11 11:54:11.739  1165  1165 I PhoneWindow: cb.dispatchTouchEvent handled
02-11 11:54:11.739  1165  1165 D InputEventReceiver: finishM{evT=81789232}
02-11 11:54:11.739   722   765 D InputEventReceiver: finishM{evT=81789232}
02-11 11:54:11.739   722   767 D InputManager: updateNativeGestureEnabledLocked = true, true, false, true
02-11 11:54:11.739   722   881 D InputDispatcher: FinishedM-evT=81789232
02-11 11:54:11.739   722   881 D InputDispatcher: FinishedM-evT=81789232
02-11 11:54:11.739   722   767 D InputDispatcher: setFocus: AppWindowToken{29244b53 token=Token{21e98f42 ActivityRecord{26d0c18d u0 com.htc.launcher/.Launcher t2223}}}
02-11 11:54:11.739   722   765 D StackTapPointerEventListener: onPointerEvent: send TAP_OUTSIDE_STACK by motion event: MotionEvent { action=ACTION_UP, id[0]=0, x[0]=504.35535, y[0]=1786.0464, toolType[0]=TOOL_TYPE_FINGER, buttonState=0, metaState=0, flags=0x0, edgeFlags=0x0, pointerCount=1, historySize=0, eventTime=81789232, downTime=81789146, deviceId=5, source=0x1002 }, touch exclude region: SkRegion((0,0,1080,75))
02-11 11:54:11.739   722   767 D ActivityManager: setFocusedStack: stackId=0
02-11 11:54:11.749  1165  1165 D Prism.IndicatorPagedVi_: onActive com.htc.launcher.pageview.AllAppsPagedView{27651b12 V.E.H... ......I. 0,237-1080,1920 #7f020174 app:id/all_apps_paged_view}
02-11 11:54:11.749  1165  1165 D Prism.IndicatorPagedVi_: invalidatePageData active com.htc.launcher.pageview.AllAppsPagedView{27651b12 V.E.H... ......I. 0,237-1080,1920 #7f020174 app:id/all_apps_paged_view}
02-11 11:54:11.759  1165  1165 D Prism.IndicatorPagedVi_: syncPages nNumPages: 3
02-11 11:54:11.759  1165  1165 D PagedView: updateMaxScroll() 3
02-11 11:54:11.759  1165  1165 D PagedView: page:0, count:3
02-11 11:54:11.759  1165  1165 D Prism.IndicatorPagedVi_: syncPageItems page: 0, layout: com.htc.launcher.PagedViewCellLayout{18ab7b1 V.E..... ......I. 0,0-0,0}
02-11 11:54:11.759  1165  1165 D Prism.IndicatorPagedVi_: syncPageItems isPageWithItem: true
02-11 11:54:11.799  1165  1165 D Launcher: showAppsCustomizeHelper APPS_CUSTOMIZE, animate: true
02-11 11:54:11.809  1165  1165 D Launcher.Workspace: Check current position // getChangeStateAnimation : false
02-11 11:54:11.809  1165  1165 D Launcher.Workspace: Check current position // Workspace setCurrentPage : 1
02-11 11:54:11.809  1165  1165 D PagedView: Check current position // setCurrentPage + 1
02-11 11:54:11.809  1165  1165 D PagedView: Check current position // getChildOffset + 
02-11 11:54:11.809  1165  1165 D PagedView: Check current position // getChildOffset 1080, 0
02-11 11:54:11.809  1165  1165 D PagedView: Check current position // getChildOffset - 
02-11 11:54:11.809  1165  1165 D PagedView: Check current position // updateCurrentPageScroll : 1080, 0
02-11 11:54:11.809  1165  1165 D PagedView: Check current position // setCurrentPage -1080
02-11 11:54:11.809  1165  1165 D Launcher.Workspace: onLeaveFeedPage: android.view.ViewRootImpl$W@31c8288e, 
02-11 11:54:11.809  1165  1165 D Launcher: onPageReconfigged
02-11 11:54:11.809  1165  1165 V Prism.WorkspaceThumbna_: onPageReconfigged
02-11 11:54:11.809  1165  1165 D PagedView: updateMaxScroll() 3
02-11 11:54:11.809  1165  1165 D PagedView: Check current position // getChildOffset + 
02-11 11:54:11.809  1165  1165 D PagedView: Check current position // getChildOffset 540, 0
02-11 11:54:11.809  1165  1165 D PagedView: Check current position // getChildOffset 540, 1
02-11 11:54:11.809  1165  1165 D PagedView: Check current position // getChildOffset - 
02-11 11:54:11.809  1165  1165 D PagedView: Check current position // getChildOffset + 
02-11 11:54:11.809  1165  1165 D PagedView: Check current position // getChildOffset 540, 0
02-11 11:54:11.809  1165  1165 D PagedView: Check current position // getChildOffset - 
02-11 11:54:11.809  1165  1165 D Launcher.Workspace: Check current position // Workspace setCurrentPage : 1
02-11 11:54:11.809  1165  1165 D PagedView: Check current position // setCurrentPage + 1
02-11 11:54:11.809  1165  1165 D PagedView: Check current position // updateCurrentPageScroll : 570, 0
02-11 11:54:11.809  1165  1165 D PagedView: Check current position // getChildOffset + 
02-11 11:54:11.809  1165  1165 D PagedView: Check current position // getChildOffset 1080, 0
02-11 11:54:11.809  1165  1165 D PagedView: Check current position // getChildOffset - 
02-11 11:54:11.809  1165  1165 D PagedView: Check current position // setCurrentPage -570
02-11 11:54:11.809  1165  1165 D Launcher.Workspace: onLeaveFeedPage: android.view.ViewRootImpl$W@31c8288e, 
02-11 11:54:11.809  1165  1165 D Launcher: onPageReconfigged
02-11 11:54:11.809  1165  1165 V Prism.WorkspaceThumbna_: onPageReconfigged
02-11 11:54:11.809  1165  1165 D PagedView: Check current position // getChildOffset + 
02-11 11:54:11.809  1165  1165 D PagedView: Check current position // getChildOffset - 
02-11 11:54:11.809  1165  1165 D PagedView: Check current position // getChildOffset + 
02-11 11:54:11.809  1165  1165 D PagedView: Check current position // getChildOffset 540, 0
02-11 11:54:11.809  1165  1165 D PagedView: Check current position // getChildOffset 540, 1
02-11 11:54:11.809  1165  1165 D PagedView: Check current position // getChildOffset 540, 2
02-11 11:54:11.809  1165  1165 D PagedView: Check current position // getChildOffset - 
02-11 11:54:11.809  1165  1165 D PagedView: Check current position // getChildOffset + 
02-11 11:54:11.809  1165  1165 D PagedView: Check current position // getChildOffset 540, 0
02-11 11:54:11.809  1165  1165 D PagedView: Check current position // getChildOffset 540, 1
02-11 11:54:11.809  1165  1165 D PagedView: Check current position // getChildOffset 540, 2
02-11 11:54:11.809  1165  1165 D PagedView: Check current position // getChildOffset 540, 3
02-11 11:54:11.809  1165  1165 D PagedView: Check current position // getChildOffset - 
02-11 11:54:11.809  1165  1165 D PagedView: Check current position // getChildOffset + 
02-11 11:54:11.809  1165  1165 D PagedView: Check current position // getChildOffset 540, 0
02-11 11:54:11.809  1165  1165 D PagedView: Check current position // getChildOffset 540, 1
02-11 11:54:11.809  1165  1165 D PagedView: Check current position // getChildOffset 540, 2
02-11 11:54:11.809  1165  1165 D PagedView: Check current position // getChildOffset 540, 3
02-11 11:54:11.809  1165  1165 D PagedView: Check current position // getChildOffset 540, 4
02-11 11:54:11.809  1165  1165 D PagedView: Check current position // getChildOffset - 
02-11 11:54:11.809  1165  1165 D PagedView: Check current position // getChildOffset + 
02-11 11:54:11.809  1165  1165 D PagedView: Check current position // getChildOffset 540, 0
02-11 11:54:11.809  1165  1165 D PagedView: Check current position // getChildOffset 540, 1
02-11 11:54:11.809  1165  1165 D PagedView: Check current position // getChildOffset 540, 2
02-11 11:54:11.809  1165  1165 D PagedView: Check current position // getChildOffset 540, 3
02-11 11:54:11.809  1165  1165 D PagedView: Check current position // getChildOffset 540, 4
02-11 11:54:11.809  1165  1165 D PagedView: Check current position // getChildOffset 540, 5
02-11 11:54:11.809  1165  1165 D PagedView: Check current position // getChildOffset - 
02-11 11:54:11.809  1165  1165 D PagedView: Check current position // getChildOffset + 
02-11 11:54:11.809  1165  1165 D PagedView: Check current position // getChildOffset 540, 0
02-11 11:54:11.809  1165  1165 D PagedView: Check current position // getChildOffset 540, 1
02-11 11:54:11.809  1165  1165 D PagedView: Check current position // getChildOffset 540, 2
02-11 11:54:11.809  1165  1165 D PagedView: Check current position // getChildOffset 540, 3
02-11 11:54:11.809  1165  1165 D PagedView: Check current position // getChildOffset 540, 4
02-11 11:54:11.809  1165  1165 D PagedView: Check current position // getChildOffset 540, 5
02-11 11:54:11.809  1165  1165 D PagedView: Check current position // getChildOffset 540, 6
02-11 11:54:11.809  1165  1165 D PagedView: Check current position // getChildOffset - 
02-11 11:54:11.819  1165  1165 D Prism.BarController: nFullScreen: false, nForceNotScreen: true
02-11 11:54:11.819  1165  1165 D Prism.BarController: skip
02-11 11:54:11.819  1165  1165 D ContextualWidget: unlockModeChange
02-11 11:54:11.819  1165  1165 D Hotseat : showHotseat: true
02-11 11:54:11.819  1165  1165 D WallpaperManager: getWallpaperInfo(), WallpaperManager = android.app.WallpaperManager@2d3624bc
02-11 11:54:11.819  1165  1165 D Launcher.Utilities: Not live wallpaper
02-11 11:54:11.819  1165  1165 D HtcContextualWidgetProxy: getBindScreen() - widget not bound on screen
02-11 11:54:11.819  1165  1165 D QuickTipsManager: dismissQuickTips
02-11 11:54:11.819  1165  3883 D HtcWrapSettings: loadQuickTipState()
02-11 11:54:11.819  1165  3883 D HtcWrapSettings: QuickTip[0]=true
02-11 11:54:11.819  1165  3883 D HtcWrapSettings: QuickTip[1]=com.htc.calendar:true
02-11 11:54:11.819  1165  3883 D HtcWrapSettings: QuickTip[2]=com.htc.HTCSpeaker:true
02-11 11:54:11.819  1165  3883 D HtcWrapSettings: QuickTip[3]=com.htc.contacts.Atcionbar:true
02-11 11:54:11.819  1165  3883 D HtcWrapSettings: QuickTip[4]=com.htc.launcher.widgetPanel:false
02-11 11:54:11.819  1165  3883 D HtcWrapSettings: QuickTip[5]=com.htc.AutoMotive:true
02-11 11:54:11.819  1165  3883 D HtcWrapSettings: QuickTip[6]=com.htc.camera.swipecamera:false
02-11 11:54:11.819  1165  3883 D HtcWrapSettings: QuickTip[7]=com.htc.launcher.allApps:false
02-11 11:54:11.819  1165  3883 D HtcWrapSettings: QuickTip[8]=com.android.systemui.QS_TIP_MORE:false
02-11 11:54:11.819  1165  3883 D HtcWrapSettings: QuickTip[9]=com.htc.Weather:true
02-11 11:54:11.819  1165  3883 D HtcWrapSettings: QuickTip[10]=com.htc.liveretouch.groupretouch:true
02-11 11:54:11.819  1165  3883 D HtcWrapSettings: QuickTip[11]=com.htc.camera.zoe:true
02-11 11:54:11.819  1165  3883 D HtcWrapSettings: QuickTip[12]=com.android.systemui.QS_TIP_EDIT:false
02-11 11:54:11.819  1165  3883 D HtcWrapSettings: QuickTip[13]=com.htc.camera.gridmenu:false
02-11 11:54:11.819  1165  3883 D HtcWrapSettings: QuickTip[14]=com.htc.camera.settings:false
02-11 11:54:11.819  1165  3883 D HtcWrapSettings: QuickTip[15]=com.htc.launcher.feed:false
02-11 11:54:11.819  1165  3883 D HtcWrapSettings: quick-tip-set: {com.htc.calendar=true, com.htc.HTCSpeaker=true, com.htc.contacts.Atcionbar=true, com.htc.launcher.widgetPanel=false, com.htc.AutoMotive=true, com.htc.camera.swipecamera=false, com.htc.launcher.allApps=false, com.android.systemui.QS_TIP_MORE=false, com.htc.Weather=true, com.htc.liveretouch.groupretouch=true, com.htc.camera.zoe=true, com.android.systemui.QS_TIP_EDIT=false, com.htc.camera.gridmenu=false, com.htc.camera.settings=false, com.htc.launcher.feed=false}, show_all_quick_tips: true;com.htc.calendar:true;com.htc.HTCSpeaker:true;com.htc.contacts.Atcionbar:true;com.htc.launcher.widgetPanel:false;com.htc.AutoMotive:true;com.htc.camera.swipecamera:false;com.htc.launcher.allApps:false;com.android.systemui.QS_TIP_MORE:false;com.htc.Weather:true;com.htc.liveretouch.groupretouch:true;com.htc.camera.zoe:true;com.android.systemui.QS_TIP_EDIT:false;com.htc.camera.gridmenu:false;com.htc.camera.settings:false;com.htc.launcher.feed:false;
02-11 11:54:11.819  1165  3883 D HtcWrapSettings: package name: com.htc.launcher.allApps
02-11 11:54:11.819  1165  3883 D HtcWrapSettings: appQuickTipFlag: false
02-11 11:54:11.819  1165  3883 D HtcWrapSettings: quick-tip-set: {com.htc.calendar=true, com.htc.HTCSpeaker=true, com.htc.contacts.Atcionbar=true, com.htc.launcher.widgetPanel=false, com.htc.AutoMotive=true, com.htc.camera.swipecamera=false, com.htc.launcher.allApps=false, com.android.systemui.QS_TIP_MORE=false, com.htc.Weather=true, com.htc.liveretouch.groupretouch=true, com.htc.camera.zoe=true, com.android.systemui.QS_TIP_EDIT=false, com.htc.camera.gridmenu=false, com.htc.camera.settings=false, com.htc.launcher.feed=false}, show_all_quick_tips: true;com.htc.calendar:true;com.htc.HTCSpeaker:true;com.htc.contacts.Atcionbar:true;com.htc.launcher.widgetPanel:false;com.htc.AutoMotive:true;com.htc.camera.swipecamera:false;com.htc.launcher.allApps:false;com.android.systemui.QS_TIP_MORE:false;com.htc.Weather:true;com.htc.liveretouch.groupretouch:true;com.htc.camera.zoe:true;com.android.systemui.QS_TIP_EDIT:false;com.htc.camera.gridmenu:false;com.htc.camera.settings:false;com.htc.launcher.feed:false;
02-11 11:54:11.819  1165  3883 D QuickTipsManager: getQuickTipFlag // ALL_APPS is false
02-11 11:54:11.829  1165  1165 D PagedView: updateMaxScroll() 3
02-11 11:54:11.839  1165  1165 D FeedScrollView: onVisibilityChanged: com.htc.launcher.feeds.view.FeedScrollGridView{373657a I.E...CL ........ 0,0-1080,1845 #7f0200fc app:id/feed} 4
02-11 11:54:11.849   263   283 I PnPMgr  : Write '/sys/power/pnpmgr/hotplug/mp_min_cpus' = '1' <Rule: Default>
02-11 11:54:11.849  1165  1165 D Prism.WorkspaceThumbna_: setupChildThumbnails: false
02-11 11:54:11.849  1165  1165 D Prism.WorkspaceThumbna_: setupChildThumbnails: false
02-11 11:54:11.859  1165  1165 D PagedView: page:0, count:3
02-11 11:54:11.859  1165  1165 D Prism.IndicatorPagedVi_: syncPageItems page: 1, layout: com.htc.launcher.PagedViewCellLayout{2ec5812b V.E..... ........ 0,1682-1080,3363}
02-11 11:54:11.859  1165  1165 D Prism.IndicatorPagedVi_: syncPageItems isPageWithItem: true
02-11 11:54:11.909  1165  1165 D Prism.IndicatorPagedVi_: syncPageItems page: 2, layout: com.htc.launcher.PagedViewCellLayout{29b54988 I.E..... ......ID 0,3363-1080,5044}
02-11 11:54:11.909  1165  1165 D Prism.IndicatorPagedVi_: syncPageItems isPageWithItem: true
02-11 11:54:11.959  1165  1165 D PagedView: updateMaxScroll() 3
02-11 11:54:12.050  1165  1165 D Prism.PagesManager: isHomeScreenStyleBlinkFeed m_nFeedIndex: 0, m_nMaxPageCount: 6
02-11 11:54:12.050  1165  1165 D Launcher.Workspace: updateFeedPageByHomeScreenStyle: 1.000000
02-11 11:54:12.060  1165  1165 I Launcher: updateWallpaperVisibility: false
02-11 11:54:12.060  1165  1165 D FeedScrollView: onVisibilityChanged: com.htc.launcher.Workspace{2e0327cc I.EDH... ......ID 0,75-1080,1920 #7f0200fb app:id/workspace} 4
02-11 11:54:12.060  1165  1165 D Launcher: The background alpha of DragLayer after animation: 0.000000
02-11 11:54:12.070   939   939 D ImageWallpaper: onVisibilityChanged: mVisible, visible=true, false
02-11 11:54:12.070   939   939 D ImageWallpaper: Visibility changed to visible=false
02-11 11:54:12.070   939   939 D ImageWallpaper: onVisibilityChanged(), drawFrame()
02-11 11:54:12.070   939   939 D ImageWallpaper: Suppressed drawFrame since redraw is not needed and offsets have not changed.
02-11 11:54:12.070   722  1175 V WindowManager: New wallpaper target: null oldTarget: Window{a225faa u0 com.htc.launcher/com.htc.launcher.Launcher}
02-11 11:54:12.070   722  1175 V WindowManager: No wallpaper target
02-11 11:54:12.070   722  1175 D WindowManager: Wallpaper token WindowToken{bd92c52 android.os.Binder@241cf39d} hidden=true
02-11 11:54:12.070   722  1175 V WindowManager: Updating vis of wallpaper Window{32b5bc66 u0 com.android.systemui.ImageWallpaper}: false from:
02-11 11:54:12.070   722  1175 V WindowManager:   com.android.server.wm.WindowManagerService.adjustWallpaperWindowsLocked:2010
02-11 11:54:12.070   722  1175 V WindowManager:   com.android.server.wm.WindowManagerService.performLayoutAndPlaceSurfacesLockedInner:9849
02-11 11:54:12.070   722  1175 V WindowManager:   com.android.server.wm.WindowManagerService.performLayoutAndPlaceSurfacesLockedLoop:8964
02-11 11:54:12.070   722  1175 V WindowManager:   com.android.server.wm.WindowManagerService.performLayoutAndPlaceSurfacesLocked:8906
02-11 11:54:12.070   722  1175 V WindowManager: adjustWallpaper win Window{32b5bc66 u0 com.android.systemui.ImageWallpaper} anim layer: 21000
02-11 11:54:12.070   722  1175 D WindowManager: New wallpaper: target=null lower=null upper=null
02-11 11:54:12.070   722  1175 D PMS     : setSBOFWM:(-1,722,1000)
02-11 11:54:12.070   722  1175 D PMS     : setUATOFWM:(-1,722,1000)
02-11 11:54:12.070   722  1175 D WindowManager: Relayout Window{a225faa u0 com.htc.launcher/com.htc.launcher.Launcher}, fl=0xd810900, vsysui=0x700, vis 0 to 0, mDrawState=4, outFrame=[0,0][1080,1920]
02-11 11:54:12.070  1165  1165 D ViewRootImpl: RW(00001):1,com.htc.launcher.Launcher,null,f=[0,0][1080,1920] o=[0,0][0,0] c=[0,75][0,0] s=[0,75][0,0] v=[0,75][0,0]
02-11 11:54:12.070   722   767 I WindowManager:   SURFACE HIDE: Window{32b5bc66 u0 com.android.systemui.ImageWallpaper}
02-11 11:54:12.110 15521 14121 D MediaManager: [MMPScanService]	Scan start: file:///storage/usb
02-11 11:54:12.110   722  1415 I ActivityManager: broadcast act=com.htc.intent.action.MMP_SCAN_STARTED dat=file:///storage/usb from pid=15521, uid=10026,parallel BR:187305f9,u0,size=1,replaced=0,order BR:null,size=0,resultTo=null
02-11 11:54:12.110   722  1121 V ActivityManager: stopServiceToken: SR=554469516 startId=6
02-11 11:54:12.160 15521 15541 D MediaManager: [MMPUtils]	[requestScan] Scan Category: images
02-11 11:54:12.170 15521 15541 D MediaManager: [MMPUtils]	[requestScan] Scan Category: videos
02-11 11:54:12.170 15521 15521 D MediaManager: [MMPScanService]	[onStartCommand][9]
02-11 11:54:12.170 15521 15521 D MediaManager: [MMP_DEBUG]	[abortIfNeed][9] Group: 3, Latest:4 Keep scan
02-11 11:54:12.170 15521 15521 D MediaManager: [MMPScanService]	[processMessageLocked] 4
02-11 11:54:12.170 15521 15521 V Perf    : com.htc.mediamanager.providers.media.MMPScanService@61eee33 onStartCommand:, 0ms
02-11 11:54:12.170 15521 15521 D MediaManager: [MMPScanService]	[onStartCommand][10]
02-11 11:54:12.170 15521 15521 D MediaManager: [MMP_DEBUG]	[abortIfNeed][10] Group: 3, Latest:5 Keep scan
02-11 11:54:12.170 15521 15521 D MediaManager: [MMPScanService]	[processMessageLocked] 5
02-11 11:54:12.170 15521 15521 V Perf    : com.htc.mediamanager.providers.media.MMPScanService@61eee33 onStartCommand:, 0ms
02-11 11:54:12.170 15521 15541 D MediaManager: [MMPUtils]	[requestScan] Scan Category: files
02-11 11:54:12.170 15521 15521 D MediaManager: [MMPScanService]	[onStartCommand][11]
02-11 11:54:12.170 15521 15521 D MediaManager: [MMP_DEBUG]	[abortIfNeed][11] Group: 3, Latest:2 Keep scan
02-11 11:54:12.170 15521 15521 D MediaManager: [MMPScanService]	[processMessageLocked] 2
02-11 11:54:12.170 15521 15521 V Perf    : com.htc.mediamanager.providers.media.MMPScanService@61eee33 onStartCommand:, 0ms
02-11 11:54:12.170   722  1163 V ActivityManager: startService: Intent { cmp=com.htc.album/com.htc.mediamanager.providers.media.MMPScanService (has extras) } type=null args=Bundle[mParcelledData.dataSize=160] pid=15521
02-11 11:54:12.170   722   739 V ActivityManager: startService: Intent { cmp=com.htc.album/com.htc.mediamanager.providers.media.MMPScanService (has extras) } type=null args=Bundle[mParcelledData.dataSize=160] pid=15521
02-11 11:54:12.170   722  1417 V ActivityManager: startService: Intent { cmp=com.htc.album/com.htc.mediamanager.providers.media.MMPScanService (has extras) } type=null args=Bundle[mParcelledData.dataSize=156] pid=15521
02-11 11:54:12.230 15597 15597 W FragmentSceneMainBase: [HTCAlbum][FragmentSceneMainBase][onBroadcastReceiveDispatcher]: skip ...
02-11 11:54:12.230 15597 15597 V Perf    : com.htc.opensense2.widget.FragmentSceneMainBase$sceneBroadCastReceiver@17b14634 onReceive:com.htc.intent.action.MMP_SCAN_STARTED, 0ms
02-11 11:54:12.230   722   751 I BroadcastQueue: Deliver non-order [BG] BR@187305f9 BF{17d00422 u0 RL{27d94817 15597 com.htc.album/10026/u0}}
02-11 11:54:12.430   722   882 D InputDispatcher: notifyM-evT=81789921,dev=5,src=0x1002, ac=0x0, downT=81789921
02-11 11:54:12.430   722   882 D InputDispatcher: id[0]=0,tool=1,x=333,y=1430
02-11 11:54:12.430   722   881 D InputDispatcher: DispatchM[0]3f5341de StatusBar (s),evT=81789921,curT=81789921
02-11 11:54:12.430   939   939 D InputEventReceiver: dispatchM{ac=4,id[0]=0,(0,0),tool=1,flags=0x0,pointCnt=1,evT=81789921,downT=81789921,dev=5,src=0x1002}
02-11 11:54:12.430   722   881 D InputDispatcher: DispatchM[0]a225faa com.htc.launcher.Launcher (s),evT=81789921,curT=81789921
02-11 11:54:12.430  1165  1165 D InputEventReceiver: dispatchM{ac=0,id[0]=0,(333,1430),tool=1,flags=0x0,pointCnt=1,evT=81789921,downT=81789921,dev=5,src=0x1002}
02-11 11:54:12.430   722   881 D InputDispatcher: DispatchM[0]WindowManager (s),evT=81789921,curT=81789921
02-11 11:54:12.430   722   881 I PowerManagerService-JNI: [Stability] userActivity 2
02-11 11:54:12.430   939   939 D InputEventReceiver: finishM{evT=81789921}
02-11 11:54:12.430   722   765 D InputEventReceiver: dispatchM{ac=0,id[0]=0,(333,1430),tool=1,flags=0x0,pointCnt=1,evT=81789921,downT=81789921,dev=5,src=0x1002}
02-11 11:54:12.430   722   765 D InputEventReceiver: finishM{evT=81789921}
02-11 11:54:12.430   722   881 D InputDispatcher: FinishedM-evT=81789921
02-11 11:54:12.430   722   881 D InputDispatcher: FinishedM-evT=81789921
02-11 11:54:12.430  1165  1165 V View    : onTouchEvent com.htc.launcher.PagedViewIcon{15830f46 VFED..CL ...p.... 255,1014-510,1317 #d}
02-11 11:54:12.430  1165  1165 I PhoneWindow: cb.dispatchTouchEvent handled
02-11 11:54:12.430   263   283 I PnPMgr  : Write '/sys/power/pnpmgr/hotplug/mp_min_cpus' = '2' <Rule: input boost>
02-11 11:54:12.430  1165  1165 D InputEventReceiver: finishM{evT=81789921}
02-11 11:54:12.430   722   881 D InputDispatcher: FinishedM-evT=81789921
02-11 11:54:12.430   722   881 I PMS     : uAFN (81789921,2,0)
02-11 11:54:12.430   722   881 D PMS     : udaUAEL
02-11 11:54:12.460  1165  1423 D WakeLockManager: acquireWakeLock(com.htc.launcher.pageview.AllAppsPagedView{27651b12 V.E.H... ........ 0,237-1080,1920 #7f020174 app:id/all_apps_paged_view}) tag=PrismScroll_2
02-11 11:54:12.460  1165  1165 D QuickTipsManager: dismissQuickTips
02-11 11:54:12.460   722  1142 I PowerManagerService-JNI: acquire_cpunum_min=2
02-11 11:54:12.460  1165  1165 D Prism.AllAppsPagedView: notifyButtonEnabledChange top true, bot false, enable true, nextPage 0
02-11 11:54:12.460  1165  1423 D PowerManager: acquire(2d990507,20000)
02-11 11:54:12.460  1165  1423 D PowerManager: post acquire
02-11 11:54:12.460  1165  1423 D PowerManager: acquire(34197634,20000)
02-11 11:54:12.460  1165  1423 D PowerManager: post acquire
02-11 11:54:12.460  1165  1419 D PowerManager: A run (2d990507,32768,2)
02-11 11:54:12.460   722  1142 D PMS     : acquireHCC(c61993e): CPU_MIN_NUM PrismScroll_2 0x8000 1165 10059 null
02-11 11:54:12.460   722  1142 D PMS     : updatePSL(0x4,true) (repeat:1)
02-11 11:54:12.460   722  1142 D PMS     : updatePSL(0x1,true)
02-11 11:54:12.460  1165  1419 D PowerManager: A run E
02-11 11:54:12.460  1165  1419 D PowerManager: A run (34197634,8192,3)
02-11 11:54:12.470   722 14466 I PowerManagerService-JNI: acquire_cpufreq_min=3
02-11 11:54:12.470   263   283 I PnPMgr  : Write '/sys/power/pnpmgr/hotplug/mp_spc_enabled' = '0' <Rule: Perf - Floor freq>
02-11 11:54:12.470   263   283 I PnPMgr  : Write '/sys/devices/system/cpu/cpu0/cpufreq/scaling_min_freq' = '1026000' <Rule: Perf - Floor freq>
02-11 11:54:12.470   263   283 I PnPMgr  : Write '/sys/devices/system/cpu/cpu1/cpufreq/scaling_min_freq' = '1026000' <Rule: Perf - Floor freq>
02-11 11:54:12.470   263   283 I PnPMgr  : Write '/sys/devices/system/cpu/cpu2/cpufreq/scaling_min_freq' = '1026000' <Rule: Perf - Floor freq>
02-11 11:54:12.470   263   283 I PnPMgr  : Write '/sys/devices/system/cpu/cpu3/cpufreq/scaling_min_freq' = '1026000' <Rule: Perf - Floor freq>
02-11 11:54:12.470   263   283 I PnPMgr  : Write '/sys/power/adaptive_policy/enabled' = '0' <Rule: Perf - Floor freq>
02-11 11:54:12.470   722 14466 D PMS     : acquireHCC(633539f): CPU_MIN_FREQ PrismScroll_2 0x2000 1165 10059 null
02-11 11:54:12.470  1165  1419 D PowerManager: A run E
02-11 11:54:12.500   722   882 D InputDispatcher: notifyM-evT=81789989,dev=5,src=0x1002, ac=0x1, downT=81789921
02-11 11:54:12.500   722   882 D InputDispatcher: id[0]=0,tool=1,x=291,y=1165
02-11 11:54:12.500   722   881 D InputDispatcher: DispatchM[1]a225faa com.htc.launcher.Launcher (s),evT=81789989,curT=81789990
02-11 11:54:12.500   722   881 D InputDispatcher: DispatchM[1]WindowManager (s),evT=81789989,curT=81789990
02-11 11:54:12.500   722   765 D InputEventReceiver: dispatchM{ac=1,id[0]=0,(291,1165),tool=1,flags=0x0,pointCnt=1,evT=81789989,downT=81789921,dev=5,src=0x1002}
02-11 11:54:12.500   722   765 D InputEventReceiver: finishM{evT=81789989}
02-11 11:54:12.500   722   881 D InputDispatcher: FinishedM-evT=81789989
02-11 11:54:12.500  1165  1165 D InputEventReceiver: dispatchM{ac=1,id[0]=0,(291,1165),tool=1,flags=0x0,pointCnt=1,evT=81789989,downT=81789921,dev=5,src=0x1002}
02-11 11:54:12.500  1165  1165 D Prism.AllAppsPagedView: notifyButtonEnabledChange top false, bot false, enable true, nextPage 1
02-11 11:54:12.500  1165  1165 V View    : onTouchEvent com.htc.launcher.pageview.AllAppsPagedView{27651b12 V.E.H... ......ID 0,237-1080,1920 #7f020174 app:id/all_apps_paged_view}
02-11 11:54:12.500  1165  1165 I PhoneWindow: cb.dispatchTouchEvent handled
02-11 11:54:12.500  1165  1165 D InputEventReceiver: finishM{evT=81789989}
02-11 11:54:12.500   722   881 D InputDispatcher: FinishedM-evT=81789989
02-11 11:54:12.600 13979 13992 W SQLiteConnectionPool: A SQLiteConnection object for database '/data/data/com.htc.launcher/databases/BiLogClient' was leaked!  Please fix your application to end transactions in progress properly and to close the database when it is no longer needed.
02-11 11:54:12.600 13979 13992 D SQLiteConnection: DB info: close connection, path: /data/data/com.htc.launcher/databases/BiLogClient, handle: 0xb9d271a0, FH handler: 0xb9d0a520, count: 0
02-11 11:54:12.931 14216 14216 D AndroidRuntime: 
02-11 11:54:12.931 14216 14216 D AndroidRuntime: >>>>>> AndroidRuntime START com.android.internal.os.RuntimeInit <<<<<<
02-11 11:54:12.941 14216 14216 D AndroidRuntime: CheckJNI is OFF
02-11 11:54:12.961   722   882 D InputDispatcher: notifyM-evT=81790454,dev=5,src=0x1002, ac=0x0, downT=81790454
02-11 11:54:12.961   722   882 D InputDispatcher: id[0]=0,tool=1,x=211,y=1707
02-11 11:54:12.961   722   881 D InputDispatcher: DispatchM[0]3f5341de StatusBar (s),evT=81790454,curT=81790454
02-11 11:54:12.961   722   881 D InputDispatcher: DispatchM[0]a225faa com.htc.launcher.Launcher (s),evT=81790454,curT=81790454
02-11 11:54:12.961   722   881 D InputDispatcher: DispatchM[0]WindowManager (s),evT=81790454,curT=81790454
02-11 11:54:12.961  1165  1165 D InputEventReceiver: dispatchM{ac=0,id[0]=0,(211,1707),tool=1,flags=0x0,pointCnt=1,evT=81790454,downT=81790454,dev=5,src=0x1002}
02-11 11:54:12.961   722   881 I PowerManagerService-JNI: [Stability] userActivity 2
02-11 11:54:12.961   722   765 D InputEventReceiver: dispatchM{ac=0,id[0]=0,(211,1707),tool=1,flags=0x0,pointCnt=1,evT=81790454,downT=81790454,dev=5,src=0x1002}
02-11 11:54:12.961   722   765 D InputEventReceiver: finishM{evT=81790454}
02-11 11:54:12.961   722   881 D InputDispatcher: FinishedM-evT=81790454
02-11 11:54:12.961   939   939 D InputEventReceiver: dispatchM{ac=4,id[0]=0,(0,0),tool=1,flags=0x0,pointCnt=1,evT=81790454,downT=81790454,dev=5,src=0x1002}
02-11 11:54:12.961   939   939 D InputEventReceiver: finishM{evT=81790454}
02-11 11:54:12.961   722   881 D InputDispatcher: FinishedM-evT=81790454
02-11 11:54:12.961  1165  1165 V View    : onTouchEvent com.htc.launcher.PagedViewIcon{3850d9d2 VFED..CL ...p.... 0,1352-255,1655 #24}
02-11 11:54:12.961  1165  1165 I PhoneWindow: cb.dispatchTouchEvent handled
02-11 11:54:12.961  1165  1165 D InputEventReceiver: finishM{evT=81790454}
02-11 11:54:12.961   722   881 D InputDispatcher: FinishedM-evT=81790454
02-11 11:54:12.961  1165  1165 D PagedView: page:1, count:3
02-11 11:54:12.961  1165  1423 D WakeLockManager: releaseWakeLock(com.htc.launcher.pageview.AllAppsPagedView{27651b12 V.E.H... ........ 0,237-1080,1920 #7f020174 app:id/all_apps_paged_view}) tag=PrismScroll_2
02-11 11:54:12.961   722   881 I PMS     : uAFN (81790454,2,0)
02-11 11:54:12.961   722   881 D PMS     : udaUAEL
02-11 11:54:12.961   722   881 D PMS     : updatePSL(0x1,true) (repeat:1)
02-11 11:54:12.961   722   881 D PMS     : updatePSL(0x4,true)
02-11 11:54:12.961  1165  1423 D PowerManager: release (2d990507,0)
02-11 11:54:12.961  1165  1423 D PowerManager: post release
02-11 11:54:12.961  1165  1423 D PowerManager: release (34197634,0)
02-11 11:54:12.961  1165  1423 D PowerManager: post release
02-11 11:54:12.961  1165  1419 D PowerManager: R run (2d990507,0)
02-11 11:54:12.971   722   739 I PowerManagerService-JNI: release_cpunum_min
02-11 11:54:12.971   722  3974 I PowerManagerService-JNI: release_cpufreq_min
02-11 11:54:12.971   263   283 I PnPMgr  : Write '/sys/power/pnpmgr/hotplug/mp_spc_enabled' = '1' <Rule: Foreground Apps>
02-11 11:54:12.971   263   283 I PnPMgr  : Write '/sys/devices/system/cpu/cpu0/cpufreq/scaling_min_freq' = '384000' <Rule: Default>
02-11 11:54:12.971   263   283 I PnPMgr  : Write '/sys/devices/system/cpu/cpu1/cpufreq/scaling_min_freq' = '384000' <Rule: Default>
02-11 11:54:12.971   263   283 I PnPMgr  : Write '/sys/devices/system/cpu/cpu2/cpufreq/scaling_min_freq' = '384000' <Rule: Default>
02-11 11:54:12.971   263   283 I PnPMgr  : Write '/sys/devices/system/cpu/cpu3/cpufreq/scaling_min_freq' = '384000' <Rule: Default>
02-11 11:54:12.971   263   283 I PnPMgr  : Write '/sys/power/adaptive_policy/enabled' = '1' <Rule: Default>
02-11 11:54:12.971   722   739 D PMS     : releaseHCC(c61993e): CPU_MIN_NUM PrismScroll_2 0x8000 null
02-11 11:54:12.971   722   739 D PMS     : updatePSL(0x1,true)
02-11 11:54:12.971  1165  1419 D PowerManager: R run E
02-11 11:54:12.971  1165  1419 D PowerManager: R run (34197634,0)
02-11 11:54:12.971   722  3974 D PMS     : releaseHCC(633539f): CPU_MIN_FREQ PrismScroll_2 0x2000 null
02-11 11:54:12.971  1165  1419 D PowerManager: R run E
02-11 11:54:13.001  1165  1165 D QuickTipsManager: dismissQuickTips
