02-11 11:54:06.674   722   751 I BroadcastQueue: Deliver non-order [BG] BR@be76964 BF{1dd8a458 u0 RL{3565453b 722 system/1000/u0 259c1fca}} BF{172e897f u0 RL{8d27a9e 722 system/1000/u0 2e3f10d9}} BF{3bb8b47a u0 RL{322cd8a5 722 system/1000/u0 2845969c}} BF{8b7ddc9 u0 RL{19daa9d0 722 system/1000/u0 ee9593}} BF{32e364ee u0 RL{1d2f269 722 system/1000/u0 2518acf0}} BF{3615a77f u0 RL{108b509e 939 com.android.systemui/10040/u0}} BF{190ebb9b u0 RL{1281f3aa 939 com.android.systemui/10040/u0}} BF{2ffcf2fa u0 RL{20f90125 939 com.android.systemui/10040/u0}} BF{268c08d6 u0 RL{147994f1 939 com.android.systemui/10040/u0}} BF{5ea4b93 u0 RL{2c826882 1808 com.google.process.location/10022/u0}}
02-11 11:54:06.674   722   772 D PMS     : updatePSL(0x1,true) (repeat:1)
02-11 11:54:06.674   722   772 D PMS     : updatePSL(0x100,true)
02-11 11:54:06.674   722   722 D NotificationService: onReceive: android.intent.action.BATTERY_CHANGED
02-11 11:54:06.674   722   722 D NotificationService: plugged=false pluggin=true
02-11 11:54:06.684   939   939 D PowerUI : update low battery warning: level=93
02-11 11:54:06.684   939   939 D PowerUI : plugged = false, health = 2, mBatteryLevel = 93, mPluggedBatteryLevel = 55, mLowBatteryWarningLevel2 = 25, mshowLowChargingWarning2 = true
02-11 11:54:06.684   722   751 I BroadcastQueue: Deliver non-order [BG] BR@be76964 BF{317a4ae2 u0 RL{3dc6a7ad 1808 com.google.process.location/10022/u0}} BF{1b840db1 u0 RL{30b8858 2909 com.android.bluetooth/1002/u0}} BF{2b4c7f23 u0 RL{34a5f052 3630 com.htc.CruiserPwrExpert/10085/u0}}
02-11 11:54:06.684   722   891 D WifiController: battery changed pluggedType: 0
02-11 11:54:06.694   722   722 I ActivityManager: broadcast act=com.htc.intent.action.BATTERY_CHANGE_NOTIFICATION flg=0x24000000 from pid=722, uid=1000,parallel BR:null,size=0,order BR:null,size=0,resultTo=null
02-11 11:54:06.694   722   738 I BatteryService: check bat end
02-11 11:54:06.694   722   772 D PMS     : updateIsPoweredLocked: wasPowered=false, mIsPowered=false, oldPlugType=0, mPlugType=0, mBatteryLevel=93
02-11 11:54:06.694   722   772 D HtcPowerSaver: updateBatteryInfo
02-11 11:54:06.694   722   722 D PMS     : runPSCheck
02-11 11:54:06.694   722   722 D HtcPowerSaver: Checking...
02-11 11:54:06.694   722   722 I HtcPowerSaver: >> updateStatus
02-11 11:54:06.694   722   738 D PMS     : releaseWL(39e122f6): PARTIAL_WAKE_LOCK  BatteryServiceUpdateStats_3 0x1 null
02-11 11:54:06.694   722   738 D PMS     : updatePSL(0x1,true)
02-11 11:54:06.694   722   738 D PMS     : updateWakeLockSummaryLocked: mWakefulness=Asleep, mWakeLockSummary=0x0
02-11 11:54:06.704   722   722 I HtcPowerSaver: updateStatus (8000,93,-1,false,false,false,-1)
02-11 11:54:06.704   722   722 I HtcPowerSaver: << updateStatus
02-11 11:54:06.794   722  1121 D PMS     : acquireWL(1f11ddef): PARTIAL_WAKE_LOCK  BatteryServiceUpdateStats_3 0x1 722 1000 null
02-11 11:54:06.794   722  1121 D PMS     : updateWakeLockSummaryLocked: mWakefulness=Asleep, mWakeLockSummary=0x1
02-11 11:54:06.794   722  1121 I BatteryService: n_update
02-11 11:54:06.794   722  1121 I BatteryService: n_update end
02-11 11:54:06.804   722  1121 I BatteryService: Online (false,true,false)
02-11 11:54:06.804   722  1121 I BatteryService: Battery Others is (false,false,2,2,true,93,4131,239,Li-ion,5,false,0,false,0,0,true,92857745)
02-11 11:54:06.814   722  1121 D BatSI   : UTBL S(false,true,81784291000,92857745000)
02-11 11:54:06.814   722  1121 D BatSI   : o pre2 size=3164
02-11 11:54:06.814   722  1121 D BatSI   : o aft2 size=3164
02-11 11:54:06.824   722  1121 D BatSI   : o pre2 size=117
02-11 11:54:06.824   722  1121 D BatSI   : o aft2 size=117
02-11 11:54:06.824   722  1121 D BatSI   : UTBL E
02-11 11:54:06.824   722  1121 D BatSI   : Wr LHRT:(92857757)
02-11 11:54:06.835   722  1121 D BatSI   : writeS-T-P Cpu n=14
02-11 11:54:06.835   722  1121 D BatSI   : writeS-T-P NU=69
02-11 11:54:06.845   722  1121 I BatteryService: check bat
02-11 11:54:06.845   722  1121 D BatteryService_ULog: ULogForBatteryChargingStateChange(93,2) is called
02-11 11:54:06.845   722  1121 D BatteryService: sendIntent:(93,100,2,2,true,4131,239,Li-ion,false,true,false,false,false,0,false,false,0,0,true,17303142,0)
02-11 11:54:06.845   722  1121 D BatteryService: sendIntentForApp
02-11 11:54:06.845   722  1121 D BatteryService: duration: 7299463 discharge: 7
02-11 11:54:06.845   722   722 I ActivityManager: broadcast act=android.intent.action.BATTERY_CHANGED flg=0x60000000 from pid=722, uid=1000,parallel BR:20efe385,u-1,size=13,replaced=0,order BR:null,size=0,resultTo=null
02-11 11:54:06.845   722   722 I ActivityManager: broadcast act=com.htc.intent.action.BATTERY_CHANGE_NOTIFICATION flg=0x24000000 from pid=722, uid=1000,parallel BR:null,size=0,order BR:null,size=0,resultTo=null
02-11 11:54:06.845   722   722 I ActivityManager: broadcast act=com.htc.intent.action.BATTERY_CHANGE_PARTIAL flg=0x24000000 from pid=722, uid=1000,parallel BR:null,size=0,order BR:33a6b0e8,u-1,size=2,replaced=0
02-11 11:54:06.845   722   722 I BatteryService: power con intent
02-11 11:54:06.845   722   722 I ActivityManager: broadcast act=android.intent.action.ACTION_POWER_CONNECTED flg=0x4000000 from pid=722, uid=1000,parallel BR:c7635a6,u-1,size=7,replaced=0,order BR:37119be7,u-1,size=19,replaced=0
02-11 11:54:06.855   722  1121 D BatSS   : +dump
02-11 11:54:06.895   722  1121 D BatSI   : O LHRT:(0)
02-11 11:54:06.895   722  1121 D BatSI   : N LHRT:(85558073)
02-11 11:54:06.895   722  1121 D BatSI   : Cpu n=14
02-11 11:54:06.925   722   750 D BatSI   : Histroy sync to disk at 0588e60f (00000000+0588e60f)
02-11 11:54:06.955   722  1121 D BatteryStatsHelper: create Stats
02-11 11:54:06.955   722  1121 D BatteryStatsHelper: rfStats S (2,92857901000,81784446000)
02-11 11:54:06.955   722  1121 D BatteryStatsHelper: rfStats time (0,0,0,0)
02-11 11:54:06.955   722  1121 D BatteryStatsHelper: rfStats Drain (1035.0,1104.0)
02-11 11:54:06.955   722  1121 D BatteryStatsHelper: procAppUsage S
02-11 11:54:06.955   722  1121 D BatteryStatsHelper: procAppUsage Value(0.00000121,0.0000531,0.00000009,70)
02-11 11:54:06.965   722  1121 D BatteryStatsHelper: procAppUsage E
02-11 11:54:06.965   722  1121 D BatteryStatsHelper: procMiscUsage S
02-11 11:54:06.965   722  1121 D BatteryStatsHelper: procMiscUsage E
02-11 11:54:06.965   722  1121 D BatteryStatsHelper: rfStats power (0.00000000,1035,1104)
02-11 11:54:06.965   722  1121 D BatteryStatsHelper: refreshStats E
02-11 11:54:07.045   722   772 D PMS     : updatePSL(0x1,true) (repeat:1)
02-11 11:54:07.045   722   772 D PMS     : updatePSL(0x100,true)
02-11 11:54:07.045   722  1121 I BatteryService: check bat end
02-11 11:54:07.045   722   772 D PMS     : updateIsPoweredLocked: wasPowered=false, mIsPowered=true, oldPlugType=0, mPlugType=2, mBatteryLevel=93
02-11 11:54:07.055   722   772 D HtcPowerSaver: updateBatteryInfo
02-11 11:54:07.055   722  1121 D PMS     : releaseWL(1f11ddef): PARTIAL_WAKE_LOCK  BatteryServiceUpdateStats_3 0x1 null
02-11 11:54:07.055   722   751 I BroadcastQueue: Deliver non-order [BG] BR@20efe385 BF{1dd8a458 u0 RL{3565453b 722 system/1000/u0 259c1fca}} BF{172e897f u0 RL{8d27a9e 722 system/1000/u0 2e3f10d9}} BF{3bb8b47a u0 RL{322cd8a5 722 system/1000/u0 2845969c}} BF{8b7ddc9 u0 RL{19daa9d0 722 system/1000/u0 ee9593}} BF{32e364ee u0 RL{1d2f269 722 system/1000/u0 2518acf0}} BF{3615a77f u0 RL{108b509e 939 com.android.systemui/10040/u0}} BF{190ebb9b u0 RL{1281f3aa 939 com.android.systemui/10040/u0}} BF{2ffcf2fa u0 RL{20f90125 939 com.android.systemui/10040/u0}} BF{268c08d6 u0 RL{147994f1 939 com.android.systemui/10040/u0}} BF{5ea4b93 u0 RL{2c826882 1808 com.google.process.location/10022/u0}}
02-11 11:54:07.055   722  1121 D PMS     : updatePSL(0x1,true)
02-11 11:54:07.055   722  1121 D PMS     : updateWakeLockSummaryLocked: mWakefulness=Asleep, mWakeLockSummary=0x0
02-11 11:54:07.055   939   939 D PowerUI : closing low battery warning: level=93
02-11 11:54:07.055   722  1121 D PMS     : acquireWL(ba9f394): PARTIAL_WAKE_LOCK  BatteryServiceUpdateStats_3 0x1 722 1000 null
02-11 11:54:07.055   722  1121 D PMS     : updateWakeLockSummaryLocked: mWakefulness=Asleep, mWakeLockSummary=0x1
02-11 11:54:07.055   939   939 D PowerUI : plugged = true, health = 2, mBatteryLevel = 93, mPluggedBatteryLevel = 93, mLowBatteryWarningLevel2 = 25, mshowLowChargingWarning2 = true
02-11 11:54:07.055   722   751 I BroadcastQueue: Deliver non-order [BG] BR@20efe385 BF{317a4ae2 u0 RL{3dc6a7ad 1808 com.google.process.location/10022/u0}} BF{1b840db1 u0 RL{30b8858 2909 com.android.bluetooth/1002/u0}} BF{2b4c7f23 u0 RL{34a5f052 3630 com.htc.CruiserPwrExpert/10085/u0}}
02-11 11:54:07.055   722  1121 I BatteryService: n_update
02-11 11:54:07.055   939  1007 D PowerManager: wakeUp
02-11 11:54:07.055   722   751 I BroadcastQueue: Deliver non-order [BG] BR@c7635a6 BF{1d2035cc u0 RL{13fb23ff 722 system/1000/u0 3ddeef1e}} BF{2aafd618 u0 RL{4b725fb 722 system/1000/u0 4fa0b8a}} BF{3e129555 u0 RL{394e980c 1503 android.process.acore/10013/u0}} BF{37ba3348 u0 RL{2508f9eb 1808 com.google.process.location/10022/u0}} BF{373152d5 u0 RL{2be3db8c 1548 com.google.process.gapps/10022/u0}} BF{25f880d0 u0 RL{c116893 1427 com.google.android.gms/10022/u0}} BF{ee5b91d u0 RL{39fc4df4 4045 com.google.android.youtube/10145/u0}}
02-11 11:54:07.055   722  1121 I BatteryService: n_update end
02-11 11:54:07.055   722  1413 D PMS     : wakeUp(81784546,939,10040,android.os.IPowerManager$Stub.onTransact:165 android.os.Binder.execTransact:454 <bottom of call stack> )
02-11 11:54:07.055   722  1413 I PMS     : Waking up from sleep (uid 10040)...
02-11 11:54:07.055   722  1413 D PMN     : onInteractiveChangeStarted: interactive=true, reason=0
02-11 11:54:07.055   722  1413 D PMN     : updatePendingBroadcastLocked
02-11 11:54:07.055   722  1413 D BatSI   : Scr interactive=true
02-11 11:54:07.055   722  1413 D PMS     : updatePSL(0x1,true) (repeat:1)
02-11 11:54:07.055   722  1413 D PMS     : updatePSL(0x6,true)
02-11 11:54:07.055   722  1413 D PMS     : updateWakeLockSummaryLocked: mWakefulness=Awake, mWakeLockSummary=0x1
02-11 11:54:07.055   722  1413 D PMS     : updateUserActivitySummaryLocked: mWakefulness=Awake, mUserActivitySummary=0x1,81784547,6,2000,10000, nextTimeout=81792546 (in 7999 ms)
02-11 11:54:07.055   722  1413 D PMS     : sendSSCL: (0,3)
02-11 11:54:07.055   722   772 D XAN-DPC : msg=1
02-11 11:54:07.055   722  1413 D PMS     : updateScreenStateLocked: mDisplayReady=false, policy=3, mWakefulness=Awake, mWakeLockSummary=0x1, mUserActivitySummary=0x1, mBootCompleted=true
02-11 11:54:07.055   722  1413 D PMS     : acq wl D
02-11 11:54:07.055   722   772 D PMS     : Proximity With ScreenOff=false
02-11 11:54:07.055   722   772 D XAN-DPS : setScreenState: state=2
02-11 11:54:07.055   722   772 D BatSI   : Scr state=2
02-11 11:54:07.055   722   772 D BatSI   : UTBL S(false,false,81784548000,92858002000)
02-11 11:54:07.055   722   772 D BatSI   : UTBL E
02-11 11:54:07.055   722   772 I XAN-DPC : Blocking screen on until initial contents have been drawn.
02-11 11:54:07.055   722   772 I WindowManager: Screen turning on...
02-11 11:54:07.055   722   772 V WindowManager: mScreenOnEarly=true, mAwake=false, mCurrentAppOrientation=1, mOrientationSensorEnabled=false
02-11 11:54:07.055   722   772 I WindowManager: Wait for Window{3f5341de u0 StatusBar} drawn
02-11 11:54:07.055   722   772 D AutomaticBrightnessController: Reg L Sensor
02-11 11:54:07.055   722  3974 D HtcWLM  : saveHeldDuration:(92858004,Wakeful StateMachine: GeofencerStateMachine)
02-11 11:54:07.055   722  3974 D PMS     : acquireWL(380bfe3d): PARTIAL_WAKE_LOCK  Wakeful StateMachine: GeofencerStateMachine 0x1 1808 10022 null
02-11 11:54:07.055   722  3974 D PMS     : updatePSL(0x1,true)
02-11 11:54:07.055   722   751 V BroadcastQueue: Deliver to ComponentInfo{com.htc.htcpowermanager/com.htc.htcpowermanager.extremepowersaver.ExtremePowerSaverReceiver}:BR@33a6b0e8
02-11 11:54:07.065   722  1121 I BatteryService: Online (false,true,false)
02-11 11:54:07.065   722  1121 I BatteryService: Battery Others is (false,false,2,2,true,93,4131,239,Li-ion,5,false,0,false,0,0,true,92858005)
02-11 11:54:07.065   722   915 D XAN-DPS : mSUR bn=0
02-11 11:54:07.065   722  1121 I BatteryService: check bat
02-11 11:54:07.065   722  1121 I BatteryService: check bat end
02-11 11:54:07.065   722   916 D XAN-DPS : PhotonicModulator (1,2,0,0)
02-11 11:54:07.065   722  1121 D PMS     : releaseWL(ba9f394): PARTIAL_WAKE_LOCK  BatteryServiceUpdateStats_3 0x1 null
02-11 11:54:07.065   722   916 D XAN-DPS : PhoMod:turning off button light
02-11 11:54:07.065   722   916 D XAN-DPS : requestDisplayState to 2
02-11 11:54:07.065   722   916 D PMS     : onDisplayStateChange to 2
02-11 11:54:07.065   722   916 D PMS     : Setting HAL auto-suspend mode to false
02-11 11:54:07.065   722   722 I ActivityManager: broadcast act=android.intent.action.DROPBOX_ENTRY_ADDED from pid=722, uid=1000,parallel BR:null,size=0,order BR:null,size=0,resultTo=null
02-11 11:54:07.065   722   722 D NotificationService: onReceive: android.intent.action.BATTERY_CHANGED
02-11 11:54:07.065   722   722 D NotificationService: plugged=true pluggin=true
02-11 11:54:07.065   722   722 D PMS     : runPSCheck
02-11 11:54:07.065   722   722 D HtcPowerSaver: Checking...
02-11 11:54:07.065   722   722 I HtcPowerSaver: >> updateStatus
02-11 11:54:07.065   722   891 D WifiController: battery changed pluggedType: 2
02-11 11:54:07.065   722   767 D WindowState: Reporting Window{3f5341de u0 StatusBar}: Rect(0, 0 - 1080, 1920), configChanged=false, mDrawState=1, old seq: 27
02-11 11:54:07.065   722   767 D PMS     : setSBOFWM:(-1,722,1000)
02-11 11:54:07.065   722   916 D PMS     : Setting HAL auto-suspend mode done
02-11 11:54:07.065   722   916 D PMS     : Setting HAL interactive mode to true
02-11 11:54:07.065   722   916 D PMS     : Setting HAL interactive mode to true done
02-11 11:54:07.065   722   916 D HtcPMSExtension: notifyASS: true
02-11 11:54:07.065   722  1121 D PMS     : acquireWL(2b64537e): PARTIAL_WAKE_LOCK  BatteryServiceUpdateStats_3 0x1 722 1000 null
02-11 11:54:07.065   722   916 I ActivityManager: broadcast act=com.htc.server.HtcPMSExtension.ACTUAL_SCREEN_ON flg=0x50000000 from pid=722, uid=1000,order BR:1c9c20df,u-1,size=1,replaced=0
02-11 11:54:07.065   722   916 D HtcPMSExtension: notifyASS: true E
02-11 11:54:07.065   722   751 I BroadcastQueue: Deliver order [FG] BF{3455cdc u0 RL{160f3d4f 939 com.android.systemui/10040/u0}}:BR@1c9c20df
02-11 11:54:07.065   722   916 D HtcWLM  : saveScreenTimeStamp: off duration 61035078ms (31822936~92858014), INDEX=10
02-11 11:54:07.065   722  1121 I BatteryService: n_update
02-11 11:54:07.065   722  1142 D PMS     : releaseWL(380bfe3d): PARTIAL_WAKE_LOCK  Wakeful StateMachine: GeofencerStateMachine 0x1 null
02-11 11:54:07.075   722  1121 I BatteryService: n_update end
02-11 11:54:07.075   722   775 D HtcPMSExtension: writeSS: true
02-11 11:54:07.075   722  1121 I BatteryService: Online (false,true,false)
02-11 11:54:07.075   722  1121 I BatteryService: Battery Others is (false,false,2,2,true,93,4082,239,Li-ion,5,false,0,false,0,0,true,92858016)
02-11 11:54:07.075   722  1121 I BatteryService: check bat
02-11 11:54:07.075   722  1121 D BatteryService: sendIntent:(93,100,2,2,true,4082,239,Li-ion,false,true,false,false,false,0,false,false,0,0,true,17303142,0)
02-11 11:54:07.075   722   775 D HtcPMSExtension: writeSS: true E
02-11 11:54:07.075   722   775 D HtcPMSExtension: ON broadcast done.
02-11 11:54:07.075   722  1121 I BatteryService: check bat end
02-11 11:54:07.075   722   916 D HtcWLM  : screenState: monitoring task assigned. ratio=61035078ms/61035078ms=100%, SCREEN_OFF_RATIO=40%
02-11 11:54:07.075   722   916 D PMS     : OOBE c monitor
02-11 11:54:07.075   722   916 D PMS     : OOBE c monitor 11
02-11 11:54:07.075   722  1142 D HtcWLM  : saveHeldDuration: HELD_DURATION=14ms, heldDuration[10]=14ms, NOW=92858018, tag=Wakeful StateMachine: GeofencerStateMachine
02-11 11:54:07.075   722   767 D PMS     : setUATOFWM:(10000,722,1000)
02-11 11:54:07.075   722  1121 D PMS     : releaseWL(2b64537e): PARTIAL_WAKE_LOCK  BatteryServiceUpdateStats_3 0x1 null
02-11 11:54:07.075   722   913 D HtcWLM  : calcRatio: ratio=0ms/61035078ms=0%, tag=mediaplayersample
02-11 11:54:07.075   722   722 I HtcPowerSaver: updateStatus (8000,93,-1,false,false,false,-1)
02-11 11:54:07.075   722   913 D HtcWLM  : calcRatio: ratio=0ms/61035078ms=0%, tag=android.media.MediaPlayer
02-11 11:54:07.075   722   722 I HtcPowerSaver: << updateStatus
02-11 11:54:07.075   722   913 D HtcWLM  : calcRatio: ratio=60ms/61035078ms=0%, tag=Checkin Service
02-11 11:54:07.075   722   913 D HtcWLM  : calcRatio: ratio=1046ms/61035078ms=0%, tag=GCM_CONN_ALARM
02-11 11:54:07.075   722   913 D HtcWLM  : calcRatio: ratio=170415ms/61035078ms=0%, tag=HSP_Weather_60
02-11 11:54:07.075   722   913 D HtcWLM  : calcRatio: ratio=298ms/61035078ms=0%, tag=logS3Sender_133
02-11 11:54:07.075   722   913 D HtcWLM  : calcRatio: ratio=0ms/61035078ms=0%, tag=wake:com.google.android.gms/.config.ConfigFetchService
02-11 11:54:07.075   722   722 I EntropyMixer: Writing entropy...
02-11 11:54:07.075   722   913 D HtcWLM  : calcRatio: ratio=1106ms/61035078ms=0%, tag=Icing
02-11 11:54:07.075   722   913 D HtcWLM  : calcRatio: ratio=4487ms/61035078ms=0%, tag=ShoeboxComputing
02-11 11:54:07.075   722   913 D HtcWLM  : calcRatio: ratio=2978ms/61035078ms=0%, tag=*net_scheduler*
02-11 11:54:07.075   722   913 D HtcWLM  : calcRatio: ratio=0ms/61035078ms=0%, tag=Config Service fetch
02-11 11:54:07.075   722   913 D HtcWLM  : calcRatio: ratio=0ms/61035078ms=0%, tag=MediaScannerService
02-11 11:54:07.075   722   913 D HtcWLM  : calcRatio: ratio=489ms/61035078ms=0%, tag=hangouts_rtcs
02-11 11:54:07.075   722   913 D HtcWLM  : calcRatio: ratio=0ms/61035078ms=0%, tag=logPomeloSender_133
02-11 11:54:07.075   722   913 D HtcWLM  : calcRatio: ratio=678ms/61035078ms=0%, tag=StartBackgroundProcessing
02-11 11:54:07.075   722   913 D HtcWLM  : calcRatio: ratio=442ms/61035078ms=0%, tag=UlrDispatchingService
02-11 11:54:07.075   722   913 D HtcWLM  : calcRatio: ratio=0ms/61035078ms=0%, tag=StartingAlertService_0
02-11 11:54:07.075   722   913 D HtcWLM  : Abnormal App(s) w/ criteria: UID>=10000, MINIMUM_DURATION>=3600000ms, SCREEN_OFF_MINIMUM>=30000ms, SCREEN_OFF_RATIO>=40%, WL_HELD_RATIO>=40%, ABNORMAL_COUNT>=1
02-11 11:54:07.075   722   913 D HtcWLM  : Skip tag w/ AudioOut_ AudioIn_ , UID<10000
02-11 11:54:07.075   722   913 D HtcWLM  : MonitorTask: shouldSkipAll=false
02-11 11:54:07.075   722   913 D HtcWLM  :     no abnormal app found!
02-11 11:54:07.075   722  1121 D PMS     : updateWakeLockSummaryLocked: mWakefulness=Awake, mWakeLockSummary=0x0
02-11 11:54:07.075   722   767 I DisplayManagerService: Display device changed: DisplayDeviceInfo{"Built-in Screen": 1080 x 1920, 60.0 fps, supportedRefreshRates [60.0], density 480, 449.704 x 443.345 dpi, appVsyncOff 0, presDeadline 17666667, touch INTERNAL, rotation 0, type BUILT_IN, state ON, FLAG_DEFAULT_DISPLAY, FLAG_ROTATES_WITH_CONTENT, FLAG_SECURE, FLAG_SUPPORTS_PROTECTED_BUFFERS}
02-11 11:54:07.075   722  1121 D PMS     : acquireWL(84bebfb): PARTIAL_WAKE_LOCK  BatteryServiceUpdateStats_3 0x1 722 1000 null
02-11 11:54:07.075   722  1121 D PMS     : updateWakeLockSummaryLocked: mWakefulness=Awake, mWakeLockSummary=0x1
02-11 11:54:07.075   722  1121 I BatteryService: n_update
02-11 11:54:07.085   722  1121 I BatteryService: n_update end
02-11 11:54:07.085   722  1413 D PMS     : acquireWL(295c2418): PARTIAL_WAKE_LOCK  NfcService:mRoutingWakeLock 0x1 1111 1027 null
02-11 11:54:07.085   722   755 I InputMethodManagerService: screenObserver, isScreenOn=true
02-11 11:54:07.085   722   755 D StatusBarManagerService: swetImeWindowStatus vis=0 backDisposition=0
02-11 11:54:07.085   722   755 I InputMethodManagerService: Enable input method client, pid=1165
02-11 11:54:07.085   722  1121 I BatteryService: Online (false,true,false)
02-11 11:54:07.085   722  1121 I BatteryService: Battery Others is (false,false,2,2,true,93,4082,239,Li-ion,5,false,0,false,0,0,true,92858033)
02-11 11:54:07.085   722  1121 I BatteryService: check bat
02-11 11:54:07.085   722  1121 I BatteryService: check bat end
02-11 11:54:07.085   722  1121 D PMS     : releaseWL(84bebfb): PARTIAL_WAKE_LOCK  BatteryServiceUpdateStats_3 0x1 null
02-11 11:54:07.095   722   767 D PMS     : setSBOFWM:(-1,722,1000)
02-11 11:54:07.095   722   767 D PMS     : setUATOFWM:(10000,722,1000)
02-11 11:54:07.105 31019 31019 W ContextImpl: Calling a method in the system process without a qualified user: android.app.ContextImpl.startService:1824 android.content.ContextWrapper.startService:515 android.content.ContextWrapper.startService:515 com.htc.htcpowermanager.extremepowersaver.ExtremePowerSaverReceiver.onReceive:67 android.app.ActivityThread.handleReceiver:2712 
02-11 11:54:07.105   722  1121 V ActivityManager: startService: Intent { act=com.htc.htcpowermanager.extremepowersaver.InternalActionEpsOff cmp=com.htc.htcpowermanager/.extremepowersaver.ExtremePowerSaverService } type=null args=null pid=31019
02-11 11:54:07.115   722  1413 V BroadcastQueue: Deliver to ComponentInfo{com.android.settings/com.android.settings.framework.app.HtcSystemReceiver}:BR@33a6b0e8
02-11 11:54:07.115   722   739 D PMS     : acquireWL(3f8d5456): PARTIAL_WAKE_LOCK  BatteryServiceUpdateStats_3 0x1 722 1000 null
02-11 11:54:07.115   722   739 I BatteryService: n_update
02-11 11:54:07.115   722   739 I BatteryService: n_update end
02-11 11:54:07.115   722   739 I BatteryService: Online (false,true,false)
02-11 11:54:07.115   722   739 I BatteryService: Battery Others is (true,false,2,2,true,93,4054,239,Li-ion,5,false,0,false,0,0,true,92858062)
02-11 11:54:07.115   722   739 I BatteryService: check bat
02-11 11:54:07.115   722   739 D BatteryService: sendIntent:(93,100,2,2,true,4054,239,Li-ion,false,true,false,true,false,0,false,false,0,0,true,17303142,0)
02-11 11:54:07.115   722   739 I BatteryService: check bat end
02-11 11:54:07.115   722   739 D PMS     : releaseWL(3f8d5456): PARTIAL_WAKE_LOCK  BatteryServiceUpdateStats_3 0x1 null
02-11 11:54:07.115   722   739 D PMS     : updatePSL(0x1,true) (repeat:10)
02-11 11:54:07.125   722   722 V AlarmManager: set(PendingIntent{c15b2e1: PendingIntentRecord{3cc3e806 android broadcastIntent}}) : type=2 triggerAtTime=92978069 win=-1 tElapsed=92978069 maxElapsed=93068069 interval=0 standalone=false
02-11 11:54:07.125   722   722 V AlarmManager: Adding Alarm{dddf0ad type 2 when 92978069 android} and create new batch Batch{19a25fe2 num=1 start=92978069 end=93068069}
02-11 11:54:07.125   722   722 D PMN     : wakingUp
02-11 11:54:07.125   722   722 I WindowManager: Waking up...
02-11 11:54:07.125   722   722 V WindowManager: mScreenOnEarly=true, mAwake=true, mCurrentAppOrientation=1, mOrientationSensorEnabled=false
02-11 11:54:07.135   722   767 I WindowManager:   SURFACE SHOW layer=21040: Window{a225faa u0 com.htc.launcher/com.htc.launcher.Launcher}
02-11 11:54:07.135   722   767 V WindowManager: Found wallpaper target: #13=Window{3f5341de u0 StatusBar}
02-11 11:54:07.135   722   767 V WindowManager: Wallpaper vis: target Window{3f5341de u0 StatusBar}, obscured=false anim=null upper=null lower=null
02-11 11:54:07.135   722   767 V WindowManager: adjustWallpaper win Window{32b5bc66 u0 com.android.systemui.ImageWallpaper} anim layer: 21055
02-11 11:54:07.135   722   767 V WindowManager: Moving wallpaper Window{32b5bc66 u0 com.android.systemui.ImageWallpaper} from 11 to 11
02-11 11:54:07.135   722   767 D PMS     : setSBOFWM:(-1,722,1000)
02-11 11:54:07.135   722   767 D PMS     : setUATOFWM:(10000,722,1000)
02-11 11:54:07.145   722   916 D XAN-DPS : requestDisplayState Done
02-11 11:54:07.145   722   915 D XAN-DPS : mSUR bn=0
02-11 11:54:07.145   722 14404 V ActivityManager: stopServiceToken: SR=835378801 startId=1
02-11 11:54:07.155  7895  7895 W ContextImpl: Calling a method in the system process without a qualified user: android.app.ContextImpl.startService:1824 android.content.ContextWrapper.startService:515 android.content.ContextWrapper.startService:515 com.android.settings.framework.app.HtcSystemReceiver.onReceive:44 android.app.ActivityThread.handleReceiver:2712 
02-11 11:54:07.155   722  1412 V ActivityManager: startService: Intent { act=com.htc.intent.action.BATTERY_CHANGE_PARTIAL flg=0x24000010 cmp=com.android.settings/.framework.app.HtcSystemService (has extras) } type=null args=Bundle[mParcelledData.dataSize=724] pid=7895
02-11 11:54:07.155   722  1121 V BroadcastQueue: Deliver to ComponentInfo{com.nero.android.htc.sync/com.nero.android.htc.sync.FOTAReceiver}:BR@37119be7
02-11 11:54:07.155   722  1413 V BroadcastQueue: Deliver to ComponentInfo{com.htc.flexnet/com.htc.flexnet.SystemIntentReceiver}:BR@37119be7
02-11 11:54:07.165  7895  7895 W ContextImpl: Calling a method in the system process without a qualified user: android.app.ContextImpl.stopService:1830 android.content.ContextWrapper.stopService:520 com.android.settings.NSReceiver.onReceive:156 android.support.v4.content.g.a:297 android.support.v4.content.g.a:46 
02-11 11:54:07.165   722  1413 V ActivityManager: stopService: Intent { cmp=com.android.settings/.ChargerWarningService } type=null pid=7895
02-11 11:54:07.165   722   739 V ActivityManager: stopServiceToken: SR=908549680 startId=1
02-11 11:54:07.165   722 14466 V BroadcastQueue: Deliver to ComponentInfo{com.htc.album/com.htc.mediamanager.providers.media.MMReceiver}:BR@37119be7
02-11 11:54:07.175  7895  7895 W ContextImpl: Calling a method in the system process without a qualified user: android.app.ContextImpl.sendBroadcast:1459 android.content.ContextWrapper.sendBroadcast:376 com.android.settings.NSReceiver.onReceive:158 android.support.v4.content.g.a:297 android.support.v4.content.g.a:46 
02-11 11:54:07.175   722  1163 I ActivityManager: broadcast act=com.htc.charger.dont.care from pid=7895, uid=1000,parallel BR:null,size=0,order BR:null,size=0,resultTo=null
02-11 11:54:07.175   722  1173 I ActivityManager: 15521 get provider com.aiqidii.mercury.provider 2224
02-11 11:54:07.175   722  1401 D PMS     : releaseWL(295c2418): PARTIAL_WAKE_LOCK  NfcService:mRoutingWakeLock 0x1 null
02-11 11:54:07.185   722  3974 V BroadcastQueue: Deliver to ComponentInfo{com.htc.htcpowermanager/com.htc.htcpowermanager.smartsync.SmartSyncDataLinkTurnOffReceiver}:BR@37119be7
02-11 11:54:07.185 31019 31019 W ContextImpl: Calling a method in the system process without a qualified user: android.app.ContextImpl.startService:1824 android.content.ContextWrapper.startService:515 android.content.ContextWrapper.startService:515 com.htc.htcpowermanager.smartsync.SmartSyncDataLinkTurnOffReceiver.onReceive:22 android.app.ActivityThread.handleReceiver:2712 
02-11 11:54:07.185   722  1413 V ActivityManager: startService: Intent { act=android.intent.action.ACTION_POWER_CONNECTED flg=0x4000010 cmp=com.htc.htcpowermanager/.smartsync.SmartSyncDataLinkTurnOffService } type=null args=null pid=31019
02-11 11:54:07.205   722  1401 I ActivityManager: Start proc com.htc.android.mail:sync for broadcast com.htc.android.mail/.mailservice.UsbStateReceiver: pid=13952 uid=10053 gids={50053, 9997, 3003, 1023, 1028, 1015} abi=armeabi-v7a
02-11 11:54:07.205   722  1175 V ActivityManager: stopServiceToken: SR=378923689 startId=1
02-11 11:54:07.235   722   772 D HABCtrl : getA:(111->83)
02-11 11:54:07.235   722   772 D HABCtrl : getCB:(true,false,false,false,false,50,111->83)
02-11 11:54:07.235   722   772 D XAN-DPC : Animating brightness: target=83, rate=0, buttonValue=-1
02-11 11:54:07.235   722   772 D XAN-RA  : animateTo(83, 0, -1), target(0)=0->83, bValue(-1)=-1->-1, rate=0->0, duration=-1->-1, mAnimating=false, mAnimatedValue=0.0
02-11 11:54:07.235   722   772 D BatSI   : Brg=1
02-11 11:54:07.235   722   722 V WindowManager: Enabling listeners
02-11 11:54:07.235   722   772 D AutomaticBrightnessController: ADC value = (225.0)
02-11 11:54:07.235   722   772 D HABCtrl : change ls (225,4)
02-11 11:54:07.235   722   772 D HABCtrl : lcdValue can't update normally
02-11 11:54:07.235   722   772 D HABCtrl : lsvalue=225(4th)->225(4th), lValue=111->111
02-11 11:54:07.235   722   772 D HABCtrl : getButton:(225,-1)
02-11 11:54:07.235   722   772 D AutomaticBrightnessController: updateAutoBrightness4: mScreenAutoBrightness=111, newScreenAutoBrightness=111,0.43529412,0.0,1.0
02-11 11:54:07.235   722   772 D XAN-DPC : sendUPS:Duration=-1->-1
02-11 11:54:07.235   722   722 D PMN     : sendScreenOnOffIntent: (true)
02-11 11:54:07.235   722   772 D XAN-DPC : msg=1
02-11 11:54:07.235   722   722 D PMN     : sendScreenOnOffIntent Start
02-11 11:54:07.235   722   772 D HABCtrl : getA:(111->83)
02-11 11:54:07.235   722   772 D HABCtrl : getCB:(true,false,false,false,false,50,111->83)
02-11 11:54:07.235   722   722 I ActivityManager: broadcast act=com.htc.intent.action.HTC_SCREEN_STATUS flg=0x50000000 pkg=com.htc.sense.easyaccessservice from pid=722, uid=1000,parallel BR:null,size=0,order BR:null,size=0,resultTo=null
02-11 11:54:07.235   722   772 D XAN-DPC : Animating brightness: target=83, rate=0, buttonValue=-1
02-11 11:54:07.235   722   722 I ActivityManager: broadcast act=android.intent.action.SCREEN_ON flg=0x50000000 from pid=722, uid=1000,order BR:330a982e,u-1,size=35,replaced=0
02-11 11:54:07.235   722   722 D PMN     : sendScreenStatusChangeIntent: (true)
02-11 11:54:07.235   722   722 I ActivityManager: broadcast act=com.htc.intent.action.SCREEN_STATUS_ON from pid=722, uid=1000,parallel BR:null,size=0,order BR:1774ffcf,u-1,size=5,replaced=0
02-11 11:54:07.235   722   751 I BroadcastQueue: Deliver order [FG] BF{275e2324 u0 RL{be18fb7 722 system/1000/u0 38a156b6}}:BR@330a982e
02-11 11:54:07.235   722   722 I ActivityManager: broadcast act=android.intent.action.BATTERY_CHANGED flg=0x60000000 from pid=722, uid=1000,parallel BR:13b98865,u-1,size=13,replaced=0,order BR:null,size=0,resultTo=null
02-11 11:54:07.245   722   751 I BroadcastQueue: Deliver non-order [BG] BR@13b98865 BF{1dd8a458 u0 RL{3565453b 722 system/1000/u0 259c1fca}} BF{172e897f u0 RL{8d27a9e 722 system/1000/u0 2e3f10d9}} BF{3bb8b47a u0 RL{322cd8a5 722 system/1000/u0 2845969c}} BF{8b7ddc9 u0 RL{19daa9d0 722 system/1000/u0 ee9593}} BF{32e364ee u0 RL{1d2f269 722 system/1000/u0 2518acf0}} BF{3615a77f u0 RL{108b509e 939 com.android.systemui/10040/u0}} BF{190ebb9b u0 RL{1281f3aa 939 com.android.systemui/10040/u0}} BF{2ffcf2fa u0 RL{20f90125 939 com.android.systemui/10040/u0}} BF{268c08d6 u0 RL{147994f1 939 com.android.systemui/10040/u0}} BF{5ea4b93 u0 RL{2c826882 1808 com.google.process.location/10022/u0}}
02-11 11:54:07.245   722   772 D PMS     : updatePSL(0x1,true) (repeat:1)
02-11 11:54:07.245   722   772 D PMS     : updatePSL(0x100,true)
02-11 11:54:07.245   722   772 D PMS     : updateIsPoweredLocked: wasPowered=true, mIsPowered=true, oldPlugType=2, mPlugType=2, mBatteryLevel=93
02-11 11:54:07.245   722   772 D HtcPowerSaver: updateBatteryInfo
02-11 11:54:07.245   722   751 I BroadcastQueue: Deliver non-order [BG] BR@13b98865 BF{317a4ae2 u0 RL{3dc6a7ad 1808 com.google.process.location/10022/u0}} BF{1b840db1 u0 RL{30b8858 2909 com.android.bluetooth/1002/u0}} BF{2b4c7f23 u0 RL{34a5f052 3630 com.htc.CruiserPwrExpert/10085/u0}}
02-11 11:54:07.245   722   722 I ActivityManager: broadcast act=com.htc.intent.action.BATTERY_CHANGE_NOTIFICATION flg=0x24000000 from pid=722, uid=1000,parallel BR:null,size=0,order BR:null,size=0,resultTo=null
02-11 11:54:07.245   722   722 V ActivityManager: Display changed displayId=0
02-11 11:54:07.245   722   722 I ActivityManager: broadcast act=android.intent.action.BATTERY_CHANGED flg=0x60000000 from pid=722, uid=1000,parallel BR:8bf45e1,u-1,size=13,replaced=0,order BR:null,size=0,resultTo=null
02-11 11:54:07.245   722   722 I ActivityManager: broadcast act=com.htc.intent.action.BATTERY_CHANGE_NOTIFICATION flg=0x24000000 from pid=722, uid=1000,parallel BR:null,size=0,order BR:null,size=0,resultTo=null
02-11 11:54:07.245   722   772 D PMS     : updateIsPoweredLocked: wasPowered=true, mIsPowered=true, oldPlugType=2, mPlugType=2, mBatteryLevel=93
02-11 11:54:07.245   722   772 D HtcPowerSaver: updateBatteryInfo
02-11 11:54:07.245   722   772 D XAN-RA  : mCb:Anim off.(0,0.0,83,1.0,0,-1)
02-11 11:54:07.245   722   772 D XAN-RA  : mCb:setValue (0,83)
02-11 11:54:07.245   722   772 D XAN-RA  : mCb:SV S
02-11 11:54:07.245   722   772 D XAN-RA  : mCb:SV E
02-11 11:54:07.245   722   772 D XAN-RA  : mCb:FV (83)
02-11 11:54:07.245   722   915 D XAN-DPS : mSUR bn=83
02-11 11:54:07.245   722   772 D XAN-DPC : sendUPS:Duration=-1->-1
02-11 11:54:07.245   722   772 D XAN-DPC : msg=1
02-11 11:54:07.245   722   772 D HABCtrl : getA:(111->83)
02-11 11:54:07.245   722   772 D HABCtrl : getCB:(true,false,false,false,false,50,111->83)
02-11 11:54:07.245   722   772 D XAN-DPC : Animating brightness: target=83, rate=-1, buttonValue=-1
02-11 11:54:07.245   722   751 I BroadcastQueue: Deliver non-order [BG] BR@8bf45e1 BF{1dd8a458 u0 RL{3565453b 722 system/1000/u0 259c1fca}} BF{172e897f u0 RL{8d27a9e 722 system/1000/u0 2e3f10d9}} BF{3bb8b47a u0 RL{322cd8a5 722 system/1000/u0 2845969c}} BF{8b7ddc9 u0 RL{19daa9d0 722 system/1000/u0 ee9593}} BF{32e364ee u0 RL{1d2f269 722 system/1000/u0 2518acf0}} BF{3615a77f u0 RL{108b509e 939 com.android.systemui/10040/u0}} BF{190ebb9b u0 RL{1281f3aa 939 com.android.systemui/10040/u0}} BF{2ffcf2fa u0 RL{20f90125 939 com.android.systemui/10040/u0}} BF{268c08d6 u0 RL{147994f1 939 com.android.systemui/10040/u0}} BF{5ea4b93 u0 RL{2c826882 1808 com.google.process.location/10022/u0}}
02-11 11:54:07.255   722   751 I BroadcastQueue: Deliver non-order [BG] BR@8bf45e1 BF{317a4ae2 u0 RL{3dc6a7ad 1808 com.google.process.location/10022/u0}} BF{1b840db1 u0 RL{30b8858 2909 com.android.bluetooth/1002/u0}} BF{2b4c7f23 u0 RL{34a5f052 3630 com.htc.CruiserPwrExpert/10085/u0}}
02-11 11:54:07.255   722   767 D PMS     : setSBOFWM:(-1,722,1000)
02-11 11:54:07.255   722   767 D PMS     : setUATOFWM:(10000,722,1000)
02-11 11:54:07.255   722   722 I ActivityManager: broadcast act=android.intent.action.TIME_TICK flg=0x50000004 from pid=-1, uid=1000,order BR:20095f1d,u-1,size=5,replaced=0
02-11 11:54:07.255   722   722 D PMS     : acquireWL(2c668592): PARTIAL_WAKE_LOCK  *alarm* 0x40000001 722 1000 WorkSource{1000}
02-11 11:54:07.255   722   722 D PMS     : updatePSL(0x100,true) (repeat:1)
02-11 11:54:07.255   722   722 D PMS     : updatePSL(0x1,true)
02-11 11:54:07.255   722   722 V AlarmManager: sending alarm PendingIntent{3c53b519: PendingIntentRecord{1b27e9de android broadcastIntent}}, i=android.intent.action.TIME_TICK, t=3, cnt=1, w=92430936, Int=0
02-11 11:54:07.255   722   867 V BroadcastQueue: Deliver to ComponentInfo{com.htc.android.mail/com.htc.android.mail.mailservice.UsbStateReceiver}:BR@37119be7
02-11 11:54:07.255   722   722 I BroadcastQueue: Deliver order [FG] BF{21bb207b u0 RL{24ff600a 939 com.android.systemui/10040/u0}}:BR@330a982e
02-11 11:54:07.255   722   722 D NotificationService: onReceive: android.intent.action.BATTERY_CHANGED
02-11 11:54:07.255   722   722 D NotificationService: plugged=true pluggin=true
02-11 11:54:07.255   722   891 D WifiController: battery changed pluggedType: 2
02-11 11:54:07.265   722   722 D NotificationService: onReceive: android.intent.action.BATTERY_CHANGED
02-11 11:54:07.265   722   722 D NotificationService: plugged=true pluggin=true
02-11 11:54:07.265   722   772 D AutomaticBrightnessController: ADC value = (160.0)
02-11 11:54:07.265   722   772 D HABCtrl : change ls (160,3)
02-11 11:54:07.265   722   891 D WifiController: battery changed pluggedType: 2
02-11 11:54:07.265   722   722 D PMS     : runPSCheck
02-11 11:54:07.265   722   722 D HtcPowerSaver: Checking...
02-11 11:54:07.265   722   722 I HtcPowerSaver: >> updateStatus
02-11 11:54:07.265   722   722 I HtcPowerSaver: updateStatus (8000,93,-1,false,false,false,-1)
02-11 11:54:07.265   722   722 I HtcPowerSaver: << updateStatus
02-11 11:54:07.325   722   767 V WindowManager: Found wallpaper target: #13=Window{3f5341de u0 StatusBar}
02-11 11:54:07.325   722   767 V WindowManager: Wallpaper vis: target Window{3f5341de u0 StatusBar}, obscured=false anim=null upper=null lower=null
02-11 11:54:07.325   722   767 V WindowManager: adjustWallpaper win Window{32b5bc66 u0 com.android.systemui.ImageWallpaper} anim layer: 21055
02-11 11:54:07.325   722   767 V WindowManager: Moving wallpaper Window{32b5bc66 u0 com.android.systemui.ImageWallpaper} from 11 to 11
02-11 11:54:07.325   722   767 V WindowManager: First draw done in potential wallpaper target Window{3f5341de u0 StatusBar}
02-11 11:54:07.325   722   767 V WindowManager: Wallpaper may change!  Adjusting
02-11 11:54:07.325   722   767 D PMS     : setSBOFWM:(-1,722,1000)
02-11 11:54:07.325   722   767 D PMS     : setUATOFWM:(10000,722,1000)
02-11 11:54:07.325   722   767 D WindowManager: Window drawn win=Window{3f5341de u0 StatusBar}
02-11 11:54:07.335   722   767 V WindowManager: Found wallpaper target: #13=Window{3f5341de u0 StatusBar}
02-11 11:54:07.335   722   767 V WindowManager: Wallpaper vis: target Window{3f5341de u0 StatusBar}, obscured=false anim=null upper=null lower=null
02-11 11:54:07.335   722   767 V WindowManager: adjustWallpaper win Window{32b5bc66 u0 com.android.systemui.ImageWallpaper} anim layer: 21055
02-11 11:54:07.335   722   767 V WindowManager: Moving wallpaper Window{32b5bc66 u0 com.android.systemui.ImageWallpaper} from 11 to 11
02-11 11:54:07.335 13952 13952 W ResourcesManager: Asset path '/system/framework/com.android.media.remotedisplay.jar' does not exist or contains no resources.
02-11 11:54:07.335 13952 13952 W ResourcesManager: Asset path '/system/framework/com.android.location.provider.jar' does not exist or contains no resources.
02-11 11:54:07.335   722   767 D PMS     : setSBOFWM:(-1,722,1000)
02-11 11:54:07.335   722   767 D PMS     : setUATOFWM:(10000,722,1000)
02-11 11:54:07.335   722   767 I WindowManager: All windows ready for display!
02-11 11:54:07.335   722   765 W WindowManager: Setting mWindowManagerDrawComplete
02-11 11:54:07.335   722   765 D WindowManager: finishScreenTurningOn: mAwake=true, mScreenOnEarly=true, mScreenOnFully=false, mKeyguardDrawComplete=false, mWindowManagerDrawComplete=true
02-11 11:54:07.345   722   767 I WindowManager:   SURFACE HIDE: Window{a225faa u0 com.htc.launcher/com.htc.launcher.Launcher}
02-11 11:54:07.345   722   767 V WindowManager: Found wallpaper target: #13=Window{3f5341de u0 StatusBar}
02-11 11:54:07.345   722   767 V WindowManager: Wallpaper vis: target Window{3f5341de u0 StatusBar}, obscured=false anim=null upper=null lower=null
02-11 11:54:07.345   722   767 V WindowManager: adjustWallpaper win Window{32b5bc66 u0 com.android.systemui.ImageWallpaper} anim layer: 21055
02-11 11:54:07.345   722   767 V WindowManager: Moving wallpaper Window{32b5bc66 u0 com.android.systemui.ImageWallpaper} from 11 to 11
02-11 11:54:07.345   722   767 D PMS     : setSBOFWM:(-1,722,1000)
02-11 11:54:07.345   722   767 D PMS     : setUATOFWM:(10000,722,1000)
02-11 11:54:07.365   722  1415 I ActivityManager: 939 get provider com.htc.sync.provider.weather 28682
02-11 11:54:07.365   722 14404 I ActivityManager: 939 get provider com.htc.provider.weather 28682
02-11 11:54:07.375   722  1412 V ActivityManager: bindService: Intent { act=com.htc.sense.hsp.upservice.START cmp=com.htc.sense.hsp/.upservice.HtcUPService } type=null conn=android.os.BinderProxy@30f703db flags=0x5 pid=939
02-11 11:54:07.385   939   939 D PowerUI : closing low battery warning: level=93
02-11 11:54:07.385   939   939 D PowerUI : plugged = true, health = 2, mBatteryLevel = 93, mPluggedBatteryLevel = 93, mLowBatteryWarningLevel2 = 25, mshowLowChargingWarning2 = true
02-11 11:54:07.385   939   939 D PowerUI : closing low battery warning: level=93
02-11 11:54:07.385   939   939 D PowerUI : plugged = true, health = 2, mBatteryLevel = 93, mPluggedBatteryLevel = 93, mLowBatteryWarningLevel2 = 25, mshowLowChargingWarning2 = true
02-11 11:54:07.385   722  1121 I BroadcastQueue: Deliver order [FG] BF{1db194f4 u0 RL{339766c7 722 system/1000/u0 1a5ae006}}:BR@330a982e
02-11 11:54:07.385   722   722 D AlarmManager: ACTION_SCREEN_ON
02-11 11:54:07.385   722   722 I AlarmManager: [AlarmQueuing] STARTS Dumping
02-11 11:54:07.385   722   722 I AlarmManager: [AlarmQueuing] FINISH Dumping
02-11 11:54:07.385   722   722 I AlarmManager: [AlarmQueuing] recover blocked alarms
02-11 11:54:07.385   722   722 I AlarmManager: [AlarmQueuing] done recovering
02-11 11:54:07.385   722   722 I AlarmManager: [AlarmQueuing] recover EPS screen off blocked alarms
02-11 11:54:07.385   722   722 I AlarmManager: [AlarmQueuing] done EPS screen off alarm recovering
02-11 11:54:07.385   722   722 I BroadcastQueue: Deliver order [FG] BF{ca5d793 u0 RL{2a04a482 722 system/1000/u0 1141e3cd}}:BR@330a982e
02-11 11:54:07.385   722   722 I BroadcastQueue: Deliver order [FG] BF{1c2ea60b u0 RL{253e41da 722 system/1000/u0 1704bf85}}:BR@330a982e
02-11 11:54:07.385   722   722 I BroadcastQueue: Deliver order [FG] BF{25dcb18e u0 RL{17250d89 722 system/1000/u0 783c090}}:BR@330a982e
02-11 11:54:07.385   722   722 I BroadcastQueue: Deliver order [FG] BF{1b6230a u0 RL{39b7a775 722 system/1000/u0 22321eac}}:BR@330a982e
02-11 11:54:07.385   722   722 I BroadcastQueue: Deliver order [FG] BF{3ca42319 u0 RL{30827260 722 system/1000/u0 64ce663}}:BR@330a982e
02-11 11:54:07.385   722   722 I BroadcastQueue: Deliver order [FG] BF{172e897f u0 RL{8d27a9e 722 system/1000/u0 2e3f10d9}}:BR@330a982e
02-11 11:54:07.385   722   722 D NotificationService: onReceive: android.intent.action.SCREEN_ON
02-11 11:54:07.385   722   890 D WifiDisplayAdapter: getWifiDisplayStatusLocked: result=WifiDisplayStatus{featureState=3, scanState=0, activeDisplayState=0, activeDisplay=null, displays=[Push2TV 740F00-PTV3000 (22:e5:2a:74:0f:00), isAvailable false, canConnect false, isRemembered true], sessionInfo=WifiDisplaySessionInfo:
02-11 11:54:07.385   722   890 D WifiDisplayAdapter:     Client/Owner: Client
02-11 11:54:07.385   722   890 D WifiDisplayAdapter:     GroupId: 
02-11 11:54:07.385   722   890 D WifiDisplayAdapter:     Passphrase: 
02-11 11:54:07.385   722   890 D WifiDisplayAdapter:     SessionId: 0
02-11 11:54:07.385   722   890 D WifiDisplayAdapter:     IP Address: }
02-11 11:54:07.385   722   890 V AlarmManager: set(PendingIntent{1ab77ad3: PendingIntentRecord{19bdc610 android broadcastIntent}}) : type=1 triggerAtTime=1423626847598 win=-1 tElapsed=92858533 maxElapsed=92866033 interval=10000 standalone=false
02-11 11:54:07.385   722   890 V AlarmManager: Adding Alarm{364e91af type 1 when 1423626847598 android} and create new batch Batch{2c3189bc num=1 start=92858533 end=92866033}
02-11 11:54:07.385   722   722 I BroadcastQueue: Deliver order [FG] BF{19ec7835 u0 RL{2d68ba6c 722 system/1000/u0 29f6571f}}:BR@330a982e
02-11 11:54:07.395   722   722 I BroadcastQueue: Deliver order [FG] BF{314b32c u0 RL{16e7badf 722 system/1000/u0 1b96157e}}:BR@330a982e
02-11 11:54:07.395   722   722 I BroadcastQueue: Deliver order [FG] BF{32e364ee u0 RL{1d2f269 722 system/1000/u0 2518acf0}}:BR@330a982e
02-11 11:54:07.395   722   722 I BroadcastQueue: Deliver order [FG] BF{2824e1fa u0 RL{281f4c25 722 system/1000/u0 3873a81c}}:BR@330a982e
02-11 11:54:07.395   722   722 I BroadcastQueue: Deliver order [FG] BF{3d8e0a76 u0 RL{2c621911 722 system/1000/u0 37772538}}:BR@330a982e
02-11 11:54:07.395   722   722 I BroadcastQueue: Deliver order [FG] BF{16192cb u0 RL{2869e99a 722 system/1000/u0 23fb2e45}}:BR@330a982e
02-11 11:54:07.395   722   722 I BroadcastQueue: Deliver order [FG] BF{18737428 u0 RL{2bcae1c5 722 system/1000/u0 e1f903c}}:BR@330a982e
02-11 11:54:07.395   722   750 I BroadcastQueue: Deliver order [FG] BF{190ebb9b u0 RL{1281f3aa 939 com.android.systemui/10040/u0}}:BR@330a982e
02-11 11:54:07.395   722   888 D NetworkPolicy: updateScreenOn: true
02-11 11:54:07.395   722   888 V NetworkPolicy: updateIfacesLocked()
02-11 11:54:07.405   722   888 D NetworkManagementService: isBandwidthControlEnabled: doneSignal.getCount()= 0
02-11 11:54:07.405 28682 13977 W ResourcesManager: Asset path '/system/framework/com.android.media.remotedisplay.jar' does not exist or contains no resources.
02-11 11:54:07.415 28682 13977 W ResourcesManager: Asset path '/system/framework/com.android.location.provider.jar' does not exist or contains no resources.
02-11 11:54:07.425   722   867 D WindowManager: mKeyguardDelegate.ShowListener.onShown.
02-11 11:54:07.425   722   765 W WindowManager: Setting mKeyguardDrawComplete
02-11 11:54:07.425   722   765 D WindowManager: finishScreenTurningOn: mAwake=true, mScreenOnEarly=true, mScreenOnFully=false, mKeyguardDrawComplete=true, mWindowManagerDrawComplete=true
02-11 11:54:07.425   722   765 I WindowManager: Finished screen turning on...
02-11 11:54:07.425   722   772 D XAN-DPC : msg=3
02-11 11:54:07.425   722   772 I XAN-DPC : Unblocked screen on after 367 ms
02-11 11:54:07.425   722   916 D XAN-DPS : setBrightness to 83
02-11 11:54:07.425   722  1121 I BroadcastQueue: Deliver order [FG] BF{aed73d5 u0 RL{67e08c 1125 com.android.phone/1001/u0}}:BR@330a982e
02-11 11:54:07.435   722  1412 I BroadcastQueue: Deliver order [FG] BF{7474fc6 u0 RL{27898fab 1125 com.android.phone/1001/u0}}:BR@330a982e
02-11 11:54:07.435   722  1163 I BroadcastQueue: Deliver order [FG] BF{37db7138 u0 RL{1871b99b 939 com.android.systemui/10040/u0}}:BR@330a982e
02-11 11:54:07.435   722  1413 I BroadcastQueue: Deliver order [FG] BF{3e129555 u0 RL{394e980c 1503 android.process.acore/10013/u0}}:BR@330a982e
02-11 11:54:07.435   722  1417 I BroadcastQueue: Deliver order [FG] BF{1bed97d3 u0 RL{3d0e3dc2 1125 com.android.phone/1001/u0}}:BR@330a982e
02-11 11:54:07.435   722   772 D HABCtrl : getA:(111->83)
02-11 11:54:07.435   722   772 D HABCtrl : getCB:(true,false,false,false,false,50,111->83)
02-11 11:54:07.435   722   772 D XAN-DPC : Animating brightness: target=83, rate=-1, buttonValue=-1
02-11 11:54:07.435   722  1417 I BroadcastQueue: Deliver order [FG] BF{189926ca u0 RL{1b796235 1125 com.android.phone/1001/u0}}:BR@330a982e
02-11 11:54:07.435   722  1401 I BroadcastQueue: Deliver order [FG] BF{151a898c u0 RL{3a5f6ebf 939 com.android.systemui/10040/u0}}:BR@330a982e
02-11 11:54:07.455   722   915 D XAN-DPC : sendUPS:Duration=-1->-1
02-11 11:54:07.455   722   772 D XAN-DPC : msg=1
02-11 11:54:07.455   722   772 D HABCtrl : getA:(111->83)
02-11 11:54:07.455   722   772 D HABCtrl : getCB:(true,false,false,false,false,50,111->83)
02-11 11:54:07.455   722   772 D XAN-DPC : Animating brightness: target=83, rate=-1, buttonValue=-1
02-11 11:54:07.455   722   772 D XAN-DPC : Display ready!
02-11 11:54:07.455   722   772 D PMS     : updatePSL(0x1,true) (repeat:5)
02-11 11:54:07.455   722   772 D PMS     : updatePSL(0x8,true)
02-11 11:54:07.455   722   772 D PMS     : updateScreenStateLocked: mDisplayReady=true, policy=3, mWakefulness=Awake, mWakeLockSummary=0x1, mUserActivitySummary=0x1, mBootCompleted=true
02-11 11:54:07.455   722   772 D PMN     : onInteractiveChangeFinished
02-11 11:54:07.455   722   772 D AutomaticBrightnessController: ADC value = (320.0)
02-11 11:54:07.455   722   772 D HABCtrl : change ls (320,5)
02-11 11:54:07.455   722  1142 I BroadcastQueue: Deliver order [FG] BF{2c4fd8b2 u0 RL{18858abd 1808 com.google.process.location/10022/u0}}:BR@330a982e
02-11 11:54:07.455   722 14404 I BroadcastQueue: Deliver order [FG] BF{3982d9b8 u0 RL{30eb741b 1808 com.google.process.location/10022/u0}}:BR@330a982e
02-11 11:54:07.465   722   867 D PMS     : acquireWL(11c75454): PARTIAL_WAKE_LOCK  GCoreFlp 0x1 1808 10022 null
02-11 11:54:07.465   722   867 D PMS     : updatePSL(0x1,true)
02-11 11:54:07.465   722  3974 I BroadcastQueue: Deliver order [FG] BF{37ba3348 u0 RL{2508f9eb 1808 com.google.process.location/10022/u0}}:BR@330a982e
02-11 11:54:07.465   722  1412 D PMS     : acquireWL(1a88affd): PARTIAL_WAKE_LOCK  Wakeful StateMachine: GeofencerStateMachine 0x1 1808 10022 null
02-11 11:54:07.465   722  1163 V ActivityManager: startService: Intent { act=com.google.android.location.internal.GMS_NLP pkg=com.google.android.gms (has extras) } type=null args=Bundle[mParcelledData.dataSize=332] pid=1808
02-11 11:54:07.465   722  1413 I BroadcastQueue: Deliver order [FG] BF{317a4ae2 u0 RL{3dc6a7ad 1808 com.google.process.location/10022/u0}}:BR@330a982e
02-11 11:54:07.465   722 14466 D PMS     : releaseWL(1a88affd): PARTIAL_WAKE_LOCK  Wakeful StateMachine: GeofencerStateMachine 0x1 null
02-11 11:54:07.465   722  1417 D PMS     : releaseWL(11c75454): PARTIAL_WAKE_LOCK  GCoreFlp 0x1 null
02-11 11:54:07.465   722  1413 I BroadcastQueue: Deliver order [FG] BF{13871df0 u0 RL{3bb1c633 1808 com.google.process.location/10022/u0}}:BR@330a982e
02-11 11:54:07.465   722   867 I BroadcastQueue: Deliver order [FG] BF{2286114c u0 RL{15293d7f 1808 com.google.process.location/10022/u0}}:BR@330a982e
02-11 11:54:07.475   722  3974 I BroadcastQueue: Deliver order [FG] BF{3ab85450 u0 RL{2a665a13 2224 com.aiqidii.mercury/10083/u0}}:BR@330a982e
02-11 11:54:07.475   722   738 I BroadcastQueue: Deliver order [FG] BF{373152d5 u0 RL{2be3db8c 1548 com.google.process.gapps/10022/u0}}:BR@330a982e
02-11 11:54:07.485   722   738 I BroadcastQueue: Deliver order [FG] BF{27a337aa u0 RL{39cfaa95 3630 com.htc.CruiserPwrExpert/10085/u0}}:BR@330a982e
02-11 11:54:07.485   722   738 I BroadcastQueue: Deliver order [FG] BF{179d4238 u0 RL{13c42e9b 3977 com.zoodles.kidmode/10117/u0}}:BR@330a982e
02-11 11:54:07.485   722  1163 I BroadcastQueue: Deliver order [FG] BF{20076b64 u0 RL{23dd0f7 4045 com.google.android.youtube/10145/u0}}:BR@330a982e
02-11 11:54:07.495   722  1173 V ActivityManager: startService: Intent { act=com.htc.android.mail.mailservice.MailIntentService.INIT_ACCOUNT_POOL cmp=com.htc.android.mail/.mailservice.MailIntentService } type=null args=null pid=13952
