02-11 11:54:08.806   722  1417 D PMS     : releaseHCC(ba4fb40): CPU_MIN_NUM SystemUIScroll_4.0 0x8000 null
02-11 11:54:08.806   939  1048 D PowerManager: R run E
02-11 11:54:08.926   722  1412 V ActivityManager: bindService: Intent { cmp=com.google.android.music/.net.NetworkMonitor } type=null conn=android.os.BinderProxy@3f8b215 flags=0x1 pid=14075
02-11 11:54:08.976   722  1417 I ActivityManager: 14075 get provider com.google.android.gsf.gservices 1548
02-11 11:54:08.996   722  1121 I ActivityManager: 1427 get provider media 21709
02-11 11:54:09.056   722  1175 D PMS     : releaseWL(11856b99): PARTIAL_WAKE_LOCK  wake:com.google.android.gms/com.google.android.libraries.social.mediamonitor.MediaMonitorIntentService 0x1 null
02-11 11:54:09.056   722  1173 V ActivityManager: stopServiceToken: SR=527535328 startId=1
02-11 11:54:09.066 14075 14075 W ResourcesManager: Asset path '/system/framework/com.android.media.remotedisplay.jar' does not exist or contains no resources.
02-11 11:54:09.066 14075 14075 W ResourcesManager: Asset path '/system/framework/com.android.location.provider.jar' does not exist or contains no resources.
02-11 11:54:09.126   722   767 D PMS     : setSBOFWM:(-1,722,1000)
02-11 11:54:09.126   722   767 D PMS     : setUATOFWM:(-1,722,1000)
02-11 11:54:09.136   722  1173 D WindowState: Reporting Window{3f5341de u0 StatusBar}: Rect(0, 0 - 1080, 75), configChanged=false, mDrawState=4, old seq: 27
02-11 11:54:09.136   722  1173 D PMS     : setSBOFWM:(-1,722,1000)
02-11 11:54:09.136   722  1173 D PMS     : setUATOFWM:(-1,722,1000)
02-11 11:54:09.136   722  1173 V WindowManager: Found wallpaper target: #9=Window{a225faa u0 com.htc.launcher/com.htc.launcher.Launcher}
02-11 11:54:09.136   722  1173 V WindowManager: No longer animating wallpaper targets!
02-11 11:54:09.136   722  1173 V WindowManager: Wallpaper vis: target Window{a225faa u0 com.htc.launcher/com.htc.launcher.Launcher}, obscured=false anim=null upper=null lower=null
02-11 11:54:09.136   722  1173 V WindowManager: adjustWallpaper win Window{32b5bc66 u0 com.android.systemui.ImageWallpaper} anim layer: 21000
02-11 11:54:09.136   722  1173 V WindowManager: Moving wallpaper Window{32b5bc66 u0 com.android.systemui.ImageWallpaper} from 0 to 0
02-11 11:54:09.136   722  1173 D WindowManager: New wallpaper: target=Window{a225faa u0 com.htc.launcher/com.htc.launcher.Launcher} lower=null upper=null
02-11 11:54:09.147   722  1173 D PMS     : setSBOFWM:(-1,722,1000)
02-11 11:54:09.147   722  1173 D PMS     : setUATOFWM:(-1,722,1000)
02-11 11:54:09.147   722  1173 D WindowManager: Relayout Window{3f5341de u0 StatusBar}, fl=0x81840048, vsysui=0x600, vis 0 to 0, mDrawState=4, outFrame=[0,0][1080,75]
02-11 11:54:09.147   722   767 V WindowManager: Found wallpaper target: #9=Window{a225faa u0 com.htc.launcher/com.htc.launcher.Launcher}
02-11 11:54:09.147   722   767 V WindowManager: Wallpaper vis: target Window{a225faa u0 com.htc.launcher/com.htc.launcher.Launcher}, obscured=false anim=null upper=null lower=null
02-11 11:54:09.147   722   767 V WindowManager: adjustWallpaper win Window{32b5bc66 u0 com.android.systemui.ImageWallpaper} anim layer: 21000
02-11 11:54:09.147   722   767 V WindowManager: Moving wallpaper Window{32b5bc66 u0 com.android.systemui.ImageWallpaper} from 0 to 0
02-11 11:54:09.147   722   767 D PMS     : setSBOFWM:(-1,722,1000)
02-11 11:54:09.147   722   767 D PMS     : setUATOFWM:(-1,722,1000)
02-11 11:54:09.147   939   939 D ViewRootImpl: RW(01001):9,StatusBar,null,f=[0,0][1080,75] o=[0,0][0,0] c=[0,0][0,0] s=[0,0][0,0] v=[0,0][0,0]
02-11 11:54:09.147   722  1163 D PMS     : acquireWL(2cbf5a91): PARTIAL_WAKE_LOCK  NfcService:mRoutingWakeLock 0x1 1111 1027 null
02-11 11:54:09.157   722  1417 I ActivityManager: broadcast act=com.htc.intent.action.MMP_SCAN_STARTED dat=file:///storage/emulated/0 from pid=15521, uid=10026,parallel BR:3837edf6,u0,size=1,replaced=0,order BR:null,size=0,resultTo=null
02-11 11:54:09.157   722   751 I BroadcastQueue: Deliver non-order [BG] BR@3837edf6 BF{17d00422 u0 RL{27d94817 15597 com.htc.album/10026/u0}}
02-11 11:54:09.157   722  1401 V ActivityManager: stopServiceToken: SR=234106801 startId=1
02-11 11:54:09.157   722 14404 D ActivityManager: unregisterReceiver from pid=15521,uid=10026,rec=2b666c96
02-11 11:54:09.177   722  3974 D PMS     : releaseWL(2cbf5a91): PARTIAL_WAKE_LOCK  NfcService:mRoutingWakeLock 0x1 null
02-11 11:54:09.207   722 14466 V ActivityManager: bindService: Intent { cmp=com.google.android.music/.preferences.MusicPreferenceService$MusicPreferenceServiceBinder } type=null conn=android.os.BinderProxy@3c9575f7 flags=0x1 pid=14075
02-11 11:54:09.247   722  3974 D ActivityManager: registerReceiver filter=33cc2ad0 from com.google.android.music,userId=0,pid=14075,uid=10120,rec=2fd9cac9
02-11 11:54:09.257   722  1173 D ActivityManager: registerReceiver filter=311123fc from com.google.android.music,userId=0,pid=14075,uid=10120,rec=2e2b4a85
02-11 11:54:09.297   722   871 V UsbDeviceManager: [USBNET] USB UEVENT: {USB_STATE=DISCONNECTED, SUBSYSTEM=android_usb, SEQNUM=22870, ACTION=change, DEVPATH=/devices/virtual/android_usb/android0}
02-11 11:54:09.327   722   871 V UsbDeviceManager: [USBNET] USB UEVENT: {USB_STATE=CONNECTED, SUBSYSTEM=android_usb, SEQNUM=22871, ACTION=change, DEVPATH=/devices/virtual/android_usb/android0}
02-11 11:54:09.327   722   756 D UsbDeviceManager: [USBNET] handleMessage: 0; mConnected=true, mConfiguration=true
02-11 11:54:09.327   722   756 D UsbDeviceManager: sendStickyBroadcast: broadcasting Intent { act=android.hardware.usb.action.USB_STATE flg=0x20000000 (has extras) } connected: true configured: false; SetCurrentFunctions= mtp,mass_storage,adb
02-11 11:54:09.327   722   756 I ActivityManager: broadcast act=android.hardware.usb.action.USB_STATE flg=0x20000000 from pid=722, uid=1000,parallel BR:10170da,u-1,size=2,replaced=0,order BR:9ba90b,u-1,size=1,replaced=0
02-11 11:54:09.327   722   751 I BroadcastQueue: Deliver non-order [BG] BR@10170da BF{25ea3637 u0 RL{1628736 722 system/1000/u0 247b90d1}} BF{18638088 u0 RL{322cd8a5 722 system/1000/u0 2845969c}}
02-11 11:54:09.327   722  1413 V ActivityManager: startService: Intent { act=com.google.android.music.ResumeStorageMigration cmp=com.google.android.music/.download.cache.StorageMigrationService } type=null args=null pid=14075
02-11 11:54:09.347   722  3974 V ActivityManager: bindService: Intent { cmp=com.google.android.music/.download.artwork.ArtDownloadService } type=null conn=android.os.BinderProxy@2f95c0a6 flags=0x5 pid=14075
02-11 11:54:09.347   722   867 I PackageManager:  setEnabledSetting(), pkgName=com.google.android.music, clsName=com.android.music.MediaAppWidgetProvider, state=1, flag=1, pid=14075, uid=10120, userID:0
02-11 11:54:09.387   722  1401 D WifiDisplayAdapter: getWifiDisplayStatusLocked: result=WifiDisplayStatus{featureState=3, scanState=0, activeDisplayState=0, activeDisplay=null, displays=[Push2TV 740F00-PTV3000 (22:e5:2a:74:0f:00), isAvailable false, canConnect false, isRemembered true], sessionInfo=WifiDisplaySessionInfo:
02-11 11:54:09.387   722  1401 D WifiDisplayAdapter:     Client/Owner: Client
02-11 11:54:09.387   722  1401 D WifiDisplayAdapter:     GroupId: 
02-11 11:54:09.387   722  1401 D WifiDisplayAdapter:     Passphrase: 
02-11 11:54:09.387   722  1401 D WifiDisplayAdapter:     SessionId: 0
02-11 11:54:09.387   722  1401 D WifiDisplayAdapter:     IP Address: }
02-11 11:54:09.387   722 14404 D ActivityManager: registerReceiver filter=cee2e83 from com.google.android.music,userId=0,pid=14075,uid=10120,rec=fe7e800
02-11 11:54:09.387   722  1121 D ActivityManager: registerReceiver filter=3c5b2fdf from com.google.android.music,userId=0,pid=14075,uid=10120,rec=20e3842c
02-11 11:54:09.387   722 14466 D MediaRouterService: Client com.google.android.music (pid 14075): Registered
02-11 11:54:09.397   722  1415 D WifiDisplayAdapter: getWifiDisplayStatusLocked: result=WifiDisplayStatus{featureState=3, scanState=0, activeDisplayState=0, activeDisplay=null, displays=[Push2TV 740F00-PTV3000 (22:e5:2a:74:0f:00), isAvailable false, canConnect false, isRemembered true], sessionInfo=WifiDisplaySessionInfo:
02-11 11:54:09.397   722  1415 D WifiDisplayAdapter:     Client/Owner: Client
02-11 11:54:09.397   722  1415 D WifiDisplayAdapter:     GroupId: 
02-11 11:54:09.397   722  1415 D WifiDisplayAdapter:     Passphrase: 
02-11 11:54:09.397   722  1415 D WifiDisplayAdapter:     SessionId: 0
02-11 11:54:09.397   722  1415 D WifiDisplayAdapter:     IP Address: }
02-11 11:54:09.407   722   738 D ActivityManager: registerReceiver filter=24b97571 from com.google.android.music,userId=0,pid=14075,uid=10120,rec=2b259f56
02-11 11:54:09.417   722   871 V UsbDeviceManager: [USBNET] USB UEVENT: {USB_STATE=CONFIGURED, SUBSYSTEM=android_usb, SEQNUM=22872, ACTION=change, DEVPATH=/devices/virtual/android_usb/android0}
02-11 11:54:09.417   722   756 D UsbDeviceManager: [USBNET] handleMessage: 0; mConnected=true, mConfiguration=false
02-11 11:54:09.417   722   756 D UsbDeviceManager: sendStickyBroadcast: broadcasting Intent { act=android.hardware.usb.action.USB_STATE flg=0x20000000 (has extras) } connected: true configured: true; SetCurrentFunctions= mtp,mass_storage,adb
02-11 11:54:09.417   722   756 I ActivityManager: broadcast act=android.hardware.usb.action.USB_STATE flg=0x20000000 from pid=722, uid=1000,parallel BR:28153bd7,u-1,size=2,replaced=0,order BR:28902cc4,u-1,size=1,replaced=1
02-11 11:54:09.417   722   751 I BroadcastQueue: Deliver non-order [BG] BR@28153bd7 BF{25ea3637 u0 RL{1628736 722 system/1000/u0 247b90d1}} BF{18638088 u0 RL{322cd8a5 722 system/1000/u0 2845969c}}
--------- beginning of main
02-11 11:54:09.427  6862  6862 I wpa_supplicant: [dlink-F95C] c0:a0:bb:fb:f9:5c freq=2457 level=-58
02-11 11:54:09.427  6862  6862 I wpa_supplicant: [r] 84:7a:88:77:bf:e3 freq=2417 level=-61
02-11 11:54:09.427  6862  6862 I wpa_supplicant: [] 6c:f3:7f:45:ea:32 freq=2412 level=-62
02-11 11:54:09.427  6862  6862 I wpa_supplicant: [HTC_Wireless] 6c:f3:7f:45:ea:e9 freq=5500 level=-67
02-11 11:54:09.427  6862  6862 I wpa_supplicant: [] 6c:f3:7f:45:ea:e8 freq=5500 level=-67
02-11 11:54:09.427  6862  6862 I wpa_supplicant: [] 6c:f3:7f:45:ea:33 freq=2412 level=-63
02-11 11:54:09.427  6862  6862 I wpa_supplicant: [] 6c:f3:7f:45:ea:ea freq=5500 level=-68
02-11 11:54:09.427  6862  6862 I wpa_supplicant: [] 6c:f3:7f:45:ea:eb freq=5500 level=-68
02-11 11:54:09.427  6862  6862 I wpa_supplicant: [DLNA_TEST_U58_5G] ac:22:0b:d5:da:81 freq=5805 level=-71
02-11 11:54:09.427  6862  6862 I wpa_supplicant: [NETGEAR98-5G_CH149] c4:04:15:44:96:9c freq=5745 level=-79
02-11 11:54:09.427  6862  6862 I wpa_supplicant: [dlink-5G-2F56] 90:94:e4:fc:2f:56 freq=5745 level=-80
02-11 11:54:09.427  6862  6862 I wpa_supplicant: [Browser-Only] 00:16:01:a1:ab:ab freq=2427 level=-64
02-11 11:54:09.437   267   856 E QC-NETMGR-LIB: Received nl msg, recvmsg returned 56
02-11 11:54:09.437   267   856 E QC-NETMGR-LIB: Received command: ID=NETMGR_KIF_MSG_CMD, link=8
02-11 11:54:09.437   267   679 E QC-NETMGR-LIB: Process command: ID=NETMGR_KIF_MSG_CMD, link=8, state=1
02-11 11:54:09.437   267   679 E QC-NETMGR-LIB: Processing RTM_NEWLINK
02-11 11:54:09.437   267   679 E QC-NETMGR-LIB: Metainfo:  Index=13 Family=0 Type=0x1 Change=[0x0] Flags=[0x11003]UP BROADCAST MULTICAST LOWER_UP 
02-11 11:54:09.437   267   679 E QC-NETMGR-LIB: Rcvd Netlink msg type [16]
02-11 11:54:09.437   267   679 E QC-NETMGR-LIB: Received RTM_NEWLINK
02-11 11:54:09.437   267   679 E QC-NETMGR-LIB: unrecognized ifindex 13, disable link
02-11 11:54:09.437   722  6887 D WifiMonitor: Event [IFNAME=wlan0 CTRL-EVENT-BSS-ADDED 292 6c:f3:7f:45:ea:e1]
02-11 11:54:09.437   722  6887 D WifiMonitor: Event [IFNAME=wlan0 CTRL-EVENT-BSS-ADDED 293 6c:19:8f:c8:84:64]
02-11 11:54:09.437   722  6887 D WifiMonitor: Event [IFNAME=wlan0 CTRL-EVENT-BSS-ADDED 294 ac:22:0b:d5:da:7d]
02-11 11:54:09.437   722  6887 D WifiMonitor: Event [IFNAME=wlan0 CTRL-EVENT-BSS-ADDED 295 e0:3f:49:05:cd:58]
02-11 11:54:09.437   722  6887 D WifiMonitor: Event [IFNAME=wlan0 CTRL-EVENT-BSS-ADDED 296 c8:d3:a3:63:03:b0]
02-11 11:54:09.437   722  6887 D WifiMonitor: Event [IFNAME=wlan0 CTRL-EVENT-BSS-ADDED 297 c0:a0:bb:fb:f9:5c]
02-11 11:54:09.437   722  6887 D WifiMonitor: Event [IFNAME=wlan0 CTRL-EVENT-BSS-ADDED 298 84:7a:88:77:bf:e3]
02-11 11:54:09.437   722  6887 D WifiMonitor: Event [IFNAME=wlan0 CTRL-EVENT-BSS-ADDED 299 6c:f3:7f:45:ea:32]
02-11 11:54:09.437   722  6887 D WifiMonitor: Event [IFNAME=wlan0 CTRL-EVENT-BSS-ADDED 300 6c:f3:7f:45:ea:e9]
02-11 11:54:09.437   722  6887 D WifiMonitor: Event [IFNAME=wlan0 CTRL-EVENT-BSS-ADDED 301 6c:f3:7f:45:ea:e8]
02-11 11:54:09.437   722  6887 D WifiMonitor: Event [IFNAME=wlan0 CTRL-EVENT-BSS-ADDED 302 6c:f3:7f:45:ea:33]
02-11 11:54:09.437   722  6887 D WifiMonitor: Event [IFNAME=wlan0 CTRL-EVENT-BSS-ADDED 303 6c:f3:7f:45:ea:ea]
02-11 11:54:09.437   722  6887 D WifiMonitor: Event [IFNAME=wlan0 CTRL-EVENT-BSS-ADDED 304 6c:f3:7f:45:ea:eb]
02-11 11:54:09.437   722  6887 D WifiMonitor: Event [IFNAME=wlan0 CTRL-EVENT-BSS-ADDED 305 ac:22:0b:d5:da:81]
02-11 11:54:09.437   722  6887 D WifiMonitor: Event [IFNAME=wlan0 CTRL-EVENT-BSS-ADDED 306 c4:04:15:44:96:9c]
02-11 11:54:09.437   722  6887 D WifiMonitor: Event [IFNAME=wlan0 CTRL-EVENT-BSS-ADDED 307 90:94:e4:fc:2f:56]
02-11 11:54:09.437   722  6887 D WifiMonitor: Event [IFNAME=wlan0 CTRL-EVENT-BSS-ADDED 308 00:16:01:a1:ab:ab]
02-11 11:54:09.437   722  6887 E WifiMonitor: WifiMonitor:wlan0 cnt=10530 dispatchEvent: CTRL-EVENT-SCAN-RESULTS 
02-11 11:54:09.437   722  6887 E WifiMonitor: handleEvent 4  CTRL-EVENT-SCAN-RESULTS 
02-11 11:54:09.437   722  6887 D WifiMonitor: Event [IFNAME=wlan0 WPS-AP-AVAILABLE ]
02-11 11:54:09.437   722  6887 E WifiMonitor: WifiMonitor:wlan0 cnt=10531 dispatchEvent: WPS-AP-AVAILABLE 
02-11 11:54:09.437   722  6887 W WifiMonitor: couldn't identify event type - WPS-AP-AVAILABLE 
02-11 11:54:09.437   722   890 E WifiStateMachine: handleMessage: E msg.what=147461
02-11 11:54:09.437   722   756 D Tethering: interfaceLinkStateChanged wlan0, true
02-11 11:54:09.437   722   890 E WifiStateMachine: processMsg: DisconnectedState
02-11 11:54:09.437   722   756 D Tethering: interfaceStatusChanged wlan0, true
02-11 11:54:09.437   722   756 E WifiStateMachine: WiFiDisplay: getWifidisplayApEnabled=false
02-11 11:54:09.437   722   890 E WifiStateMachine:  DisconnectedState !SCAN_RESULTS_EVENT 0 0 found=1 known=1 got=1 dur:5380 bcn=0
02-11 11:54:09.437   722   890 E WifiStateMachine: processMsg: ConnectModeState
02-11 11:54:09.437   722   890 E WifiStateMachine:  ConnectModeState !SCAN_RESULTS_EVENT 0 0 found=1 known=1 got=1 dur:5380 bcn=0
02-11 11:54:09.437   722   890 E WifiStateMachine: processMsg: DriverStartedState
02-11 11:54:09.437   722   890 E WifiStateMachine:  DriverStartedState !SCAN_RESULTS_EVENT 0 0 found=1 known=1 got=1 dur:5380 bcn=0
02-11 11:54:09.437   722   890 E WifiStateMachine: processMsg: SupplicantStartedState
02-11 11:54:09.437   722   890 E WifiStateMachine:  SupplicantStartedState !SCAN_RESULTS_EVENT 0 0 found=1 known=1 got=1 dur:5380 bcn=0
02-11 11:54:09.437   722   890 D WifiStateMachine: [MLHD] enter handleMediaLinkEvent SupplicantStartedState
02-11 11:54:09.437   722   890 W WifiHW  : QCOM Debug wifi_send_command "IFNAME=wlan0 LIST_DONGLES"
02-11 11:54:09.437   722   890 E WifiStateMachine: [1,423,626,849,448 ms] noteScanEnd no scan source
02-11 11:54:09.437   722   890 W WifiHW  : QCOM Debug wifi_send_command "IFNAME=wlan0 BSS RANGE=0- MASK=0x21987"
02-11 11:54:09.437   722   722 D WirelessDisplayService: Receive dongle scan results available intent.
02-11 11:54:09.437   722   722 V Perf    : com.htc.server.WirelessDisplayService$5@2e465ea3 onReceive:com.htc.wifi.DONGLE_SCAN_RESULTS, 0ms
02-11 11:54:09.437   722   897 D WirelessDisplayService: HANDLE_WIFI_SCAN_RESULT_AVAILABLE, dongle scan = 1
02-11 11:54:09.437   722   897 D WirelessDisplayService: constructDongleInfoFromWifi() dongleScan = true
02-11 11:54:09.437   722   897 D WirelessDisplayService: wfdservice: true, finger gesture: true, don't sendBroadcast
02-11 11:54:09.437   722   897 D WirelessDisplayService: getDiscoveryDongleList
02-11 11:54:09.437   722   897 V WirelessDisplayNotification: updateNotification() mirror = false, dongles = 0, wifi = true, preference = true
02-11 11:54:09.437   722   890 W ContextImpl: Calling a method in the system process without a qualified user: android.app.ContextImpl.sendBroadcast:1459 com.android.server.wifi.WifiStateMachine.sendDongleScanResultsAvailableBroadcast:13836 com.android.server.wifi.WifiStateMachine.handleMediaLinkEvent:14001 com.android.server.wifi.WifiStateMachine.access$5400:265 com.android.server.wifi.WifiStateMachine$SupplicantStartedState.processMessage:7884 
02-11 11:54:09.437   722   890 I ActivityManager: broadcast act=com.htc.wifi.DONGLE_SCAN_RESULTS flg=0x4000000 from pid=722, uid=1000,parallel BR:df45ae2,u0,size=1,replaced=0,order BR:null,size=0,resultTo=null
02-11 11:54:09.437   722   751 I BroadcastQueue: Deliver non-order [BG] BR@df45ae2 BF{cccf559 u0 RL{39de25a0 722 system/1000/u0 2e465ea3}}
02-11 11:54:09.447   722   890 E WifiStateMachine: wifi setScanResults statecom.android.server.wifi.WifiStateMachine$DisconnectedState@19a9ee6d sup_state=SCANNING debouncing=false
02-11 11:54:09.447   722   890 E WifiConfigStore: setLastSelectedConfiguration -1
02-11 11:54:09.447   722   890 E WifiAutoJoinController : HTC_Wireless 6c:f3:7f:45:ea:e1 rssi=-41 cap [WPA2-EAP-CCMP][ESS] is not scored
02-11 11:54:09.447   722   890 E WifiAutoJoinController : dlink-8464 6c:19:8f:c8:84:64 rssi=-43 cap [WPA-PSK-CCMP+TKIP][WPA2-PSK-CCMP+TKIP][WPS][ESS] is not scored
02-11 11:54:09.447   722   890 E WifiConfigStore: updateSavedNetworkHistory(): try "dlink-8464"WPA_PSK SSID="dlink-8464" dlink-8464 [WPA-PSK-CCMP+TKIP][WPA2-PSK-CCMP+TKIP][WPS][ESS] ajst=200
02-11 11:54:09.447   722   890 E WifiConfigStore: updateSavedNetworkHistory: HTC improve mode
02-11 11:54:09.447   722   890 E WifiConfigStore: updateSavedNetworkHistory(): try "dlink-8464"NONE SSID="dlink-8464" dlink-8464 [WPA-PSK-CCMP+TKIP][WPA2-PSK-CCMP+TKIP][WPS][ESS] ajst=0
02-11 11:54:09.447   722   890 E WifiConfigStore: updateSavedNetworkHistory: HTC improve mode
02-11 11:54:09.447   722   890 E WifiAutoJoinController : DLNA_TEST_U58_24G ac:22:0b:d5:da:7d rssi=-46 cap [WPA2-PSK-CCMP][WPS][ESS] is not scored
02-11 11:54:09.447   722   890 E WifiAutoJoinController : danielWireless e0:3f:49:05:cd:58 rssi=-52 cap [WPA2-PSK-CCMP][ESS] is not scored
02-11 11:54:09.447   722   890 E WifiAutoJoinController : dlink_810L_2.4G c8:d3:a3:63:03:b0 rssi=-58 cap [WPA-PSK-CCMP+TKIP][WPA2-PSK-CCMP+TKIP-preauth][WPS][ESS] is not scored
02-11 11:54:09.447   722   890 E WifiAutoJoinController : dlink-F95C c0:a0:bb:fb:f9:5c rssi=-58 cap [WPA-PSK-CCMP+TKIP][WPA2-PSK-CCMP+TKIP][WPS][ESS] is not scored
02-11 11:54:09.447   722   890 E WifiAutoJoinController : r 84:7a:88:77:bf:e3 rssi=-61 cap [WPA2-PSK-CCMP][ESS] is not scored
02-11 11:54:09.447   722   890 E WifiAutoJoinController :  6c:f3:7f:45:ea:32 rssi=-62 cap [WPA2-PSK-CCMP][ESS] is not scored
02-11 11:54:09.447   722   890 E WifiAutoJoinController : HTC_Wireless 6c:f3:7f:45:ea:e9 rssi=-67 cap [WPA2-EAP-CCMP][ESS] is not scored
02-11 11:54:09.447   722   890 E WifiAutoJoinController :  6c:f3:7f:45:ea:e8 rssi=-67 cap [WPA2-PSK-CCMP][ESS] is not scored
02-11 11:54:09.447   722   890 E WifiAutoJoinController :  6c:f3:7f:45:ea:33 rssi=-63 cap [WPA2-PSK-CCMP][ESS] is not scored
02-11 11:54:09.447   722   890 E WifiAutoJoinController :  6c:f3:7f:45:ea:ea rssi=-68 cap [WPA2-PSK-CCMP][ESS] is not scored
02-11 11:54:09.447   722   890 E WifiAutoJoinController :  6c:f3:7f:45:ea:eb rssi=-68 cap [WPA2-PSK-CCMP][ESS] is not scored
02-11 11:54:09.447   722   890 E WifiAutoJoinController : DLNA_TEST_U58_5G ac:22:0b:d5:da:81 rssi=-71 cap [WPA2-PSK-CCMP][WPS][ESS] is not scored
02-11 11:54:09.447   722   890 E WifiAutoJoinController : NETGEAR98-5G_CH149 c4:04:15:44:96:9c rssi=-79 cap [WPA2-PSK-CCMP][WPS][ESS] is not scored
02-11 11:54:09.447   722   890 E WifiAutoJoinController : dlink-5G-2F56 90:94:e4:fc:2f:56 rssi=-80 cap [WPA2-PSK-CCMP+TKIP][ESS] is not scored
02-11 11:54:09.447   722   890 E WifiAutoJoinController : Browser-Only 00:16:01:a1:ab:ab rssi=-64 cap [WEP][ESS] is not scored
02-11 11:54:09.447   722   890 E WifiAutoJoinController : ageScanResultsOut delay 40000 size 17 now 1423626849458
02-11 11:54:09.447   722   890 E WifiAutoJoinController : newSupplicantResults size=17 known=1 true
02-11 11:54:09.447   722   890 E WifiAutoJoinController : attemptAutoJoin nothing known=22
02-11 11:54:09.457   722   890 E WifiConfigStore:  writeKnownNetworkHistory() num networks:22 needWrite=false
02-11 11:54:09.457   722   890 E WifiStateMachine: handleMessage: X
02-11 11:54:09.457 14075 14075 V Perf    : com.google.android.music.MusicApplication@1840dea0 onCreate, 492ms
02-11 11:54:09.457 14075 14075 V Perf    : 38912a6d com.google.android.music handleBindApplication, 777ms
02-11 11:54:09.467 14075 14075 V Perf    : com.google.android.music.store.MediaStoreImportService$Receiver@e0a76a2 onReceive:android.intent.action.MEDIA_SCANNER_STARTED, 4ms
02-11 11:54:09.467 28682 28682 V Perf    : com.htc.sense.hsp.weather.location.AutoSettingReceiver@37251603 onReceive:android.intent.action.USER_PRESENT, 1ms
02-11 11:54:09.467 28682 14110 D AutoSetting: receiver - intent: android.intent.action.USER_PRESENT
02-11 11:54:09.467  7895  7895 D Settings:HtcSystemReceiver: onReceive, action = android.intent.action.USER_PRESENT
02-11 11:54:09.467   722  1175 V ActivityManager: startService: Intent { act=MediaStoreImportService.import_pending cmp=com.google.android.music/.store.MediaStoreImportService } type=null args=null pid=14075
02-11 11:54:09.467   722  1142 I ActivityManager: broadcast act=com.google.android.music.IMPORT_PENDING from pid=14075, uid=10120,parallel BR:null,size=0,order BR:null,size=0,resultTo=null
02-11 11:54:09.467   722  1173 V BroadcastQueue: Deliver to ComponentInfo{com.htc.sense.hsp/com.htc.sense.hsp.weather.location.AutoSettingReceiver}:BR@19f023e9
02-11 11:54:09.467   722   738 V BroadcastQueue: Deliver to ComponentInfo{com.android.settings/com.android.settings.framework.app.HtcSystemReceiver}:BR@19f023e9
02-11 11:54:09.467  7895  7895 W ContextImpl: Calling a method in the system process without a qualified user: android.app.ContextImpl.startService:1824 android.content.ContextWrapper.startService:515 android.content.ContextWrapper.startService:515 com.android.settings.framework.app.HtcSystemReceiver.onReceive:44 android.app.ActivityThread.handleReceiver:2712 
02-11 11:54:09.467   722  1163 V ActivityManager: startService: Intent { act=android.intent.action.USER_PRESENT flg=0x24000010 cmp=com.android.settings/.framework.app.HtcSystemService } type=null args=null pid=7895
02-11 11:54:09.477  7895  7895 V Perf    : com.android.settings.framework.app.HtcSystemReceiver@37747ca onReceive:android.intent.action.USER_PRESENT, 8ms
02-11 11:54:09.477  7895  7895 V Perf    : com.android.settings.framework.app.HtcSystemService@21e54d3b onCreate, 2ms
02-11 11:54:09.477  7895  7895 V Perf    : com.android.settings.framework.app.HtcSystemService@21e54d3b onStartCommand:act=android.intent.action.USER_PRESENT flg=0x24000010, 0ms
02-11 11:54:09.477  1427  1427 I Kids    : [CommonUtils] disabled. skipping.
02-11 11:54:09.477  1427  1427 V Perf    : com.google.android.gms.kids.account.RetryKidsAccountSetupReceiver@3cb57ec1 onReceive:android.intent.action.USER_PRESENT, 1ms
02-11 11:54:09.477  7895 14111 D Settings:HtcSystemService: onHandleIntent, action = android.intent.action.USER_PRESENT
02-11 11:54:09.477   722 14404 V BroadcastQueue: Deliver to ComponentInfo{com.google.android.gms/com.google.android.gms.kids.account.RetryKidsAccountSetupReceiver}:BR@19f023e9
02-11 11:54:09.477   722  1412 V ActivityManager: stopService: Intent { cmp=com.htc.sense.hsp/.weather.location.PhoneStateMonitorService } type=null pid=28682
02-11 11:54:09.487  7895  7895 D TetherSettings: CustomizedNS:true CustomizedML:false CustomizedSPCSC:false CustomizedIPT:true CustomizedSingleUSBfalse
02-11 11:54:09.487  7895  7895 D         : Cust_ConnectToPC   : Internet_Sharing>true
02-11 11:54:09.487  7895  7895 D         : Cust_ConnectToPC   : Modem_Link>false
02-11 11:54:09.487  7895  7895 D         : Cust_ConnectToPC   : spcsc>false
02-11 11:54:09.487  7895  7895 D         : Cust_ConnectToPC   : IPT>true
02-11 11:54:09.487  7895  7895 D         : Cust_ConnectToPC   : Singel_USB>false
02-11 11:54:09.487  7895  7895 W Settings: Setting tethering_blocked has moved from android.provider.Settings.Secure to android.provider.Settings.Global.
02-11 11:54:09.487  7895  7895 I SmartNS_Utility: hasRemovableStorageSlot: false
02-11 11:54:09.487  7895  7895 D SmartNS_Utility: [ACC]Settings-Wireless_+_network-USB_tethering_:usb_storage_notification=false
02-11 11:54:09.487  7895  7895 D SmartNS_NSReceiver: onReceive : android.intent.action.USER_PRESENT hasTethered:false isNSOpening:false
02-11 11:54:09.487  7895  7895 I PSReceiver: onReceive:android.intent.action.USER_PRESENT
02-11 11:54:09.487  1548  1548 V Perf    : com.google.android.gms.auth.devicesignals.LockScreenListener@213cb80f onReceive:android.intent.action.USER_PRESENT, 1ms
02-11 11:54:09.487  1548  1548 I BroadcastReceiver: QueuedWork>>1c245446 onReceive wait SharedPreferences apply to disk
02-11 11:54:09.487  1548  3972 I BroadcastReceiver: QueuedWork<<1c245446, 1ms
02-11 11:54:09.487  7895  7895 W ContextImpl: Calling a method in the system process without a qualified user: android.app.ContextImpl.startService:1824 android.content.ContextWrapper.startService:515 com.android.settings.PSReceiver.onReceive:36 android.support.v4.content.g.a:297 android.support.v4.content.g.a:46 
02-11 11:54:09.487   722  3974 V BroadcastQueue: Deliver to ComponentInfo{com.google.android.gms/com.google.android.gms.auth.devicesignals.LockScreenListener}:BR@19f023e9
02-11 11:54:09.487   722  1415 V ActivityManager: startService: Intent { act=android.intent.action.USER_PRESENT flg=0x24000010 cmp=com.android.settings/.PSService } type=null args=null pid=7895
02-11 11:54:09.487   722   867 V ActivityManager: startService: Intent { act=com.htc.app.autosetting.delayrequest cmp=com.htc.sense.hsp/.weather.location.AutoSettingService } type=null args=null pid=28682
02-11 11:54:09.497 28682 28682 D AutoSetting: service - onCreate()
02-11 11:54:09.497 28682 28682 D AutoSetting: service - read bundle: null
02-11 11:54:09.497  7895  7895 V Perf    : com.android.settings.PSService@1518217 onCreate, 0ms
02-11 11:54:09.497  7895  7895 I SmartNS_PSService: onReceive:android.intent.action.USER_PRESENT
02-11 11:54:09.497  7895  7895 W Settings: Setting tethering_blocked has moved from android.provider.Settings.Secure to android.provider.Settings.Global.
02-11 11:54:09.497  7895  7895 I SmartNS_PSService:  defaultType:0
02-11 11:54:09.497  7895  7895 V Perf    : com.android.settings.PSService@1518217 onStartCommand:act=android.intent.action.USER_PRESENT flg=0x24000010, 2ms
02-11 11:54:09.497  1808  1808 V UserPresentBroadcastReceiver: Received Intent { act=android.intent.action.USER_PRESENT flg=0x24000010 cmp=com.google.android.gms/.auth.trustagent.UserPresentBroadcastReceiver }.
02-11 11:54:09.497  7895  7895 V Perf    : com.android.settings.framework.app.HtcSystemService@21e54d3b onDestroy, 0ms
02-11 11:54:09.497  7895  7895 V Perf    : com.android.settings.PSService@1518217 onDestroy, 0ms
02-11 11:54:09.497   722  1175 V ActivityManager: stopServiceToken: SR=973161262 startId=1
02-11 11:54:09.497   722  1173 V BroadcastQueue: Deliver to ComponentInfo{com.google.android.gms/com.google.android.gms.auth.trustagent.UserPresentBroadcastReceiver}:BR@19f023e9
02-11 11:54:09.497   722   738 V ActivityManager: stopServiceToken: SR=949341903 startId=-1
02-11 11:54:09.507  1808  1808 V Perf    : com.google.android.gms.auth.trustagent.UserPresentBroadcastReceiver@da8773c onReceive:android.intent.action.USER_PRESENT, 8ms
02-11 11:54:09.507   722  1175 V ActivityManager: bindService: Intent { act=com.google.android.gms.playlog.service.START pkg=com.google.android.gms } type=null conn=android.os.BinderProxy@24b46f65 flags=0x81 pid=1808
02-11 11:54:09.507   722   738 W BroadcastQueue: Permission Denial: broadcasting Intent { act=android.intent.action.USER_PRESENT flg=0x24000010 } from com.android.systemui (pid=939, uid=10040) is not exported from uid 10139 due to receiver com.twitter.android/.healthcheck.HealthCheckReceiver
02-11 11:54:09.507   722   751 V BroadcastQueue: Deliver to ComponentInfo{com.android.providers.media/com.android.providers.media.MtpReceiver}:BR@28902cc4
02-11 11:54:09.517 14075 14075 V Perf    : com.google.android.music.net.NetworkMonitor@de60f33 onCreate, 12ms
02-11 11:54:09.517 14075 14075 V Perf    : com.google.android.music.net.NetworkMonitor@de60f33 onBind, 0ms
02-11 11:54:09.517 21709 21709 D MtpReceiver: [MTP][handleUsbStateAsync]+
02-11 11:54:09.517 21709 21709 D MtpReceiver: [MTP][handleUsbStateAsync]1:1-
02-11 11:54:09.517 21709 21709 V Perf    : com.android.providers.media.MtpReceiver@2d70710f onReceive:android.hardware.usb.action.USB_STATE, 0ms
02-11 11:54:09.517 21709 14114 D MtpReceiver: [MTP][handleUsbState]+
02-11 11:54:09.517 21709 14114 D MediaProvider: [insert][0] uri=content://media/none/mtp_connected, initValues=null, caller:21709
02-11 11:54:09.517 21709 14114 D MediaProvider: [query][1] uri=content://media/none/media_scanner, selection=null, caller:21709
02-11 11:54:09.517 21709 14114 D MtpReceiver: [MTP][scanExternalVolumeIfNeed] is scanning, skip scan
02-11 11:54:09.517 21709 14114 D MtpReceiver: [MTP][handleUsbState]-
02-11 11:54:09.517 21709 14114 D MtpReceiver: [MTP][handleMessage]-
02-11 11:54:09.517   722  1401 D ActivityManager: registerReceiver filter=c019ce1 from com.google.android.music,userId=0,pid=14075,uid=10120,rec=11828a06
02-11 11:54:09.517   722  1401 D ActivityManager: Enqueue sticky BR{146c8c7 u-1 android.net.conn.CONNECTIVITY_CHANGE callingPid=-1 callingUid=-1} size=1
02-11 11:54:09.517   722   751 I BroadcastQueue: Deliver non-order [BG] BR@146c8c7 BF{c019ce1 u0 RL{b61648 14075 com.google.android.music:main/10120/u0}}
02-11 11:54:09.517   722  3974 V ActivityManager: startService: Intent { cmp=com.android.providers.media/.MtpService } type=null args=null pid=21709
02-11 11:54:09.527 15597 15597 V Perf    : com.htc.album.helper.raw.RawFileObserver@1a072c70 onChange, 0ms
02-11 11:54:09.527 21709 21709 D MediaProvider: [insert][6] uri=content://media/, initValues=name=external, caller:21709
02-11 11:54:09.527 21709 21709 D MtpService: updating state; isCurrentUser=true, mMtpLocked=false
02-11 11:54:09.527 21709 21709 D MtpDatabase: TotalSize=1863064,MediaCacheLimit=6000
02-11 11:54:09.527   722   867 D ActivityManager: unregisterReceiver from pid=21709,uid=10016,rec=2ded9e5e
02-11 11:54:09.527   722  3974 I ActivityManager: broadcast act=com.google.android.gms.gcm.ACTION_SCHEDULE pkg=com.google.android.gms from pid=1548, uid=10022,parallel BR:null,size=0,order BR:2d3a4ef4,u0,size=1,replaced=0
02-11 11:54:09.527   722   751 V BroadcastQueue: Deliver to ComponentInfo{com.google.android.gms/com.google.android.gms.gcm.nts.SchedulerReceiver}:BR@2d3a4ef4
02-11 11:54:09.537  1548  1548 V Perf    : com.google.android.gms.gcm.nts.SchedulerReceiver@13fa9aa5 onReceive:com.google.android.gms.gcm.ACTION_SCHEDULE, 2ms
02-11 11:54:09.537 14075 14075 V Perf    : com.google.android.music.preferences.MusicPreferenceService$MusicPreferenceServiceBinder@19bd5aee onCreate, 7ms
02-11 11:54:09.547 28682 28682 V Perf    : com.htc.sense.hsp.weather.location.AutoSettingService@10d17980 onCreate, 53ms
02-11 11:54:09.547 28682 28682 D AutoSetting: service - onStartCommand() action: com.htc.app.autosetting.delayrequest
02-11 11:54:09.547 28682 28682 V Perf    : com.htc.sense.hsp.weather.location.AutoSettingService@10d17980 onStartCommand:act=com.htc.app.autosetting.delayrequest, 0ms
02-11 11:54:09.547 21709 21709 D MtpService: [isMtpConnected] connected: true
02-11 11:54:09.547 21709 21709 V Perf    : com.android.providers.media.MtpService@27b53ad1 onStartCommand:, 25ms
02-11 11:54:09.547   722  3974 D LocationManagerService: request 143618a3 passive Request[POWER_NONE passive fastest=+5s0ms] from com.htc.sense.hsp(10044)
02-11 11:54:09.547   722  3974 D LocationManagerService: provider request: passive ProviderRequest[ON interval=0]
02-11 11:54:09.547 14075 14075 V Perf    : com.google.android.music.preferences.MusicPreferenceService$MusicPreferenceServiceBinder@19bd5aee onBind, 0ms
02-11 11:54:09.547   722  1163 D ActivityManager: registerReceiver filter=5d2a63 from com.htc.sense.hsp,userId=0,pid=28682,uid=10044,rec=36276660
02-11 11:54:09.557 14075 14075 V Perf    : com.google.android.music.download.cache.StorageMigrationService@1b0a31ab onCreate, 0ms
02-11 11:54:09.557   722  1175 I ActivityManager: 13010 get provider media 21709
02-11 11:54:09.567 14075 14075 V Perf    : com.google.android.music.download.cache.StorageMigrationService@1b0a31ab onStartCommand:act=com.google.android.music.ResumeStorageMigration, 10ms
02-11 11:54:09.567 21709 21738 D MediaProvider: [query][0] uri=content://media/external/fs_id, selection=null, caller:13010
02-11 11:54:09.567   722  3974 V ActivityManager: bindService: Intent { cmp=com.google.android.music/.net.NetworkMonitor } type=null conn=android.os.BinderProxy@1e380719 flags=0x1 pid=14075
02-11 11:54:09.577 14075 14075 V Perf    : com.google.android.music.download.artwork.ArtDownloadService@231d9c6 onCreate, 8ms
02-11 11:54:09.577 14075 14075 V Perf    : com.google.android.music.download.artwork.ArtDownloadService@231d9c6 onBind, 0ms
02-11 11:54:09.577   939   939 D HtcLockScreen: WallpaperCtrl: dispatchSetWallpaper:null
02-11 11:54:09.577   939   939 D HtcLockScreen: KeyguardUpdateMonitor: dispatchSetBackground
02-11 11:54:09.577   939   939 I HtcLockScreen: KeyguardViewMediator:  state:0 lockedOrMissing:false
02-11 11:54:09.587 14075 14075 V Perf    : com.google.android.music.store.MediaStoreImportService@1c2c5b9e onCreate, 0ms
02-11 11:54:09.587 14075 14075 V Perf    : com.google.android.music.store.MediaStoreImportService@1c2c5b9e onStartCommand:act=MediaStoreImportService.import_pending, 0ms
02-11 11:54:09.587   722  1401 V ActivityManager: stopServiceToken: SR=400581033 startId=1
02-11 11:54:09.597   939   939 D HtcLockScreen: LockIconView: onAnimationEnd mArrowPlaying:true
02-11 11:54:09.597 14075 14075 V Perf    : com.google.android.music.net.NetworkMonitor$1@21cef695 onReceive:android.net.conn.CONNECTIVITY_CHANGE, 6ms
02-11 11:54:09.597 14075 14099 D MusicPreferences: setStreamingAccount
02-11 11:54:09.597 14075 14099 D MusicPreferences: setIsValidAccount
02-11 11:54:09.597 14075 14075 V Perf    : com.google.android.music.store.MediaStoreImportService@1c2c5b9e onDestroy, 0ms
02-11 11:54:09.597 14075 14099 D MusicPreferences: Set pref key isInvalidAccount=false
02-11 11:54:09.597 14075 14075 V Perf    : com.google.android.music.download.cache.StorageMigrationService@1b0a31ab onDestroy, 1ms
02-11 11:54:09.597   722  1173 V ActivityManager: stopServiceToken: SR=106629633 startId=1
02-11 11:54:09.597   722   867 V ActivityManager: stopServiceToken: SR=590870164 startId=-1
02-11 11:54:09.597   722  1163 I PackageManager:  setEnabledSetting(), pkgName=com.google.android.music, clsName=com.google.android.music.Settings.NetworkUsage, state=2, flag=1, pid=14075, uid=10120, userID:0
02-11 11:54:09.607 14075 14118 D SQLiteConnection: DB info: open connection, path: /data/data/com.google.android.music/databases/music.db, handle: 0xb9d28f08, flag: 0x6, FH handler: 0xb9d933a8, count: 1
02-11 11:54:09.607 21709 14071 D MediaProvider: [update][3]#1# uri=content://media/external/file/41, userWhere=null, initValues=mime_type=null date_modified=1423626849 _size=0 title=files is_drm=false, caller:21709
02-11 11:54:09.607 15597 15597 V Perf    : com.htc.album.helper.raw.RawFileObserver@1a072c70 onChange, 0ms
02-11 11:54:09.607   722  1412 I ActivityManager: 14075 get provider com.google.android.gsf.gservices 1548
02-11 11:54:09.607   722   767 V WindowManager: Wallpaper layer changed: assigning layers + relayout
02-11 11:54:09.617 21709 14071 D MediaProvider: [update][4]#1# uri=content://media/external/file/854, userWhere=null, initValues=mime_type=null date_modified=1423562217 _size=104470 title=debug is_drm=false, caller:21709
02-11 11:54:09.617 15597 15597 V Perf    : com.htc.album.helper.raw.RawFileObserver@1a072c70 onChange, 0ms
02-11 11:54:09.617 14075 14099 D MusicPreferences: Set pref key upgradeSyncDone=false
02-11 11:54:09.617 14075 14099 D MusicPrefService: setPreference key=LogFilesEnabled value=false
02-11 11:54:09.617   722   767 V WindowManager: Wallpaper may change!  Adjusting
02-11 11:54:09.617   722   767 D PMS     : setSBOFWM:(-1,722,1000)
02-11 11:54:09.617   722   767 D PMS     : setUATOFWM:(-1,722,1000)
02-11 11:54:09.617   722   767 V WindowManager: Found wallpaper target: #9=Window{a225faa u0 com.htc.launcher/com.htc.launcher.Launcher}
02-11 11:54:09.617   722   767 V WindowManager: Wallpaper vis: target Window{a225faa u0 com.htc.launcher/com.htc.launcher.Launcher}, obscured=false anim=null upper=null lower=null
02-11 11:54:09.617   722   767 V WindowManager: adjustWallpaper win Window{32b5bc66 u0 com.android.systemui.ImageWallpaper} anim layer: 21000
02-11 11:54:09.617   722   767 V WindowManager: Moving wallpaper Window{32b5bc66 u0 com.android.systemui.ImageWallpaper} from 0 to 0
02-11 11:54:09.617   722   767 D PMS     : setSBOFWM:(-1,722,1000)
02-11 11:54:09.617   722   767 D PMS     : setUATOFWM:(-1,722,1000)
02-11 11:54:09.627 14075 14099 D MusicPrefService: setPreference key=isInvalidAccount value=false
02-11 11:54:09.627 14075 14118 D SQLiteDatabase: DB info: open, path: /data/data/com.google.android.music/databases/music.db, count: 1, wal: false
02-11 11:54:09.627   722   867 V ActivityManager: stopServiceToken: SR=590870164 startId=-1
02-11 11:54:09.637 14075 14118 D MusicStore: Disabled WAL
02-11 11:54:09.637 14075 14099 D MusicPrefService: setPreference key=upgradeSyncDone value=false
02-11 11:54:09.637 14075 14118 D MusicStore: Database opened
02-11 11:54:09.647 14075 14118 W ArtDownloadService: Setting cache size 0
02-11 11:54:09.707 21709 14071 D MediaProvider: [update][5]#1# uri=content://media/external/file/33, userWhere=null, initValues=media_type=0 mime_type=text/plain date_modified=1423619547 _size=36 title=syncid_uuid is_drm=false, caller:21709
02-11 11:54:09.717 15597 15597 V Perf    : com.htc.album.helper.raw.RawFileObserver@1a072c70 onChange, 0ms
02-11 11:54:09.967 15597 15597 V Perf    : com.htc.album.helper.raw.RawFileObserver@1a072c70 onChange, 0ms
02-11 11:54:09.967 21709 14071 D MediaProvider: [update][8]#1# uri=content://media/external/file/1381, userWhere=null, initValues=media_type=0 mime_type=null date_modified=1423626847 _size=781523 title=shoebox is_drm=false, caller:21709
02-11 11:54:10.037 21709 14071 D MediaProvider: [query][4]#43# uri=content://media/external/file, selection=media_type=2, caller:21709
02-11 11:54:10.037 21709 14071 D MediaScanner:  prescan time: 517ms
02-11 11:54:10.037 21709 14071 D MediaScanner:     scan time: 886ms
02-11 11:54:10.037 21709 14071 D MediaScanner: postscan time: 5ms
02-11 11:54:10.037 21709 14071 D MediaScanner:    total time: 1408ms
02-11 11:54:10.037 21709 14071 D MediaScanner: -----------------------------------------------------------------
02-11 11:54:10.037 21709 14071 D MediaScanner: firstscan(media) time: 438ms
02-11 11:54:10.037 21709 14071 D MediaScanner: secondscan(non-media) time: 448ms
02-11 11:54:10.037 21709 14071 D MediaScanner:  [Update]   Image: 0 Video: 0 Audio: 0 Other: 3
02-11 11:54:10.037 21709 14071 D MediaScanner:  [Insert]   Image: 0 Video: 0 Audio: 0 Other: 0
02-11 11:54:10.037 21709 14071 D MediaScanner:  [Delete]   Image: 0 Video: 0 Audio: 0 Other: 0
02-11 11:54:10.047 21709 14071 D MediaScanner:  [Total]    File(Image+Video+Audio+Others) in database : 1658
02-11 11:54:10.047 21709 14071 D MediaProvider: [delete][8] uri=content://media/none/media_scanner, userWhere=null, match:500, caller:21709
02-11 11:54:10.047 21709 14071 D MediaProvider: [recoverParentNodes] + parent != 0 and parent not in (SELECT DISTINCT _id from files where format = 12289)
02-11 11:54:10.057 21709 14071 D MediaProvider: [recoverParentNodes] - 0
02-11 11:54:10.057 21709 14071 D MediaProvider: [update][9] uri=content://media/external/recover_parent_node, userWhere=parent != 0 and parent not in (SELECT DISTINCT _id from files where format = 12289), initValues=, caller:21709
02-11 11:54:10.057 21709 14071 D MediaScannerServiceEx: [scan] Recover Parent Node is finished!
02-11 11:54:10.057 21709 14071 D MediaScannerServiceEx: [updateImage]+/storage/emulated/0
02-11 11:54:10.067   263   283 I PnPMgr  : Write '/sys/block/mmcblk0/queue/max_sectors_kb' = '2048' <Rule: Default>
02-11 11:54:10.067 21709 14071 D MediaProvider: [query][8]#0# uri=content://media/external/file, selection=htc_type = ? AND _data LIKE ?, caller:21709
02-11 11:54:10.077 21709 14071 D MediaProvider: [query][7]#0# uri=content://media/external/file, selection=htc_type&1 = 1 AND _data LIKE ?, caller:21709
02-11 11:54:10.077 15521 15541 D MediaManager: [MMPUtils]	[requestScan] Scan Category: files
02-11 11:54:10.077 21709 14071 D MediaScannerServiceEx: [updateImage]-0
02-11 11:54:10.077   722  1173 V ActivityManager: startService: Intent { cmp=com.htc.album/com.htc.mediamanager.providers.media.MMPScanService (has extras) } type=null args=Bundle[mParcelledData.dataSize=156] pid=15521
02-11 11:54:10.077   722   867 D ActivityManager: registerReceiver filter=258382db from com.htc.album,userId=0,pid=15521,uid=10026,rec=1b3fa178
02-11 11:54:10.077   722   867 D ActivityManager: Enqueue sticky BR{181a8051 u-1 android.intent.action.BATTERY_CHANGED callingPid=-1 callingUid=-1} size=1
02-11 11:54:10.087 15521 15521 D MediaManager: [MMPScanService]	[onCreate] Register battery receiver
02-11 11:54:10.087 15521 15521 D MediaManager: [MMPScanService]	[updateBatteryStatus] Status change: 2
02-11 11:54:10.087 15521 15521 D MediaManager: [MMPScanService]	[updateBatteryStatus] Battery status OK: true
02-11 11:54:10.087 15521 15521 V Perf    : com.htc.mediamanager.providers.media.MMPScanService@61eee33 onCreate, 2ms
02-11 11:54:10.087 21709 14071 D MediaScannerServiceEx: [1] scan finished
02-11 11:54:10.087 21709 14071 D MediaProviderUtils: calcVolumeId: /storage/emulated/0
02-11 11:54:10.087 21709 14071 D MediaProviderUtils: calcVolumeId: /storage/usb
02-11 11:54:10.087 21709 14071 D MediaScannerServiceEx: [handleExternalVolume] android.intent.action.MEDIA_MOUNTED : [vol] -1 : #1 : [path] /storage/usb
02-11 11:54:10.087 21709 14071 W MediaScannerServiceEx: Process mounted intent for unmounted storage: /storage/usb
02-11 11:54:10.087   321   321 D Zygote  : fork++
02-11 11:54:10.087   722  1175 I ActivityManager: broadcast act=android.intent.action.MEDIA_SCANNER_FINISHED dat=file:///storage/emulated/0 from pid=21709, uid=10016,parallel BR:null,size=0,order BR:260780b6,u0,size=5,replaced=0
02-11 11:54:10.087   722   751 I BroadcastQueue: Deliver non-order [BG] BR@181a8051 BF{258382db u0 RL{2cbc4fea 15521 com.htc.mediamanager/10026/u0}}
02-11 11:54:10.087   722 14466 D PMS     : releaseWL(d4caa79): PARTIAL_WAKE_LOCK  MediaScannerService 0x1 null
02-11 11:54:10.098   321   321 D Zygote  : fork-- pid: 14122
02-11 11:54:10.108 14122 14122 I art     : VMHOOK: rlim_cur : 4294967295 pid:14122
02-11 11:54:10.108 21709 14071 D MediaScannerServiceEx: [disAliveExtStorageRows]+131073
02-11 11:54:10.108 21709 14071 D MediaProvider: [query][3]#1# uri=content://media/external/storage_volid/media, selection=storage_id = ?, caller:21709
02-11 11:54:10.108 21709 14071 D MediaProvider: [sendStorageAddedIfNeed]: /storage/usb : unmounted
02-11 11:54:10.108   722   751 I ActivityManager: Start proc com.htc.demoflopackageinstaller for broadcast com.htc.demoflopackageinstaller/.PIReceiver: pid=14122 uid=10015 gids={50015, 9997, 3003, 1028, 1015, 1023} abi=armeabi-v7a
02-11 11:54:10.108   722   738 I ActivityManager: broadcast act=android.intent.action.MEDIA_SCANNER_STARTED dat=file:///storage/usb from pid=21709, uid=10016,parallel BR:null,size=0,order BR:3d2d71b7,u0,size=2,replaced=0
02-11 11:54:10.118 14122 14122 D FDManager: Init fd protection
02-11 11:54:10.118 21709 14071 D MediaProvider: [update][6]#1# uri=content://media/external/storage_volid/media, userWhere=storage_id = ?, whereArgs=131073, initValues=date_modified=1423626850115 _data=/storage/usb status=unmounted, caller:21709
02-11 11:54:10.128 21709 14071 D MediaProvider: [update][9]#0# uri=content://media/external/file, userWhere=storage_id = ?, whereArgs=131073, initValues=date_added=0, caller:21709
02-11 11:54:10.138 14122 14122 V Perf    : attach ApplicationThread=1c245446
02-11 11:54:10.148   722  3974 V BroadcastQueue: Deliver to ComponentInfo{com.htc.demoflopackageinstaller/com.htc.demoflopackageinstaller.PIReceiver}:BR@260780b6
02-11 11:54:10.168 14122 14122 V Perf    : ActivityThread=19c0c334 newApplication, 0ms
02-11 11:54:10.168 21709 14071 D MediaProvider: [update][39]#0# uri=content://media/external/storage_data_backup/131073, userWhere=null, initValues=storage_id=131073, caller:21709
02-11 11:54:10.168 15597 15597 V Perf    : com.htc.album.helper.raw.RawFileObserver@1a072c70 onChange, 1ms
02-11 11:54:10.168 21709 14071 D MediaScannerServiceEx: [disAliveExtStorageRows]--1, 0, 0
02-11 11:54:10.168 14122 14122 V Perf    : android.app.Application@20c5255d onCreate, 0ms
02-11 11:54:10.168 21709 21709 V Perf    : com.android.providers.media.MediaScannerServiceEx@e6e0f4b onDestroy, 0ms
02-11 11:54:10.168 14122 14122 V Perf    : 8416ed2 com.htc.demoflopackageinstaller handleBindApplication, 19ms
02-11 11:54:10.168 14122 14122 D DFPI.PIReciver: onReceiver action:android.intent.action.MEDIA_SCANNER_FINISHED
02-11 11:54:10.168   722   739 I ActivityManager: broadcast act=android.intent.action.MEDIA_SCANNER_FINISHED dat=file:///storage/usb from pid=21709, uid=10016,parallel BR:null,size=0,order BR:f895d24,u0,size=5,replaced=0
02-11 11:54:10.168   722  1142 V ActivityManager: stopServiceToken: SR=906183379 startId=1
02-11 11:54:10.168   722  1121 V ActivityManager: startService: Intent { pkg=com.htc.demoflopackageinstaller cmp=com.htc.demoflopackageinstaller/.ApkInstallService } type=null args=null pid=14122
02-11 11:54:10.178 14122 14122 V Perf    : com.htc.demoflopackageinstaller.PIReceiver@3c0c5ba3 onReceive:android.intent.action.MEDIA_SCANNER_FINISHED, 4ms
02-11 11:54:10.178 14122 14122 V Perf    : com.htc.demoflopackageinstaller.ApkInstallService@1840dea0 onCreate, 1ms
02-11 11:54:10.178 14122 14122 V Perf    : com.htc.demoflopackageinstaller.ApkInstallService@1840dea0 onStartCommand:pkg=com.htc.demoflopackageinstaller, 0ms
02-11 11:54:10.178 14122 14140 I DFPI.ApkInstallService: onHandleIntent
02-11 11:54:10.178 14122 14140 I DFPI.ApkInstallService: Media Scan Finished Case 
02-11 11:54:10.178   722  1417 V BroadcastQueue: Deliver to ComponentInfo{com.htc.album/com.htc.mediamanager.providers.media.MMPReceiver}:BR@260780b6
02-11 11:54:10.188 15521 15521 D MediaManager: [MMPScanService]	[onStartCommand][1]
02-11 11:54:10.188 15521 15521 D MediaManager: [MMPScanService]	[processMessageLocked] 2
02-11 11:54:10.188 15521 15521 V Perf    : com.htc.mediamanager.providers.media.MMPScanService@61eee33 onStartCommand:, 100ms
02-11 11:54:10.188 15521 15521 D MediaManager: [MMPScanService]	[BatteryReceiver] onReceive
02-11 11:54:10.188 15521 15521 D MediaManager: [MMPScanService]	[updateBatteryStatus] Status change: 2
02-11 11:54:10.188 15521 15521 D MediaManager: [MMPScanService]	[updateBatteryStatus] Battery status OK: true
02-11 11:54:10.188 15521 15521 V Perf    : com.htc.mediamanager.providers.media.MMPScanService$1@15d03a8f onReceive:android.intent.action.BATTERY_CHANGED, 0ms
02-11 11:54:10.188 15521 15521 D MediaManager: [MMPReceiver]	action: android.intent.action.MEDIA_SCANNER_FINISHED path: /storage/emulated/0
02-11 11:54:10.188 15521 14121 D MediaManager: [MMP_DEBUG]	[hasDuplicatedScan][1] Group: 2 - duplicated? : false
02-11 11:54:10.188 15521 14121 D MediaManager: [MMPScanner]	syncMP
02-11 11:54:10.188 15521 14121 D MediaManager: [MMP_DEBUG]	[syncMP2MMP]
02-11 11:54:10.188 15521 14121 D MediaManager: [MMP_DEBUG]	[syncMP2MMP][mmpWhere]_id>? and ( (media_type = 3 OR media_type = 1))
02-11 11:54:10.188 15521 15521 V Perf    : com.htc.mediamanager.providers.media.MMPReceiver@151ab11c onReceive:android.intent.action.MEDIA_SCANNER_FINISHED, 3ms
02-11 11:54:10.188 15521 14121 D MediaManager: [MMP_DEBUG]	[syncMP2MMP][mpWhere]_id>? and ( (media_type = 3 OR media_type = 1))
02-11 11:54:10.188 15521 14121 D MediaManager: [MMP_DEBUG]	[syncMP2MMP][mpWhere_limitID]_id>? and _id<=? and ( (media_type = 3 OR media_type = 1))
02-11 11:54:10.188 15521 15521 D MediaManager: [MMPScanService]	[onStartCommand][2]
02-11 11:54:10.188 15521 15521 D MediaManager: [MMP_DEBUG]	[abortIfNeed][2] Group: 2, Latest:6 Keep scan
02-11 11:54:10.188 15521 15521 D MediaManager: [MMPScanService]	[processMessageLocked] 6
02-11 11:54:10.188 15521 15521 V Perf    : com.htc.mediamanager.providers.media.MMPScanService@61eee33 onStartCommand:, 0ms
02-11 11:54:10.188 14122 14140 I DFPI.SystemPropertiesUtil: value = 11111111
02-11 11:54:10.188 14122 14140 I DFPI.ApkInstallService: deviceCID = 11111111
02-11 11:54:10.188 14122 14140 D DFPI.ApkInstallService: check CID = 11111111
02-11 11:54:10.188 14122 14140 I DFPI.ApkInstallService: There is no Demo.apk in sd card or phone storage
02-11 11:54:10.188   722  1175 V ActivityManager: startService: Intent { cmp=com.htc.album/com.htc.mediamanager.providers.media.MMPScanService (has extras) } type=null args=Bundle[mParcelledData.dataSize=188] pid=15521
