02-05 17:42:32.226   992  1514 V ActivityManager: startService: Intent { cmp=com.google.android.music/.wear.WearMetadataSyncService } type=null args=null pid=16879
02-05 17:42:32.226   992  1115 D PMS     : releaseWL(f54646f): PARTIAL_WAKE_LOCK  wake:com.google.android.music/.leanback.AutoCacheSchedulingService 0x1 null
02-05 17:42:32.226   992  1115 D HtcPMSExtension: isAMOLED: false
02-05 17:42:32.226   992  1115 D PMS     : updateUserActivitySummaryLocked: mWakefulness=Awake, mUserActivitySummary=0x1,23795748,1,7000,3600000, nextTimeout=27388589 (in 3592841 ms)
02-05 17:42:32.226   992  1267 V ActivityManager: stopServiceToken: SR=120335182 startId=1
02-05 17:42:32.246   992  1553 V ActivityManager: bindService: Intent { act=com.google.android.gms.wearable.BIND pkg=com.google.android.gms } type=null conn=android.os.BinderProxy@334fd180 flags=0x81 pid=16879
02-05 17:42:32.256   992  2226 V BroadcastQueue: Deliver to ComponentInfo{com.cequint.ecid/com.cequint.hs.client.modules.ims.idml.IDMLBroadcastReceiver}:BR@2f0a3a13
02-05 17:42:32.266   992  1514 V ActivityManager: bindService: Intent { pkg=com.google.android.gms cmp=com.google.android.gms/.gcm.http.GoogleHttpService } type=null conn=android.os.BinderProxy@36a003fe flags=0x1 pid=16879
02-05 17:42:32.266 16879 16879 W ResourcesManager: Asset path '/system/framework/com.android.media.remotedisplay.jar' does not exist or contains no resources.
02-05 17:42:32.266 16879 16879 W ResourcesManager: Asset path '/system/framework/com.android.location.provider.jar' does not exist or contains no resources.
02-05 17:42:32.276   992  1557 V ActivityManager: startService: Intent { cmp=com.cequint.ecid/com.cequint.hs.client.modules.ims.idml.IDMLUpdateService (has extras) } type=null args=Bundle[mParcelledData.dataSize=208] pid=17455
02-05 17:42:32.276   992  1583 D PMS     : acquireWL(3c1b8275): PARTIAL_WAKE_LOCK  wake:com.cequint.ecid/com.cequint.hs.client.modules.ims.idml.IDMLUpdateService 0x1 17455 10074 null
02-05 17:42:32.276   992  1583 D HtcPMSExtension: isAMOLED: false
02-05 17:42:32.276   992  1583 D PMS     : updateUserActivitySummaryLocked: mWakefulness=Awake, mUserActivitySummary=0x1,23795793,1,7000,3600000, nextTimeout=27388589 (in 3592796 ms)
02-05 17:42:32.276   992  1267 I ActivityManager: Delay finish: com.cequint.ecid/com.cequint.hs.client.modules.ims.idml.IDMLBroadcastReceiver
02-05 17:42:32.286   992  1583 V ActivityManager: bindService: Intent { cmp=com.google.android.music/.net.NetworkMonitor } type=null conn=android.os.BinderProxy@14f4620a flags=0x1 pid=16879
02-05 17:42:32.296   992  1552 I ActivityManager: broadcast act=com.cequint.ecid.idml.RESTORE_NOTIFICATION from pid=17455, uid=10074,parallel BR:null,size=0,order BR:d665098,u0,size=1,replaced=0
02-05 17:42:32.296   992  1584 D PMS     : releaseWL(3c1b8275): PARTIAL_WAKE_LOCK  wake:com.cequint.ecid/com.cequint.hs.client.modules.ims.idml.IDMLUpdateService 0x1 null
02-05 17:42:32.296   992  1584 D HtcPMSExtension: isAMOLED: false
02-05 17:42:32.296   992  1584 D PMS     : updateUserActivitySummaryLocked: mWakefulness=Awake, mUserActivitySummary=0x1,23795814,1,7000,3600000, nextTimeout=27388589 (in 3592775 ms)
02-05 17:42:32.296   992  1261 V ActivityManager: stopServiceToken: SR=10519980 startId=1
02-05 17:42:32.296   992  1261 I ActivityManager: Resuming delayed broadcast
02-05 17:42:32.296   992  1261 V BroadcastQueue: Deliver to ComponentInfo{com.cequint.ecid/com.cequint.hs.client.modules.ims.IMSBroadcastReceiver}:BR@d665098
02-05 17:42:32.296   992  1583 V ActivityManager: startService: Intent { act=com.cequint.ecid.idml.RESTORE_NOTIFICATION flg=0x10 cmp=com.cequint.ecid/com.cequint.hs.client.modules.ims.IMSIntentService (has extras) } type=null args=Bundle[mParcelledData.dataSize=88] pid=17455
02-05 17:42:32.296   992  1267 D PMS     : acquireWL(f7e94d6): PARTIAL_WAKE_LOCK  wake:com.cequint.ecid/com.cequint.hs.client.modules.ims.IMSIntentService 0x1 17455 10074 null
02-05 17:42:32.296   992  1267 D HtcPMSExtension: isAMOLED: false
02-05 17:42:32.296   992  1267 D PMS     : updateUserActivitySummaryLocked: mWakefulness=Awake, mUserActivitySummary=0x1,23795819,1,7000,3600000, nextTimeout=27388589 (in 3592770 ms)
02-05 17:42:32.306   992  1009 I ActivityManager: Delay finish: com.cequint.ecid/com.cequint.hs.client.modules.ims.IMSBroadcastReceiver
02-05 17:42:32.306   992  1513 D PMS     : releaseWL(f7e94d6): PARTIAL_WAKE_LOCK  wake:com.cequint.ecid/com.cequint.hs.client.modules.ims.IMSIntentService 0x1 null
02-05 17:42:32.306   992  1513 D HtcPMSExtension: isAMOLED: false
02-05 17:42:32.306   992  1513 D PMS     : updateUserActivitySummaryLocked: mWakefulness=Awake, mUserActivitySummary=0x1,23795825,1,7000,3600000, nextTimeout=27388589 (in 3592764 ms)
02-05 17:42:32.306   992  1261 V ActivityManager: stopServiceToken: SR=246337777 startId=1
02-05 17:42:32.306   992  1261 I ActivityManager: Resuming delayed broadcast
02-05 17:42:32.306   992  1115 V ActivityManager: unbindService: conn=android.os.BinderProxy@27de5626 pid=16879
02-05 17:42:32.316   992  1115 V ActivityManager: unbindService: conn=android.os.BinderProxy@1a62c57c pid=16879
02-05 17:42:32.316   992  1558 V ActivityManager: unbindService: conn=android.os.BinderProxy@56cd88b pid=16879
02-05 17:42:32.326   992  1008 V ActivityManager: unbindService: conn=android.os.BinderProxy@14f4620a pid=16879
02-05 17:42:32.326 16879 16879 E ActivityThread: Service com.google.android.music.download.TrackDownloadQueueService has leaked ServiceConnection com.google.android.gms.http.GoogleURLConnectionFactory$1@2bb6f4c9 that was originally bound here
02-05 17:42:32.326 16879 16879 E ActivityThread: android.app.ServiceConnectionLeaked: Service com.google.android.music.download.TrackDownloadQueueService has leaked ServiceConnection com.google.android.gms.http.GoogleURLConnectionFactory$1@2bb6f4c9 that was originally bound here
02-05 17:42:32.326 16879 16879 E ActivityThread: 	at android.app.LoadedApk$ServiceDispatcher.<init>(LoadedApk.java:1183)
02-05 17:42:32.326 16879 16879 E ActivityThread: 	at android.app.LoadedApk.getServiceDispatcher(LoadedApk.java:1077)
02-05 17:42:32.326 16879 16879 E ActivityThread: 	at android.app.ContextImpl.bindServiceCommon(ContextImpl.java:1880)
02-05 17:42:32.326 16879 16879 E ActivityThread: 	at android.app.ContextImpl.bindService(ContextImpl.java:1863)
02-05 17:42:32.326 16879 16879 E ActivityThread: 	at android.content.ContextWrapper.bindService(ContextWrapper.java:538)
02-05 17:42:32.326 16879 16879 E ActivityThread: 	at com.google.android.gms.http.GoogleURLConnectionFactory.<init>(Unknown Source)
02-05 17:42:32.326 16879 16879 E ActivityThread: 	at com.google.android.gms.http.GoogleHttpClient.<init>(Unknown Source)
02-05 17:42:32.326 16879 16879 E ActivityThread: 	at com.google.android.gms.http.GoogleHttpClient.<init>(Unknown Source)
02-05 17:42:32.326 16879 16879 E ActivityThread: 	at com.google.android.gms.http.GoogleHttpClient.<init>(Unknown Source)
02-05 17:42:32.326 16879 16879 E ActivityThread: 	at com.google.android.music.GoogleHttpClientFactory.createGoogleHttpClient(GoogleHttpClientFactory.java:81)
02-05 17:42:32.326 16879 16879 E ActivityThread: 	at com.google.android.music.cloudclient.MusicRequest.createHttpClient(MusicRequest.java:110)
02-05 17:42:32.326 16879 16879 E ActivityThread: 	at com.google.android.music.cloudclient.MusicRequest.getSharedHttpClient(MusicRequest.java:100)
02-05 17:42:32.326 16879 16879 E ActivityThread: 	at com.google.android.music.download.BaseDownloadQueueManager.<init>(BaseDownloadQueueManager.java:110)
02-05 17:42:32.326 16879 16879 E ActivityThread: 	at com.google.android.music.download.TrackDownloadQueueManager.<init>(TrackDownloadQueueManager.java:10)
02-05 17:42:32.326 16879 16879 E ActivityThread: 	at com.google.android.music.download.TrackDownloadQueueService.onCreate(TrackDownloadQueueService.java:25)
02-05 17:42:32.326 16879 16879 E ActivityThread: 	at android.app.ActivityThread.handleCreateService(ActivityThread.java:2894)
02-05 17:42:32.326 16879 16879 E ActivityThread: 	at android.app.ActivityThread.access$1800(ActivityThread.java:144)
02-05 17:42:32.326 16879 16879 E ActivityThread: 	at android.app.ActivityThread$H.handleMessage(ActivityThread.java:1455)
02-05 17:42:32.326 16879 16879 E ActivityThread: 	at android.os.Handler.dispatchMessage(Handler.java:102)
02-05 17:42:32.326 16879 16879 E ActivityThread: 	at android.os.Looper.loop(Looper.java:155)
02-05 17:42:32.326 16879 16879 E ActivityThread: 	at android.app.ActivityThread.main(ActivityThread.java:5696)
02-05 17:42:32.326 16879 16879 E ActivityThread: 	at java.lang.reflect.Method.invoke(Native Method)
02-05 17:42:32.326 16879 16879 E ActivityThread: 	at java.lang.reflect.Method.invoke(Method.java:372)
02-05 17:42:32.326 16879 16879 E ActivityThread: 	at com.android.internal.os.ZygoteInit$MethodAndArgsCaller.run(ZygoteInit.java:1028)
02-05 17:42:32.326 16879 16879 E ActivityThread: 	at com.android.internal.os.ZygoteInit.main(ZygoteInit.java:823)
02-05 17:42:32.326   992  1514 V ActivityManager: stopServiceToken: SR=633720323 startId=1
02-05 17:42:32.326   992  1584 V ActivityManager: unbindService: conn=android.os.BinderProxy@36a003fe pid=16879
02-05 17:42:32.366   992  1557 D PMS     : acquireWL(1dc2c357): PARTIAL_WAKE_LOCK  GCM_CONN 0x1 1762 10025 null
02-05 17:42:32.366   992  1557 D HtcPMSExtension: isAMOLED: false
02-05 17:42:32.366   992  1557 D PMS     : updateUserActivitySummaryLocked: mWakefulness=Awake, mUserActivitySummary=0x1,23795887,1,7000,3600000, nextTimeout=27388589 (in 3592702 ms)
02-05 17:42:32.366   992  1583 V AlarmManager: set(PendingIntent{2fbbde44: PendingIntentRecord{22ea7bc5 com.google.android.gms broadcastIntent}}) : type=2 triggerAtTime=24335810 win=-1 tElapsed=24335810 maxElapsed=24515810 interval=0 standalone=false
02-05 17:42:32.366   992  1583 V AlarmManager: Adding Alarm{3d4e8b2d type 2 when 24335810 com.google.android.gms} to Batch{1aa72862 num=3 start=24493807 end=24504325}
02-05 17:42:32.366   992  1583 V AlarmManager:     => now Batch{1aa72862 num=4 start=24493807 end=24504325}
02-05 17:42:32.366   992  1267 V AlarmManager: remove(PendingIntent{25463df3: PendingIntentRecord{1ba07d21 com.google.android.gms broadcastIntent}}) changed bounds; rebatching
02-05 17:42:32.376   992  1009 D PMS     : releaseWL(2c035649): PARTIAL_WAKE_LOCK  GCM_CONN_ALARM 0x1 null
02-05 17:42:32.376   992  1009 D PMS     : updatePSL(0x1,true) (repeat:10)
02-05 17:42:32.376   992  1009 D HtcPMSExtension: isAMOLED: false
02-05 17:42:32.376   992  1009 D PMS     : updateUserActivitySummaryLocked: mWakefulness=Awake, mUserActivitySummary=0x1,23795892,1,7000,3600000, nextTimeout=27388589 (in 3592697 ms)
02-05 17:42:32.376   992  2223 I ActivityManager: broadcast act=com.google.android.gcm.CONNECTED from pid=1762, uid=10025,parallel BR:null,size=0,order BR:null,size=0,resultTo=null
02-05 17:42:32.376   992  1552 D PMS     : releaseWL(1dc2c357): PARTIAL_WAKE_LOCK  GCM_CONN 0x1 null
02-05 17:42:32.376   992  1552 D HtcPMSExtension: isAMOLED: false
02-05 17:42:32.376   992  1552 D PMS     : updateUserActivitySummaryLocked: mWakefulness=Awake, mUserActivitySummary=0x1,23795895,1,7000,3600000, nextTimeout=27388589 (in 3592694 ms)
02-05 17:42:32.376   992  1553 D PMS     : acquireWL(22ba9ab0): PARTIAL_WAKE_LOCK  GCM_CONN 0x1 1762 10025 null
02-05 17:42:32.376   992  1553 D HtcPMSExtension: isAMOLED: false
02-05 17:42:32.376   992  1553 D PMS     : updateUserActivitySummaryLocked: mWakefulness=Awake, mUserActivitySummary=0x1,23795896,1,7000,3600000, nextTimeout=27388589 (in 3592693 ms)
02-05 17:42:32.396   992  1261 V AlarmManager: remove(PendingIntent{38b5ad29: PendingIntentRecord{22ea7bc5 com.google.android.gms broadcastIntent}}) changed bounds; rebatching
02-05 17:42:32.396   992  1557 V AlarmManager: set(PendingIntent{16d368ae: PendingIntentRecord{22ea7bc5 com.google.android.gms broadcastIntent}}) : type=2 triggerAtTime=24335835 win=-1 tElapsed=24335835 maxElapsed=24515835 interval=0 standalone=false
02-05 17:42:32.396   992  1557 V AlarmManager: Adding Alarm{67cc64f type 2 when 24335835 com.google.android.gms} to Batch{37a6b1dc num=2 start=24493807 end=24503442}
02-05 17:42:32.396   992  1557 V AlarmManager:     => now Batch{37a6b1dc num=3 start=24493807 end=24503442}
02-05 17:42:32.396   992  1515 D PMS     : releaseWL(22ba9ab0): PARTIAL_WAKE_LOCK  GCM_CONN 0x1 null
02-05 17:42:32.396   992  1515 D HtcPMSExtension: isAMOLED: false
02-05 17:42:32.396   992  1515 D PMS     : updateUserActivitySummaryLocked: mWakefulness=Awake, mUserActivitySummary=0x1,23795914,1,7000,3600000, nextTimeout=27388589 (in 3592675 ms)
02-05 17:42:32.396   992  1115 D PMS     : acquireWL(2852f2e5): PARTIAL_WAKE_LOCK  GCM_CONN 0x1 1762 10025 null
02-05 17:42:32.396   992  1115 D HtcPMSExtension: isAMOLED: false
02-05 17:42:32.396   992  1115 D PMS     : updateUserActivitySummaryLocked: mWakefulness=Awake, mUserActivitySummary=0x1,23795915,1,7000,3600000, nextTimeout=27388589 (in 3592674 ms)
02-05 17:42:32.416   992  2223 V AlarmManager: remove(PendingIntent{337161ba: PendingIntentRecord{22ea7bc5 com.google.android.gms broadcastIntent}}) changed bounds; rebatching
02-05 17:42:32.416   992  1552 V AlarmManager: set(PendingIntent{2e9786b: PendingIntentRecord{22ea7bc5 com.google.android.gms broadcastIntent}}) : type=2 triggerAtTime=24335853 win=-1 tElapsed=24335853 maxElapsed=24515853 interval=0 standalone=false
02-05 17:42:32.416   992  1552 V AlarmManager: Adding Alarm{2ddb0fc8 type 2 when 24335853 com.google.android.gms} to Batch{1c4d861 num=2 start=24493807 end=24503428}
02-05 17:42:32.416   992  1552 V AlarmManager:     => now Batch{1c4d861 num=3 start=24493807 end=24503428}
02-05 17:42:32.416   992  1553 D PMS     : releaseWL(2852f2e5): PARTIAL_WAKE_LOCK  GCM_CONN 0x1 null
02-05 17:42:32.416   992  1553 D HtcPMSExtension: isAMOLED: false
02-05 17:42:32.416   992  1553 D PMS     : updateUserActivitySummaryLocked: mWakefulness=Awake, mUserActivitySummary=0x1,23795932,1,7000,3600000, nextTimeout=27388589 (in 3592657 ms)
02-05 17:42:32.636   992  1089 I PMS     : uAFN (23796152,2,0)
02-05 17:42:32.636   992  1089 D PMS     : udaUAEL
02-05 17:42:32.636   992  1089 D PMS     : updatePSL(0x1,true) (repeat:5)
02-05 17:42:32.636   992  1089 D PMS     : updatePSL(0x4,true)
02-05 17:42:32.636   992  1089 D HtcPMSExtension: isAMOLED: false
02-05 17:42:32.636   992  1060 D AutomaticBrightnessController: ADC value = (160.0)
02-05 17:42:32.636   992  1060 D HABCtrl : change ls (160,3)
02-05 17:42:32.636   992  1089 D PMS     : updateUserActivitySummaryLocked: mWakefulness=Awake, mUserActivitySummary=0x1,23796155,4,7000,3600000, nextTimeout=27389152 (in 3592996 ms)
02-05 17:42:32.676   992  1102 I ActivityManager: broadcast act=android.net.wifi.RSSI_CHANGED flg=0x4000000 from pid=992, uid=1000,parallel BR:36c3df86,u-1,size=2,replaced=0,order BR:null,size=0,resultTo=null
02-05 17:42:32.676   992  1019 I BroadcastQueue: Deliver non-order [BG] BR@36c3df86 BF{1ac259a9 u0 RL{1c942930 992 system/1000/u0 286af673}} BF{3f39e0b u0 RL{1d9c19da 1157 com.android.systemui/10042/u0}}
02-05 17:42:32.676  1157  1157 D WIFI_ICON: updateWifiState: RSSI_CHANGED 3 -> 3
02-05 17:42:32.676  1157  1157 D StatusBar.NetworkController: dumpIcon[(gone) stat_sys_5signal_null|null stat_sys_wifi_signal_inandout_4 stat_sys_sim_malfunction F (gone)]
02-05 17:42:33.226   992  1557 V ActivityManager: bindService: Intent { act=aniways.com.google.android.gms.analytics.service.START (has extras) } type=null conn=android.os.BinderProxy@1d756074 flags=0x81 pid=17031
02-05 17:42:33.226   992  1557 W ActivityManager: Unable to start service Intent { act=aniways.com.google.android.gms.analytics.service.START (has extras) } U=0: not found
02-05 17:42:33.296   992  2223 D PMS     : releaseWL(3aadef1d): PARTIAL_WAKE_LOCK  AudioMix 0x1 null
02-05 17:42:33.296   992  2223 D PMS     : updatePSL(0x1,true)
02-05 17:42:33.296   992  2223 D HtcPMSExtension: isAMOLED: false
02-05 17:42:33.296   992  2223 D PMS     : updateUserActivitySummaryLocked: mWakefulness=Awake, mUserActivitySummary=0x1,23796819,1,7000,3600000, nextTimeout=27389152 (in 3592333 ms)
02-05 17:42:33.306   992  1019 I ActivityManager: Waited long enough for: ServiceRecord{1b2994ce u0 com.htc.wifidisplay/.engine.service.AllPlayService}
02-05 17:42:33.666   992  1089 I PMS     : uAFN (23797186,2,0)
02-05 17:42:33.666   992  1089 D PMS     : udaUAEL
02-05 17:42:33.666   992  1089 D PMS     : updatePSL(0x4,true)
02-05 17:42:33.666   992  1089 D HtcPMSExtension: isAMOLED: false
02-05 17:42:33.666   992  1089 D PMS     : updateUserActivitySummaryLocked: mWakefulness=Awake, mUserActivitySummary=0x1,23797188,4,7000,3600000, nextTimeout=27390186 (in 3592998 ms)
02-05 17:42:33.746   992  1082 V WiredAccessoryManager: Headset UEVENT: {SUBSYSTEM=switch, SEQNUM=20811, ACTION=change, SWITCH_STATE=1, SWITCH_NAME=Beats, DEVPATH=/devices/virtual/switch/Beats}
02-05 17:42:33.746   992  1082 V WiredAccessoryManager: Beats UEVENT: STATE:1
02-05 17:42:33.746   992  1082 V WiredAccessoryManager: Beats UEVENT: bests_status:true
02-05 17:42:33.746   992  1082 I ActivityManager: broadcast act=BEATS_NATIVE_NOTIFICATION flg=0x40000000 from pid=992, uid=1000,parallel BR:1c15999d,u-1,size=1,replaced=0,order BR:null,size=0,resultTo=null
02-05 17:42:33.746   992  1019 I BroadcastQueue: Deliver non-order [BG] BR@1c15999d BF{11d43bb2 u0 RL{37a199bd 992 system/1000/u0 16eecd14}}
02-05 17:42:33.746   355   393 E NetlinkEvent: NetlinkEvent::FindParam(): Parameter 'CDROM_TYPE' not found
02-05 17:42:33.746   355   393 W Vold    : Ignoring unknown switch 'Beats'
02-05 17:42:33.746   992  1261 D PMS     : acquireWL(67a89e3): PARTIAL_WAKE_LOCK  AudioMix 0x1 0 1013 null
02-05 17:42:33.746   992  1261 D PMS     : updatePSL(0x1,true)
02-05 17:42:33.746   992  1261 D HtcPMSExtension: isAMOLED: false
02-05 17:42:33.746   992  1261 D PMS     : updateUserActivitySummaryLocked: mWakefulness=Awake, mUserActivitySummary=0x1,23797269,1,7000,3600000, nextTimeout=27390186 (in 3592917 ms)
02-05 17:42:34.476   992  1089 I PMS     : uAFN (23797963,2,0)
02-05 17:42:34.476   992  1089 D PMS     : udaUAEL
02-05 17:42:34.476   992  1089 D PMS     : updatePSL(0x4,true)
02-05 17:42:34.476   992  1089 D HtcPMSExtension: isAMOLED: false
02-05 17:42:34.476   992  1089 D PMS     : updateUserActivitySummaryLocked: mWakefulness=Awake, mUserActivitySummary=0x1,23797991,4,7000,3600000, nextTimeout=27390963 (in 3592972 ms)
02-05 17:42:34.476   992  1082 V WiredAccessoryManager: Headset UEVENT: {SUBSYSTEM=switch, SEQNUM=20813, ACTION=change, SWITCH_STATE=0, SWITCH_NAME=Beats, DEVPATH=/devices/virtual/switch/Beats}
02-05 17:42:34.476   992  1082 V WiredAccessoryManager: Beats UEVENT: STATE:0
02-05 17:42:34.476   992  1082 V WiredAccessoryManager: Beats UEVENT: bests_status:false
02-05 17:42:34.476   992  1082 I ActivityManager: broadcast act=BEATS_NATIVE_NOTIFICATION flg=0x40000000 from pid=992, uid=1000,parallel BR:20c20fe0,u-1,size=1,replaced=0,order BR:null,size=0,resultTo=null
02-05 17:42:34.476   992  1019 I BroadcastQueue: Deliver non-order [BG] BR@20c20fe0 BF{11d43bb2 u0 RL{37a199bd 992 system/1000/u0 16eecd14}}
02-05 17:42:34.506   355   393 E NetlinkEvent: NetlinkEvent::FindParam(): Parameter 'CDROM_TYPE' not found
02-05 17:42:34.506   355   393 W Vold    : Ignoring unknown switch 'Beats'
02-05 17:42:34.546   992  1082 V WiredAccessoryManager: Headset UEVENT: {SUBSYSTEM=switch, SEQNUM=20817, ACTION=change, SWITCH_STATE=1, SWITCH_NAME=Beats, DEVPATH=/devices/virtual/switch/Beats}
02-05 17:42:34.546   992  1082 V WiredAccessoryManager: Beats UEVENT: STATE:1
02-05 17:42:34.546   992  1082 V WiredAccessoryManager: Beats UEVENT: bests_status:true
02-05 17:42:34.546   992  1082 I ActivityManager: broadcast act=BEATS_NATIVE_NOTIFICATION flg=0x40000000 from pid=992, uid=1000,parallel BR:cc1595e,u-1,size=1,replaced=0,order BR:null,size=0,resultTo=null
02-05 17:42:34.546   992  1019 I BroadcastQueue: Deliver non-order [BG] BR@cc1595e BF{11d43bb2 u0 RL{37a199bd 992 system/1000/u0 16eecd14}}
02-05 17:42:34.556   355   393 E NetlinkEvent: NetlinkEvent::FindParam(): Parameter 'CDROM_TYPE' not found
02-05 17:42:34.556   355   393 W Vold    : Ignoring unknown switch 'Beats'
02-05 17:42:34.556   992  2223 V ActivityManager: unbindService: conn=android.os.BinderProxy@29bcd486 pid=2189
02-05 17:42:34.556   992  1553 I ActivityManager: Killing 16926:com.htc.htcMessageUploader/u0a45 (adj 15): empty #17
02-05 17:42:34.566   992  1584 I ActivityManager: Recipient 16926
02-05 17:42:34.616   992  1584 W libprocessgroup: failed to open /acct/uid_10045/pid_16926/cgroup.procs: No such file or directory
02-05 17:42:34.616   992  1584 W WindowManager: Execute app transition: mNextAppTransition=0xffffffff
02-05 17:42:34.636   992  1060 D AutomaticBrightnessController: d-B-L=true
02-05 17:42:34.636   992  1060 D HABCtrl : getButton:(225,-1)
02-05 17:42:34.636   992  1060 D XAN-DPS : setBB(2,-1)
02-05 17:42:34.706   992  1019 I ActivityManager: Waited long enough for: ServiceRecord{3fef146d u0 com.amazon.venezia/com.amazon.mas.client.locker.service.appmgr.AppManagerService}
02-05 17:42:34.716   992  1019 I ActivityManager: Waited long enough for: ServiceRecord{2746a4f0 u0 com.amazon.mShop.android/com.amazon.mas.client.locker.service.appmgr.AppManagerService}
02-05 17:42:34.816   992  1060 D AutomaticBrightnessController: ADC value = (225.0)
02-05 17:42:34.816   992  1060 D HABCtrl : change ls (225,4)
02-05 17:42:34.816   992  1060 D AutomaticBrightnessController: d-B-L=true
02-05 17:42:34.816   992  1060 D HABCtrl : getButton:(225,-1)
02-05 17:42:34.816   992  1060 D XAN-DPS : setBB(2,-1)
02-05 17:42:34.956   992  1019 I ActivityManager: Waited long enough for: ServiceRecord{152cd127 u0 com.amazon.venezia/.notification.NotificationService}
02-05 17:42:35.136   992  1089 I PMS     : uAFN (23798652,2,0)
02-05 17:42:35.136   992  1089 D PMS     : udaUAEL
02-05 17:42:35.136   992  1089 D HtcPMSExtension: isAMOLED: false
02-05 17:42:35.136   992  1089 D PMS     : updateUserActivitySummaryLocked: mWakefulness=Awake, mUserActivitySummary=0x1,23798653,4,7000,3600000, nextTimeout=27391652 (in 3592999 ms)
02-05 17:42:35.206   992  1082 V WiredAccessoryManager: Headset UEVENT: {SUBSYSTEM=switch, SEQNUM=20820, ACTION=change, SWITCH_STATE=0, SWITCH_NAME=Beats, DEVPATH=/devices/virtual/switch/Beats}
02-05 17:42:35.206   992  1082 V WiredAccessoryManager: Beats UEVENT: STATE:0
02-05 17:42:35.206   992  1082 V WiredAccessoryManager: Beats UEVENT: bests_status:false
02-05 17:42:35.216   992  1082 I ActivityManager: broadcast act=BEATS_NATIVE_NOTIFICATION flg=0x40000000 from pid=992, uid=1000,parallel BR:28684a0c,u-1,size=1,replaced=0,order BR:null,size=0,resultTo=null
02-05 17:42:35.216   992  1019 I BroadcastQueue: Deliver non-order [BG] BR@28684a0c BF{11d43bb2 u0 RL{37a199bd 992 system/1000/u0 16eecd14}}
02-05 17:42:35.236   992  1082 V WiredAccessoryManager: Headset UEVENT: {SUBSYSTEM=switch, SEQNUM=20821, ACTION=change, SWITCH_STATE=1, SWITCH_NAME=Beats, DEVPATH=/devices/virtual/switch/Beats}
02-05 17:42:35.236   992  1082 V WiredAccessoryManager: Beats UEVENT: STATE:1
02-05 17:42:35.236   992  1082 V WiredAccessoryManager: Beats UEVENT: bests_status:true
02-05 17:42:35.236   992  1082 I ActivityManager: broadcast act=BEATS_NATIVE_NOTIFICATION flg=0x40000000 from pid=992, uid=1000,parallel BR:16c5ad6a,u-1,size=1,replaced=0,order BR:null,size=0,resultTo=null
02-05 17:42:35.236   992  1019 I BroadcastQueue: Deliver non-order [BG] BR@16c5ad6a BF{11d43bb2 u0 RL{37a199bd 992 system/1000/u0 16eecd14}}
02-05 17:42:35.236   355   393 E NetlinkEvent: NetlinkEvent::FindParam(): Parameter 'CDROM_TYPE' not found
02-05 17:42:35.236   355   393 W Vold    : Ignoring unknown switch 'Beats'
02-05 17:42:35.236   355   393 E NetlinkEvent: NetlinkEvent::FindParam(): Parameter 'CDROM_TYPE' not found
02-05 17:42:35.236   355   393 W Vold    : Ignoring unknown switch 'Beats'
02-05 17:42:35.326  1157  1157 D WIFI_ICON: WifiActivity: 0
02-05 17:42:35.326  1157  1157 D StatusBar.NetworkController: dumpIcon[(gone) stat_sys_5signal_null|null stat_sys_wifi_signal_connected_4 stat_sys_sim_malfunction F (gone)]
02-05 17:42:35.396   992  1019 I ActivityManager: Waited long enough for: ServiceRecord{3ffb3b30 u0 com.amazon.mShop.android/com.amazon.venezia.notification.NotificationService}
02-05 17:42:35.396   992  1081 V AlarmManager: Adding Alarm{2655faf8 type 1 when 1423176161487 android} and create new batch Batch{18e39bd1 num=1 start=24104921 end=24119921}
02-05 17:42:35.396   992  1081 V ActivityManager: startService: Intent { flg=0x4 cmp=com.android.vending/com.google.android.finsky.services.ContentSyncService (has extras) } type=null args=Bundle[{android.intent.extra.ALARM_COUNT=1}] pid=-1
02-05 17:42:35.436   992  1081 I ActivityManager: Start proc com.android.vending for service com.android.vending/com.google.android.finsky.services.ContentSyncService: pid=17559 uid=10072 gids={50072, 9997, 3003, 1028, 1015} abi=armeabi-v7a
02-05 17:42:35.436   992  1081 D PMS     : acquireWL(3134b937): PARTIAL_WAKE_LOCK  *alarm* 0x1 992 1000 WorkSource{10072}
02-05 17:42:35.436   992  1081 D PMS     : updatePSL(0x4,true) (repeat:1)
02-05 17:42:35.436   992  1081 D PMS     : updatePSL(0x1,true)
02-05 17:42:35.436   992  1081 D HtcPMSExtension: isAMOLED: false
02-05 17:42:35.436   992  1081 D PMS     : updateUserActivitySummaryLocked: mWakefulness=Awake, mUserActivitySummary=0x1,23798956,1,7000,3600000, nextTimeout=27391652 (in 3592696 ms)
02-05 17:42:35.436   992  1081 V AlarmManager: sending alarm PendingIntent{98c40cf: PendingIntentRecord{3b90da5c com.android.vending startService}}, i=null, t=0, cnt=1, w=1423176155405, Int=0
02-05 17:42:35.436   992  1081 I ActivityManager: broadcast act=com.android.server.WifiManager.action.START_SCAN flg=0x4 from pid=-1, uid=1000,order BR:3b6bcea4,u0,size=1,replaced=0
02-05 17:42:35.436   992  1081 V AlarmManager: sending alarm PendingIntent{20810c4f: PendingIntentRecord{3ccc7fdc android broadcastIntent}}, i=com.android.server.WifiManager.action.START_SCAN, t=1, cnt=1, w=1423176141487, Int=20000
02-05 17:42:35.436   992  1019 I BroadcastQueue: Deliver order [BG] BF{30064b2a u0 RL{134cdc15 992 system/1000/u0 38fec1cc}}:BR@3b6bcea4
02-05 17:42:35.436   992   992 D WifiDisplayAdapter: getWifiDisplayStatusLocked: result=WifiDisplayStatus{featureState=3, scanState=0, activeDisplayState=0, activeDisplay=null, displays=[Push2TV 740F00-PTV3000 (22:e5:2a:74:0f:00), isAvailable false, canConnect false, isRemembered true], sessionInfo=WifiDisplaySessionInfo:
02-05 17:42:35.436   992   992 D WifiDisplayAdapter:     Client/Owner: Client
02-05 17:42:35.436   992   992 D WifiDisplayAdapter:     GroupId: 
02-05 17:42:35.436   992   992 D WifiDisplayAdapter:     Passphrase: 
02-05 17:42:35.436   992   992 D WifiDisplayAdapter:     SessionId: 0
02-05 17:42:35.436   992   992 D WifiDisplayAdapter:     IP Address: }
02-05 17:42:35.436   992   992 D PMS     : releaseWL(3134b937): PARTIAL_WAKE_LOCK  *alarm* 0x1 WorkSource{1000}
02-05 17:42:35.436   992   992 D HtcPMSExtension: isAMOLED: false
02-05 17:42:35.436   992   992 D PMS     : updateUserActivitySummaryLocked: mWakefulness=Awake, mUserActivitySummary=0x1,23798959,1,7000,3600000, nextTimeout=27391652 (in 3592693 ms)
02-05 17:42:35.496   992  1009 I ActivityManager: 17559 get provider com.google.android.gsf.gservices 1762
02-05 17:42:35.496   992  1513 I ActivityManager: 17559 get provider settings 992
02-05 17:42:35.506   992  1267 V ActivityManager: bindService: Intent { act=com.google.android.gms.ads.identifier.service.START pkg=com.google.android.gms } type=null conn=android.os.BinderProxy@13e93110 flags=0x1 pid=17559
02-05 17:42:35.506   992  1009 I PackageManager:  setEnabledSetting(), pkgName=com.android.vending, clsName=com.android.vending.AssetBrowserActivity, state=1, flag=1, pid=17559, uid=10072, userID:0
02-05 17:42:35.576   992  1008 D ActivityManager: registerReceiver filter=395c451a from com.android.vending,userId=0,pid=17559,uid=10072,rec=1573884b
02-05 17:42:35.586   992  1584 V ActivityManager: bindService: Intent { act=com.google.android.gms.car.service.START pkg=com.google.android.gms } type=null conn=android.os.BinderProxy@aba1228 flags=0x81 pid=17559
02-05 17:42:35.606   992  1584 I ActivityManager: Start proc com.google.android.gms:car for service com.google.android.gms/.car.CarService: pid=17599 uid=10025 gids={50025, 9997, 2001, 3003, 1007, 3006, 3002, 3001, 1028, 1015, 1005, 3007} abi=armeabi-v7a
02-05 17:42:35.626   992  1267 I PackageManager:  setEnabledSetting(), pkgName=com.android.vending, clsName=com.google.android.finsky.activities.DebugActivity, state=2, flag=1, pid=17559, uid=10072, userID:0
02-05 17:42:35.636   992  1513 I ActivityManager: 17559 get provider com.google.settings 1762
02-05 17:42:35.646 17599 17599 W ResourcesManager: Asset path '/system/framework/com.android.media.remotedisplay.jar' does not exist or contains no resources.
02-05 17:42:35.656 17599 17599 W ResourcesManager: Asset path '/system/framework/com.android.location.provider.jar' does not exist or contains no resources.
02-05 17:42:35.666   992  2226 V ActivityManager: bindService: Intent { act=com.google.android.gms.analytics.service.START cmp=com.google.android.gms/.analytics.service.AnalyticsService (has extras) } type=null conn=android.os.BinderProxy@38b228d4 flags=0x81 pid=17214
02-05 17:42:35.666   992  2223 I ActivityManager: 17599 get provider com.google.android.gsf.gservices 1762
02-05 17:42:35.676   992  1557 V ActivityManager: unbindService: conn=android.os.BinderProxy@13e93110 pid=17559
02-05 17:42:35.676   992  1009 I ActivityManager: broadcast act=com.google.android.gms.INITIALIZE pkg=com.google.android.gms from pid=17599, uid=10025,parallel BR:null,size=0,order BR:3fa65d72,u0,size=8,replaced=0
02-05 17:42:35.676   992  1019 V BroadcastQueue: Deliver to ComponentInfo{com.google.android.gms/com.google.android.gms.gcm.ServiceAutoStarter}:BR@3fa65d72
02-05 17:42:35.686   992  2226 V ActivityManager: startService: Intent { act=com.google.android.gms.INITIALIZE flg=0x10 pkg=com.google.android.gms cmp=com.google.android.gms/.gcm.GcmService } type=null args=null pid=1762
02-05 17:42:35.686   992  1514 I ActivityManager: 17559 get provider downloads 26294
02-05 17:42:35.686   992  1514 V BroadcastQueue: Deliver to ComponentInfo{com.google.android.gms/com.google.android.gms.subscribedfeeds.ConfigurationReceiver}:BR@3fa65d72
02-05 17:42:35.696   992  1102 I ActivityManager: broadcast act=android.net.wifi.RSSI_CHANGED flg=0x4000000 from pid=992, uid=1000,parallel BR:27ab5c3,u-1,size=2,replaced=0,order BR:null,size=0,resultTo=null
02-05 17:42:35.696   992  1019 I BroadcastQueue: Deliver non-order [BG] BR@27ab5c3 BF{1ac259a9 u0 RL{1c942930 992 system/1000/u0 286af673}} BF{3f39e0b u0 RL{1d9c19da 1157 com.android.systemui/10042/u0}}
02-05 17:42:35.696  1157  1157 D WIFI_ICON: updateWifiState: RSSI_CHANGED 3 -> 3
02-05 17:42:35.696  1157  1157 D StatusBar.NetworkController: dumpIcon[(gone) stat_sys_5signal_null|null stat_sys_wifi_signal_connected_4 stat_sys_sim_malfunction F (gone)]
02-05 17:42:35.706   992  1009 V BroadcastQueue: Deliver to ComponentInfo{com.google.android.gms/com.google.android.gms.init.InitializeGmsReceiver}:BR@3fa65d72
02-05 17:42:35.706   992  1558 V ActivityManager: startService: Intent { act=com.google.android.gms.INITIALIZE pkg=com.google.android.gms } type=null args=null pid=2189
02-05 17:42:35.706   992  1008 V BroadcastQueue: Deliver to ComponentInfo{com.google.android.gms/com.google.android.gms.photos.InitializePhotosIntentReceiver}:BR@3fa65d72
02-05 17:42:35.716   992  1515 V ActivityManager: bindService: Intent { act=com.google.android.gms.clearcut.service.START pkg=com.google.android.gms } type=null conn=android.os.BinderProxy@578debe flags=0x81 pid=17599
02-05 17:42:35.716   992  1557 D ActivityManager: registerReceiver filter=199b1a3b from com.google.android.gms,userId=0,pid=17599,uid=10025,rec=2daa5558
02-05 17:42:35.726   992  1008 V BroadcastQueue: Deliver to ComponentInfo{com.google.android.gms/com.google.android.gms.auth.be.proximity.authorization.bt.AuthorizationBluetoothService$AutoStarter}:BR@3fa65d72
02-05 17:42:35.736   992  1553 V ActivityManager: startService: Intent { cmp=com.google.android.gms/.deviceconnection.service.DeviceConnectionServiceBroker } type=null args=null pid=2189
02-05 17:42:35.736   992  1513 V ActivityManager: stopServiceToken: SR=888009081 startId=1
02-05 17:42:35.736   992  1557 V ActivityManager: startService: Intent { dat=restoreservice://startup cmp=com.android.vending/com.google.android.finsky.services.RestoreService (has extras) } type=null args=Bundle[mParcelledData.dataSize=32] pid=17559
02-05 17:42:35.736   992  1552 V BroadcastQueue: Deliver to ComponentInfo{com.google.android.gms/com.google.android.gms.auth.devicesignals.LockScreenListener}:BR@3fa65d72
02-05 17:42:35.736   992  1583 V BroadcastQueue: Deliver to ComponentInfo{com.google.android.gms/com.google.android.gms.wearable.service.AutoStarterReceiver}:BR@3fa65d72
02-05 17:42:35.746   992  1009 V BroadcastQueue: Deliver to ComponentInfo{com.google.android.gms/com.google.android.gms.fitness.service.FitnessInitReceiver}:BR@3fa65d72
02-05 17:42:35.746   992  1008 I ActivityManager: 17599 get provider com.google.android.gsf.gservices 1762
02-05 17:42:35.756   992  1515 I ActivityManager: 17599 get provider com.google.android.gsf.gservices 1762
02-05 17:42:35.816   992  1081 V AlarmManager: Adding Alarm{37c00796 type 2 when 67299259 com.verizon.messaging.vzmsgs} and create new batch Batch{33171f17 num=1 start=67299259 end=99699259 STANDALONE}
02-05 17:42:35.816   992  1081 I ActivityManager: broadcast flg=0x4 from pid=-1, uid=10090,order BR:2f1b6f04,u0,size=1,replaced=0
02-05 17:42:35.816   992  1081 D PMS     : acquireWL(b99aced): PARTIAL_WAKE_LOCK  *alarm* 0x1 992 1000 WorkSource{10090}
02-05 17:42:35.816   992  1081 D HtcPMSExtension: isAMOLED: false
02-05 17:42:35.816   992  1081 D PMS     : updateUserActivitySummaryLocked: mWakefulness=Awake, mUserActivitySummary=0x1,23799338,1,7000,3600000, nextTimeout=27391652 (in 3592314 ms)
02-05 17:42:35.816   992  1081 V AlarmManager: sending alarm PendingIntent{1881b312: PendingIntentRecord{2264f48b com.verizon.messaging.vzmsgs broadcastIntent}}, i=null, t=2, cnt=1, w=24099259, Int=43200000
02-05 17:42:35.816   992  1081 V AlarmManager: Adding Alarm{2f6d0722 type 2 when 110499260 com.verizon.messaging.vzmsgs} and create new batch Batch{fe495b3 num=1 start=110499260 end=175299260 STANDALONE}
02-05 17:42:35.816   992  1019 V BroadcastQueue: Deliver to ComponentInfo{com.verizon.messaging.vzmsgs/com.aniways.service.AlarmReceiver}:BR@2f1b6f04
02-05 17:42:35.826   992  1081 I ActivityManager: broadcast act=com.aniways.heartbeat.action flg=0x4 from pid=-1, uid=10090,order BR:25627770,u0,size=1,replaced=0
02-05 17:42:35.826   992  1081 V AlarmManager: sending alarm PendingIntent{2a02fb99: PendingIntentRecord{29ac4e67 com.verizon.messaging.vzmsgs broadcastIntent}}, i=com.aniways.heartbeat.action, t=2, cnt=1, w=24099260, Int=86400000
02-05 17:42:35.846   992  1513 V ActivityManager: stopServiceToken: SR=832001713 startId=1
02-05 17:42:35.846   992  2226 V BroadcastQueue: Deliver to ComponentInfo{com.verizon.messaging.vzmsgs/com.aniways.service.AlarmReceiver}:BR@25627770
02-05 17:42:35.856   992  1009 V ActivityManager: startService: Intent { act=Enqueue cmp=com.verizon.messaging.vzmsgs/com.aniways.analytics.service.AniwaysAnalyticsService (has extras) } type=null args=Bundle[mParcelledData.dataSize=1268] pid=17031
02-05 17:42:35.876   992   992 D PMS     : releaseWL(b99aced): PARTIAL_WAKE_LOCK  *alarm* 0x1 WorkSource{10090}
02-05 17:42:35.876   992   992 D HtcPMSExtension: isAMOLED: false
02-05 17:42:35.876   992   992 D PMS     : updateUserActivitySummaryLocked: mWakefulness=Awake, mUserActivitySummary=0x1,23799396,1,7000,3600000, nextTimeout=27391652 (in 3592256 ms)
02-05 17:42:35.896   992  1513 V ActivityManager: unbindService: conn=android.os.BinderProxy@8f680dd pid=2189
02-05 17:42:35.936   992  1082 V WiredAccessoryManager: Headset UEVENT: {SUBSYSTEM=switch, SEQNUM=20826, ACTION=change, SWITCH_STATE=0, SWITCH_NAME=Beats, DEVPATH=/devices/virtual/switch/Beats}
02-05 17:42:35.936   992  1082 V WiredAccessoryManager: Beats UEVENT: STATE:0
02-05 17:42:35.936   992  1082 V WiredAccessoryManager: Beats UEVENT: bests_status:false
02-05 17:42:35.936   355   393 E NetlinkEvent: NetlinkEvent::FindParam(): Parameter 'CDROM_TYPE' not found
02-05 17:42:35.936   355   393 W Vold    : Ignoring unknown switch 'Beats'
02-05 17:42:35.936   992  1082 I ActivityManager: broadcast act=BEATS_NATIVE_NOTIFICATION flg=0x40000000 from pid=992, uid=1000,parallel BR:3708da0f,u-1,size=1,replaced=0,order BR:null,size=0,resultTo=null
02-05 17:42:35.936   992  1019 I BroadcastQueue: Deliver non-order [BG] BR@3708da0f BF{11d43bb2 u0 RL{37a199bd 992 system/1000/u0 16eecd14}}
02-05 17:42:35.996   992  1115 V ActivityManager: stopServiceToken: SR=1007792595 startId=-1
02-05 17:42:36.006   992  1558 I ActivityManager: Killing 16991:com.vcast.mediamanager/u0a89 (adj 15): empty #17
02-05 17:42:36.016   992  1103 D WifiService: Client connection lost with reason: 4
02-05 17:42:36.016   992  1261 I ActivityManager: Recipient 16991
02-05 17:42:36.026   992  1089 I PMS     : uAFN (23799544,2,0)
02-05 17:42:36.026   992  1089 D PMS     : udaUAEL
02-05 17:42:36.026   992  1089 D PMS     : updatePSL(0x1,true) (repeat:3)
02-05 17:42:36.026   992  1089 D PMS     : updatePSL(0x4,true)
02-05 17:42:36.026   992  1089 D HtcPMSExtension: isAMOLED: false
02-05 17:42:36.026   992  1089 D PMS     : updateUserActivitySummaryLocked: mWakefulness=Awake, mUserActivitySummary=0x1,23799546,4,7000,3600000, nextTimeout=27392544 (in 3592997 ms)
02-05 17:42:36.056   992  1558 I ActivityManager: Killing 16950:com.vzw.hss.myverizon/u0a69 (adj 15): empty #18
02-05 17:42:36.066   992  1552 I ActivityManager: Recipient 16950
02-05 17:42:36.086   992  1261 W libprocessgroup: failed to open /acct/uid_10089/pid_16991/cgroup.procs: No such file or directory
02-05 17:42:36.086   992  1261 W WindowManager: Execute app transition: mNextAppTransition=0xffffffff
02-05 17:42:36.086   992  1552 W libprocessgroup: failed to open /acct/uid_10069/pid_16950/cgroup.procs: No such file or directory
02-05 17:42:36.086   992  1552 W WindowManager: Execute app transition: mNextAppTransition=0xffffffff
02-05 17:42:36.116   992  1082 V WiredAccessoryManager: Headset UEVENT: {SUBSYSTEM=switch, SEQNUM=20827, ACTION=change, SWITCH_STATE=1, SWITCH_NAME=Beats, DEVPATH=/devices/virtual/switch/Beats}
02-05 17:42:36.116   992  1082 V WiredAccessoryManager: Beats UEVENT: STATE:1
02-05 17:42:36.116   992  1082 V WiredAccessoryManager: Beats UEVENT: bests_status:true
02-05 17:42:36.116   992  1082 I ActivityManager: broadcast act=BEATS_NATIVE_NOTIFICATION flg=0x40000000 from pid=992, uid=1000,parallel BR:15288ca5,u-1,size=1,replaced=0,order BR:null,size=0,resultTo=null
02-05 17:42:36.116   992  1019 I BroadcastQueue: Deliver non-order [BG] BR@15288ca5 BF{11d43bb2 u0 RL{37a199bd 992 system/1000/u0 16eecd14}}
02-05 17:42:36.116   355   393 E NetlinkEvent: NetlinkEvent::FindParam(): Parameter 'CDROM_TYPE' not found
02-05 17:42:36.116   355   393 W Vold    : Ignoring unknown switch 'Beats'
02-05 17:42:36.206   992  1044 D WallpaperManagerService: onEvent(), event = 128, path = package-restrictions-backup.xml, changedFile = /data/system/users/0/package-restrictions-backup.xml
02-05 17:42:36.216   992  1044 D WallpaperManagerService: onEvent(), event = 8, path = package-restrictions.xml, changedFile = /data/system/users/0/package-restrictions.xml
02-05 17:42:36.216   992  1044 D WallpaperManagerService: onEvent(), event = 512, path = package-restrictions-backup.xml, changedFile = /data/system/users/0/package-restrictions-backup.xml
02-05 17:42:36.756   992  1009 V ActivityManager: bindService: Intent { act=com.google.android.gms.analytics.service.START cmp=com.google.android.gms/.analytics.service.AnalyticsService (has extras) } type=null conn=android.os.BinderProxy@3083082b flags=0x81 pid=17379
02-05 17:42:36.776   992  1082 V WiredAccessoryManager: Headset UEVENT: {SUBSYSTEM=switch, SEQNUM=20830, ACTION=change, SWITCH_STATE=0, SWITCH_NAME=Beats, DEVPATH=/devices/virtual/switch/Beats}
02-05 17:42:36.776   992  1082 V WiredAccessoryManager: Beats UEVENT: STATE:0
02-05 17:42:36.776   992  1082 V WiredAccessoryManager: Beats UEVENT: bests_status:false
02-05 17:42:36.776   992  1082 I ActivityManager: broadcast act=BEATS_NATIVE_NOTIFICATION flg=0x40000000 from pid=992, uid=1000,parallel BR:dba4e21,u-1,size=1,replaced=0,order BR:null,size=0,resultTo=null
02-05 17:42:36.776   355   393 E NetlinkEvent: NetlinkEvent::FindParam(): Parameter 'CDROM_TYPE' not found
02-05 17:42:36.776   355   393 W Vold    : Ignoring unknown switch 'Beats'
02-05 17:42:36.776   992  1019 I BroadcastQueue: Deliver non-order [BG] BR@dba4e21 BF{11d43bb2 u0 RL{37a199bd 992 system/1000/u0 16eecd14}}
02-05 17:42:36.856   992  1089 I PMS     : uAFN (23800374,2,0)
02-05 17:42:36.856   992  1089 D PMS     : udaUAEL
02-05 17:42:36.856   992  1089 D HtcPMSExtension: isAMOLED: false
02-05 17:42:36.856   992  1089 D PMS     : updateUserActivitySummaryLocked: mWakefulness=Awake, mUserActivitySummary=0x1,23800377,4,7000,3600000, nextTimeout=27393374 (in 3592996 ms)
02-05 17:42:36.966   992  1082 V WiredAccessoryManager: Headset UEVENT: {SUBSYSTEM=switch, SEQNUM=20831, ACTION=change, SWITCH_STATE=1, SWITCH_NAME=Beats, DEVPATH=/devices/virtual/switch/Beats}
02-05 17:42:36.966   992  1082 V WiredAccessoryManager: Beats UEVENT: STATE:1
02-05 17:42:36.966   992  1082 V WiredAccessoryManager: Beats UEVENT: bests_status:true
02-05 17:42:36.966   992  1082 I ActivityManager: broadcast act=BEATS_NATIVE_NOTIFICATION flg=0x40000000 from pid=992, uid=1000,parallel BR:3b27fc07,u-1,size=1,replaced=0,order BR:null,size=0,resultTo=null
02-05 17:42:36.966   992  1019 I BroadcastQueue: Deliver non-order [BG] BR@3b27fc07 BF{11d43bb2 u0 RL{37a199bd 992 system/1000/u0 16eecd14}}
02-05 17:42:36.966   355   393 E NetlinkEvent: NetlinkEvent::FindParam(): Parameter 'CDROM_TYPE' not found
02-05 17:42:36.966   355   393 W Vold    : Ignoring unknown switch 'Beats'
02-05 17:42:37.366   992  1552 V ActivityManager: unbindService: conn=android.os.BinderProxy@334fd180 pid=16879
02-05 17:42:37.636   992  1082 V WiredAccessoryManager: Headset UEVENT: {SUBSYSTEM=switch, SEQNUM=20833, ACTION=change, SWITCH_STATE=0, SWITCH_NAME=Beats, DEVPATH=/devices/virtual/switch/Beats}
02-05 17:42:37.646   992  1082 V WiredAccessoryManager: Beats UEVENT: STATE:0
02-05 17:42:37.646   992  1082 V WiredAccessoryManager: Beats UEVENT: bests_status:false
02-05 17:42:37.646   992  1082 I ActivityManager: broadcast act=BEATS_NATIVE_NOTIFICATION flg=0x40000000 from pid=992, uid=1000,parallel BR:2f4cab5d,u-1,size=1,replaced=0,order BR:null,size=0,resultTo=null
02-05 17:42:37.656   992  1019 I BroadcastQueue: Deliver non-order [BG] BR@2f4cab5d BF{11d43bb2 u0 RL{37a199bd 992 system/1000/u0 16eecd14}}
02-05 17:42:37.716   992  1089 I PMS     : uAFN (23801231,2,0)
02-05 17:42:37.716   992  1089 D PMS     : udaUAEL
02-05 17:42:37.716   992  1089 D HtcPMSExtension: isAMOLED: false
02-05 17:42:37.716   992  1089 D PMS     : updateUserActivitySummaryLocked: mWakefulness=Awake, mUserActivitySummary=0x1,23801236,4,7000,3600000, nextTimeout=27394231 (in 3592994 ms)
02-05 17:42:37.726   355   393 E NetlinkEvent: NetlinkEvent::FindParam(): Parameter 'CDROM_TYPE' not found
02-05 17:42:37.726   355   393 W Vold    : Ignoring unknown switch 'Beats'
02-05 17:42:37.846   992  1082 V WiredAccessoryManager: Headset UEVENT: {SUBSYSTEM=switch, SEQNUM=20837, ACTION=change, SWITCH_STATE=1, SWITCH_NAME=Beats, DEVPATH=/devices/virtual/switch/Beats}
02-05 17:42:37.846   992  1082 V WiredAccessoryManager: Beats UEVENT: STATE:1
02-05 17:42:37.846   992  1082 V WiredAccessoryManager: Beats UEVENT: bests_status:true
02-05 17:42:37.846   992  1082 I ActivityManager: broadcast act=BEATS_NATIVE_NOTIFICATION flg=0x40000000 from pid=992, uid=1000,parallel BR:43e51a3,u-1,size=1,replaced=0,order BR:null,size=0,resultTo=null
02-05 17:42:37.846   992  1019 I BroadcastQueue: Deliver non-order [BG] BR@43e51a3 BF{11d43bb2 u0 RL{37a199bd 992 system/1000/u0 16eecd14}}
02-05 17:42:37.846   355   393 E NetlinkEvent: NetlinkEvent::FindParam(): Parameter 'CDROM_TYPE' not found
02-05 17:42:37.846   355   393 W Vold    : Ignoring unknown switch 'Beats'
02-05 17:42:38.266   992  1514 V ActivityManager: bindService: Intent { act=aniways.com.google.android.gms.analytics.service.START (has extras) } type=null conn=android.os.BinderProxy@3dada059 flags=0x81 pid=17031
02-05 17:42:38.266   992  1514 W ActivityManager: Unable to start service Intent { act=aniways.com.google.android.gms.analytics.service.START (has extras) } U=0: not found
02-05 17:42:38.266   992  1515 D ActivityManager: registerReceiver filter=ffce2cc from com.verizon.messaging.vzmsgs,userId=0,pid=17031,uid=10090,rec=118ee915
02-05 17:42:38.266   992  1515 D ActivityManager: Enqueue sticky BR{201bd42a u-1 android.net.conn.CONNECTIVITY_CHANGE callingPid=-1 callingUid=-1} size=1
02-05 17:42:38.266   992  1019 I BroadcastQueue: Deliver non-order [BG] BR@201bd42a BF{ffce2cc u0 RL{3cda64ff 17031 com.verizon.messaging.vzmsgs/10090/u0}}
02-05 17:42:38.456   992  1089 I PMS     : uAFN (23801964,2,0)
02-05 17:42:38.456   992  1089 D PMS     : udaUAEL
02-05 17:42:38.456   992  1089 D HtcPMSExtension: isAMOLED: false
02-05 17:42:38.456   992  1089 D PMS     : updateUserActivitySummaryLocked: mWakefulness=Awake, mUserActivitySummary=0x1,23801978,4,7000,3600000, nextTimeout=27394964 (in 3592985 ms)
02-05 17:42:38.496   992  1082 V WiredAccessoryManager: Headset UEVENT: {SUBSYSTEM=switch, SEQNUM=20842, ACTION=change, SWITCH_STATE=0, SWITCH_NAME=Beats, DEVPATH=/devices/virtual/switch/Beats}
02-05 17:42:38.496   992  1082 V WiredAccessoryManager: Beats UEVENT: STATE:0
02-05 17:42:38.496   992  1082 V WiredAccessoryManager: Beats UEVENT: bests_status:false
02-05 17:42:38.496   992  1082 I ActivityManager: broadcast act=BEATS_NATIVE_NOTIFICATION flg=0x40000000 from pid=992, uid=1000,parallel BR:28fa521b,u-1,size=1,replaced=0,order BR:null,size=0,resultTo=null
02-05 17:42:38.506   992  1019 I BroadcastQueue: Deliver non-order [BG] BR@28fa521b BF{11d43bb2 u0 RL{37a199bd 992 system/1000/u0 16eecd14}}
02-05 17:42:38.516   355   393 E NetlinkEvent: NetlinkEvent::FindParam(): Parameter 'CDROM_TYPE' not found
02-05 17:42:38.516   355   393 W Vold    : Ignoring unknown switch 'Beats'
02-05 17:42:38.526   992  1584 I ActivityManager: 17031 get provider mms-sms 1493
02-05 17:42:38.546   992  1082 V WiredAccessoryManager: Headset UEVENT: {SUBSYSTEM=switch, SEQNUM=20845, ACTION=change, SWITCH_STATE=1, SWITCH_NAME=Beats, DEVPATH=/devices/virtual/switch/Beats}
02-05 17:42:38.546   992  1082 V WiredAccessoryManager: Beats UEVENT: STATE:1
02-05 17:42:38.546   992  1082 V WiredAccessoryManager: Beats UEVENT: bests_status:true
02-05 17:42:38.546   992  1082 I ActivityManager: broadcast act=BEATS_NATIVE_NOTIFICATION flg=0x40000000 from pid=992, uid=1000,parallel BR:23020191,u-1,size=1,replaced=0,order BR:null,size=0,resultTo=null
02-05 17:42:38.546   992  1019 I BroadcastQueue: Deliver non-order [BG] BR@23020191 BF{11d43bb2 u0 RL{37a199bd 992 system/1000/u0 16eecd14}}
02-05 17:42:38.556   355   393 E NetlinkEvent: NetlinkEvent::FindParam(): Parameter 'CDROM_TYPE' not found
02-05 17:42:38.556   355   393 W Vold    : Ignoring unknown switch 'Beats'
02-05 17:42:38.586   992  1267 V ActivityManager: bindService: Intent { act=android.bluetooth.IBluetoothHeadset cmp=com.android.bluetooth/.hfp.HeadsetService } type=null conn=android.os.BinderProxy@cc6be82 flags=0x0 pid=17031
02-05 17:42:38.596   992  1514 V ActivityManager: bindService: Intent { act=android.bluetooth.IBluetoothA2dp cmp=com.android.bluetooth/.a2dp.A2dpService } type=null conn=android.os.BinderProxy@1b2640ce flags=0x0 pid=17031
02-05 17:42:38.596   992  1515 V ActivityManager: unbindService: conn=android.os.BinderProxy@cc6be82 pid=17031
02-05 17:42:38.596   992  1513 I ActivityManager: 17031 get provider mms 1493
02-05 17:42:38.596   992  1009 V ActivityManager: unbindService: conn=android.os.BinderProxy@1b2640ce pid=17031
02-05 17:42:38.616 17031 17706 W ResourcesManager: Asset path '/system/framework/com.google.android.media.effects.jar' does not exist or contains no resources.
02-05 17:42:38.616   992  1267 I ActivityManager: broadcast act=com.htc.launcher.action.SET_NOTIFICATION from pid=17031, uid=10090,parallel BR:null,size=0,order BR:17e496fc,u0,size=1,replaced=0
02-05 17:42:38.616   992  1019 V BroadcastQueue: Deliver to ComponentInfo{com.htc.launcher/com.htc.launcher.receiver.NotificationReceiver}:BR@17e496fc
02-05 17:42:38.616   992  1009 V AlarmManager: set(PendingIntent{153d4185: PendingIntentRecord{26e99bda com.verizon.messaging.vzmsgs broadcastIntent}}) : type=3 triggerAtTime=19 win=0 tElapsed=19 maxElapsed=19 interval=60000 standalone=true
02-05 17:42:38.616   992  1009 V AlarmManager: Adding Alarm{238ff80b type 3 when 19 com.verizon.messaging.vzmsgs} and create new batch Batch{256226e8 num=1 start=19 end=19 STANDALONE}
02-05 17:42:38.616   992  1081 V AlarmManager: Adding Alarm{12157101 type 3 when 24120019 com.verizon.messaging.vzmsgs} and create new batch Batch{23559ba6 num=1 start=24120019 end=24165019 STANDALONE}
02-05 17:42:38.616   992  1081 I ActivityManager: broadcast flg=0x4 from pid=-1, uid=10090,order BR:294409e7,u0,size=1,replaced=0
02-05 17:42:38.616   992  1081 D PMS     : acquireWL(1ca6c994): PARTIAL_WAKE_LOCK  *alarm* 0x1 992 1000 WorkSource{10090}
02-05 17:42:38.616   992  1081 D PMS     : updatePSL(0x4,true) (repeat:3)
02-05 17:42:38.616   992  1081 D PMS     : updatePSL(0x1,true)
