02-05 17:42:38.616   992  1081 D HtcPMSExtension: isAMOLED: false
02-05 17:42:38.626   992  1081 D PMS     : updateUserActivitySummaryLocked: mWakefulness=Awake, mUserActivitySummary=0x1,23802139,1,7000,3600000, nextTimeout=27394964 (in 3592824 ms)
02-05 17:42:38.626   992  1081 V AlarmManager: sending alarm PendingIntent{153d4185: PendingIntentRecord{26e99bda com.verizon.messaging.vzmsgs broadcastIntent}}, i=null, t=3, cnt=402, w=19, Int=60000
02-05 17:42:38.626   992  2223 V ActivityManager: startService: Intent { cmp=com.verizon.messaging.vzmsgs/com.verizon.mms.transaction.TransactionService } type=null args=null pid=17031
02-05 17:42:38.626   992  1019 V BroadcastQueue: Deliver to ComponentInfo{com.verizon.messaging.vzmsgs/com.verizon.mms.util.RestoreGetOrCreateThreadIDFailure}:BR@294409e7
02-05 17:42:38.626   992  1514 V AlarmManager: set(PendingIntent{212fcc32: PendingIntentRecord{327ef11d com.verizon.messaging.vzmsgs broadcastIntent}}) : type=3 triggerAtTime=46744122 win=0 tElapsed=46744122 maxElapsed=46744122 interval=43200000 standalone=true
02-05 17:42:38.626   992  1514 V AlarmManager: remove(PendingIntent{212fcc32: PendingIntentRecord{327ef11d com.verizon.messaging.vzmsgs broadcastIntent}}) changed bounds; rebatching
02-05 17:42:38.626   992  1514 V AlarmManager: Adding Alarm{123d5d83 type 3 when 46744122 com.verizon.messaging.vzmsgs} and create new batch Batch{cf0eb00 num=1 start=46744122 end=46744122 STANDALONE}
02-05 17:42:38.626   992  1515 D ActivityManager: registerReceiver filter=38ee4edf from com.verizon.messaging.vzmsgs,userId=0,pid=17031,uid=10090,rec=38f9b72c
02-05 17:42:38.626   992  1515 D ActivityManager: Enqueue sticky BR{302a95f5 u-1 android.net.conn.CONNECTIVITY_CHANGE callingPid=-1 callingUid=-1} size=1
02-05 17:42:38.626   992  1019 I BroadcastQueue: Deliver non-order [BG] BR@302a95f5 BF{38ee4edf u0 RL{60a797e 17031 com.verizon.messaging.vzmsgs/10090/u0}}
02-05 17:42:38.626   992  1261 D PMS     : acquireWL(2c50af8a): PARTIAL_WAKE_LOCK  RestoreGetOrCreateThreadId 0x1 17031 10090 null
02-05 17:42:38.626   992  1261 D HtcPMSExtension: isAMOLED: false
02-05 17:42:38.626   992  1261 D PMS     : updateUserActivitySummaryLocked: mWakefulness=Awake, mUserActivitySummary=0x1,23802148,1,7000,3600000, nextTimeout=27394964 (in 3592816 ms)
02-05 17:42:38.636   992   992 D PMS     : releaseWL(1ca6c994): PARTIAL_WAKE_LOCK  *alarm* 0x1 WorkSource{10090}
02-05 17:42:38.636   992   992 D HtcPMSExtension: isAMOLED: false
02-05 17:42:38.636   992   992 D PMS     : updateUserActivitySummaryLocked: mWakefulness=Awake, mUserActivitySummary=0x1,23802150,1,7000,3600000, nextTimeout=27394964 (in 3592814 ms)
02-05 17:42:38.636   992  1514 V AlarmManager: remove(PendingIntent{33e11a18: PendingIntentRecord{26e99bda com.verizon.messaging.vzmsgs broadcastIntent}}) changed bounds; rebatching
02-05 17:42:38.636   992  1513 D PMS     : releaseWL(2c50af8a): PARTIAL_WAKE_LOCK  RestoreGetOrCreateThreadId 0x1 null
02-05 17:42:38.636   992  1513 D HtcPMSExtension: isAMOLED: false
02-05 17:42:38.636   992  1513 D PMS     : updateUserActivitySummaryLocked: mWakefulness=Awake, mUserActivitySummary=0x1,23802153,1,7000,3600000, nextTimeout=27394964 (in 3592811 ms)
02-05 17:42:38.666   992  1267 V ActivityManager: stopServiceToken: SR=15146045 startId=1
02-05 17:42:38.666   992  2223 D ConnectivityService: isNetworkSignaturePermitted=true, action=0
02-05 17:42:38.666   992  1553 D ActivityManager: unregisterReceiver from pid=17031,uid=10090,rec=2c2e3f39
02-05 17:42:38.706   992  1060 D AutomaticBrightnessController: ADC value = (160.0)
02-05 17:42:38.706   992  1060 D HABCtrl : change ls (160,3)
02-05 17:42:38.716   992  1102 I ActivityManager: broadcast act=android.net.wifi.RSSI_CHANGED flg=0x4000000 from pid=992, uid=1000,parallel BR:335b9c71,u-1,size=2,replaced=0,order BR:null,size=0,resultTo=null
02-05 17:42:38.716   992  1019 I BroadcastQueue: Deliver non-order [BG] BR@335b9c71 BF{1ac259a9 u0 RL{1c942930 992 system/1000/u0 286af673}} BF{3f39e0b u0 RL{1d9c19da 1157 com.android.systemui/10042/u0}}
02-05 17:42:38.716  1157  1157 D WIFI_ICON: updateWifiState: RSSI_CHANGED 3 -> 3
02-05 17:42:38.716  1157  1157 D StatusBar.NetworkController: dumpIcon[(gone) stat_sys_5signal_null|null stat_sys_wifi_signal_connected_4 stat_sys_sim_malfunction F (gone)]
02-05 17:42:39.046   992  1089 I PMS     : uAFN (23802561,2,0)
02-05 17:42:39.046   992  1089 D PMS     : udaUAEL
02-05 17:42:39.046   992  1089 D PMS     : updatePSL(0x1,true) (repeat:3)
02-05 17:42:39.046   992  1089 D PMS     : updatePSL(0x4,true)
02-05 17:42:39.046   992  1089 D HtcPMSExtension: isAMOLED: false
02-05 17:42:39.046   992  1089 D PMS     : updateUserActivitySummaryLocked: mWakefulness=Awake, mUserActivitySummary=0x1,23802562,4,7000,3600000, nextTimeout=27395561 (in 3592999 ms)
02-05 17:42:39.656   992  1089 I PMS     : uAFN (23803167,2,0)
02-05 17:42:39.656   992  1089 D PMS     : udaUAEL
02-05 17:42:39.656   992  1089 D HtcPMSExtension: isAMOLED: false
02-05 17:42:39.656   992  1089 D PMS     : updateUserActivitySummaryLocked: mWakefulness=Awake, mUserActivitySummary=0x1,23803170,4,7000,3600000, nextTimeout=27396167 (in 3592997 ms)
02-05 17:42:39.796   992  1082 V WiredAccessoryManager: Headset UEVENT: {SUBSYSTEM=switch, SEQNUM=20848, ACTION=change, SWITCH_STATE=0, SWITCH_NAME=Beats, DEVPATH=/devices/virtual/switch/Beats}
02-05 17:42:39.796   992  1082 V WiredAccessoryManager: Beats UEVENT: STATE:0
02-05 17:42:39.796   992  1082 V WiredAccessoryManager: Beats UEVENT: bests_status:false
02-05 17:42:39.796   355   393 E NetlinkEvent: NetlinkEvent::FindParam(): Parameter 'CDROM_TYPE' not found
02-05 17:42:39.796   355   393 W Vold    : Ignoring unknown switch 'Beats'
02-05 17:42:39.796   992  1082 I ActivityManager: broadcast act=BEATS_NATIVE_NOTIFICATION flg=0x40000000 from pid=992, uid=1000,parallel BR:220d3ad7,u-1,size=1,replaced=0,order BR:null,size=0,resultTo=null
02-05 17:42:39.796   992  1019 I BroadcastQueue: Deliver non-order [BG] BR@220d3ad7 BF{11d43bb2 u0 RL{37a199bd 992 system/1000/u0 16eecd14}}
02-05 17:42:40.716   992  1060 D AutomaticBrightnessController: d-B-L=true
02-05 17:42:40.716   992  1060 D HABCtrl : getButton:(225,-1)
02-05 17:42:40.716   992  1060 D XAN-DPS : setBB(2,-1)
02-05 17:42:40.886   992  1513 V ActivityManager: unbindService: conn=android.os.BinderProxy@aba1228 pid=17559
02-05 17:42:40.886   992  1558 V ActivityManager: stopServiceToken: SR=1064328743 startId=-1
02-05 17:42:40.886   992  1261 D ActivityManager: unregisterReceiver from pid=17599,uid=10025,rec=bd32c35
02-05 17:42:40.906   992  1557 I ActivityManager: Recipient 17599
02-05 17:42:40.916   992  1557 I ActivityManager: Process com.google.android.gms:car (pid 17599) has died
02-05 17:42:40.916   992  1557 W WindowManager: Execute app transition: mNextAppTransition=0xffffffff
02-05 17:42:40.946   992  1019 I ActivityManager: Waited long enough for: ServiceRecord{9ad9b34 u0 com.htc.sense.hsp/.weather.location.AutoSettingService}
02-05 17:42:40.996   992  1060 D AutomaticBrightnessController: ADC value = (225.0)
02-05 17:42:40.996   992  1060 D HABCtrl : change ls (225,4)
02-05 17:42:40.996   992  1060 D AutomaticBrightnessController: d-B-L=true
02-05 17:42:40.996   992  1060 D HABCtrl : getButton:(225,-1)
02-05 17:42:41.006   992  1060 D XAN-DPS : setBB(2,-1)
02-05 17:42:41.166   992  1066 I ActivityManager: broadcast act=android.intent.action.PACKAGE_CHANGED dat=package:com.google.android.gms flg=0x4000000 from pid=992, uid=1000,parallel BR:2abc8ead,u0,size=40,replaced=0,order BR:2c8fa5e2,u0,size=11,replaced=0
02-05 17:42:41.166   992  1019 I BroadcastQueue: Deliver non-order [BG] BR@2abc8ead BF{1e04ce28 u-1 RL{2883b44b 992 system/1000/u-1 2321a11a}} BF{1a178895 u-1 RL{1bce504c 992 system/1000/u-1 77f187f}} BF{2f78d949 u-1 RL{a5c6350 992 system/1000/u-1 6e54513}} BF{28b118ba u-1 RL{242bd0dc 992 system/1000/u-1 3177014f}} BF{1170f599 u0 RL{90cfee0 992 system/1000/u0 2c6fd4e3}} BF{2d291773 u-1 RL{224f77e2 992 system/1000/u-1 373068ad}} BF{bfa9066 u0 RL{1ca95da8 992 system/1000/u0 22aad1cb}} BF{2b0592f0 u-1 RL{22fcef33 992 system/1000/u-1 3fb0d6a2}} BF{150a39c6 u-1 RL{9f33a1 992 system/1000/u-1 1d04d008}} BF{1c30f3e5 u0 RL{322816dc 992 system/1000/u0 20409f4f}}
02-05 17:42:41.166   992  1019 I BroadcastQueue: Deliver non-order [BG] BR@2abc8ead BF{215cccc2 u0 RL{2a3c850d 992 system/1000/u0 30e013a4}} BF{36fa0496 u0 RL{33b727b1 992 system/1000/u0 212ca58}} BF{e797988 u-1 RL{2a45c57a 992 system/1000/u-1 176f8da5}} BF{277389d2 u-1 RL{3152cc5d 992 system/1000/u-1 18f0a634}} BF{2b1efdf9 u-1 RL{39c66cc0 992 system/1000/u-1 454ce43}} BF{18005e11 u0 RL{133f5e38 992 system/1000/u0 266d3a9b}} BF{c1b4fcb u0 RL{39307a9a 1157 com.android.systemui/10042/u0}} BF{31a89868 u-1 RL{2b0b3f8b 992 system/1000/u-1 30af515a}} BF{eb716c5 u0 RL{36f7793c 1292 com.htc.dotmatrixevent/10042/u0}} BF{293fe0e7 u-1 RL{2f0e6ea6 992 system/1000/u-1 16b1b001}}
02-05 17:42:41.166   992  1019 I BroadcastQueue: Deliver non-order [BG] BR@2abc8ead BF{3607b518 u-1 RL{f1720fb 992 system/1000/u-1 1b41128a}} BF{a67b565 u-1 RL{6e2ee5c 992 system/1000/u-1 d4a24cf}} BF{38349dea u-1 RL{2049c1d5 992 system/1000/u-1 76ca68c}} BF{2a770042 u0 RL{659568d 992 system/1000/u0 220f3b24}} BF{2e491f6d u0 RL{2aef1b84 992 system/1000/u0 573ad97}} BF{b369c65 u0 RL{3591115c 992 system/1000/u0 1d1ef3cf}} BF{3c0cf96f u-1 RL{9c5f44e 1516 com.android.nfc/1027/u-1}} BF{1b736d2b u-1 RL{244b317a 1516 com.android.nfc/1027/u-1}} BF{204f20ef u0 RL{1da209ce 1554 com.htc.launcher/10075/u0}} BF{280a2653 u0 RL{35a1f642 1554 com.htc.launcher/10075/u0}}
02-05 17:42:41.166   992  1019 I BroadcastQueue: Deliver non-order [BG] BR@2abc8ead BF{2ebf10a5 u0 RL{3f5dae9c 1816 org.simalliance.openmobileapi.service:remote/9987/u0}} BF{113e3544 u-1 RL{1b0c1657 1493 com.android.phone/1001/u-1}} BF{2dd7745b u0 RL{a0b176a 1493 com.android.phone/1001/u0}} BF{301a2a4b u0 RL{5d02f1a 1710 com.htc.htcdialer/10039/u0}} BF{1d838f56 u-1 RL{2f192571 992 system/1000/u-1 36b2718}} BF{2452eb14 u0 RL{286dc167 1157 com.android.systemui/10042/u0}} BF{1885bf9e u0 RL{d5049d9 2247 com.google.process.location/10025/u0}} BF{207b3ac4 u0 RL{1babc1d7 5281 com.google.android.youtube/10215/u0}} BF{16c63a45 u0 RL{3206fabc 5365 com.google.android.googlequicksearchbox:search/10095/u0}} BF{cf17a7 u0 RL{2914866 16879 com.google.android.music:main/10189/u0}}
02-05 17:42:41.206   992  1019 I ActivityManager: Start proc com.google.android.talk for broadcast com.google.android.talk/com.google.android.apps.hangouts.phone.PackageReplacedReceiver: pid=17717 uid=10137 gids={50137, 9997, 3003, 1028, 1015, 3002} abi=armeabi-v7a
02-05 17:42:41.246   992  1553 V BroadcastQueue: Deliver to ComponentInfo{com.google.android.talk/com.google.android.apps.hangouts.phone.PackageReplacedReceiver}:BR@2c8fa5e2
02-05 17:42:41.266 17717 17717 W ResourcesManager: Asset path '/system/framework/com.google.android.media.effects.jar' does not exist or contains no resources.
02-05 17:42:41.296   992  1089 I PMS     : uAFN (23804806,2,0)
02-05 17:42:41.296   992  1089 D PMS     : udaUAEL
02-05 17:42:41.296   992  1089 D HtcPMSExtension: isAMOLED: false
02-05 17:42:41.296   992  1089 D PMS     : updateUserActivitySummaryLocked: mWakefulness=Awake, mUserActivitySummary=0x1,23804816,4,7000,3600000, nextTimeout=27397806 (in 3592990 ms)
02-05 17:42:41.296   992  1552 D VibratorService: vib dbg, vibrate, time: 14, pid: 992, enlarge:0
02-05 17:42:41.296   992  1089 I PMS     : uAFN (23804810,1,0)
02-05 17:42:41.296   992  1089 D PMS     : udaUAEL
02-05 17:42:41.306   992  1089 D HtcPMSExtension: isAMOLED: false
02-05 17:42:41.306   992  1089 D PMS     : updateUserActivitySummaryLocked: mWakefulness=Awake, mUserActivitySummary=0x1,23804820,4,7000,3600000, nextTimeout=27397810 (in 3592990 ms)
02-05 17:42:41.346   992   992 D NotificationService: onReceive: android.intent.action.PACKAGE_CHANGED
02-05 17:42:41.346   992   992 D UiModeManager: HtcAutomotive Installed, ai = ActivityInfo{1ec0b336 com.htc.AutoMotive.carousel.MainActivity}
02-05 17:42:41.346   992   992 D BackupManagerService: Received broadcast Intent { act=android.intent.action.PACKAGE_CHANGED dat=package:com.google.android.gms flg=0x4000010 (has extras) }
02-05 17:42:41.346   992   992 I BackupManagerService: Package com.google.android.gms changed; rechecking
02-05 17:42:41.346   992   992 I BackupManagerService: Unbinding ComponentInfo{com.google.android.gms/com.google.android.gms.backup.BackupTransportService}
02-05 17:42:41.346   992   992 V ActivityManager: unbindService: conn=android.app.LoadedApk$ServiceDispatcher$InnerConnection@29519001 pid=992
02-05 17:42:41.346   992   992 I BackupManagerService: Binding to transport host ComponentInfo{com.google.android.gms/com.google.android.gms.backup.BackupTransportService}
02-05 17:42:41.346   992  1267 D ActivityManager: unregisterReceiver from pid=2247,uid=10025,rec=1fb2022c
02-05 17:42:41.346   992   992 V ActivityManager: bindService: Intent { act=android.backup.TRANSPORT_HOST cmp=com.google.android.gms/.backup.BackupTransportService } type=null conn=android.app.LoadedApk$ServiceDispatcher$InnerConnection@d4ce0e4 flags=0x1 pid=992
02-05 17:42:41.346  2247  2247 E ActivityThread: Service com.google.android.gms.backup.BackupTransportService has leaked ServiceConnection com.google.android.gms.http.f@ca88d60 that was originally bound here
02-05 17:42:41.346  2247  2247 E ActivityThread: android.app.ServiceConnectionLeaked: Service com.google.android.gms.backup.BackupTransportService has leaked ServiceConnection com.google.android.gms.http.f@ca88d60 that was originally bound here
02-05 17:42:41.346  2247  2247 E ActivityThread: 	at android.app.LoadedApk$ServiceDispatcher.<init>(LoadedApk.java:1183)
02-05 17:42:41.346  2247  2247 E ActivityThread: 	at android.app.LoadedApk.getServiceDispatcher(LoadedApk.java:1077)
02-05 17:42:41.346  2247  2247 E ActivityThread: 	at android.app.ContextImpl.bindServiceCommon(ContextImpl.java:1880)
02-05 17:42:41.346  2247  2247 E ActivityThread: 	at android.app.ContextImpl.bindService(ContextImpl.java:1863)
02-05 17:42:41.346  2247  2247 E ActivityThread: 	at android.content.ContextWrapper.bindService(ContextWrapper.java:538)
02-05 17:42:41.346  2247  2247 E ActivityThread: 	at com.google.android.gms.http.e.<init>(SourceFile:94)
02-05 17:42:41.346  2247  2247 E ActivityThread: 	at com.google.android.gms.http.GoogleHttpClient.<init>(SourceFile:234)
02-05 17:42:41.346  2247  2247 E ActivityThread: 	at com.google.android.gms.http.GoogleHttpClient.<init>(SourceFile:196)
02-05 17:42:41.346  2247  2247 E ActivityThread: 	at com.google.android.gms.backup.BackupTransportService.onCreate(SourceFile:1183)
02-05 17:42:41.346  2247  2247 E ActivityThread: 	at android.app.ActivityThread.handleCreateService(ActivityThread.java:2894)
02-05 17:42:41.346  2247  2247 E ActivityThread: 	at android.app.ActivityThread.access$1800(ActivityThread.java:144)
02-05 17:42:41.346  2247  2247 E ActivityThread: 	at android.app.ActivityThread$H.handleMessage(ActivityThread.java:1455)
02-05 17:42:41.346  2247  2247 E ActivityThread: 	at android.os.Handler.dispatchMessage(Handler.java:102)
02-05 17:42:41.346  2247  2247 E ActivityThread: 	at android.os.Looper.loop(Looper.java:155)
02-05 17:42:41.346  2247  2247 E ActivityThread: 	at android.app.ActivityThread.main(ActivityThread.java:5696)
02-05 17:42:41.346  2247  2247 E ActivityThread: 	at java.lang.reflect.Method.invoke(Native Method)
02-05 17:42:41.346  2247  2247 E ActivityThread: 	at java.lang.reflect.Method.invoke(Method.java:372)
02-05 17:42:41.346  2247  2247 E ActivityThread: 	at com.android.internal.os.ZygoteInit$MethodAndArgsCaller.run(ZygoteInit.java:1028)
02-05 17:42:41.346  2247  2247 E ActivityThread: 	at com.android.internal.os.ZygoteInit.main(ZygoteInit.java:823)
02-05 17:42:41.346   992  1261 V ActivityManager: unbindService: conn=android.os.BinderProxy@cef3e39 pid=2247
02-05 17:42:41.356   992  1557 V ActivityManager: bindService: Intent { pkg=com.google.android.gms cmp=com.google.android.gms/.gcm.http.GoogleHttpService } type=null conn=android.os.BinderProxy@3cc1687c flags=0x1 pid=2247
02-05 17:42:41.356   992  2223 D ActivityManager: registerReceiver filter=cfa9068 from com.google.android.gms,userId=0,pid=2247,uid=10025,rec=371f5c81
02-05 17:42:41.356   992  2223 D ActivityManager: Enqueue sticky BR{134fe126 u-1 android.net.conn.CONNECTIVITY_CHANGE callingPid=-1 callingUid=-1} size=1
02-05 17:42:41.356  1157  1157 D WIFI_ICON: WifiActivity: 1
02-05 17:42:41.356  1157  1157 D StatusBar.NetworkController: dumpIcon[(gone) stat_sys_5signal_null|null stat_sys_wifi_signal_in_4 stat_sys_sim_malfunction F (gone)]
02-05 17:42:41.356   992  1019 I BroadcastQueue: Deliver non-order [BG] BR@134fe126 BF{cfa9068 u0 RL{290a178b 2247 com.google.process.location/10025/u0}}
02-05 17:42:41.356   992  1553 D ActivityManager: registerReceiver filter=1900a167 from com.google.android.gms,userId=0,pid=2247,uid=10025,rec=131c4b14
02-05 17:42:41.356   992  1515 D ActivityManager: registerReceiver filter=27643fbd from com.google.android.gms,userId=0,pid=2247,uid=10025,rec=1a48e9b2
02-05 17:42:41.366   992  1552 V BackupManagerService: ... getCurrentTransport() returning com.google.android.gms/.backup.BackupTransportService
02-05 17:42:41.366   992   992 V BackupManagerService: Connected to transport ComponentInfo{com.google.android.gms/com.google.android.gms.backup.BackupTransportService}
02-05 17:42:41.366   992   992 V BackupManagerService: Registering transport com.google.android.gms/.backup.BackupTransportService::com.google.android.gms/.backup.BackupTransportService = com.android.internal.backup.IBackupTransport$Stub$Proxy@241a1ab9
02-05 17:42:41.366   992  1583 I ActivityManager: 17717 get provider com.google.android.gsf.gservices 1762
02-05 17:42:41.366   992   992 V AlarmManager: set(PendingIntent{87d7e27: PendingIntentRecord{1308c8d4 android broadcastIntent}}) : type=0 triggerAtTime=1423176221372 win=-1 tElapsed=24164806 maxElapsed=24209806 interval=0 standalone=false
02-05 17:42:41.366   992   992 V AlarmManager: Adding Alarm{3757eefe type 0 when 1423176221372 android} to Batch{31b6565f num=1 start=24205942 end=24283843}
02-05 17:42:41.366   992   992 V AlarmManager:     => now Batch{31b6565f num=2 start=24205942 end=24209806}
02-05 17:42:41.376   992  1584 I PMS     : uA (23804896,0,0)
02-05 17:42:41.376   992  1584 D HtcPMSExtension: isAMOLED: false
02-05 17:42:41.376   992  1584 D PMS     : updateUserActivitySummaryLocked: mWakefulness=Awake, mUserActivitySummary=0x1,23804896,4,7000,3600000, nextTimeout=27397896 (in 3593000 ms)
02-05 17:42:41.386   992  1089 I ActivityManager: broadcast act=android.intent.action.CLOSE_SYSTEM_DIALOGS flg=0x50000000 from pid=-1, uid=1000,parallel BR:db8a975,u-1,size=5,replaced=0,order BR:null,size=0,resultTo=null
02-05 17:42:41.386   992  1089 I PMS     : uA (23804901,0,0)
02-05 17:42:41.386   992  1089 D HtcPMSExtension: isAMOLED: false
02-05 17:42:41.386   992   992 D StatusBarManagerService: swetImeWindowStatus vis=0 backDisposition=0
02-05 17:42:41.386   992  1019 I BroadcastQueue: Deliver non-order [FG] BR@db8a975 BF{13483220 u0 RL{1716cd23 992 system/1000/u0 f10b652}} BF{25ea1503 u0 RL{c46b1b2 992 system/1000/u0 1f1c27bd}} BF{b9ead8a u0 RL{3019cbf5 1367 com.htc.sense.ime/10034/u0}} BF{1c7f976f u0 RL{3c084a4e 1554 com.htc.launcher/10075/u0}} BF{1b03356c u0 RL{19d1de1f 1157 com.android.systemui/10042/u0}}
02-05 17:42:41.386   992  1089 D PMS     : updateUserActivitySummaryLocked: mWakefulness=Awake, mUserActivitySummary=0x1,23804901,4,7000,3600000, nextTimeout=27397901 (in 3593000 ms)
02-05 17:42:41.386   992  1089 W CpuWake : >> cpu perf acquire
02-05 17:42:41.386   992  1089 W CpuWake : << cpu perf acquire
02-05 17:42:41.386   992  1089 I ActivityManager: START u0 {act=android.intent.action.MAIN cat=[android.intent.category.HOME] flg=0x10200000 cmp=com.htc.launcher/.Launcher} from uid 1000 on display 0
02-05 17:42:41.386   992  1089 V WindowManager: Prepare app transition: transit=10 mNextAppTransition=0xffffffff alwaysKeepCurrent=false Callers=com.android.server.am.ActivityStack.updateTransitLocked:3676 com.android.server.am.ActivityStack.moveTaskToFrontLocked:3739 com.android.server.am.ActivityStackSupervisor.startActivityUncheckedLockedImpl:1932 
02-05 17:42:41.386   992  1089 D PMS     : setSBOFWM:(-1,992,1000)
02-05 17:42:41.386   992  1089 D PMS     : setUATOFWM:(-1,992,1000)
02-05 17:42:41.406   992  1513 D PMS     : setSBOFWM:(-1,992,1000)
02-05 17:42:41.406   992  1513 D PMS     : setUATOFWM:(-1,992,1000)
02-05 17:42:41.406   992  1513 D WindowManager: Relayout Window{1a279ec0 u0 NavigationBar}, fl=0x1840068, vsysui=0x0, vis 0 to 0, mDrawState=4, outFrame=[1794,0][1920,1080]
02-05 17:42:41.406  1157  1157 D ViewRootImpl: RW(00001):1,NavigationBar,null,f=[1794,0][1920,1080] o=[0,0][0,0] c=[0,0][0,0] s=[0,0][0,0] v=[0,0][0,0]
02-05 17:42:41.406   992  1089 I WindowManager: Screenshot Token{11ff50fc ActivityRecord{220feace u0 org.cocos2dx.simplegame/.SimpleGame t2341}} from 21000 to 21015
02-05 17:42:41.406   992  1089 D ActivityManager: screenshot for ActivityRecord{220feace u0 org.cocos2dx.simplegame/.SimpleGame t2341}, bitmap=android.graphics.Bitmap@3526e398, time = 18
02-05 17:42:41.416   992  1089 D PMS     : acquireWL(1a7767f1): PARTIAL_WAKE_LOCK  ActivityManager-Launch 0x1 992 1000 null
02-05 17:42:41.416   992  1089 D PMS     : updatePSL(0x4,true) (repeat:5)
02-05 17:42:41.416   992  1089 D PMS     : updatePSL(0x1,true)
02-05 17:42:41.416   992  1089 D HtcPMSExtension: isAMOLED: false
02-05 17:42:41.416   992  1089 D PMS     : updateUserActivitySummaryLocked: mWakefulness=Awake, mUserActivitySummary=0x1,23804930,1,7000,3600000, nextTimeout=27397901 (in 3592971 ms)
02-05 17:42:41.416   992  1089 D ActivityManager: ppk 571468494
02-05 17:42:41.416   992  1557 V WindowManager: Prepare app transition: transit=8 mNextAppTransition=0xa alwaysKeepCurrent=false Callers=com.android.server.am.ActivityStack.resumeTopActivityInnerLocked:1813 com.android.server.am.ActivityStack.resumeTopActivityLocked:1547 com.android.server.am.ActivityStackSupervisor.resumeTopActivitiesLocked:2536 
02-05 17:42:41.416   992  1557 V WindowManager: setAppVisibility(Token{38f1bf4c ActivityRecord{45ee37f u0 com.htc.launcher/.Launcher t2275}}, visible=true): mNextAppTransition=0xa hidden=true hiddenRequested=true
02-05 17:42:41.416   992  1557 V WindowManager: Setting dummy animation on: AppWindowToken{27ffcb95 token=Token{38f1bf4c ActivityRecord{45ee37f u0 com.htc.launcher/.Launcher t2275}}}
02-05 17:42:41.416   992  1051 I NotificationAmsListener: topAppChange:com.htc.launcher
02-05 17:42:41.416   992  1049 W HtcBatteryAmsListener: Top package changed, 10404 --> 10075
02-05 17:42:41.416   992  1049 D BatSS   : noteED=10404
02-05 17:42:41.416   992  1049 D BatSS   : noteSD=10075
02-05 17:42:41.416   992  1557 D WindowManager: Orientation changed. new=5 old=0
02-05 17:42:41.416   992  1557 V WindowManager: mScreenOnEarly=true, mAwake=true, mCurrentAppOrientation=5, mOrientationSensorEnabled=true
02-05 17:42:41.416   992  1557 D PowerManager: acquire(2df8d039)
02-05 17:42:41.416   992  1557 D PowerManager: post acquire
02-05 17:42:41.416   992  1557 D PowerManager: acquire(2778367e)
02-05 17:42:41.416   992  1557 D PowerManager: post acquire
02-05 17:42:41.416   992  1557 D PMS     : acquireWL(2bdeb257): PARTIAL_WAKE_LOCK  SCREEN_FROZEN 0x1 992 1000 null
02-05 17:42:41.416   992  1557 D HtcPMSExtension: isAMOLED: false
02-05 17:42:41.416   992  1064 D PowerManager: A run (2df8d039,8192,5)
02-05 17:42:41.416   992  1557 D PMS     : updateUserActivitySummaryLocked: mWakefulness=Awake, mUserActivitySummary=0x1,23804935,1,7000,3600000, nextTimeout=27397901 (in 3592966 ms)
02-05 17:42:41.416   992  1064 D PMS     : acquireHCC(e72a144): CPU_MIN_FREQ WindowManager-ScreenRotation-Freq 0x2000 992 1000 null
02-05 17:42:41.416   992  1064 D HtcPMSExtension: isAMOLED: false
02-05 17:42:41.416   992  1064 D PMS     : updateUserActivitySummaryLocked: mWakefulness=Awake, mUserActivitySummary=0x1,23804936,1,7000,3600000, nextTimeout=27397901 (in 3592965 ms)
02-05 17:42:41.416   992  1064 D PowerManager: A run E
02-05 17:42:41.416   992  1064 D PowerManager: A run (2778367e,32768,2)
02-05 17:42:41.416   992  1064 D PMS     : acquireHCC(1289922d): CPU_MIN_NUM WindowManager-ScreenRotation-Num 0x8000 992 1000 null
02-05 17:42:41.416   992  1064 D HtcPMSExtension: isAMOLED: false
02-05 17:42:41.416   992  1064 D PMS     : updateUserActivitySummaryLocked: mWakefulness=Awake, mUserActivitySummary=0x1,23804936,1,7000,3600000, nextTimeout=27397901 (in 3592965 ms)
02-05 17:42:41.416   992  1064 D PowerManager: A run E
02-05 17:42:41.436   992   992 V ActivityManager: Display changed displayId=0
02-05 17:42:41.446   992  1557 V WindowManager: Orientation updated from app: 1 callers=com.android.server.am.ActivityStack.resumeTopActivityInnerLocked:1874
02-05 17:42:41.446   992  1557 I ActivityManager: Config changes=480 {0 1.0 310mcc12mnc en_US ldltr sw360dp w360dp h567dp 480dpi nrml port finger -keyb/v/h -nav/h s.27}
02-05 17:42:41.446   992  2223 D WindowManager: Relayout Window{951c0f3 u0 com.htc.launcher/com.htc.launcher.Launcher}, fl=0xd910900, vsysui=0x700, vis 8 to 4, mDrawState=0, outFrame=[0,0][1920,1080]
02-05 17:42:41.446  1554  1554 D ViewRootImpl: RW(00010):1,com.htc.launcher.Launcher,null,f=[0,0][1920,1080] o=[0,0][0,0] c=[0,75][126,0] s=[0,75][126,0] v=[0,75][126,0]
02-05 17:42:41.446  1554  1554 D Perf    : 212) Going to change top app configuration, orientation=1
02-05 17:42:41.456  1554  1554 D Perf    : 214) Top app configuration change finished, 12ms
02-05 17:42:41.476   992  1557 I ActivityManager: broadcast act=android.intent.action.CONFIGURATION_CHANGED flg=0x70000000 from pid=992, uid=1000,parallel BR:aeb2362,u-1,size=8,replaced=0,order BR:null,size=0,resultTo=null
02-05 17:42:41.476   992  1557 V WindowManager: setAppVisibility(Token{11ff50fc ActivityRecord{220feace u0 org.cocos2dx.simplegame/.SimpleGame t2341}}, visible=false): mNextAppTransition=0xffffffff hidden=false hiddenRequested=false
02-05 17:42:41.476   992  1557 V WindowManager: Changing app AppWindowToken{134a7385 token=Token{11ff50fc ActivityRecord{220feace u0 org.cocos2dx.simplegame/.SimpleGame t2341}}} hidden=false performLayout=true
02-05 17:42:41.476   992  1557 V WindowManager: setTokenVisibilityLocked: AppWindowToken{134a7385 token=Token{11ff50fc ActivityRecord{220feace u0 org.cocos2dx.simplegame/.SimpleGame t2341}}}: hidden=true hiddenRequested=true
02-05 17:42:41.476   992  1557 V WindowManager: No wallpaper target
02-05 17:42:41.476   992  1557 V WindowManager: adjustWallpaper win Window{3c276b40 u0 com.android.systemui.ImageWallpaper} anim layer: 21000
02-05 17:42:41.476   992  1081 V AlarmManager: Adding Alarm{ab21cf3 type 3 when 24402839 com.amazon.mShop.android} to Batch{299a8db0 num=3 start=24493807 end=24498763}
02-05 17:42:41.476   992  1081 V AlarmManager:     => now Batch{299a8db0 num=4 start=24493807 end=24498763}
02-05 17:42:41.486   992  1081 V AlarmManager: Adding Alarm{141a2429 type 1 when 1423176181487 android} and create new batch Batch{26dc13ae num=1 start=24124921 end=24139921}
02-05 17:42:41.486   992  1557 V WindowManager: Checking 1 opening apps (frozen=true timeout=false)...
02-05 17:42:41.486   992  1557 V WindowManager: **** GOOD TO GO
02-05 17:42:41.486   992  1557 V WindowManager: New wallpaper target=null, oldWallpaper=null, lower target=null, upper target=null
02-05 17:42:41.486   992  1557 V WindowManager: Now opening appAppWindowToken{27ffcb95 token=Token{38f1bf4c ActivityRecord{45ee37f u0 com.htc.launcher/.Launcher t2275}}}
02-05 17:42:41.486   992  1557 V WindowManager: Changing app AppWindowToken{27ffcb95 token=Token{38f1bf4c ActivityRecord{45ee37f u0 com.htc.launcher/.Launcher t2275}}} hidden=true performLayout=false
02-05 17:42:41.486   992  1557 V WindowManager: setTokenVisibilityLocked: AppWindowToken{27ffcb95 token=Token{38f1bf4c ActivityRecord{45ee37f u0 com.htc.launcher/.Launcher t2275}}}: hidden=false hiddenRequested=false
02-05 17:42:41.486   992  1557 V WindowManager: Wallpaper layer changed: assigning layers + relayout
02-05 17:42:41.486   992  1557 V WindowManager: Wallpaper may change!  Adjusting
02-05 17:42:41.486   992  1557 D WindowState: Reporting Window{12d2e30 u0 SurfaceView}: Rect(0, 0 - 1794, 1080), configChanged=true, mDrawState=1, old seq: 26
02-05 17:42:41.486   992  1557 D WindowState: Reporting Window{1d55a456 u0 org.cocos2dx.simplegame/org.cocos2dx.simplegame.SimpleGame}: Rect(0, 0 - 1080, 1776), configChanged=true, mDrawState=1, old seq: 26
02-05 17:42:41.486   992  1557 D WindowState: Reporting Window{36649ee1 u0 StatusBar}: Rect(0, 0 - 1080, 75), configChanged=true, mDrawState=1, old seq: 26
02-05 17:42:41.486   992  1557 D WindowState: Reporting Window{28d8b502 u0 Show Watermark 2.4}: Rect(0, 546 - 1080, 1230), configChanged=true, mDrawState=1, old seq: 26
02-05 17:42:41.486   992  1557 D WindowState: Reporting Window{1a279ec0 u0 NavigationBar}: Rect(0, 1776 - 1080, 1920), configChanged=true, mDrawState=1, old seq: 26
02-05 17:42:41.496   992  1557 V WindowManager: No wallpaper target
02-05 17:42:41.496   992  1557 V WindowManager: adjustWallpaper win Window{3c276b40 u0 com.android.systemui.ImageWallpaper} anim layer: 21000
02-05 17:42:41.496   992  1557 I ActivityManager: broadcast act=com.htc.intent.action.NOTIFY_ENTER_HOME from pid=992, uid=1000,parallel BR:null,size=0,order BR:null,size=0,resultTo=null
02-05 17:42:41.496   992  1553 D WindowManager: Relayout Window{23615d91 u0 InputMethod}, fl=0x1800108, vsysui=0x300, vis 8 to 8, mDrawState=0, outFrame=[0,1920][1080,1920]
02-05 17:42:41.496  1367  1367 D ViewRootImpl: RW(01000):1,InputMethod,null,f=[0,1920][1080,1920] o=[0,0][0,0] c=[0,0][0,144] s=[0,0][0,144] v=[0,0][0,144]
02-05 17:42:41.496   992  1557 W WindowManager: Execute app transition: mNextAppTransition=0xffffffff
02-05 17:42:41.496   992  1557 D ActivityManager: crrk 73327487
02-05 17:42:41.496   992  1513 D StatusBarManagerService: swetImeWindowStatus vis=0 backDisposition=0
02-05 17:42:41.506   992  1557 D ActivityManager: cprk 571468494
02-05 17:42:41.506   992  1081 V ActivityManager: startService: Intent { flg=0x4 cmp=com.amazon.mShop.android/com.amazon.avod.syncservice.MShopSyncServiceProxy (has extras) } type=null args=Bundle[{android.intent.extra.ALARM_COUNT=1}] pid=-1
02-05 17:42:41.506   992  1081 D PMS     : acquireWL(3812d4dc): PARTIAL_WAKE_LOCK  *alarm* 0x1 992 1000 WorkSource{10208}
02-05 17:42:41.506   992  1081 D HtcPMSExtension: isAMOLED: false
02-05 17:42:41.506   992  1514 I ActivityManager: 17717 get provider htc-mms-customization
02-05 17:42:41.506   992  1081 D PMS     : updateUserActivitySummaryLocked: mWakefulness=Awake, mUserActivitySummary=0x1,23805024,1,7000,3600000, nextTimeout=27397901 (in 3592874 ms)
02-05 17:42:41.506 16859 16859 D Perf    : 212) Going to change top app configuration, orientation=1
02-05 17:42:41.506   992  1081 V AlarmManager: sending alarm PendingIntent{1d34bea5: PendingIntentRecord{39fc2003 com.amazon.mShop.android startService}}, i=null, t=3, cnt=1, w=24102839, Int=300000
02-05 17:42:41.516 16859 16859 D Perf    : 214) Top app configuration change finished, 8ms
02-05 17:42:41.526   992   992 D WindowState: Reporting Window{28d8b502 u0 Show Watermark 2.4}: Rect(198, 152 - 882, 1624), configChanged=false, mDrawState=1, old seq: 27
02-05 17:42:41.526   992   992 V WindowManager: No wallpaper target
02-05 17:42:41.526   992   992 V WindowManager: adjustWallpaper win Window{3c276b40 u0 com.android.systemui.ImageWallpaper} anim layer: 21000
02-05 17:42:41.526   992   992 D WindowManager: Relayout Window{28d8b502 u0 Show Watermark 2.4}, fl=0x1000418, vsysui=0x0, vis 0 to 0, mDrawState=1, outFrame=[198,152][882,1624]
02-05 17:42:41.526   992   992 D ViewRootImpl: RW(01000):1,Show Watermark 2.4,null,f=[198,152][882,1624] o=[0,0][0,0] c=[0,0][0,0] s=[0,0][0,0] v=[0,0][0,0]
02-05 17:42:41.526   992  1048 I WindowManager:   SURFACE HIDE: Window{12d2e30 u0 SurfaceView}
02-05 17:42:41.526   992  1048 I WindowManager:   SURFACE HIDE: Window{1d55a456 u0 org.cocos2dx.simplegame/org.cocos2dx.simplegame.SimpleGame}
02-05 17:42:41.536   992  1115 D WindowManager: Relayout Window{12d2e30 u0 SurfaceView}, fl=0x4218, vsysui=0x0, vis 0 to 0, mDrawState=0, outFrame=[0,0][1794,1080]
02-05 17:42:41.536   992  1515 D WindowManager: Relayout Window{36649ee1 u0 StatusBar}, fl=0x81840048, vsysui=0x600, vis 0 to 0, mDrawState=1, outFrame=[0,0][1080,75]
02-05 17:42:41.536  1157  1157 D ViewRootImpl: RW(00001):3,StatusBar,null,f=[0,0][1080,75] o=[0,0][0,0] c=[0,0][0,0] s=[0,0][0,0] v=[0,0][0,0]
02-05 17:42:41.546   992  1514 I ActivityManager: Start proc com.htc.sense.mms for content provider com.htc.sense.mms/.util.MmsCustomizationProvider: pid=17763 uid=10063 gids={50063, 9997, 3003, 1028, 1015, 1023, 3002} abi=armeabi-v7a
02-05 17:42:41.556   992  1583 I ActivityManager: 17717 get provider settings 992
02-05 17:42:41.556   992  1081 I ActivityManager: broadcast act=com.android.server.WifiManager.action.START_SCAN flg=0x4 from pid=-1, uid=1000,order BR:1012376b,u0,size=1,replaced=0
02-05 17:42:41.556   992  1081 V AlarmManager: sending alarm PendingIntent{20810c4f: PendingIntentRecord{3ccc7fdc android broadcastIntent}}, i=com.android.server.WifiManager.action.START_SCAN, t=1, cnt=1, w=1423176161487, Int=20000
02-05 17:42:41.556   992  1019 I BroadcastQueue: Deliver non-order [FG] BR@aeb2362 BF{3b2bb803 u0 RL{3acd00b2 992 system/1000/u0 1b9e52bd}} BF{11d43bb2 u0 RL{37a199bd 992 system/1000/u0 16eecd14}} BF{383c712b u-1 RL{2a45c57a 992 system/1000/u-1 176f8da5}} BF{27b192e9 u0 RL{2fc37f70 1157 com.android.systemui/10042/u0}} BF{164b7290 u0 RL{34760953 1157 com.android.systemui/10042/u0}} BF{1de7682c u0 RL{253023df 1554 com.htc.launcher/10075/u0}} BF{3a736e18 u0 RL{216a1dfb 1493 com.android.phone/1001/u0}} BF{15082083 u0 RL{72fbb32 1157 com.android.systemui/10042/u0}}
02-05 17:42:41.556   992  1261 D ActivityManager: registerReceiver filter=33d6ea86 from com.htc.launcher,userId=0,pid=1554,uid=10075,rec=379adf47
02-05 17:42:41.566   992  1553 V ActivityManager: stopServiceToken: SR=4691279 startId=1
02-05 17:42:41.566   992  1552 I WindowManager:   SURFACE DESTROY PENDING: Window{12d2e30 u0 SurfaceView}
02-05 17:42:41.576   992  1267 I PackageManager:  setEnabledSetting(), pkgName=com.google.android.talk, clsName=com.google.android.apps.hangouts.phone.ShareIntentSmsOnlyActivity, state=2, flag=1, pid=17717, uid=10137, userID:0
02-05 17:42:41.576   992  1060 D AutomaticBrightnessController: ADC value = (320.0)
02-05 17:42:41.576   992  1060 D HABCtrl : change ls (320,5)
02-05 17:42:41.576   992  1558 D ActivityManager: registerReceiver filter=3504c2e0 from com.htc.launcher,userId=0,pid=1554,uid=10075,rec=1fa76999
02-05 17:42:41.576   992  1583 D WindowManager: Relayout Window{12d2e30 u0 SurfaceView}, fl=0x4218, vsysui=0x0, vis 0 to 8, mDrawState=0, outFrame=[0,0][1794,1080]
02-05 17:42:41.586   992  1553 I WindowManager: Window Window{951c0f3 u0 com.htc.launcher/com.htc.launcher.Launcher} visible with new config: {0 1.0 310mcc12mnc en_US ldltr sw360dp w360dp h567dp 480dpi nrml port finger -keyb/v/h -nav/h s.27}, old seq: 26
02-05 17:42:41.586   992  1553 I WindowManager:   SURFACE CREATE pid=1554 format=-2 layer=21015: Window{951c0f3 u0 com.htc.launcher/com.htc.launcher.Launcher}
02-05 17:42:41.586   992  1553 V WindowManager: No wallpaper target
02-05 17:42:41.586   992  1553 V WindowManager: adjustWallpaper win Window{3c276b40 u0 com.android.systemui.ImageWallpaper} anim layer: 21000
02-05 17:42:41.586   992  1046 D StatusBarManagerService: setSystemUiVisibility(0x700)
02-05 17:42:41.586   992  1046 D StatusBarManagerService: manageDisableList userId=0 what=0x0 pkg=WindowManager.LayoutParams
02-05 17:42:41.586   992  1046 D StatusBarManagerService: hiding MENU key
02-05 17:42:41.586   992  1046 D StatusBarManagerService: setSystemUiVisibility(0xc0000700)
02-05 17:42:41.586   992  1046 D StatusBarManagerService: manageDisableList userId=0 what=0x0 pkg=WindowManager.LayoutParams
02-05 17:42:41.586   992  1046 D StatusBarManagerService: hiding MENU key
02-05 17:42:41.596   992  1553 D WindowState: Reporting Window{951c0f3 u0 com.htc.launcher/com.htc.launcher.Launcher}: Rect(0, 0 - 1080, 1920), configChanged=true, mDrawState=1, old seq: 26
02-05 17:42:41.596   992  1553 D WindowManager: Relayout Window{951c0f3 u0 com.htc.launcher/com.htc.launcher.Launcher}, fl=0xd910900, vsysui=0x700, vis 4 to 0, mDrawState=1, outFrame=[0,0][1080,1920]
02-05 17:42:41.596  1554  1554 D ViewRootImpl: RW(00010):7,com.htc.launcher.Launcher,{orien=1 s.27},f=[0,0][1080,1920] o=[0,0][0,0] c=[0,75][0,144] s=[0,75][0,144] v=[0,75][0,144]
02-05 17:42:41.606   992  1048 I WindowManager:   SURFACE SHOW layer=151000: Window{36649ee1 u0 StatusBar}
02-05 17:42:41.616   992  1583 I WindowManager:   SURFACE DESTROY: Window{1d55a456 u0 org.cocos2dx.simplegame/org.cocos2dx.simplegame.SimpleGame}
02-05 17:42:41.616   992  1583 D WindowManager: Relayout Window{1d55a456 u0 org.cocos2dx.simplegame/org.cocos2dx.simplegame.SimpleGame}, fl=0x40010500, vsysui=0x0, vis 0 to 8, mDrawState=0, outFrame=[0,0][1080,1776]
02-05 17:42:41.616   992  1557 V ActivityManager: bindService: Intent { cmp=com.google.android.talk/com.google.android.libraries.hangouts.video.CallService } type=null conn=android.os.BinderProxy@23dc0df8 flags=0x1 pid=17717
02-05 17:42:41.626   992  1515 D ActivityManager: registerReceiver filter=1507fac2 from com.google.android.talk,userId=0,pid=17717,uid=10137,rec=16d910d3
02-05 17:42:41.626   992  2226 V AlarmManager: set(PendingIntent{33bea410: PendingIntentRecord{1288eb09 com.google.android.talk broadcastIntent}}) : type=2 triggerAtTime=27705063 win=-1 tElapsed=27705063 maxElapsed=92505063 interval=86400000 standalone=false
02-05 17:42:41.626   992  2226 V AlarmManager: Adding Alarm{2ddf010e type 2 when 27705063 com.google.android.talk} to Batch{1919e72f num=2 start=27543405 end=29824594}
02-05 17:42:41.626   992  2226 V AlarmManager:     => now Batch{1919e72f num=3 start=27705063 end=29824594}
02-05 17:42:41.626   992  1009 I PackageManager:  setEnabledSetting(), pkgName=com.google.android.talk, clsName=com.google.android.apps.hangouts.sms.SmsReceiver, state=2, flag=1, pid=17717, uid=10137, userID:0
02-05 17:42:41.626   992  1115 I PackageManager:  setEnabledSetting(), pkgName=com.google.android.talk, clsName=com.google.android.apps.hangouts.sms.MmsWapPushReceiver, state=2, flag=1, pid=17717, uid=10137, userID:0
02-05 17:42:41.636 16859 16859 D ViewRootImpl: RW(01010):5,org.cocos2dx.simplegame.SimpleGame,null,f=[0,0][1080,1776] o=[0,0][0,0] c=[0,0][0,0] s=[0,75][0,0] v=[0,75][0,0]
02-05 17:42:41.636   992  1261 I PackageManager:  setEnabledSetting(), pkgName=com.google.android.talk, clsName=com.google.android.apps.hangouts.sms.AbortSmsReceiver, state=2, flag=1, pid=17717, uid=10137, userID:0
02-05 17:42:41.636   992  1557 I PackageManager:  setEnabledSetting(), pkgName=com.google.android.talk, clsName=com.google.android.apps.hangouts.sms.AbortMmsWapPushReceiver, state=2, flag=1, pid=17717, uid=10137, userID:0
02-05 17:42:41.636   992  1515 I PackageManager:  setEnabledSetting(), pkgName=com.google.android.talk, clsName=com.google.android.apps.hangouts.service.NoConfirmationSmsSendService, state=1, flag=1, pid=17717, uid=10137, userID:0
02-05 17:42:41.646   992  1008 D WindowManager: Relayout Window{12d2e30 u0 SurfaceView}, fl=0x4218, vsysui=0x0, vis 8 to 8, mDrawState=0, outFrame=[0,0][1080,1776]
02-05 17:42:41.646  1554  1554 D PowerManager: isHeld=false
02-05 17:42:41.646  1554  1554 D PowerManager: isHeld=false
02-05 17:42:41.646   992  1553 D WindowManager: Relayout Window{1a279ec0 u0 NavigationBar}, fl=0x1840068, vsysui=0x0, vis 0 to 0, mDrawState=1, outFrame=[0,1776][1080,1920]
02-05 17:42:41.646  1157  1157 D ViewRootImpl: RW(01001):1,NavigationBar,null,f=[0,1776][1080,1920] o=[0,0][0,0] c=[0,0][0,0] s=[0,0][0,0] v=[0,0][0,0]
02-05 17:42:41.666   992  1584 D WindowManager: Relayout Window{b53d15b u0 SearchPanel}, fl=0x1820100, vsysui=0x0, vis 8 to 8, mDrawState=0, outFrame=[0,0][1080,1920]
02-05 17:42:41.666  1157  1157 D ViewRootImpl: RW(11001):1,SearchPanel,null,f=[0,0][1080,1920] o=[0,0][0,0] c=[0,0][0,144] s=[0,75][0,144] v=[0,0][0,144]
02-05 17:42:41.666  1157  1157 D CarrierLabel: ---------- mIntentReceiver : android.intent.action.CONFIGURATION_CHANGED
02-05 17:42:41.666  1157  1157 D CarrierLabel: ServiceStatus = 1, SimState = ABSENT
02-05 17:42:41.666   992  1553 V WindowManager: Remove Window{3c14d139 u0 SearchPanel}: mSurface=null mExiting=false isAnimating=false app-animation=null inPendingTransaction=false mDisplayFrozen=true
02-05 17:42:41.676   992  1048 V WindowManager: Found wallpaper target: #3=Window{951c0f3 u0 com.htc.launcher/com.htc.launcher.Launcher}
02-05 17:42:41.676   992  1048 V WindowManager: New wallpaper target: Window{951c0f3 u0 com.htc.launcher/com.htc.launcher.Launcher} oldTarget: null
02-05 17:42:41.676   992  1048 V WindowManager: Wallpaper vis: target Window{951c0f3 u0 com.htc.launcher/com.htc.launcher.Launcher}, obscured=false anim=null upper=null lower=null
02-05 17:42:41.676   992  1048 D WindowManager: Wallpaper token WindowToken{13e6600a android.os.Binder@3c0b7a2d} hidden=false
02-05 17:42:41.676   992  1048 V WindowManager: Updating vis of wallpaper Window{3c276b40 u0 com.android.systemui.ImageWallpaper}: true from:
02-05 17:42:41.676   992  1048 V WindowManager:   com.android.server.wm.WindowManagerService.adjustWallpaperWindowsLocked:2010
02-05 17:42:41.676   992  1048 V WindowManager:   com.android.server.wm.WindowManagerService.performLayoutAndPlaceSurfacesLockedInner:9860
02-05 17:42:41.676   992  1048 V WindowManager:   com.android.server.wm.WindowManagerService.performLayoutAndPlaceSurfacesLockedLoop:8975
02-05 17:42:41.676   992  1048 V WindowManager:   com.android.server.wm.WindowManagerService.performLayoutAndPlaceSurfacesLocked:8917
02-05 17:42:41.676   992  1048 V WindowManager: adjustWallpaper win Window{3c276b40 u0 com.android.systemui.ImageWallpaper} anim layer: 21000
02-05 17:42:41.676   992  1048 V WindowManager: Moving wallpaper Window{3c276b40 u0 com.android.systemui.ImageWallpaper} from 0 to 0
02-05 17:42:41.676   992  1048 D WindowManager: New wallpaper: target=Window{951c0f3 u0 com.htc.launcher/com.htc.launcher.Launcher} lower=null upper=null
02-05 17:42:41.676   992  1048 V WindowManager: First draw done in potential wallpaper target Window{951c0f3 u0 com.htc.launcher/com.htc.launcher.Launcher}
02-05 17:42:41.676   992  1048 V WindowManager: Wallpaper may change!  Adjusting
02-05 17:42:41.676   992  1048 D WindowState: Reporting Window{3c276b40 u0 com.android.systemui.ImageWallpaper}: Rect(0, 0 - 2160, 1920), configChanged=true, mDrawState=1, old seq: 26
02-05 17:42:41.676   992  1048 V WindowManager: Found wallpaper target: #3=Window{951c0f3 u0 com.htc.launcher/com.htc.launcher.Launcher}
02-05 17:42:41.676   992  1048 V WindowManager: Wallpaper vis: target Window{951c0f3 u0 com.htc.launcher/com.htc.launcher.Launcher}, obscured=false anim=null upper=null lower=null
02-05 17:42:41.676   992  1048 V WindowManager: adjustWallpaper win Window{3c276b40 u0 com.android.systemui.ImageWallpaper} anim layer: 21000
02-05 17:42:41.676   992  1048 V WindowManager: Moving wallpaper Window{3c276b40 u0 com.android.systemui.ImageWallpaper} from 0 to 0
02-05 17:42:41.686   992  1583 V WallpaperManagerService: getWallpaper(), wallpaperUserId = 0, callingUid = 10042
02-05 17:42:41.686   992  1583 V WallpaperManagerService: getWallpaper(), imageWallpaperPending = false, width = 2160, height = 1920
02-05 17:42:41.686   992  2226 V InputMethodManagerService: unbindCurrentInputLocked, client pid=16859
02-05 17:42:41.686   992  2226 I InputMethodManagerService: Disable input method client, pid=16859
02-05 17:42:41.686   992  2226 D StatusBarManagerService: swetImeWindowStatus vis=0 backDisposition=0
02-05 17:42:41.686   992  2226 V InputMethodManagerService: switching to client, pid=1554
02-05 17:42:41.686   992  2226 I InputMethodManagerService: Enable input method client, pid=1554
02-05 17:42:41.686   992  1515 D PMS     : acquireWL(11d1f13c): PARTIAL_WAKE_LOCK  hangouts_rtcs 0x1 17717 10137 null
02-05 17:42:41.686   992  1515 D HtcPMSExtension: isAMOLED: false
02-05 17:42:41.686   992  1515 D PMS     : updateUserActivitySummaryLocked: mWakefulness=Awake, mUserActivitySummary=0x1,23805204,1,7000,3600000, nextTimeout=27397901 (in 3592697 ms)
02-05 17:42:41.686   992  1513 V ActivityManager: startService: Intent { act=android.intent.action.PACKAGE_CHANGED cmp=com.google.android.talk/com.google.android.apps.hangouts.realtimechat.RealTimeChatService (has extras) } type=null args=Bundle[mParcelledData.dataSize=2028] pid=17717
02-05 17:42:41.686   992  1552 V BroadcastQueue: Deliver to ComponentInfo{com.android.providers.contacts/com.android.providers.contacts.PackageIntentReceiver}:BR@2c8fa5e2
02-05 17:42:41.696   992  1048 I WindowManager:   SURFACE SHOW layer=21015: Window{951c0f3 u0 com.htc.launcher/com.htc.launcher.Launcher}
02-05 17:42:41.696   992  1009 V BroadcastQueue: Deliver to ComponentInfo{com.htc.sense.hsp/com.htc.sense.hsp.opensense.pluginmanager.RegisterReceiver}:BR@2c8fa5e2
02-05 17:42:41.706   992  1261 V ActivityManager: startService: Intent { act=android.intent.action.PACKAGE_CHANGED dat=package:com.google.android.gms flg=0x4000010 cmp=com.htc.sense.hsp/.opensense.pluginmanager.RegisterService (has extras) } type=null args=Bundle[mParcelledData.dataSize=696] pid=12949
02-05 17:42:41.706   992  1557 V BroadcastQueue: Deliver to ComponentInfo{com.amazon.fv/com.amazon.fv.packagemanager.FvPackageManagerReceiver}:BR@2c8fa5e2
--------- beginning of main
02-05 17:42:41.726   992  1102 E WifiStateMachine:  good link -> stuck count =0
02-05 17:42:41.726   992  1102 E WifiStateMachine:  badRSSI count0 lowRSSI count0 --> score 60
02-05 17:42:41.726   992  1102 E WifiStateMachine:  isHighRSSI       ---> score=65
02-05 17:42:41.726  1554  1554 D ViewRootImpl: finishDrawing 1ms com.htc.launcher.Launcher
02-05 17:42:41.726  1554  1554 D FeedUiWorker: [runTask]     >[-1][47284353]
02-05 17:42:41.726  1554  1554 D FeedUiWorker: [runTask]     >[-1][333557835]
02-05 17:42:41.726   482   482 D Zygote  : fork++
02-05 17:42:41.726  1554  1554 D FeedUiWorker: [runTask]     >[-1][2016244078]
02-05 17:42:41.726  1554  1554 D FeedUiWorker: [runTask]     >[-1][-1832746998]
02-05 17:42:41.736  1554  1945 D qdmemalloc: ion: Mapped buffer base:0x962a1000 size:8847360 offset:0 fd:68
02-05 17:42:41.736  1554  1945 D qdmemalloc: ion: Mapped buffer base:0xb3d1c000 size:4096 offset:0 fd:69
02-05 17:42:41.736   482   482 D Zygote  : fork-- pid: 17788
02-05 17:42:41.746 17788 17788 I art     : VMHOOK: rlim_cur : 4294967295 pid:17788
02-05 17:42:41.746   992  1102 E WifiStateMachine: handleMessage: X
02-05 17:42:41.746   992   992 V Perf    : com.android.server.wifi.WifiWatchdogStateMachine$1@286af673 onReceive:android.net.wifi.RSSI_CHANGED, 0ms
02-05 17:42:41.746   992  1121 D WifiWatchdogStateMachine: RSSI current: 3 new: -55, 3
02-05 17:42:41.746 16859 16859 V Perf    : org.cocos2dx.simplegame.SimpleGame@2c46dd9b onStop, 0ms
02-05 17:42:41.746 17788 17788 D FDManager: Init fd protection
02-05 17:42:41.746 17788 17788 D FDManager: Fail to open: /sys/fs/fd_list_lock, err: 2, msg: No such file or directory
02-05 17:42:41.746 17788 17788 D FDManager: Destroy fd protection
02-05 17:42:41.746   992  1008 I ActivityManager: Start proc com.android.settings for broadcast com.android.settings/.fpquicklaunch.HtcFingerPrintReceiver: pid=17788 uid=1000 gids={41000, 9997, 3002, 3001, 3003, 1028, 2001, 1015, 5001, 5011, 3006, 1007, 1023, 1004, 2002, 5006} abi=armeabi-v7a
02-05 17:42:41.746   992  1008 D PMS     : releaseWL(1a7767f1): PARTIAL_WAKE_LOCK  ActivityManager-Launch 0x1 null
02-05 17:42:41.746   992  1008 D HtcPMSExtension: isAMOLED: false
02-05 17:42:41.746   992  1008 D PMS     : updateUserActivitySummaryLocked: mWakefulness=Awake, mUserActivitySummary=0x1,23805262,1,7000,3600000, nextTimeout=27397901 (in 3592639 ms)
02-05 17:42:41.746   992  1008 D ActivityManager: srk 571468494
02-05 17:42:41.746   992  1008 V WindowManager: setAppVisibility(Token{11ff50fc ActivityRecord{220feace u0 org.cocos2dx.simplegame/.SimpleGame t2341}}, visible=false): mNextAppTransition=0xffffffff hidden=true hiddenRequested=true
02-05 17:42:41.746   992  1102 I ActivityManager: broadcast act=android.net.wifi.RSSI_CHANGED flg=0x4000000 from pid=992, uid=1000,parallel BR:1b6ae528,u-1,size=2,replaced=0,order BR:null,size=0,resultTo=null
02-05 17:42:41.746   992  1019 I BroadcastQueue: Deliver non-order [BG] BR@1b6ae528 BF{1ac259a9 u0 RL{1c942930 992 system/1000/u0 286af673}} BF{3f39e0b u0 RL{1d9c19da 1157 com.android.systemui/10042/u0}}
02-05 17:42:41.756   357   357 D qdmemalloc: ion: Unmapping buffer  base:0xb39fb000 size:442368
02-05 17:42:41.756   357   357 D qdmemalloc: ion: Unmapping buffer  base:0xb4f7a000 size:4096
02-05 17:42:41.756   357   357 D qdmemalloc: ion: Freeing buffer base:0x0 size:442368 fd:33
02-05 17:42:41.756   357   357 D qdmemalloc: ion: Freeing buffer base:0x0 size:4096 fd:39
02-05 17:42:41.766 12949 12949 V Perf    : com.htc.sense.hsp.opensense.pluginmanager.RegisterService@221645e5 onCreate, 57ms
02-05 17:42:41.766 12949 12949 V Perf    : com.htc.sense.hsp.opensense.pluginmanager.RegisterService@221645e5 onStartCommand:act=android.intent.action.PACKAGE_CHANGED dat=package:com.google.android.gms flg=0x4000010, 0ms
02-05 17:42:41.766 12949 17787 I [PluginManager]RegisterService: onHandleIntent, action: android.intent.action.PACKAGE_ADDED, data: package:com.google.android.gms
02-05 17:42:41.766 12949 17787 I [PluginManager]RegisterService: handle notify Blinkfeed plugin client changed
