02-05 17:42:29.166   992  1553 I ActivityManager: Start proc com.gotv.nflgamecenter.us.lite for broadcast com.gotv.nflgamecenter.us.lite/com.nfl.mobile.connectivity.NetworkStateListener: pid=17160 uid=10106 gids={50106, 9997, 3003, 1028, 1015} abi=armeabi-v7a
02-05 17:42:29.166   992  1267 V ActivityManager: stopServiceToken: SR=255001909 startId=1
02-05 17:42:29.176   992  1008 I ActivityManager: Killing 15893:com.google.android.partnersetup/u0a28 (adj 15): empty #17
02-05 17:42:29.186   992  1515 I ActivityManager: Recipient 15893
02-05 17:42:29.206   992  1009 V ActivityManager: unbindService: conn=android.os.BinderProxy@2599670c pid=17053
02-05 17:42:29.206   992  1584 W ActivityManager: registerReceiver com.slacker.radio,rec=null
02-05 17:42:29.206   992  1515 W libprocessgroup: failed to open /acct/uid_10028/pid_15893/cgroup.procs: No such file or directory
02-05 17:42:29.206   992  1515 W WindowManager: Execute app transition: mNextAppTransition=0xffffffff
02-05 17:42:29.216   992  1583 V BroadcastQueue: Deliver to ComponentInfo{com.gotv.nflgamecenter.us.lite/com.nfl.mobile.connectivity.NetworkStateListener}:BR@2c8ede35
02-05 17:42:29.256   992  1584 D ActivityManager: registerReceiver filter=3474779c from com.gotv.nflgamecenter.us.lite,userId=0,pid=17160,uid=10106,rec=30b0a5a5
02-05 17:42:29.276   992  1583 I ActivityManager: 17053 get provider com.google.android.gsf.gservices 1762
02-05 17:42:29.286   992  1089 I PMS     : uAFN (23792807,2,0)
02-05 17:42:29.286   992  1089 D PMS     : udaUAEL
02-05 17:42:29.286   992  1089 D HtcPMSExtension: isAMOLED: false
02-05 17:42:29.286   992  1089 D PMS     : updateUserActivitySummaryLocked: mWakefulness=Awake, mUserActivitySummary=0x1,23792809,4,7000,3600000, nextTimeout=27385807 (in 3592998 ms)
02-05 17:42:29.426   992  1060 D XAN-RA  : mCb:FV (116)
02-05 17:42:29.426   992  1060 D XAN-DPC : sendUPS:Duration=-1->-1
02-05 17:42:29.426   992  1060 D XAN-DPC : msg=1
02-05 17:42:29.426   992  1060 D HtcAngleDetector: PSensorOn: angle detector is disabled.
02-05 17:42:29.426   992  1060 D HABCtrl : getA:(116->116)
02-05 17:42:29.426   992  1060 D HABCtrl : getCB:(true,false,false,false,false,100,116->116)
02-05 17:42:29.426   992  1060 D XAN-DPC : Animating brightness: target=116, rate=-1, buttonValue=-1
02-05 17:42:29.476   992  1129 D XAN-DPC : sendUPS:Duration=-1->-1
02-05 17:42:29.476   992  1060 D XAN-DPC : msg=1
02-05 17:42:29.476   992  1060 D HtcAngleDetector: PSensorOn: angle detector is disabled.
02-05 17:42:29.476   992  1060 D HABCtrl : getA:(116->116)
02-05 17:42:29.476   992  1060 D HABCtrl : getCB:(true,false,false,false,false,100,116->116)
02-05 17:42:29.476   992  1060 D XAN-DPC : Animating brightness: target=116, rate=-1, buttonValue=-1
02-05 17:42:29.536   992  1558 I ActivityManager: 2189 get provider com.google.android.gsf.gservices 1762
02-05 17:42:29.656   992  1102 I ActivityManager: broadcast act=android.net.wifi.RSSI_CHANGED flg=0x4000000 from pid=992, uid=1000,parallel BR:104cfd7a,u-1,size=2,replaced=0,order BR:null,size=0,resultTo=null
02-05 17:42:29.656   992  1019 I BroadcastQueue: Deliver non-order [BG] BR@104cfd7a BF{1ac259a9 u0 RL{1c942930 992 system/1000/u0 286af673}} BF{3f39e0b u0 RL{1d9c19da 1157 com.android.systemui/10042/u0}}
02-05 17:42:29.656  1157  1157 D WIFI_ICON: updateWifiState: RSSI_CHANGED 3 -> 3
02-05 17:42:29.656  1157  1157 D StatusBar.NetworkController: dumpIcon[(gone) stat_sys_5signal_null|null stat_sys_wifi_signal_inandout_4 stat_sys_sim_malfunction F (gone)]
02-05 17:42:29.656   992  1102 I ActivityManager: broadcast act=android.net.wifi.RSSI_CHANGED flg=0x4000000 from pid=992, uid=1000,parallel BR:2f1f7188,u-1,size=2,replaced=0,order BR:null,size=0,resultTo=null
02-05 17:42:29.656   992  1019 I BroadcastQueue: Deliver non-order [BG] BR@2f1f7188 BF{1ac259a9 u0 RL{1c942930 992 system/1000/u0 286af673}} BF{3f39e0b u0 RL{1d9c19da 1157 com.android.systemui/10042/u0}}
02-05 17:42:29.656  1157  1157 D WIFI_ICON: updateWifiState: RSSI_CHANGED 3 -> 3
02-05 17:42:29.656  1157  1157 D StatusBar.NetworkController: dumpIcon[(gone) stat_sys_5signal_null|null stat_sys_wifi_signal_inandout_4 stat_sys_sim_malfunction F (gone)]
02-05 17:42:29.766   992  1514 V ActivityManager: startService: Intent { act=com.urbanairship.push.START cmp=com.gotv.nflgamecenter.us.lite/com.urbanairship.push.PushService } type=null args=null pid=17160
02-05 17:42:29.796   992  1552 D ActivityManager: registerReceiver filter=1e9ee45d from com.gotv.nflgamecenter.us.lite,userId=0,pid=17160,uid=10106,rec=3029c1d2
02-05 17:42:29.796   992  1513 I ActivityManager: broadcast act=com.urbanairship.push.REGISTRATION_FINISHED from pid=17160, uid=10106,parallel BR:null,size=0,order BR:3541b2a3,u0,size=1,replaced=0
02-05 17:42:29.926   992  1267 I ActivityManager: Start proc com.audible.application for broadcast com.audible.application/.stats.receivers.ConnectionChangeReceiver: pid=17214 uid=10206 gids={50206, 9997, 3003, 3002, 1028, 1015} abi=armeabi-v7a
02-05 17:42:29.926   992  1584 I ActivityManager: 17160 get provider settings 992
02-05 17:42:29.956   992  1558 V BroadcastQueue: Deliver to ComponentInfo{com.audible.application/com.audible.application.stats.receivers.ConnectionChangeReceiver}:BR@2c8ede35
02-05 17:42:29.966   992  1008 V ActivityManager: stopService: Intent { act=com.urbanairship.push.STOP cmp=com.gotv.nflgamecenter.us.lite/com.urbanairship.push.PushService } type=null pid=17160
02-05 17:42:29.966   992  1558 I ActivityManager: Killing 16563:com.verizon.vzwavs/u0a86 (adj 15): empty #17
02-05 17:42:29.986   992  1115 I ActivityManager: Recipient 16563
02-05 17:42:30.016   992  1115 W libprocessgroup: failed to open /acct/uid_10086/pid_16563/cgroup.procs: No such file or directory
02-05 17:42:30.016   992  1115 W WindowManager: Execute app transition: mNextAppTransition=0xffffffff
02-05 17:42:30.366   992  1082 V WiredAccessoryManager: Headset UEVENT: {SUBSYSTEM=switch, SEQNUM=20802, ACTION=change, SWITCH_STATE=0, SWITCH_NAME=Beats, DEVPATH=/devices/virtual/switch/Beats}
02-05 17:42:30.366   992  1082 V WiredAccessoryManager: Beats UEVENT: STATE:0
02-05 17:42:30.366   992  1082 V WiredAccessoryManager: Beats UEVENT: bests_status:false
02-05 17:42:30.376   992  1082 I ActivityManager: broadcast act=BEATS_NATIVE_NOTIFICATION flg=0x40000000 from pid=992, uid=1000,parallel BR:3e78e9a0,u-1,size=1,replaced=0,order BR:null,size=0,resultTo=null
02-05 17:42:30.376   992  1019 I BroadcastQueue: Deliver non-order [BG] BR@3e78e9a0 BF{11d43bb2 u0 RL{37a199bd 992 system/1000/u0 16eecd14}}
02-05 17:42:30.426   992  1583 D ActivityManager: registerReceiver filter=3212ffcc from com.audible.application,userId=0,pid=17214,uid=10206,rec=3fcf4215
02-05 17:42:30.446   355   393 E NetlinkEvent: NetlinkEvent::FindParam(): Parameter 'CDROM_TYPE' not found
02-05 17:42:30.446   355   393 W Vold    : Ignoring unknown switch 'Beats'
02-05 17:42:30.446   992  1513 V ActivityManager: bindService: Intent { act=com.google.android.gms.ads.identifier.service.START pkg=com.google.android.gms } type=null conn=android.os.BinderProxy@29fb92a flags=0x1 pid=17214
02-05 17:42:30.476   992  1115 V ActivityManager: bindService: Intent { pkg=com.google.android.gms cmp=com.google.android.gms/.gcm.http.GoogleHttpService } type=null conn=android.os.BinderProxy@22d83df6 flags=0x1 pid=2189
02-05 17:42:30.546   992  1089 I PMS     : uAFN (23794067,2,0)
02-05 17:42:30.546   992  1089 D PMS     : udaUAEL
02-05 17:42:30.546   992  1089 D HtcPMSExtension: isAMOLED: false
02-05 17:42:30.546   992  1089 D PMS     : updateUserActivitySummaryLocked: mWakefulness=Awake, mUserActivitySummary=0x1,23794068,4,7000,3600000, nextTimeout=27387067 (in 3592998 ms)
02-05 17:42:30.586   992  2226 D ActivityManager: registerReceiver filter=15424382 from com.audible.application,userId=0,pid=17214,uid=10206,rec=36548a93
02-05 17:42:30.586   992  2226 D ActivityManager: Enqueue sticky BR{24e9fad0 u-1 android.net.conn.CONNECTIVITY_CHANGE callingPid=-1 callingUid=-1} size=1
02-05 17:42:30.586   992  1019 I BroadcastQueue: Deliver non-order [BG] BR@24e9fad0 BF{15424382 u0 RL{18869ecd 17214 com.audible.application/10206/u0}}
02-05 17:42:30.586   992  1513 I ActivityManager: 2189 get provider com.google.settings 1762
02-05 17:42:30.596   992  1584 D ActivityManager: registerReceiver filter=c333cef from com.audible.application,userId=0,pid=17214,uid=10206,rec=1e3bf3fc
02-05 17:42:30.596   992  1584 D ActivityManager: Enqueue sticky BR{14c5da85 u-1 android.net.wifi.STATE_CHANGE callingPid=-1 callingUid=-1} size=1
02-05 17:42:30.596   992  1584 D ActivityManager: Enqueue sticky BR{28b0c0da u-1 android.net.conn.CONNECTIVITY_CHANGE callingPid=-1 callingUid=-1} size=1
02-05 17:42:30.596   992  1019 I BroadcastQueue: Deliver non-order [BG] BR@14c5da85 BF{c333cef u0 RL{105515ce 17214 com.audible.application/10206/u0}}
02-05 17:42:30.596   992  1019 I BroadcastQueue: Deliver non-order [BG] BR@28b0c0da BF{c333cef u0 RL{105515ce 17214 com.audible.application/10206/u0}}
02-05 17:42:30.596   992  1008 V ActivityManager: bindService: Intent { pkg=com.google.android.gms cmp=com.google.android.gms/.auth.GetToken } type=null conn=android.os.BinderProxy@30a0b90b flags=0x1 pid=2189
02-05 17:42:30.606   992  1267 D ActivityManager: registerReceiver filter=10ecc694 from com.audible.application,userId=0,pid=17214,uid=10206,rec=3c9d53d
02-05 17:42:30.606   992  1557 V ActivityManager: bindService: Intent { act=com.google.android.gms.auth.DATA_PROXY cat=[android.intent.category.DEFAULT] pkg=com.google.android.gms (has extras) } type=null conn=android.os.BinderProxy@6169132 flags=0x1 pid=1762
02-05 17:42:30.616   992  1267 D ActivityManager: registerReceiver filter=10533fdf from com.audible.application,userId=0,pid=17214,uid=10206,rec=1662542c
02-05 17:42:30.616   992  1267 D ActivityManager: Enqueue sticky BR{38b6ef5 u-1 android.net.conn.CONNECTIVITY_CHANGE callingPid=-1 callingUid=-1} size=1
02-05 17:42:30.616   992  1019 I BroadcastQueue: Deliver non-order [BG] BR@38b6ef5 BF{10533fdf u0 RL{13188e7e 17214 com.audible.application/10206/u0}}
02-05 17:42:30.636   992  1557 V ActivityManager: startService: Intent { act=com.audible.application.metric.COUNTER_METRIC cmp=com.audible.application/.metric.MetricLoggerService (has extras) } type=null args=Bundle[mParcelledData.dataSize=852] pid=17214
02-05 17:42:30.636   992  1044 D WallpaperManagerService: onEvent(), event = 8, path = accounts.db-journal, changedFile = /data/system/users/0/accounts.db-journal
02-05 17:42:30.636   992  1583 V BroadcastQueue: Deliver to ComponentInfo{com.amazon.mShop.android/com.amazon.clouddrive.library.device.receivers.ConnectivityReceiverProxy}:BR@2c8ede35
02-05 17:42:30.636   992  1261 V ActivityManager: unbindService: conn=android.os.BinderProxy@29fb92a pid=17214
02-05 17:42:30.646   992  1553 V ActivityManager: startService: Intent { cmp=com.amazon.mShop.android/com.amazon.clouddrive.library.service.UploadServiceProxy (has extras) } type=null args=Bundle[mParcelledData.dataSize=68] pid=6368
02-05 17:42:30.646   992  1515 V BroadcastQueue: Deliver to ComponentInfo{com.telecomsys.directedsms.android.SCG/com.tcs.la.platform.network.android.AndroidConnectivityReceiver}:BR@2c8ede35
02-05 17:42:30.646   992  2226 D PMS     : acquireWL(3bb68718): PARTIAL_WAKE_LOCK  BaseAndroidSystemManagerImpl 0x1 5007 10209 null
02-05 17:42:30.646   992  2226 D PMS     : updatePSL(0x4,true) (repeat:2)
02-05 17:42:30.646   992  2226 D PMS     : updatePSL(0x1,true)
02-05 17:42:30.646   992  2226 D HtcPMSExtension: isAMOLED: false
02-05 17:42:30.646   992  2226 D PMS     : updateUserActivitySummaryLocked: mWakefulness=Awake, mUserActivitySummary=0x1,23794168,1,7000,3600000, nextTimeout=27387067 (in 3592899 ms)
02-05 17:42:30.676   992  1558 I ActivityManager: Start proc com.amazon.mp3:downloadmanager for broadcast com.amazon.mp3/com.amazon.android.internal.downloads.DownloadReceiver: pid=17276 uid=10216 gids={50216, 9997, 3003, 1028, 1015, 3002, 3001} abi=armeabi-v7a
02-05 17:42:30.676   992  1553 V ActivityManager: stopServiceToken: SR=165018363 startId=-1
02-05 17:42:30.676   992  1261 V ActivityManager: stopServiceToken: SR=78320778 startId=1
02-05 17:42:30.676   992  1583 I ActivityManager: Killing 16588:com.htc.cs.dm/u0a122 (adj 15): empty #17
02-05 17:42:30.696   992  2226 I ActivityManager: Recipient 16588
02-05 17:42:30.726   992  2226 W libprocessgroup: failed to open /acct/uid_10122/pid_16588/cgroup.procs: No such file or directory
02-05 17:42:30.726   992  2226 W WindowManager: Execute app transition: mNextAppTransition=0xffffffff
02-05 17:42:30.726   992  1514 V BroadcastQueue: Deliver to ComponentInfo{com.amazon.mp3/com.amazon.android.internal.downloads.DownloadReceiver}:BR@2c8ede35
02-05 17:42:30.736   992  1552 D PMS     : releaseWL(3bb68718): PARTIAL_WAKE_LOCK  BaseAndroidSystemManagerImpl 0x1 null
02-05 17:42:30.736   992  1552 D HtcPMSExtension: isAMOLED: false
02-05 17:42:30.736   992  1552 D PMS     : updateUserActivitySummaryLocked: mWakefulness=Awake, mUserActivitySummary=0x1,23794250,1,7000,3600000, nextTimeout=27387067 (in 3592817 ms)
02-05 17:42:30.746   992  1103 D WifiService: New client listening to asynchronous messages
02-05 17:42:30.756   992  1558 I ActivityManager: 17276 get provider settings 992
02-05 17:42:30.756   992  1584 V ActivityManager: startService: Intent { cmp=com.amazon.mp3/com.amazon.android.internal.downloads.DownloadService } type=null args=null pid=17276
02-05 17:42:30.766   992  1515 D ActivityManager: registerReceiver filter=1518fcc4 from com.amazon.mp3,userId=0,pid=17276,uid=10216,rec=1c3f87ad
02-05 17:42:30.766   992  1552 D ActivityManager: registerReceiver filter=70b2130 from com.amazon.mp3,userId=0,pid=17276,uid=10216,rec=3ef9f1a9
02-05 17:42:30.766   992  2223 D ActivityManager: registerReceiver filter=3ab9205c from com.amazon.mp3,userId=0,pid=17276,uid=10216,rec=bd6ff65
02-05 17:42:30.776   992  1553 V ActivityManager: unbindService: conn=android.os.BinderProxy@22d83df6 pid=2189
02-05 17:42:30.776   992  1584 V ActivityManager: startService: Intent { act=com.amazon.mp3.service.ACTION_CHECK_COMPONENTS (has extras) } type=null args=Bundle[mParcelledData.dataSize=184] pid=17276
02-05 17:42:30.776   992  1267 D PMS     : releaseWL(136e4dde): PARTIAL_WAKE_LOCK  Config Service fetch 0x1 null
02-05 17:42:30.776   992  1267 D HtcPMSExtension: isAMOLED: false
02-05 17:42:30.776   992  1267 D PMS     : updateUserActivitySummaryLocked: mWakefulness=Awake, mUserActivitySummary=0x1,23794295,1,7000,3600000, nextTimeout=27387067 (in 3592772 ms)
02-05 17:42:30.776   992  1515 V ActivityManager: stopServiceToken: SR=62266091 startId=-1
02-05 17:42:30.776   992  1552 V ActivityManager: unbindService: conn=android.os.BinderProxy@4747ee1 pid=2189
02-05 17:42:30.776   992  1583 D ActivityManager: unregisterReceiver from pid=2189,uid=10025,rec=e6c18f4
02-05 17:42:30.776   992  1514 V ActivityManager: unbindService: conn=android.os.BinderProxy@19abd060 pid=2189
02-05 17:42:30.786   992  1009 I PackageManager:  setEnabledSetting(), pkgName=com.amazon.mp3, clsName=com.amazon.mp3.client.activity.LauncherActivity, state=1, flag=1, pid=2898, uid=10216, userID:0
02-05 17:42:30.786   992  1008 I PackageManager:  setEnabledSetting(), pkgName=com.amazon.mp3, clsName=com.amazon.mp3.activity.IntentProxyActivity, state=1, flag=1, pid=2898, uid=10216, userID:0
02-05 17:42:30.786   992  1553 I PackageManager:  setEnabledSetting(), pkgName=com.amazon.mp3, clsName=com.amazon.mp3.amp.widget.PlayerWidgetProvider, state=1, flag=1, pid=2898, uid=10216, userID:0
02-05 17:42:30.786   992  1261 I PackageManager:  setEnabledSetting(), pkgName=com.amazon.mp3, clsName=com.amazon.mp3.download.service.AutoDownloadPurchaseReceiver, state=2, flag=1, pid=2898, uid=10216, userID:0
02-05 17:42:30.786   992  1584 I PackageManager:  setEnabledSetting(), pkgName=com.amazon.mp3, clsName=com.amazon.mp3.util.MediaMountListener, state=2, flag=1, pid=2898, uid=10216, userID:0
02-05 17:42:30.786   992  1552 D ActivityManager: registerReceiver filter=2abd2ce1 from com.amazon.mp3,userId=0,pid=17276,uid=10216,rec=2d3eda06
02-05 17:42:30.786   992  2223 V ActivityManager: stopServiceToken: SR=964277306 startId=1
02-05 17:42:30.786   992  1044 D WallpaperManagerService: onEvent(), event = 8, path = accounts.db-journal, changedFile = /data/system/users/0/accounts.db-journal
02-05 17:42:30.796   992  1513 I ActivityManager: 17276 get provider com.amazon.dcp.settings
02-05 17:42:30.806   992  1044 D WallpaperManagerService: onEvent(), event = 8, path = accounts.db-journal, changedFile = /data/system/users/0/accounts.db-journal
02-05 17:42:30.816   992  1044 D WallpaperManagerService: onEvent(), event = 8, path = accounts.db-journal, changedFile = /data/system/users/0/accounts.db-journal
02-05 17:42:30.826   992  1513 I ActivityManager: Start proc com.amazon.fv:Settings for content provider com.amazon.fv/com.amazon.dcp.settings.SettingsProvider: pid=17302 uid=10088 gids={50088, 9997, 3003, 1028, 1015} abi=armeabi-v7a
02-05 17:42:30.826   992  1552 V ActivityManager: unbindService: conn=android.os.BinderProxy@6169132 pid=1762
02-05 17:42:30.826   992  1008 V ActivityManager: unbindService: conn=android.os.BinderProxy@30a0b90b pid=2189
02-05 17:42:30.836   992  1515 D ActivityManager: registerReceiver filter=35de9092 from com.amazon.mp3,userId=0,pid=17276,uid=10216,rec=22bc3a63
02-05 17:42:30.856   992  1008 I ActivityManager: 2189 get provider com.google.android.gsf.gservices 1762
02-05 17:42:30.936   992  1584 V ActivityManager: unbindService: conn=android.os.BinderProxy@f57a021 pid=2247
02-05 17:42:30.946   992  1553 I PackageManager:  setEnabledSetting(), pkgName=com.amazon.mp3, clsName=com.amazon.identity.auth.device.storage.DirtyDataSyncingService, state=2, flag=1, pid=17276, uid=10216, userID:0
02-05 17:42:30.946   992  1115 I PackageManager:  setEnabledSetting(), pkgName=com.amazon.mp3, clsName=com.amazon.identity.auth.device.storage.DatabaseCleaner$DatabaseCleaningService, state=2, flag=1, pid=17276, uid=10216, userID:0
02-05 17:42:30.956   992  1557 D ActivityManager: registerReceiver filter=335123de from com.amazon.fv,userId=0,pid=17302,uid=10088,rec=2e2e19bf
02-05 17:42:30.996   992  1557 V ActivityManager: startService: Intent { act=com.amazon.dcp.settings.action.ACTION_UPDATE_CLOUD_SETTINGS } type=null args=null pid=17302
02-05 17:42:31.026   992  1553 V ActivityManager: startService: Intent { act=com.amazon.dcp.metrics.action.START_LOG_CAPTURE (has extras) } type=null args=Bundle[mParcelledData.dataSize=260] pid=17302
02-05 17:42:31.056   992  1557 V ActivityManager: startService: Intent { act=com.amazon.dcp.metrics.action.INCREMENT_COUNTER cmp=com.amazon.fv/com.amazon.dcp.metrics.MetricsService (has extras) } type=null args=Bundle[mParcelledData.dataSize=612] pid=4397
02-05 17:42:31.056   992  2223 V ActivityManager: startService: Intent { act=com.amazon.dcp.metrics.action.INCREMENT_COUNTER cmp=com.amazon.fv/com.amazon.dcp.metrics.MetricsService (has extras) } type=null args=Bundle[mParcelledData.dataSize=612] pid=4397
02-05 17:42:31.056   992  1089 I PMS     : uAFN (23794577,2,0)
02-05 17:42:31.056   992  1089 D PMS     : udaUAEL
02-05 17:42:31.056   992  1089 D PMS     : updatePSL(0x1,true) (repeat:2)
02-05 17:42:31.056   992  1089 D PMS     : updatePSL(0x4,true)
02-05 17:42:31.056   992  1089 D HtcPMSExtension: isAMOLED: false
02-05 17:42:31.056   992  1089 D PMS     : updateUserActivitySummaryLocked: mWakefulness=Awake, mUserActivitySummary=0x1,23794578,4,7000,3600000, nextTimeout=27387577 (in 3592999 ms)
02-05 17:42:31.056   992  1009 V ActivityManager: startService: Intent { act=com.amazon.dcp.metrics.action.INCREMENT_COUNTER cmp=com.amazon.fv/com.amazon.dcp.metrics.MetricsService (has extras) } type=null args=Bundle[mParcelledData.dataSize=668] pid=4397
02-05 17:42:31.066   992  1553 I ActivityManager: 4397 get provider com.amazon.dcp.settings 17302
02-05 17:42:31.066   992  1584 V ActivityManager: startService: Intent { act=com.urbanairship.push.START_SERVICE cmp=com.amazon.mp3/com.urbanairship.push.PushService } type=null args=null pid=17276
02-05 17:42:31.076   992  1008 V ActivityManager: stopServiceToken: SR=153062357 startId=1
02-05 17:42:31.076   992  2226 I ActivityManager: 17276 get provider com.amazon.mp3.urbanairship.provider 2898
02-05 17:42:31.076 17276 17276 D ActivityThread: Loading provider com.amazon.mp3.urbanairship.provider: com.urbanairship.UrbanAirshipProvider
02-05 17:42:31.086   992  1553 I ActivityManager: broadcast act=com.amazon.dcp.settings.action.ACTION_SETTINGS_UPDATED dat=content://com.amazon.dcp.settings/values/com.amazon.dcp flg=0x40000000 from pid=17302, uid=10088,parallel BR:null,size=0,order BR:null,size=0,resultTo=null
02-05 17:42:31.086   992  1115 I ActivityManager: broadcast act=com.amazon.dcp.settings.action.ACTION_SETTINGS_UPDATED dat=content://com.amazon.dcp.settings/values/com.amazon.kindle.otter.oobe flg=0x40000000 from pid=17302, uid=10088,parallel BR:null,size=0,order BR:null,size=0,resultTo=null
02-05 17:42:31.086   992  1261 I ActivityManager: broadcast act=com.amazon.dcp.settings.action.ACTION_SETTINGS_UPDATED dat=content://com.amazon.dcp.settings/values/com.imdb.mobile flg=0x40000000 from pid=17302, uid=10088,parallel BR:null,size=0,order BR:null,size=0,resultTo=null
02-05 17:42:31.086   992  2223 V ActivityManager: startService: Intent { act=com.amazon.dcp.metrics.action.RECORD_TIMING cmp=com.amazon.fv/com.amazon.dcp.metrics.MetricsService (has extras) } type=null args=Bundle[mParcelledData.dataSize=504] pid=4397
02-05 17:42:31.086   992  1060 D AutomaticBrightnessController: d-B-L=true
02-05 17:42:31.086   992  1060 D HABCtrl : getButton:(225,-1)
02-05 17:42:31.086   992  1060 D XAN-DPS : setBB(2,-1)
02-05 17:42:31.086   992  1009 V ActivityManager: startService: Intent { act=com.amazon.dcp.metrics.action.RECORD_TIMING cmp=com.amazon.fv/com.amazon.dcp.metrics.MetricsService (has extras) } type=null args=Bundle[mParcelledData.dataSize=536] pid=4397
02-05 17:42:31.086   992  1115 V ActivityManager: startService: Intent { act=com.amazon.dcp.metrics.action.INCREMENT_COUNTER cmp=com.amazon.fv/com.amazon.dcp.metrics.MetricsService (has extras) } type=null args=Bundle[mParcelledData.dataSize=376] pid=4397
02-05 17:42:31.086   992  1557 V ActivityManager: stopServiceToken: SR=506681484 startId=1
02-05 17:42:31.096   992  1583 D ActivityManager: registerReceiver filter=c037178 from com.amazon.mp3,userId=0,pid=17276,uid=10216,rec=24da1051
02-05 17:42:31.096   992  1261 V ActivityManager: unbindService: conn=android.os.BinderProxy@2fd89020 pid=2189
02-05 17:42:31.106   992  1552 D ActivityManager: registerReceiver filter=10ba2d24 from com.amazon.mp3,userId=0,pid=17276,uid=10216,rec=26de608d
02-05 17:42:31.116   992  1267 I PackageManager:  setEnabledSetting(), pkgName=com.google.android.gms, clsName=com.google.android.gms.checkin.CheckinService$ActiveReceiver, state=2, flag=1, pid=2189, uid=10025, userID:0
02-05 17:42:31.116   992  1044 D WallpaperManagerService: onEvent(), event = 128, path = package-restrictions-backup.xml, changedFile = /data/system/users/0/package-restrictions-backup.xml
02-05 17:42:31.126   992  1044 D WallpaperManagerService: onEvent(), event = 8, path = package-restrictions.xml, changedFile = /data/system/users/0/package-restrictions.xml
02-05 17:42:31.126   992  1044 D WallpaperManagerService: onEvent(), event = 512, path = package-restrictions-backup.xml, changedFile = /data/system/users/0/package-restrictions-backup.xml
02-05 17:42:31.126   992  1558 V AlarmManager: set(PendingIntent{8284242: PendingIntentRecord{3e608253 com.google.android.gms broadcastIntent}}) : type=0 triggerAtTime=1423749947105 win=-1 tElapsed=597890539 maxElapsed=1028237539 interval=573796000 standalone=false
02-05 17:42:31.126   992  1558 V AlarmManager: Adding Alarm{15fef790 type 0 when 1423749947105 com.google.android.gms} to Batch{165d7889 num=4 start=604844128 end=605700533}
02-05 17:42:31.126   992  1558 V AlarmManager:     => now Batch{165d7889 num=5 start=604844128 end=605700533}
02-05 17:42:31.126   992  1261 I ActivityManager: broadcast act=com.google.android.checkin.CHECKIN_COMPLETE from pid=2189, uid=10025,parallel BR:null,size=0,order BR:37c408e,u0,size=4,replaced=0
02-05 17:42:31.126   992  1514 V ActivityManager: stopServiceToken: SR=660698503 startId=-1
02-05 17:42:31.126   992  2223 D PMS     : releaseWL(23b85cb4): PARTIAL_WAKE_LOCK  Checkin Service 0x1 null
02-05 17:42:31.126   992  2223 D PMS     : updatePSL(0x1,true)
02-05 17:42:31.126   992  2223 D HtcPMSExtension: isAMOLED: false
02-05 17:42:31.126   992  2223 D PMS     : updateUserActivitySummaryLocked: mWakefulness=Awake, mUserActivitySummary=0x1,23794645,1,7000,3600000, nextTimeout=27387577 (in 3592932 ms)
02-05 17:42:31.136   992  1583 W ActivityManager: registerReceiver com.amazon.mp3,rec=null
02-05 17:42:31.136   992  1008 V ActivityManager: startService: Intent { cmp=com.amazon.mp3/com.amazon.android.internal.downloads.DownloadService (has extras) } type=null args=Bundle[mParcelledData.dataSize=24] pid=17276
02-05 17:42:31.136   992  1553 V BroadcastQueue: Deliver to ComponentInfo{com.google.android.gms/com.google.android.gms.checkin.CheckinService$ActiveReceiver}:BR@2c8ede35
02-05 17:42:31.136   992  1009 D PMS     : acquireWL(1366f0af): PARTIAL_WAKE_LOCK  Checkin Handoff 0x1 2189 10025 null
02-05 17:42:31.136   992  1009 D HtcPMSExtension: isAMOLED: false
02-05 17:42:31.136   992  1009 D PMS     : updateUserActivitySummaryLocked: mWakefulness=Awake, mUserActivitySummary=0x1,23794655,1,7000,3600000, nextTimeout=27387577 (in 3592922 ms)
02-05 17:42:31.136   992  1557 V ActivityManager: startService: Intent { cmp=com.google.android.gms/.checkin.CheckinService (has extras) } type=null args=Bundle[mParcelledData.dataSize=392] pid=2189
02-05 17:42:31.136   992  1267 V BroadcastQueue: Deliver to ComponentInfo{com.google.android.gms/com.google.android.gms.gcm.GmsAutoStarter}:BR@2c8ede35
02-05 17:42:31.136   992  1558 D PMS     : acquireWL(229c1445): PARTIAL_WAKE_LOCK  Checkin Service 0x1 2189 10025 null
02-05 17:42:31.136   992  1558 D HtcPMSExtension: isAMOLED: false
02-05 17:42:31.136   992  1558 D PMS     : updateUserActivitySummaryLocked: mWakefulness=Awake, mUserActivitySummary=0x1,23794659,1,7000,3600000, nextTimeout=27387577 (in 3592918 ms)
02-05 17:42:31.136   992  1584 D PMS     : releaseWL(1366f0af): PARTIAL_WAKE_LOCK  Checkin Handoff 0x1 null
02-05 17:42:31.146   992  1584 D HtcPMSExtension: isAMOLED: false
02-05 17:42:31.146   992  1261 D ActivityManager: registerReceiver filter=23f228a8 from com.amazon.mp3,userId=0,pid=17276,uid=10216,rec=306eafc1
02-05 17:42:31.146   992  1584 D PMS     : updateUserActivitySummaryLocked: mWakefulness=Awake, mUserActivitySummary=0x1,23794660,1,7000,3600000, nextTimeout=27387577 (in 3592917 ms)
02-05 17:42:31.146   992  1514 D ActivityManager: registerReceiver filter=3f952754 from com.amazon.mp3,userId=0,pid=17276,uid=10216,rec=37586fd
02-05 17:42:31.146   992  1513 I ActivityManager: Killing 16609:com.htc.providers.settings:remote/u0a12 (adj 15): empty #17
02-05 17:42:31.156   992  1584 I ActivityManager: Recipient 16609
02-05 17:42:31.216   992  1558 V ActivityManager: stopServiceToken: SR=510723441 startId=-1
02-05 17:42:31.216   992  1584 W libprocessgroup: failed to open /acct/uid_10012/pid_16609/cgroup.procs: No such file or directory
02-05 17:42:31.216   992  1584 W WindowManager: Execute app transition: mNextAppTransition=0xffffffff
02-05 17:42:31.216   992  1557 V BroadcastQueue: Deliver to ComponentInfo{com.google.android.gms/com.google.android.gms.gcm.ServiceAutoStarter}:BR@2c8ede35
02-05 17:42:31.216   992  1514 D ActivityManager: unregisterReceiver from pid=17276,uid=10216,rec=3cffd79a
02-05 17:42:31.216   992  1515 V ActivityManager: stopServiceToken: SR=510723441 startId=-1
02-05 17:42:31.216   992  1515 I PackageManager:  setEnabledSetting(), pkgName=com.google.android.gms, clsName=com.google.android.gms.checkin.CheckinService$ActiveReceiver, state=2, flag=1, pid=2189, uid=10025, userID:0
02-05 17:42:31.216   992  1267 V AlarmManager: set(PendingIntent{2cd9bff2: PendingIntentRecord{3e608253 com.google.android.gms broadcastIntent}}) : type=0 triggerAtTime=1423749947105 win=-1 tElapsed=597890539 maxElapsed=1028237539 interval=573796000 standalone=false
02-05 17:42:31.216   992  1557 V ActivityManager: startService: Intent { act=android.net.conn.CONNECTIVITY_CHANGE flg=0x4000010 cmp=com.google.android.gms/.gcm.GcmService (has extras) } type=null args=Bundle[mParcelledData.dataSize=396] pid=1762
02-05 17:42:31.216   992  1513 D ActivityManager: unregisterReceiver from pid=17276,uid=10216,rec=8f3d366
02-05 17:42:31.216   992  1267 V AlarmManager: remove(PendingIntent{2cd9bff2: PendingIntentRecord{3e608253 com.google.android.gms broadcastIntent}}) changed bounds; rebatching
02-05 17:42:31.216   992  1513 V BroadcastQueue: Deliver to ComponentInfo{com.google.android.gms/com.google.android.gms.security.snet.SnetReceiver}:BR@2c8ede35
02-05 17:42:31.216   992  1267 V AlarmManager: Adding Alarm{185ea643 type 0 when 1423749947105 com.google.android.gms} to Batch{11c764c0 num=4 start=604844128 end=605700533}
02-05 17:42:31.216   992  1267 V AlarmManager:     => now Batch{11c764c0 num=5 start=604844128 end=605700533}
02-05 17:42:31.216   992  1583 D PMS     : acquireWL(3f1895f9): PARTIAL_WAKE_LOCK  GCM_CONN_ALARM 0x1 1762 10025 null
02-05 17:42:31.216   992  1583 D HtcPMSExtension: isAMOLED: false
02-05 17:42:31.216   992  1583 D PMS     : updateUserActivitySummaryLocked: mWakefulness=Awake, mUserActivitySummary=0x1,23794737,1,7000,3600000, nextTimeout=27387577 (in 3592839 ms)
02-05 17:42:31.216   992  1513 I ActivityManager: Killing 15393:com.android.vending/u0a72 (adj 15): empty #17
02-05 17:42:31.216   992  1515 D ConnectivityService: reportBadNetwork(NetworkAgentInfo [WIFI () - 192]) by 10025
02-05 17:42:31.216   992  1553 D PMS     : releaseWL(3f1895f9): PARTIAL_WAKE_LOCK  GCM_CONN_ALARM 0x1 null
02-05 17:42:31.216   992  1105 D ConnectivityService: Validated NetworkAgentInfo [WIFI () - 192]
02-05 17:42:31.216   992  1105 D ConnectivityService: rematching NetworkAgentInfo [WIFI () - 192]
02-05 17:42:31.226   992  1553 D HtcPMSExtension: isAMOLED: false
02-05 17:42:31.226   992  1553 D PMS     : updateUserActivitySummaryLocked: mWakefulness=Awake, mUserActivitySummary=0x1,23794740,1,7000,3600000, nextTimeout=27387577 (in 3592837 ms)
02-05 17:42:31.226   992  1105 D ConnectivityService:  network has: [ Transports: WIFI Capabilities: INTERNET&NOT_RESTRICTED&TRUSTED&NOT_VPN LinkUpBandwidth>=1048576Kbps LinkDnBandwidth>=1048576Kbps]
02-05 17:42:31.226   992  1105 D ConnectivityService:   checking if request is satisfied: NetworkRequest [ id=2, legacyType=-1, [] ]
02-05 17:42:31.226   992  1105 D ConnectivityService: Network NetworkAgentInfo [WIFI () - 192] was already satisfying request 1. No change.
02-05 17:42:31.226   992  1105 D BatSI   : IF is(1)
02-05 17:42:31.226   992  1105 D ConnectivityService: notifyType AVAILABLE for NetworkAgentInfo [WIFI () - 192]
02-05 17:42:31.226   992  1105 D ConnectivityService:  sending notification for NetworkRequest [ id=1, legacyType=-1, [ Capabilities: INTERNET&NOT_RESTRICTED&TRUSTED&NOT_VPN] ]
02-05 17:42:31.226   992  1105 D ConnectivityService:  sending notification for NetworkRequest [ id=2, legacyType=-1, [] ]
02-05 17:42:31.226   992  1105 D ConnectivityService: sending notification AVAILABLE for NetworkRequest [ id=2, legacyType=-1, [] ]
02-05 17:42:31.236   992  1008 I ActivityManager: Recipient 15393
02-05 17:42:31.266   992  1513 V BroadcastQueue: Deliver to ComponentInfo{com.google.android.gms/com.google.android.libraries.social.autobackup.AutoBackupEnvironment$ConnectivityReceiver}:BR@2c8ede35
02-05 17:42:31.266   992  1008 W libprocessgroup: failed to open /acct/uid_10072/pid_15393/cgroup.procs: No such file or directory
02-05 17:42:31.266   992  1008 W WindowManager: Execute app transition: mNextAppTransition=0xffffffff
02-05 17:42:31.266   992  1558 I ActivityManager: broadcast act=com.google.android.checkin.CHECKIN_COMPLETE from pid=2189, uid=10025,parallel BR:null,size=0,order BR:12bfe93e,u0,size=4,replaced=0
02-05 17:42:31.266   992  1115 I ActivityManager: broadcast act=com.google.android.gcm.DISCONNECTED from pid=1762, uid=10025,parallel BR:null,size=0,order BR:null,size=0,resultTo=null
02-05 17:42:31.266   992  1261 V ActivityManager: stopServiceToken: SR=914619580 startId=-1
02-05 17:42:31.266   992  1584 V BroadcastQueue: Deliver to ComponentInfo{com.google.android.gms/com.google.android.gms.common.status.StatusServiceLauncherBroadcastReceiver}:BR@2c8ede35
02-05 17:42:31.276   992  1583 D PMS     : releaseWL(229c1445): PARTIAL_WAKE_LOCK  Checkin Service 0x1 null
02-05 17:42:31.276   992  1583 D HtcPMSExtension: isAMOLED: false
02-05 17:42:31.276   992  1583 D PMS     : updateUserActivitySummaryLocked: mWakefulness=Awake, mUserActivitySummary=0x1,23794790,1,7000,3600000, nextTimeout=27387577 (in 3592786 ms)
02-05 17:42:31.276   992  1009 V BroadcastQueue: Deliver to ComponentInfo{com.google.android.gms/com.google.android.gms.wearable.service.AutoStarterReceiver}:BR@2c8ede35
02-05 17:42:31.306   992  1514 I ActivityManager: Start proc com.android.chrome for broadcast com.android.chrome/com.google.android.apps.chrome.precache.PrecacheServiceLauncher: pid=17360 uid=10117 gids={50117, 9997, 3003, 1028, 1015} abi=armeabi-v7a
02-05 17:42:31.336   992  1558 V BroadcastQueue: Deliver to ComponentInfo{com.android.chrome/com.google.android.apps.chrome.precache.PrecacheServiceLauncher}:BR@2c8ede35
02-05 17:42:31.426   992  1515 I ActivityManager: Start proc com.google.android.apps.magazines for broadcast com.google.android.apps.magazines/com.google.apps.dots.android.newsstand.appwidget.NewsWidgetProvider: pid=17379 uid=10191 gids={50191, 9997, 3003, 1028, 1015} abi=armeabi-v7a
02-05 17:42:31.426   992  1515 I ActivityManager: Killing 16640:com.google.android.apps.docs/u0a124 (adj 15): empty #17
02-05 17:42:31.456   992  1115 I ActivityManager: Recipient 16640
02-05 17:42:31.496  1554  1568 D PowerManager: CpuCtrl finalize
02-05 17:42:31.496  1554  1568 D PowerManager: CpuCtrl finalize
02-05 17:42:31.496  1554  1568 D PowerManager: CpuCtrl finalize
02-05 17:42:31.496  1554  1568 D PowerManager: CpuCtrl finalize
02-05 17:42:31.496  1554  1568 D PowerManager: CpuCtrl finalize
02-05 17:42:31.496  1554  1568 D PowerManager: CpuCtrl finalize
02-05 17:42:31.496  1554  1568 D PowerManager: CpuCtrl finalize
02-05 17:42:31.496  1554  1568 D PowerManager: CpuCtrl finalize
02-05 17:42:31.506   992  1514 V BroadcastQueue: Deliver to ComponentInfo{com.google.android.apps.magazines/com.google.apps.dots.android.newsstand.appwidget.NewsWidgetProvider}:BR@2c8ede35
02-05 17:42:31.506   992  1115 W libprocessgroup: failed to open /acct/uid_10124/pid_16640/cgroup.procs: No such file or directory
02-05 17:42:31.506   992  1115 W WindowManager: Execute app transition: mNextAppTransition=0xffffffff
02-05 17:42:31.566   992  1089 I PMS     : uAFN (23795088,2,0)
02-05 17:42:31.566   992  1089 D PMS     : udaUAEL
02-05 17:42:31.566   992  1089 D PMS     : updatePSL(0x1,true) (repeat:6)
02-05 17:42:31.566   992  1089 D PMS     : updatePSL(0x4,true)
02-05 17:42:31.566   992  1089 D HtcPMSExtension: isAMOLED: false
02-05 17:42:31.566   992  1089 D PMS     : updateUserActivitySummaryLocked: mWakefulness=Awake, mUserActivitySummary=0x1,23795088,4,7000,3600000, nextTimeout=27388088 (in 3593000 ms)
02-05 17:42:31.666   992  1009 V ActivityManager: bindService: Intent { act=com.google.android.gms.ads.identifier.service.START pkg=com.google.android.gms } type=null conn=android.os.BinderProxy@c1e0cec flags=0x1 pid=17214
02-05 17:42:31.676   992  1008 V ActivityManager: unbindService: conn=android.os.BinderProxy@c1e0cec pid=17214
02-05 17:42:31.716   992  1515 D ActivityManager: registerReceiver filter=28e20b31 from com.google.android.apps.magazines,userId=0,pid=17379,uid=10191,rec=208de216
02-05 17:42:31.726   355   404 E Vold    : Failed to find mounted volume for /storage/ext_sd/Android/data/com.google.android.apps.magazines/cache/
02-05 17:42:31.736   355   404 E Vold    : Failed to find mounted volume for /storage/ext_sd/Android/data/com.google.android.apps.magazines/files/
02-05 17:42:31.736   992  1552 D ActivityManager: registerReceiver filter=21b296d from com.google.android.apps.magazines,userId=0,pid=17379,uid=10191,rec=237e09a2
02-05 17:42:31.756   355   404 E Vold    : Failed to find mounted volume for /storage/ext_sd/Android/data/com.google.android.apps.magazines/cache/
02-05 17:42:31.766   992  1261 D ActivityManager: registerReceiver filter=24def69 from com.google.android.apps.magazines,userId=0,pid=17379,uid=10191,rec=e571dee
02-05 17:42:31.766   992  1261 D ActivityManager: Enqueue sticky BR{3a4a728f u-1 android.net.conn.CONNECTIVITY_CHANGE callingPid=-1 callingUid=-1} size=1
02-05 17:42:31.766   992  1019 I BroadcastQueue: Deliver non-order [BG] BR@3a4a728f BF{24def69 u0 RL{10dd7df0 17379 com.google.android.apps.magazines/10191/u0}}
02-05 17:42:31.766   355   404 E Vold    : Failed to find mounted volume for /storage/ext_sd/Android/data/com.google.android.apps.magazines/files/
02-05 17:42:31.776   992  1115 I ActivityManager: 17379 get provider com.google.android.gsf.gservices 1762
02-05 17:42:31.796   992  2226 D ActivityManager: registerReceiver filter=399b2afa from com.google.android.apps.magazines,userId=0,pid=17379,uid=10191,rec=585a8ab
02-05 17:42:31.806   992  1514 V ActivityManager: bindService: Intent { act=com.google.android.gms.ads.identifier.service.START pkg=com.google.android.gms } type=null conn=android.os.BinderProxy@328f1b08 flags=0x1 pid=17379
02-05 17:42:31.896   992  1584 D ActivityManager: registerReceiver filter=24601f52 from com.google.android.apps.magazines,userId=0,pid=17379,uid=10191,rec=11e48223
02-05 17:42:31.916   992  1008 I ActivityManager: broadcast act=com.google.android.music.START_DOWNLOAD_SCHEDULING from pid=16879, uid=10189,parallel BR:null,size=0,order BR:8044320,u0,size=2,replaced=0
02-05 17:42:31.936   992  1557 D ActivityManager: registerReceiver filter=39f31d7f from com.google.android.apps.magazines,userId=0,pid=17379,uid=10191,rec=eba714c
02-05 17:42:31.936   992  1513 D ActivityManager: registerReceiver filter=e26129b from com.google.android.apps.magazines,userId=0,pid=17379,uid=10191,rec=1ec35638
02-05 17:42:31.956   992  1514 V BroadcastQueue: Deliver to ComponentInfo{com.google.android.apps.plus/com.google.android.apps.plus.service.ConnectivityReceiver}:BR@2c8ede35
02-05 17:42:31.956   992  1115 V BroadcastQueue: Deliver to ComponentInfo{com.google.android.apps.plus/com.google.android.libraries.social.autobackup.AutoBackupEnvironment$ConnectivityReceiver}:BR@2c8ede35
02-05 17:42:31.966   992  2226 V ActivityManager: unbindService: conn=android.os.BinderProxy@328f1b08 pid=17379
02-05 17:42:31.966   992  1557 D ActivityManager: registerReceiver filter=33c93d77 from com.google.android.apps.plus,userId=0,pid=15136,uid=10200,rec=1e739de4
02-05 17:42:31.966   992  1513 I ActivityManager: Killing 15372:com.android.settings/1000 (adj 15): empty #17
02-05 17:42:31.986   992  2226 I ActivityManager: Recipient 15372
02-05 17:42:31.986   992  1103 D WifiService: Client connection lost with reason: 4
02-05 17:42:32.006   992  1513 V BroadcastQueue: Deliver to ComponentInfo{com.google.android.gms/com.google.android.gms.gcm.nts.SchedulerReceiver}:BR@2c029e07
02-05 17:42:32.006   992  2226 W libprocessgroup: failed to open /acct/uid_1000/pid_15372/cgroup.procs: No such file or directory
02-05 17:42:32.006   992  2226 W WindowManager: Execute app transition: mNextAppTransition=0xffffffff
02-05 17:42:32.046   992  1009 I ActivityManager: Start proc com.cequint.ecid:com.ims.process for broadcast com.cequint.ecid/com.cequint.hs.client.modules.ims.IMSBroadcastReceiver: pid=17455 uid=10074 gids={50074, 9997, 3003, 1028, 1015} abi=armeabi-v7a
02-05 17:42:32.066   992  1552 V BroadcastQueue: Deliver to ComponentInfo{com.cequint.ecid/com.cequint.hs.client.modules.ims.IMSBroadcastReceiver}:BR@1a2916f7
02-05 17:42:32.066   992  1060 D AutomaticBrightnessController: ADC value = (225.0)
02-05 17:42:32.066   992  1060 D HABCtrl : change ls (225,4)
02-05 17:42:32.066   992  1060 D AutomaticBrightnessController: d-B-L=true
02-05 17:42:32.066   992  1060 D HABCtrl : getButton:(225,-1)
02-05 17:42:32.066   992  1060 D XAN-DPS : setBB(2,-1)
02-05 17:42:32.076   992  1089 I PMS     : uAFN (23795589,2,0)
02-05 17:42:32.076   992  1089 D PMS     : udaUAEL
02-05 17:42:32.076   992  1089 D HtcPMSExtension: isAMOLED: false
02-05 17:42:32.076   992  1089 D PMS     : updateUserActivitySummaryLocked: mWakefulness=Awake, mUserActivitySummary=0x1,23795593,4,7000,3600000, nextTimeout=27388589 (in 3592996 ms)
02-05 17:42:32.096   992  2226 V ActivityManager: startService: Intent { act=com.cequint.ecid.ims.APP_CREATE flg=0x10 cmp=com.cequint.ecid/com.cequint.hs.client.modules.ims.IMSIntentService (has extras) } type=null args=Bundle[mParcelledData.dataSize=88] pid=17455
02-05 17:42:32.096   992  1515 D PMS     : acquireWL(108b0102): PARTIAL_WAKE_LOCK  wake:com.cequint.ecid/com.cequint.hs.client.modules.ims.IMSIntentService 0x1 17455 10074 null
02-05 17:42:32.096   992  1515 D PMS     : updatePSL(0x4,true) (repeat:1)
02-05 17:42:32.096   992  1515 D PMS     : updatePSL(0x1,true)
02-05 17:42:32.096   992  1515 D HtcPMSExtension: isAMOLED: false
02-05 17:42:32.096   992  1515 D PMS     : updateUserActivitySummaryLocked: mWakefulness=Awake, mUserActivitySummary=0x1,23795614,1,7000,3600000, nextTimeout=27388589 (in 3592975 ms)
02-05 17:42:32.096   992  1557 V BroadcastQueue: Deliver to ComponentInfo{com.google.android.gms/com.google.android.gms.gcm.ServiceAutoStarter}:BR@1b06d29d
02-05 17:42:32.096   992  2223 I ActivityManager: broadcast act=com.cequint.ecid.ims.APP_CREATE from pid=17455, uid=10074,parallel BR:null,size=0,order BR:2f0a3a13,u0,size=1,replaced=0
02-05 17:42:32.096   992  1552 D PMS     : releaseWL(108b0102): PARTIAL_WAKE_LOCK  wake:com.cequint.ecid/com.cequint.hs.client.modules.ims.IMSIntentService 0x1 null
02-05 17:42:32.096   992  1009 V ActivityManager: startService: Intent { act=com.google.android.gms.INITIALIZE flg=0x10 pkg=com.google.android.gms cmp=com.google.android.gms/.gcm.GcmService } type=null args=null pid=1762
02-05 17:42:32.096   992  1552 D HtcPMSExtension: isAMOLED: false
02-05 17:42:32.096   992  1552 D PMS     : updateUserActivitySummaryLocked: mWakefulness=Awake, mUserActivitySummary=0x1,23795619,1,7000,3600000, nextTimeout=27388589 (in 3592970 ms)
02-05 17:42:32.106   992  1514 V BroadcastQueue: Deliver to ComponentInfo{com.google.android.gms/com.google.android.gms.subscribedfeeds.ConfigurationReceiver}:BR@1b06d29d
02-05 17:42:32.106   992  1553 V ActivityManager: stopServiceToken: SR=867033677 startId=1
02-05 17:42:32.106   992  1115 V BroadcastQueue: Deliver to ComponentInfo{com.google.android.gms/com.google.android.gms.init.InitializeGmsReceiver}:BR@1b06d29d
02-05 17:42:32.106   992  1115 I ActivityManager: Killing 16837:com.cequint.ecid/u0a74 (adj 15): empty #17
02-05 17:42:32.116   992  1267 I ActivityManager: Recipient 16837
02-05 17:42:32.126   992  1558 V ActivityManager: startService: Intent { act=com.google.android.gms.INITIALIZE pkg=com.google.android.gms } type=null args=null pid=2189
02-05 17:42:32.126   992  1267 W libprocessgroup: failed to open /acct/uid_10074/pid_16837/cgroup.procs: No such file or directory
02-05 17:42:32.126   992  1267 W WindowManager: Execute app transition: mNextAppTransition=0xffffffff
02-05 17:42:32.126   992  1583 V BroadcastQueue: Deliver to ComponentInfo{com.google.android.gms/com.google.android.gms.photos.InitializePhotosIntentReceiver}:BR@1b06d29d
02-05 17:42:32.136   992  2226 V BroadcastQueue: Deliver to ComponentInfo{com.google.android.gms/com.google.android.gms.auth.be.proximity.authorization.bt.AuthorizationBluetoothService$AutoStarter}:BR@1b06d29d
02-05 17:42:32.136   992  1557 V ActivityManager: startService: Intent { cmp=com.google.android.gms/.deviceconnection.service.DeviceConnectionServiceBroker } type=null args=null pid=2189
02-05 17:42:32.136   992  1009 V ActivityManager: stopServiceToken: SR=582923344 startId=1
02-05 17:42:32.146   992  1514 V BroadcastQueue: Deliver to ComponentInfo{com.google.android.gms/com.google.android.gms.auth.devicesignals.LockScreenListener}:BR@1b06d29d
02-05 17:42:32.146   992  1008 V BroadcastQueue: Deliver to ComponentInfo{com.google.android.gms/com.google.android.gms.wearable.service.AutoStarterReceiver}:BR@1b06d29d
02-05 17:42:32.146   992  1513 V BroadcastQueue: Deliver to ComponentInfo{com.google.android.gms/com.google.android.gms.fitness.service.FitnessInitReceiver}:BR@1b06d29d
02-05 17:42:32.156   992  1115 V BroadcastQueue: Deliver to ComponentInfo{com.gotv.nflgamecenter.us.lite/com.nfl.mobile.nfl.UABroadcastReceiver}:BR@3541b2a3
02-05 17:42:32.156   992  1558 V BroadcastQueue: Deliver to ComponentInfo{com.google.android.gsf/com.google.android.gsf.settings.GoogleLocationSettings$LocationSettingsChangedListener}:BR@37c408e
02-05 17:42:32.166   992  1009 V BroadcastQueue: Deliver to ComponentInfo{com.google.android.setupwizard/com.google.android.setupwizard.util.GservicesChangedReceiver}:BR@37c408e
02-05 17:42:32.166   992  1552 I ActivityManager: 16970 get provider com.google.android.gsf.gservices 1762
02-05 17:42:32.166   992  1115 I ActivityManager: broadcast act=com.google.android.setupwizard.CHECKIN_SUCCESS from pid=16970, uid=10078,parallel BR:null,size=0,order BR:null,size=0,resultTo=null
02-05 17:42:32.166   992  1558 V BroadcastQueue: Deliver to ComponentInfo{com.google.android.gms/com.google.android.gms.gcm.ServiceAutoStarter}:BR@37c408e
02-05 17:42:32.176   992  2226 V ActivityManager: startService: Intent { act=com.google.android.checkin.CHECKIN_COMPLETE flg=0x10 cmp=com.google.android.gms/.gcm.GcmService (has extras) } type=null args=Bundle[mParcelledData.dataSize=32] pid=1762
02-05 17:42:32.176   992  1557 V BroadcastQueue: Deliver to ComponentInfo{com.google.android.gms/com.google.android.gms.ads.jams.SystemEventReceiver}:BR@37c408e
02-05 17:42:32.176   992  1553 V BroadcastQueue: Deliver to ComponentInfo{com.google.android.gsf/com.google.android.gsf.settings.GoogleLocationSettings$LocationSettingsChangedListener}:BR@12bfe93e
02-05 17:42:32.186   992  2223 D PMS     : acquireWL(2c035649): PARTIAL_WAKE_LOCK  GCM_CONN_ALARM 0x1 1762 10025 null
02-05 17:42:32.186   992  2223 D HtcPMSExtension: isAMOLED: false
02-05 17:42:32.186   992  2223 D PMS     : updateUserActivitySummaryLocked: mWakefulness=Awake, mUserActivitySummary=0x1,23795706,1,7000,3600000, nextTimeout=27388589 (in 3592883 ms)
02-05 17:42:32.196   992  1261 V BroadcastQueue: Deliver to ComponentInfo{com.google.android.setupwizard/com.google.android.setupwizard.util.GservicesChangedReceiver}:BR@12bfe93e
02-05 17:42:32.196   992  1584 V BroadcastQueue: Deliver to ComponentInfo{com.google.android.gms/com.google.android.gms.gcm.ServiceAutoStarter}:BR@12bfe93e
02-05 17:42:32.196   992  1514 V ActivityManager: startService: Intent { act=com.google.android.checkin.CHECKIN_COMPLETE flg=0x10 cmp=com.google.android.gms/.gcm.GcmService (has extras) } type=null args=Bundle[mParcelledData.dataSize=32] pid=1762
02-05 17:42:32.196   992  1557 V BroadcastQueue: Deliver to ComponentInfo{com.google.android.gms/com.google.android.gms.ads.jams.SystemEventReceiver}:BR@12bfe93e
02-05 17:42:32.196   992  1115 V BroadcastQueue: Deliver to ComponentInfo{com.google.android.music/com.google.android.music.leanback.AutoCacheSchedulingService$EnablingReceiver}:BR@8044320
02-05 17:42:32.206   992  1583 V ActivityManager: startService: Intent { act=com.google.android.music.leanback.APP_IN_USE cmp=com.google.android.music/.leanback.AutoCacheSchedulingService (has extras) } type=null args=Bundle[mParcelledData.dataSize=88] pid=16879
02-05 17:42:32.206   992  1267 D PMS     : acquireWL(f54646f): PARTIAL_WAKE_LOCK  wake:com.google.android.music/.leanback.AutoCacheSchedulingService 0x1 16879 10189 null
02-05 17:42:32.206   992  1267 D HtcPMSExtension: isAMOLED: false
02-05 17:42:32.206   992  1267 D PMS     : updateUserActivitySummaryLocked: mWakefulness=Awake, mUserActivitySummary=0x1,23795724,1,7000,3600000, nextTimeout=27388589 (in 3592865 ms)
02-05 17:42:32.206   992  1558 V BroadcastQueue: Deliver to ComponentInfo{com.google.android.music/com.google.android.music.wear.WearBroadcastReceiver}:BR@8044320
02-05 17:42:32.216   992  1515 V ActivityManager: bindService: Intent { cmp=com.google.android.music/.download.TrackDownloadQueueService } type=null conn=android.os.BinderProxy@1a62c57c flags=0x1 pid=16879
02-05 17:42:32.216   992  2226 V ActivityManager: bindService: Intent { cmp=com.google.android.music/.download.cache.TrackCacheService } type=null conn=android.os.BinderProxy@56cd88b flags=0x1 pid=16879
02-05 17:42:32.216   992  1009 V ActivityManager: bindService: Intent { cmp=com.google.android.music/.net.NetworkMonitor } type=null conn=android.os.BinderProxy@27de5626 flags=0x1 pid=16879
02-05 17:42:32.216   992  1553 I ActivityManager: 16879 get provider com.google.android.gsf.gservices 1762
02-05 17:42:32.226   992  1515 V ActivityManager: bindService: Intent { act=com.google.android.gms.ads.identifier.service.START pkg=com.google.android.gms } type=null conn=android.os.BinderProxy@3dec4814 flags=0x1 pid=17214
02-05 17:42:32.226   992  2226 I PackageManager:  setEnabledSetting(), pkgName=com.google.android.music, clsName=com.google.android.music.leanback.AutoCacheSchedulingService$ActionReceiver, state=2, flag=1, pid=16879, uid=10189, userID:0
02-05 17:42:32.226   992  1584 V ActivityManager: unbindService: conn=android.os.BinderProxy@3dec4814 pid=17214
