02-05 17:42:42.146   992  1261 W WindowManager: Execute app transition: mNextAppTransition=0xffffffff
02-05 17:42:42.146   992  1584 V ActivityManager: startService: Intent { cmp=com.google.android.gms/.app.service.PackageBroadcastService (has extras) } type=null args=Bundle[mParcelledData.dataSize=1180] pid=1762
02-05 17:42:42.146   992  1513 I ActivityManager: Killing 17214:com.audible.application/u0a206 (adj 15): empty #17
02-05 17:42:42.156 17788 17813 V Settings:HtcPluginManager: [17788/17813] 	 label: Power
02-05 17:42:42.156 17788 17813 V Settings:HtcPluginManager: [17788/17813] 	 labelResId: 7f0a0002
02-05 17:42:42.156 17788 17813 V Settings:HtcPluginManager: [17788/17813] 	 iconResId(from ActivityInfo): 7f020008
02-05 17:42:42.156 17788 17813 V Settings:HtcPluginManager: [17788/17813] 	 iconResId(from AppInfo): 7f020017
02-05 17:42:42.156 17788 17813 V Settings:HtcPluginManager: [17788/17813] 	 metaData: Bundle[mParcelledData.dataSize=312]
02-05 17:42:42.156 17788 17813 V Settings:HtcPluginMetadata: [17788/17813] 		 mLaunchTarget: com.htc.htcpowermanager.PowerManagerActivity
02-05 17:42:42.156 17788 17813 V Settings:HtcPluginMetadata: [17788/17813] 		 mLaunchType: activity
02-05 17:42:42.156 17788 17813 V Settings:HtcPluginMetadata: [17788/17813] 		 mAnchorItem: storage
02-05 17:42:42.156 17788 17813 V Settings:HtcPluginMetadata: [17788/17813] 		 #(customAnchors)=1
02-05 17:42:42.156 17788 17813 V Settings:HtcPluginMetadata: 		 *: 'storage'
02-05 17:42:42.156 17788 17813 V Settings:HtcPluginMetadata: [17788/17813] 		 mAnchorShift: 0.1
02-05 17:42:42.156 17788 17813 W Settings:com.android.settings.framework.activity.HtcIEntryProvider.Stub: The wrap header doesn't exist in header list.
02-05 17:42:42.156 17788 17813 V Settings:HtcPluginMetadata: [17788/17813] 		 mLaunchTarget: com.htc.htcpowermanager.PowerManagerActivity
02-05 17:42:42.156 17788 17813 V Settings:com.android.settings.framework.activity.HtcIEntryProvider.Stub: [17788/17813] add wrapHeader, id:-1
02-05 17:42:42.156 17788 17813 V Settings:com.android.settings.framework.activity.HtcIEntryProvider.Stub: [17788/17813] add wrapHeader, title:Power
02-05 17:42:42.156 17788 17813 V Settings:com.android.settings.framework.activity.HtcIEntryProvider.Stub: [17788/17813] add wrapHeader, index:18
02-05 17:42:42.156 17788 17813 V Settings:com.android.settings.framework.activity.HtcIEntryProvider.Stub: [17788/17813] add wrapHeader, order:18.1
02-05 17:42:42.156 17788 17813 V Settings:com.android.settings.framework.activity.HtcIEntryProvider.Stub: [17788/17813] add wrapHeader, context:android.app.ContextImpl@380b457b
02-05 17:42:42.156 17788 17813 V Settings:HtcPluginManager: [17788/17813] Found a plug-in header
02-05 17:42:42.156 17788 17813 V Settings:HtcPluginManager: [17788/17813] 	 processName: com.htc.omadm.settings
02-05 17:42:42.156 17788 17813 V Settings:HtcPluginManager: [17788/17813] 	 packageName: com.htc.omadm.settings
02-05 17:42:42.156 17788 17813 V Settings:HtcPluginManager: [17788/17813] 	 name: com.htc.omadm.settings.SettingsPluginEntry
02-05 17:42:42.156 17788 17813 V Settings:HtcPluginManager: [17788/17813] 	 label: System update
02-05 17:42:42.156 17788 17813 V Settings:HtcPluginManager: [17788/17813] 	 labelResId: 7f030002
02-05 17:42:42.156 17788 17813 V Settings:HtcPluginManager: [17788/17813] 	 iconResId(from ActivityInfo): 7f020000
02-05 17:42:42.156 17788 17813 V Settings:HtcPluginManager: [17788/17813] 	 iconResId(from AppInfo): 0
02-05 17:42:42.156 17788 17813 V Settings:HtcPluginManager: [17788/17813] 	 metaData: Bundle[mParcelledData.dataSize=340]
02-05 17:42:42.166 17788 17813 V Settings:HtcPluginMetadata: [17788/17813] 		 mLaunchTarget: com.htc.omadm.settings.SettingsPluginEntry
02-05 17:42:42.166 17788 17813 V Settings:HtcPluginMetadata: [17788/17813] 		 mLaunchType: activity
02-05 17:42:42.166 17788 17813 V Settings:HtcPluginMetadata: [17788/17813] 		 mAnchorItem: null
02-05 17:42:42.166 17788 17813 V Settings:HtcPluginMetadata: [17788/17813] 		 mAnchorShift: 0.0
02-05 17:42:42.166 17788 17813 V Settings:HtcPluginMetadata: [17788/17813] 		 mLaunchTarget: com.htc.omadm.settings.SettingsPluginEntry
02-05 17:42:42.166 17788 17813 V Settings:com.android.settings.framework.activity.HtcIEntryProvider.Stub: [17788/17813] add wrapHeader, id:-1
02-05 17:42:42.166 17788 17813 V Settings:com.android.settings.framework.activity.HtcIEntryProvider.Stub: [17788/17813] add wrapHeader, title:System update
02-05 17:42:42.166 17788 17813 V Settings:com.android.settings.framework.activity.HtcIEntryProvider.Stub: [17788/17813] add wrapHeader, index:34
02-05 17:42:42.166 17788 17813 V Settings:com.android.settings.framework.activity.HtcIEntryProvider.Stub: [17788/17813] add wrapHeader, order:34.99999
02-05 17:42:42.166 17788 17813 V Settings:com.android.settings.framework.activity.HtcIEntryProvider.Stub: [17788/17813] add wrapHeader, context:android.app.ContextImpl@61d93f1
02-05 17:42:42.166   992  1008 I ActivityManager: Recipient 17214
02-05 17:42:42.176  1554  1945 W OpenGLRenderer: Incorrectly called buildLayer on View: ShortcutAndWidgetContainer, destroying layer...
02-05 17:42:42.196   992  1018 V Perf    : com.android.server.search.SearchManagerService$MyPackageMonitor@3fb0d6a2 onReceive:android.intent.action.PACKAGE_CHANGED, 232ms
02-05 17:42:42.196   992  1018 V Perf    : com.android.server.wallpaper.WallpaperManagerService$MyPackageMonitor@1d04d008 onReceive:android.intent.action.PACKAGE_CHANGED, 1ms
02-05 17:42:42.196   992  1008 D Process : killProcessQuiet, pid=17214
02-05 17:42:42.196  2189  2189 V Perf    : com.google.android.gms.icing.service.IndexWorkerService@3f6092e0 onCreate, 0ms
02-05 17:42:42.196   992  1008 D Process : com.android.server.am.ActivityManagerService.appDiedLocked:5092 com.android.server.am.ActivityManagerService$AppDeathRecipient.binderDied:1212 android.os.BinderProxy.sendDeathNotice:559 
02-05 17:42:42.196  1554  1554 D Launcher.Model: onReceive intent=Intent { act=android.search.action.SEARCHABLES_CHANGED flg=0x24000010 }
02-05 17:42:42.196  1554  1554 V Perf    : com.htc.launcher.LauncherModel@ad5899a onReceive:android.search.action.SEARCHABLES_CHANGED, 0ms
02-05 17:42:42.196   992  1018 V Perf    : com.android.server.usb.UsbSettingsManager$MyPackageMonitor@20409f4f onReceive:android.intent.action.PACKAGE_CHANGED, 5ms
02-05 17:42:42.196   992  1018 V Perf    : com.android.server.print.PrintManagerService$PrintManagerImpl$2@18f0a634 onReceive:android.intent.action.PACKAGE_CHANGED, 0ms
02-05 17:42:42.196   992  1018 V Perf    : com.android.server.voiceinteraction.VoiceInteractionManagerService$VoiceInteractionManagerServiceStub$1@30af515a onReceive:android.intent.action.PACKAGE_CHANGED, 0ms
02-05 17:42:42.196   992  1018 D LocationProviderProxy-network: unbinding com.google.android.gms
02-05 17:42:42.196  1516  2245 D ForegroundUtils: Process died; UID 10206 PID 17214
02-05 17:42:42.196  1516  2245 D ForegroundUtils: Foreground changed, PID: 17214 UID: 10206 foreground: false
02-05 17:42:42.196  1516  2245 D ForegroundUtils: Foreground UID/PID combinations:
02-05 17:42:42.196  1516  2245 D ForegroundUtils: UID: 10075 PID: 1554
02-05 17:42:42.196  2189  2189 V Perf    : com.google.android.gms.icing.service.IndexWorkerService@3f6092e0 onStartCommand:act=android.intent.action.PACKAGE_CHANGED dat=package:com.google.android.gms flg=0x4000010, 6ms
02-05 17:42:42.196  5365  5365 V Perf    : com.google.android.search.core.icingsync.IcingCorporaChangedReceiver@3d242db1 onReceive:android.intent.action.PACKAGE_CHANGED, 2ms
02-05 17:42:42.196   992  1018 I ActivityManager: broadcast act=android.search.action.SEARCHABLES_CHANGED flg=0x24000000 from pid=992, uid=1000,parallel BR:2b29d3f6,u0,size=1,replaced=0,order BR:null,size=0,resultTo=null
02-05 17:42:42.196   992  1115 V ActivityManager: startService: Intent { act=android.intent.action.PACKAGE_CHANGED dat=package:com.google.android.gms flg=0x4000010 cmp=com.google.android.gms/.icing.service.IndexWorkerService (has extras) } type=null args=Bundle[mParcelledData.dataSize=696] pid=2189
02-05 17:42:42.196   992  1018 V WallpaperManagerService: onPackageModified(), packageName = com.google.android.gms
02-05 17:42:42.196   992  1008 W libprocessgroup: failed to open /acct/uid_10206/pid_17214/cgroup.procs: No such file or directory
02-05 17:42:42.196   992  1008 W WindowManager: Execute app transition: mNextAppTransition=0xffffffff
02-05 17:42:42.196   992  1513 I BroadcastQueue: Deliver non-order [BG] BR@2b29d3f6 BF{2ac6c971 u0 RL{253023df 1554 com.htc.launcher/10075/u0}}
02-05 17:42:42.196   992  1513 V BroadcastQueue: Deliver to ComponentInfo{com.google.android.googlequicksearchbox/com.google.android.search.core.icingsync.IcingCorporaChangedReceiver}:BR@2c8fa5e2
02-05 17:42:42.196   992  1267 V ActivityManager: startService: Intent { act=com.google.android.gms.icing.START_STICKY cmp=com.google.android.gms/.icing.service.IndexWorkerService } type=null args=null pid=2189
02-05 17:42:42.196   992  1261 V ActivityManager: startService: Intent { act=ACTION_UPDATE cmp=com.google.android.googlequicksearchbox/com.google.android.search.core.icingsync.UpdateIcingCorporaService (has extras) } type=null args=Bundle[mParcelledData.dataSize=200] pid=5365
02-05 17:42:42.196   992  1583 D PMS     : acquireWL(20173982): PARTIAL_WAKE_LOCK  Icing 0x1 2189 10025 null
02-05 17:42:42.196   992  1583 D HtcPMSExtension: isAMOLED: false
02-05 17:42:42.196   992  1583 D PMS     : updateUserActivitySummaryLocked: mWakefulness=Awake, mUserActivitySummary=0x1,23805719,1,7000,3600000, nextTimeout=27397901 (in 3592182 ms)
02-05 17:42:42.196   992  1009 V ActivityManager: stopServiceToken: SR=173086865 startId=1
02-05 17:42:42.206  2189  2189 V Perf    : com.google.android.gms.icing.service.IndexWorkerService@3f6092e0 onStartCommand:act=com.google.android.gms.icing.START_STICKY, 0ms
02-05 17:42:42.206  2189  2189 V Perf    : com.google.android.gms.app.service.PackageBroadcastService@310a7912 onDestroy, 0ms
02-05 17:42:42.206  5365  5365 V Perf    : com.google.android.search.core.icingsync.UpdateIcingCorporaService@16399296 onCreate, 3ms
02-05 17:42:42.206  5365  5365 V Perf    : com.google.android.search.core.icingsync.UpdateIcingCorporaService@16399296 onStartCommand:act=ACTION_UPDATE, 0ms
02-05 17:42:42.206 17788 17813 D HtcFingerprintFeatureFlags: supportFingerprintSetting(): begin
02-05 17:42:42.206  5365  5365 V Perf    : com.google.android.googlequicksearchbox.GelStubAppWatcher@2937204 onReceive:android.intent.action.PACKAGE_CHANGED, 0ms
02-05 17:42:42.206  2247  2247 V Perf    : com.google.android.location.network.NetworkLocationService@23f27b51 onUnBind, 0ms
02-05 17:42:42.206  2247  2247 V GmsNetworkLocationProvi: DISABLE
02-05 17:42:42.206  2189  5461 I Icing   : updateResources: need to parse e{com.google.android.gms}
02-05 17:42:42.206 17788 17813 I FingerprintManager: Unsupported Feature!!
02-05 17:42:42.206  2247  2247 V Perf    : com.google.android.location.network.NetworkLocationService@23f27b51 onDestroy, 0ms
02-05 17:42:42.206 17788 17813 D HtcFingerprintFeatureFlags: supportFingerprintSetting(): fingerprintStatus = 0, HtcFingerprint.FP_SENSOR_NONE = 0, HtcFingerprint.FP_SENSOR_VALIDITY = 1, HtcFingerprint.FP_SENSOR_NOT_INITIAL = -1
02-05 17:42:42.206   992  1018 D LocationProviderProxy-network: bindBestPackage for com.android.location.service.v3.NetworkLocationProvider :  found 1, new best package: com.google.android.gms
02-05 17:42:42.206   992  1018 D LocationProviderProxy-network: binding com.google.android.gms (version 2) (single-user)
02-05 17:42:42.206  5365 17820 I UpdateIcingCorporaServi: Updating corpora: APPS=com.google.android.gms, CONTACTS=MAYBE
02-05 17:42:42.206   992  1018 V Perf    : com.android.server.ServiceWatcher$2@16b1b001 onReceive:android.intent.action.PACKAGE_CHANGED, 13ms
02-05 17:42:42.206   992  1018 D LocationProviderProxy-fused: unbinding com.google.android.gms
02-05 17:42:42.206   992  1513 V BroadcastQueue: Deliver to ComponentInfo{com.google.android.googlequicksearchbox/com.google.android.googlequicksearchbox.GelStubAppWatcher}:BR@2c8fa5e2
02-05 17:42:42.206   992  1018 V ActivityManager: unbindService: conn=android.app.LoadedApk$ServiceDispatcher$InnerConnection@263f3e8e pid=992
02-05 17:42:42.206   992  1018 V ActivityManager: bindService: Intent { act=com.android.location.service.v3.NetworkLocationProvider pkg=com.google.android.gms } type=null conn=android.app.LoadedApk$ServiceDispatcher$InnerConnection@39f54893 flags=0x40000005 pid=992
02-05 17:42:42.216  2247  2247 V Perf    : com.google.android.location.network.NetworkLocationService@3f62a07f onCreate, 2ms
02-05 17:42:42.216  2247  2247 I GCoreNlp: shouldConfirmNlp, NLP off. Ensuring opt-in disabled
02-05 17:42:42.216  2189  2189 V Perf    : com.google.android.gms.icing.service.IndexService@1988803f onCreate, 0ms
02-05 17:42:42.216  2189  2189 V Perf    : com.google.android.gms.icing.service.IndexService@1988803f onBind, 0ms
02-05 17:42:42.216 17788 17813 V Settings:com.android.settings.framework.flag.feature.HtcDisplayFeatureFlags: keepShowingStayAwake: false
02-05 17:42:42.216 17788 17813 V Settings:HtcButtonManager: hasRecentAppsButtonKey(): false
02-05 17:42:42.216   992  1018 D LocationProviderProxy-fused: bindBestPackage for com.android.location.service.FusedLocationProvider :  found 2, new best package: com.google.android.gms
02-05 17:42:42.216   992  1018 D LocationProviderProxy-fused: binding com.google.android.gms (version 1) (single-user)
02-05 17:42:42.216 15136 15136 V Perf    : com.google.android.apps.plus.service.PackagesMediaMonitor@28a11d1b onReceive:android.intent.action.PACKAGE_CHANGED, 8ms
02-05 17:42:42.216 17788 17813 V Settings:com.android.settings.framework.flag.feature.HtcDisplayFeatureFlags: [supportRecentAppsButton]hasNavigationBar:true
02-05 17:42:42.216 17788 17813 V Settings:com.android.settings.framework.flag.feature.HtcDisplayFeatureFlags: [supportRecentAppsButton]hasRecentAppsKey:false
02-05 17:42:42.216 17788 17813 V Settings:com.android.settings.framework.flag.feature.HtcDisplayFeatureFlags: [supportRecentAppsButton]support         :false
02-05 17:42:42.216   992  1513 V BroadcastQueue: Deliver to ComponentInfo{com.google.android.apps.plus/com.google.android.apps.plus.service.PackagesMediaMonitor}:BR@2c8fa5e2
02-05 17:42:42.216   992  2223 V ActivityManager: bindService: Intent { act=com.google.android.gms.icing.INDEX_SERVICE pkg=com.google.android.gms } type=null conn=android.os.BinderProxy@32836bce flags=0x81 pid=5365
02-05 17:42:42.216   992  1018 V ActivityManager: unbindService: conn=android.app.LoadedApk$ServiceDispatcher$InnerConnection@2f01aa45 pid=992
02-05 17:42:42.216   992  1267 I ActivityManager: 17788 get provider settings 992
02-05 17:42:42.216   992  1558 V ActivityManager: startService: Intent { act=android.intent.action.PACKAGE_CHANGED dat=package:com.google.android.gms flg=0x4000010 cmp=com.google.android.apps.plus/.service.PackagesMediaMonitor$AsyncService (has extras) } type=null args=Bundle[mParcelledData.dataSize=696] pid=15136
02-05 17:42:42.216   992  1583 D PMS     : releaseWL(20173982): PARTIAL_WAKE_LOCK  Icing 0x1 null
02-05 17:42:42.216   992  1583 D PMS     : updatePSL(0x1,true) (repeat:10)
02-05 17:42:42.216   992  1583 D HtcPMSExtension: isAMOLED: false
02-05 17:42:42.216   992  1583 D PMS     : updateUserActivitySummaryLocked: mWakefulness=Awake, mUserActivitySummary=0x1,23805738,1,7000,3600000, nextTimeout=27397901 (in 3592163 ms)
02-05 17:42:42.216   992  1553 V ActivityManager: stopService: Intent { act=com.google.android.gms.icing.START_STICKY cmp=com.google.android.gms/.icing.service.IndexWorkerService } type=null pid=2189
02-05 17:42:42.216   992  2226 I ActivityManager: 2247 get provider com.google.settings 1762
02-05 17:42:42.226 15136 15136 V Perf    : com.google.android.apps.plus.service.PackagesMediaMonitor$AsyncService@159ceb8 onCreate, 2ms
02-05 17:42:42.226 15136 15136 V Perf    : com.google.android.apps.plus.service.PackagesMediaMonitor$AsyncService@159ceb8 onStartCommand:act=android.intent.action.PACKAGE_CHANGED dat=package:com.google.android.gms flg=0x4000010, 1ms
02-05 17:42:42.226   992  1018 V Perf    : com.android.server.ServiceWatcher$2@1b41128a onReceive:android.intent.action.PACKAGE_CHANGED, 14ms
02-05 17:42:42.226   992  1018 D GeocoderProxy: unbinding com.google.android.gms
02-05 17:42:42.226  2189  2189 V Perf    : com.google.android.gms.icing.service.IndexWorkerService@3f6092e0 onDestroy, 0ms
02-05 17:42:42.226   992   992 E WifiStateMachine: WiFiStateMachine SCAN ALARM
02-05 17:42:42.226   992   992 V Perf    : com.android.server.wifi.WifiStateMachine$4@38fec1cc onReceive:com.android.server.WifiManager.action.START_SCAN, 0ms
02-05 17:42:42.226   992  1102 E WifiStateMachine: handleMessage: E msg.what=131143
02-05 17:42:42.226   992  1102 E WifiStateMachine: processMsg: ConnectedState
02-05 17:42:42.226   992  1102 E WifiStateMachine:  ConnectedState !CMD_START_SCAN -2 -2 ic=483 proc(ms):1 dur:2123 rssi=-55 f=5765 sc=60 link=433 tx=3065.4, 0.0, 0.0  rx=655.3 fiv=40000 [on:0 tx:0 rx:0 period:479] from screen [on:0 period:1541987256]
02-05 17:42:42.226   992  1102 E WifiStateMachine: processMsg: L2ConnectedState
02-05 17:42:42.226   992  1102 E WifiStateMachine:  L2ConnectedState !CMD_START_SCAN -2 -2 ic=483 proc(ms):1 dur:2123 rssi=-55 f=5765 sc=60 link=433 tx=3065.4, 0.0, 0.0  rx=655.3 fiv=40000 [on:0 tx:0 rx:0 period:0] from screen [on:0 period:1541987256]
02-05 17:42:42.226   992  1102 E WifiStateMachine: WifiStateMachine CMD_START_SCAN source -2 txSuccessRate=3065.42 rxSuccessRate=655.27 targetRoamBSSID=6c:19:8f:c8:84:66 RSSI=-55
02-05 17:42:42.226   992  1102 E WifiStateMachine: WifiStateMachine CMD_START_SCAN with age=3920050 interval=40000 maxinterval=300000
02-05 17:42:42.226   992  1102 E WifiStateMachine: WifiStateMachine CMD_START_SCAN try full band scan age=3920050 interval=40000 maxinterval=300000
02-05 17:42:42.226   992  1102 E WifiStateMachine: WifiStateMachine CMD_START_SCAN prevent full band scan due to pkt rate
02-05 17:42:42.226   992  1102 E WifiStateMachine: WifiStateMachine CMD_START_SCAN source -2 ...and ignore scans tx=3065.42 rx=655.27
02-05 17:42:42.226   992  1102 E WifiStateMachine: handleMessage: X
02-05 17:42:42.226 15136 15136 V Perf    : com.google.android.apps.plus.service.PackagesMediaMonitor$AsyncService@159ceb8 onDestroy, 0ms
02-05 17:42:42.226  2189  2189 V Perf    : com.google.android.gms.icing.service.IndexWorkerService@fdc9655 onCreate, 0ms
02-05 17:42:42.226  2189  2189 V Perf    : com.google.android.gms.icing.service.IndexWorkerService@fdc9655 onStartCommand:act=com.google.android.gms.icing.START_STICKY, 0ms
02-05 17:42:42.226   992  1018 V ActivityManager: bindService: Intent { act=com.android.location.service.FusedLocationProvider pkg=com.google.android.gms } type=null conn=android.app.LoadedApk$ServiceDispatcher$InnerConnection@2e6e76da flags=0x40000005 pid=992
02-05 17:42:42.226   992  1584 D PMS     : acquireWL(22d84801): PARTIAL_WAKE_LOCK  AsyncService 0x1 15136 10200 null
02-05 17:42:42.226   992  1584 D HtcPMSExtension: isAMOLED: false
02-05 17:42:42.226   992  1584 D PMS     : updateUserActivitySummaryLocked: mWakefulness=Awake, mUserActivitySummary=0x1,23805742,1,7000,3600000, nextTimeout=27397901 (in 3592159 ms)
02-05 17:42:42.226   992  1008 D PMS     : releaseWL(22d84801): PARTIAL_WAKE_LOCK  AsyncService 0x1 null
02-05 17:42:42.226   992  1008 D HtcPMSExtension: isAMOLED: false
02-05 17:42:42.226   992  1008 D PMS     : updateUserActivitySummaryLocked: mWakefulness=Awake, mUserActivitySummary=0x1,23805743,1,7000,3600000, nextTimeout=27397901 (in 3592158 ms)
02-05 17:42:42.226   992  1513 I BroadcastQueue: Deliver order [BG] BF{30064b2a u0 RL{134cdc15 992 system/1000/u0 38fec1cc}}:BR@1012376b
02-05 17:42:42.226   992   992 D WifiDisplayAdapter: getWifiDisplayStatusLocked: result=WifiDisplayStatus{featureState=3, scanState=0, activeDisplayState=0, activeDisplay=null, displays=[Push2TV 740F00-PTV3000 (22:e5:2a:74:0f:00), isAvailable false, canConnect false, isRemembered true], sessionInfo=WifiDisplaySessionInfo:
02-05 17:42:42.226   992   992 D WifiDisplayAdapter:     Client/Owner: Client
02-05 17:42:42.226   992   992 D WifiDisplayAdapter:     GroupId: 
02-05 17:42:42.226   992   992 D WifiDisplayAdapter:     Passphrase: 
02-05 17:42:42.226   992   992 D WifiDisplayAdapter:     SessionId: 0
02-05 17:42:42.226   992   992 D WifiDisplayAdapter:     IP Address: }
02-05 17:42:42.226   992   992 D PMS     : releaseWL(3812d4dc): PARTIAL_WAKE_LOCK  *alarm* 0x1 WorkSource{1000}
02-05 17:42:42.226   992   992 D HtcPMSExtension: isAMOLED: false
02-05 17:42:42.226   992   992 D PMS     : updateUserActivitySummaryLocked: mWakefulness=Awake, mUserActivitySummary=0x1,23805745,1,7000,3600000, nextTimeout=27397901 (in 3592156 ms)
02-05 17:42:42.226   992  1514 V ActivityManager: stopServiceToken: SR=78686341 startId=1
02-05 17:42:42.226   992  1261 V ActivityManager: startService: Intent { act=com.google.android.gms.icing.START_STICKY cmp=com.google.android.gms/.icing.service.IndexWorkerService } type=null args=null pid=2189
02-05 17:42:42.226   992  1552 D PMS     : acquireWL(1080633d): PARTIAL_WAKE_LOCK  Icing 0x1 2189 10025 null
02-05 17:42:42.226   992  1552 D HtcPMSExtension: isAMOLED: false
02-05 17:42:42.226   992  1552 D PMS     : updateUserActivitySummaryLocked: mWakefulness=Awake, mUserActivitySummary=0x1,23805748,1,7000,3600000, nextTimeout=27397901 (in 3592153 ms)
02-05 17:42:42.226   992  1018 V ActivityManager: unbindService: conn=android.app.LoadedApk$ServiceDispatcher$InnerConnection@3fed36a8 pid=992
02-05 17:42:42.236 17788 17813 V Settings:com.android.settings.framework.flag.feature.HtcDisplayFeatureFlags: [supportHomeButton]hasNavigationBar:true
02-05 17:42:42.236 17788 17813 V Settings:com.android.settings.framework.flag.feature.HtcDisplayFeatureFlags: [supportHomeButton]hasMenuKey      :false
02-05 17:42:42.236 17788 17813 V Settings:com.android.settings.framework.flag.feature.HtcDisplayFeatureFlags: [supportHomeButton]hasRecentAppKey :false
02-05 17:42:42.236 17788 17813 V Settings:com.android.settings.framework.flag.feature.HtcDisplayFeatureFlags: [supportHomeButton]hasBackKey      :false
02-05 17:42:42.236 17788 17813 V Settings:com.android.settings.framework.flag.feature.HtcDisplayFeatureFlags: [supportHomeButton]hasHomeKey      :false
02-05 17:42:42.236 17788 17813 V Settings:com.android.settings.framework.flag.feature.HtcDisplayFeatureFlags: [supportHomeButton]support         :false
02-05 17:42:42.236   992  1018 D GeocoderProxy: bindBestPackage for com.android.location.service.GeocodeProvider :  found 1, new best package: com.google.android.gms
02-05 17:42:42.236   992  1018 D GeocoderProxy: binding com.google.android.gms (version 2) (single-user)
02-05 17:42:42.236  1762  1762 V Perf    : com.google.android.gms.icing.service.LightweightIndexService@2b751920 onCreate, 0ms
02-05 17:42:42.236  1762  1762 V Perf    : com.google.android.gms.icing.service.LightweightIndexService@2b751920 onBind, 0ms
02-05 17:42:42.236   992  1583 V ActivityManager: bindService: Intent { act=com.google.android.gms.icing.LIGHTWEIGHT_INDEX_SERVICE pkg=com.google.android.gms } type=null conn=android.os.BinderProxy@23150732 flags=0x81 pid=2189
02-05 17:42:42.236   992  1018 V ActivityManager: bindService: Intent { act=com.android.location.service.GeocodeProvider pkg=com.google.android.gms } type=null conn=android.app.LoadedApk$ServiceDispatcher$InnerConnection@2994f639 flags=0x40000005 pid=992
02-05 17:42:42.246   992  1018 V Perf    : com.android.server.ServiceWatcher$2@d4a24cf onReceive:android.intent.action.PACKAGE_CHANGED, 18ms
02-05 17:42:42.246   476 16914 V MediaPlayerService: [62] notify (0xb907b210, 2, 0, 0)
02-05 17:42:42.246   476 16914 D NuPlayer: kWhatSeek
02-05 17:42:42.246   476 16914 D NuPlayer: kWhatSeek seekTimeUs=0 us, needNotify=0
02-05 17:42:42.246   476 16914 D NuPlayer: performDecoderFlush
02-05 17:42:42.246   476 16914 D NuPlayer: [audio] flushDecoder needShutdown=0
02-05 17:42:42.246   476 16914 D NuPlayer: postponing action mFlushingAudio=1, mFlushingVideo=0
02-05 17:42:42.246   476 16919 D MediaCodec: [OMX.google.raw.decoder] flush
02-05 17:42:42.246   476 16918 V AudioSink: pause
02-05 17:42:42.246   476 16918 V AudFlgTr: pause(4096), calling pid 476
02-05 17:42:42.246   476 16918 V AudFlgTr: ACTIVE/RESUMING => PAUSING (4096) on thread 0xb4d5b008
02-05 17:42:42.246 16859 16877 V MediaPlayer: message received msg=2, ext1=0, ext2=0
02-05 17:42:42.246 16859 16877 V MediaPlayer: playback complete
02-05 17:42:42.246 16859 16877 V MediaPlayer: callback application
02-05 17:42:42.246 16859 16877 V MediaPlayer: back from callback
02-05 17:42:42.246   476 16914 D NuPlayer: decoder audio flush completed
02-05 17:42:42.246   476 16914 D NuPlayer: mFlushingAudio : 1
02-05 17:42:42.246 16859 16859 D MediaPlayer: Send PlaybackCompleteEvent for LPCM
02-05 17:42:42.246  2247  2247 V Perf    : com.google.android.location.network.NetworkLocationService@3f62a07f onBind, 32ms
02-05 17:42:42.246   992   992 D LocationProviderProxy-network: com.google.android.gms connected
02-05 17:42:42.246  2247  2247 V Perf    : com.google.android.location.fused.FusedLocationService@1bc164b7 onUnBind, 2ms
02-05 17:42:42.246  2247  2247 V Perf    : com.google.android.location.fused.FusedLocationService@1bc164b7 onDestroy, 0ms
02-05 17:42:42.246  2247  2247 V Perf    : com.google.android.location.fused.FusedLocationService@363a5095 onCreate, 0ms
02-05 17:42:42.246   476 16918 V AudFlgTr: pause(4096) retrun, waitcount = 1, mState=7
02-05 17:42:42.246   476 16918 V AudioSink: flush
02-05 17:42:42.246  2247  2247 V Perf    : com.google.android.location.fused.FusedLocationService@363a5095 onBind, 2ms
02-05 17:42:42.246   476 16918 V AudFlgTr: flush(4096) mState:7
02-05 17:42:42.246   476 16918 V AudioSink: start
02-05 17:42:42.246   476 16918 V AudFlgTr: start(4096), calling pid 476 session 142
02-05 17:42:42.246   476 16918 V AudFlgTr: ? => ACTIVE (4096) on thread 0xb9075390
02-05 17:42:42.246   476 16918 V AudFlgTh: addTrack_l adding track on session 142 the client PID 476
02-05 17:42:42.246   476 16918 V AudFlgTh: signal playback thread
02-05 17:42:42.246   476 16914 D NuPlayer: renderer audio flush completed.
02-05 17:42:42.246   476 16914 D NuPlayer: both audio and video are flushed now.
02-05 17:42:42.246   476 16914 D NuPlayer: resume audio codec
02-05 17:42:42.246   992   992 D LocationProviderProxy-fused: com.google.android.gms connected
02-05 17:42:42.246  1762  1762 V Perf    : com.google.android.gms.icing.service.LightweightIndexService$LightweightWorkerService@3e40a49e onCreate, 1ms
02-05 17:42:42.246  2247  2247 V Perf    : com.google.android.location.geocode.GeocodeService@3a11c142 onUnBind, 0ms
02-05 17:42:42.246   992  1515 I ActivityManager: broadcast act=com.htc.mediaplayer.playback from pid=16859, uid=10404,parallel BR:null,size=0,order BR:null,size=0,resultTo=null
02-05 17:42:42.246   992  1261 D PMS     : acquireWL(2c5bcf5): PARTIAL_WAKE_LOCK  GCoreFlp 0x1 2247 10025 null
02-05 17:42:42.246   992  1261 D HtcPMSExtension: isAMOLED: false
02-05 17:42:42.246   992  1261 D PMS     : updateUserActivitySummaryLocked: mWakefulness=Awake, mUserActivitySummary=0x1,23805764,1,7000,3600000, nextTimeout=27397901 (in 3592137 ms)
02-05 17:42:42.246   992  2223 V ActivityManager: startService: Intent { act=com.google.android.gms.icing.LIGHTWEIGHT_WORKER_SERVICE pkg=com.google.android.gms } type=null args=null pid=1762
02-05 17:42:42.246   992  1584 D PMS     : releaseWL(2c5bcf5): PARTIAL_WAKE_LOCK  GCoreFlp 0x1 null
02-05 17:42:42.246   992  1584 D HtcPMSExtension: isAMOLED: false
02-05 17:42:42.246   992  1584 D PMS     : updateUserActivitySummaryLocked: mWakefulness=Awake, mUserActivitySummary=0x1,23805766,1,7000,3600000, nextTimeout=27397901 (in 3592135 ms)
02-05 17:42:42.256  1762  1762 V Perf    : com.google.android.gms.icing.service.LightweightIndexService$LightweightWorkerService@3e40a49e onStartCommand:act=com.google.android.gms.icing.LIGHTWEIGHT_WORKER_SERVICE pkg=com.google.android.gms, 0ms
02-05 17:42:42.256   476  1068 D AudioMixer: enable(0)
02-05 17:42:42.256  2247  2247 V Perf    : com.google.android.location.geocode.GeocodeService@3a11c142 onDestroy, 0ms
02-05 17:42:42.256   992  1018 D GeofenceProxy: unbinding com.google.android.gms
02-05 17:42:42.256  1762  1762 V Perf    : com.google.android.gms.icing.service.LightweightIndexService$LightweightWorkerService@3e40a49e onDestroy, 0ms
02-05 17:42:42.256   476 16915 D FileSource: offset(1645100) is larger than mLength(1645100), return 0
02-05 17:42:42.256  2247  2247 V Perf    : com.google.android.location.geofencer.service.l@10145d7d onChange, 3ms
02-05 17:42:42.256  2247  2247 V Perf    : com.google.android.location.geocode.GeocodeService@7bc6111 onCreate, 0ms
02-05 17:42:42.256   476  1068 D AudioMixer: disable(0)
02-05 17:42:42.256 17788 17813 E Settings:HtcUmcWidgetEnabler: isSupportMusicChannel(): false
02-05 17:42:42.256   476 16914 D NuPlayer: Drain the first audio frame
02-05 17:42:42.256   476 16914 V MediaPlayerService: [62] notify (0xb907b210, 6, 0, 0)
02-05 17:42:42.256  2247  2247 V Perf    : com.google.android.location.geocode.GeocodeService@7bc6111 onBind, 3ms
02-05 17:42:42.256   992   992 D GeocoderProxy: com.google.android.gms connected
02-05 17:42:42.256  2247  2247 V Perf    : com.google.android.location.geofencer.service.GeofenceProviderService@1cb84389 onUnBind, 0ms
02-05 17:42:42.256  2247  2247 V Perf    : com.google.android.location.geofencer.service.GeofenceProviderService@1cb84389 onDestroy, 0ms
02-05 17:42:42.256 16859 17498 V MediaPlayer: message received msg=6, ext1=0, ext2=0
02-05 17:42:42.256 16859 17498 V MediaPlayer: unrecognized message: (6, 0, 0)
02-05 17:42:42.256 16859 17498 V MediaPlayer: callback application
02-05 17:42:42.256 16859 17498 V MediaPlayer: back from callback
02-05 17:42:42.256   476  1114 V MediaPlayerService: [62] getCurrentPosition = 3
02-05 17:42:42.256   992  1018 D GeofenceProxy: bindBestPackage for com.android.location.service.GeofenceProvider :  found 1, new best package: com.google.android.gms
02-05 17:42:42.256 16859 16859 D IMediaPlayer: isPlaying(), bf transact
02-05 17:42:42.256   992  1018 D GeofenceProxy: binding com.google.android.gms (version 1) (single-user)
02-05 17:42:42.256   476  1783 D IMediaPlayer: onTransact(), code=8
02-05 17:42:42.256   476  1783 V MediaPlayerService: [62] isPlaying: 1
02-05 17:42:42.256 16859 16859 D IMediaPlayer: isPlaying() return
02-05 17:42:42.256 16859 16859 V MediaPlayer: isPlaying: 1
02-05 17:42:42.256   476  1068 D AudioMixer: enable(0)
02-05 17:42:42.256   992  1583 V ActivityManager: stopServiceToken: SR=138562186 startId=1
02-05 17:42:42.256   992  1018 V ActivityManager: unbindService: conn=android.app.LoadedApk$ServiceDispatcher$InnerConnection@caa4bf9 pid=992
02-05 17:42:42.256   992  1513 D PMS     : acquireWL(1737ad18): PARTIAL_WAKE_LOCK  Wakeful StateMachine: GeofencerStateMachine 0x1 2247 10025 null
02-05 17:42:42.256   992  1513 D HtcPMSExtension: isAMOLED: false
02-05 17:42:42.256   992  1513 D PMS     : updateUserActivitySummaryLocked: mWakefulness=Awake, mUserActivitySummary=0x1,23805773,1,7000,3600000, nextTimeout=27397901 (in 3592128 ms)
02-05 17:42:42.256   992  1552 D PMS     : releaseWL(1737ad18): PARTIAL_WAKE_LOCK  Wakeful StateMachine: GeofencerStateMachine 0x1 null
02-05 17:42:42.256   992  1552 D HtcPMSExtension: isAMOLED: false
02-05 17:42:42.256   992  1552 D PMS     : updateUserActivitySummaryLocked: mWakefulness=Awake, mUserActivitySummary=0x1,23805776,1,7000,3600000, nextTimeout=27397901 (in 3592125 ms)
02-05 17:42:42.266 17788 17813 V Settings:HtcEntryManager: [17788/17813] << refresh()
02-05 17:42:42.266   992  1018 V Perf    : com.android.server.ServiceWatcher$2@76ca68c onReceive:android.intent.action.PACKAGE_CHANGED, 14ms
02-05 17:42:42.266   992  1018 V Perf    : com.android.server.LocationManagerService$4@220f3b24 onReceive:android.intent.action.PACKAGE_CHANGED, 0ms
02-05 17:42:42.266   992  1018 D LocationProviderProxy: applying state to connected service
02-05 17:42:42.266  2247  2247 V Perf    : com.google.android.location.geofencer.service.GeofenceProviderService@21462077 onCreate, 0ms
02-05 17:42:42.266  2247  2247 V Perf    : com.google.android.location.geofencer.service.GeofenceProviderService@21462077 onBind, 0ms
02-05 17:42:42.266   992  1018 D LocationProviderProxy: applying state to connected service
02-05 17:42:42.266   992   992 D GeofenceProxy: com.google.android.gms connected
02-05 17:42:42.266 17788 17812 W art     : Long monitor contention event with owner method=void java.lang.Object.wait!() from Object.java:4294967294 waiters=0 for 210ms
02-05 17:42:42.266 17788 17812 V Settings:HtcEntryManager: [17788/17812] >> refresh()
02-05 17:42:42.266 17788 17812 V Settings:HtcPluginManager: [17788/17812] Found a plug-in header
02-05 17:42:42.266 17788 17812 V Settings:HtcPluginManager: [17788/17812] 	 processName: com.htc.backupreset
02-05 17:42:42.266 17788 17812 V Settings:HtcPluginManager: [17788/17812] 	 packageName: com.htc.backupreset
02-05 17:42:42.266 17788 17812 V Settings:HtcPluginManager: [17788/17812] 	 name: com.htc.backupreset.ui.BackupResetActivity
02-05 17:42:42.266 17788 17812 V Settings:HtcPluginManager: [17788/17812] 	 label: Backup & reset
02-05 17:42:42.266 17788 17812 V Settings:HtcPluginManager: [17788/17812] 	 labelResId: 7f050005
02-05 17:42:42.266 17788 17812 V Settings:HtcPluginManager: [17788/17812] 	 iconResId(from ActivityInfo): 7f020000
02-05 17:42:42.266 17788 17812 V Settings:HtcPluginManager: [17788/17812] 	 iconResId(from AppInfo): 7f020003
02-05 17:42:42.266 17788 17812 V Settings:HtcPluginManager: [17788/17812] 	 metaData: Bundle[mParcelledData.dataSize=356]
02-05 17:42:42.266 17788 17812 V Settings:HtcPluginMetadata: [17788/17812] 		 mLaunchTarget: com.htc.backupreset.ui.BackupResetActivity
02-05 17:42:42.266 17788 17812 V Settings:HtcPluginMetadata: [17788/17812] 		 mLaunchType: activity
02-05 17:42:42.266 17788 17812 V Settings:HtcPluginMetadata: [17788/17812] 		 mAnchorItem: accessibility;VZW__001:language
02-05 17:42:42.266 17788 17812 V Settings:HtcPluginMetadata: [17788/17812] 		 #(customAnchors)=2
02-05 17:42:42.266 17788 17812 V Settings:HtcPluginMetadata: 		 VZW__001: 'language'
02-05 17:42:42.266 17788 17812 V Settings:HtcPluginMetadata: 		 *: 'accessibility'
02-05 17:42:42.266 17788 17812 V Settings:HtcPluginMetadata: [17788/17812] 		 mAnchorShift: 0.9
02-05 17:42:42.266   992  1018 V ActivityManager: bindService: Intent { act=com.android.location.service.GeofenceProvider pkg=com.google.android.gms } type=null conn=android.app.LoadedApk$ServiceDispatcher$InnerConnection@11028556 flags=0x40000005 pid=992
02-05 17:42:42.276 17788 17812 V Settings:HtcPluginMetadata: [17788/17812] 		 mLaunchTarget: com.htc.backupreset.ui.BackupResetActivity
02-05 17:42:42.276 17788 17812 V Settings:HtcPluginManager: [17788/17812] Found a plug-in header
02-05 17:42:42.276 17788 17812 V Settings:HtcPluginManager: [17788/17812] 	 processName: com.htc.htcpowermanager
02-05 17:42:42.276 17788 17812 V Settings:HtcPluginManager: [17788/17812] 	 packageName: com.htc.htcpowermanager
02-05 17:42:42.276 17788 17812 V Settings:HtcPluginManager: [17788/17812] 	 name: com.htc.htcpowermanager.HtcPowerManager
02-05 17:42:42.276 17788 17812 V Settings:HtcPluginManager: [17788/17812] 	 label: Power
02-05 17:42:42.276 17788 17812 V Settings:HtcPluginManager: [17788/17812] 	 labelResId: 7f0a0002
02-05 17:42:42.276 17788 17812 V Settings:HtcPluginManager: [17788/17812] 	 iconResId(from ActivityInfo): 7f020008
02-05 17:42:42.276 17788 17812 V Settings:HtcPluginManager: [17788/17812] 	 iconResId(from AppInfo): 7f020017
02-05 17:42:42.276 17788 17812 V Settings:HtcPluginManager: [17788/17812] 	 metaData: Bundle[mParcelledData.dataSize=312]
02-05 17:42:42.276 17788 17812 V Settings:HtcPluginMetadata: [17788/17812] 		 mLaunchTarget: com.htc.htcpowermanager.PowerManagerActivity
02-05 17:42:42.276 17788 17812 V Settings:HtcPluginMetadata: [17788/17812] 		 mLaunchType: activity
02-05 17:42:42.276 17788 17812 V Settings:HtcPluginMetadata: [17788/17812] 		 mAnchorItem: storage
02-05 17:42:42.276 17788 17812 V Settings:HtcPluginMetadata: [17788/17812] 		 #(customAnchors)=1
02-05 17:42:42.276 17788 17812 V Settings:HtcPluginMetadata: 		 *: 'storage'
02-05 17:42:42.276 17788 17812 V Settings:HtcPluginMetadata: [17788/17812] 		 mAnchorShift: 0.1
02-05 17:42:42.276 17788 17812 W Settings:com.android.settings.framework.activity.HtcIEntryProvider.Stub: The wrap header doesn't exist in header list.
02-05 17:42:42.276 17788 17812 V Settings:HtcPluginMetadata: [17788/17812] 		 mLaunchTarget: com.htc.htcpowermanager.PowerManagerActivity
02-05 17:42:42.276 17788 17812 V Settings:HtcPluginManager: [17788/17812] Found a plug-in header
02-05 17:42:42.276 17788 17812 V Settings:HtcPluginManager: [17788/17812] 	 processName: com.htc.omadm.settings
02-05 17:42:42.276 17788 17812 V Settings:HtcPluginManager: [17788/17812] 	 packageName: com.htc.omadm.settings
02-05 17:42:42.276 17788 17812 V Settings:HtcPluginManager: [17788/17812] 	 name: com.htc.omadm.settings.SettingsPluginEntry
02-05 17:42:42.276 17788 17812 V Settings:HtcPluginManager: [17788/17812] 	 label: System update
02-05 17:42:42.276 17788 17812 V Settings:HtcPluginManager: [17788/17812] 	 labelResId: 7f030002
02-05 17:42:42.276 17788 17812 V Settings:HtcPluginManager: [17788/17812] 	 iconResId(from ActivityInfo): 7f020000
02-05 17:42:42.276 17788 17812 V Settings:HtcPluginManager: [17788/17812] 	 iconResId(from AppInfo): 0
02-05 17:42:42.276 17788 17812 V Settings:HtcPluginManager: [17788/17812] 	 metaData: Bundle[mParcelledData.dataSize=340]
02-05 17:42:42.276 17788 17812 V Settings:HtcPluginMetadata: [17788/17812] 		 mLaunchTarget: com.htc.omadm.settings.SettingsPluginEntry
02-05 17:42:42.276 17788 17812 V Settings:HtcPluginMetadata: [17788/17812] 		 mLaunchType: activity
02-05 17:42:42.276 17788 17812 V Settings:HtcPluginMetadata: [17788/17812] 		 mAnchorItem: null
02-05 17:42:42.276 17788 17812 V Settings:HtcPluginMetadata: [17788/17812] 		 mAnchorShift: 0.0
02-05 17:42:42.276 17788 17812 V Settings:HtcPluginMetadata: [17788/17812] 		 mLaunchTarget: com.htc.omadm.settings.SettingsPluginEntry
02-05 17:42:42.276 17788 17812 D HtcFingerprintFeatureFlags: supportFingerprintSetting(): begin
02-05 17:42:42.276 17788 17812 I FingerprintManager: Unsupported Feature!!
02-05 17:42:42.276 17788 17812 D HtcFingerprintFeatureFlags: supportFingerprintSetting(): fingerprintStatus = 0, HtcFingerprint.FP_SENSOR_NONE = 0, HtcFingerprint.FP_SENSOR_VALIDITY = 1, HtcFingerprint.FP_SENSOR_NOT_INITIAL = -1
02-05 17:42:42.276 17788 17812 V Settings:com.android.settings.framework.flag.feature.HtcDisplayFeatureFlags: keepShowingStayAwake: false
02-05 17:42:42.276 17788 17812 V Settings:HtcButtonManager: hasRecentAppsButtonKey(): false
02-05 17:42:42.276 17788 17812 V Settings:com.android.settings.framework.flag.feature.HtcDisplayFeatureFlags: [supportRecentAppsButton]hasNavigationBar:true
02-05 17:42:42.276 17788 17812 V Settings:com.android.settings.framework.flag.feature.HtcDisplayFeatureFlags: [supportRecentAppsButton]hasRecentAppsKey:false
02-05 17:42:42.276 17788 17812 V Settings:com.android.settings.framework.flag.feature.HtcDisplayFeatureFlags: [supportRecentAppsButton]support         :false
02-05 17:42:42.276   992  1018 D PMS     : acquireWL(bb9a0e2): PARTIAL_WAKE_LOCK  GCoreFlp 0x1 2247 10025 null
02-05 17:42:42.276   992  1018 D HtcPMSExtension: isAMOLED: false
02-05 17:42:42.276   992  1018 D PMS     : updateUserActivitySummaryLocked: mWakefulness=Awake, mUserActivitySummary=0x1,23805792,1,7000,3600000, nextTimeout=27397901 (in 3592109 ms)
02-05 17:42:42.276   992  1115 D PMS     : releaseWL(bb9a0e2): PARTIAL_WAKE_LOCK  GCoreFlp 0x1 null
02-05 17:42:42.276   992  1115 D PMS     : updatePSL(0x1,true) (repeat:10)
02-05 17:42:42.276   992  1115 D HtcPMSExtension: isAMOLED: false
02-05 17:42:42.276   992  1115 D PMS     : updateUserActivitySummaryLocked: mWakefulness=Awake, mUserActivitySummary=0x1,23805794,1,7000,3600000, nextTimeout=27397901 (in 3592107 ms)
02-05 17:42:42.276   992   992 D PMS     : acquireWL(1dda8c73): PARTIAL_WAKE_LOCK  Wakeful StateMachine: GeofencerStateMachine 0x1 2247 10025 null
02-05 17:42:42.276   992   992 D HtcPMSExtension: isAMOLED: false
02-05 17:42:42.276   992   992 D PMS     : updateUserActivitySummaryLocked: mWakefulness=Awake, mUserActivitySummary=0x1,23805795,1,7000,3600000, nextTimeout=27397901 (in 3592106 ms)
02-05 17:42:42.276   992  1558 D PMS     : releaseWL(1dda8c73): PARTIAL_WAKE_LOCK  Wakeful StateMachine: GeofencerStateMachine 0x1 null
02-05 17:42:42.276   992  1558 D HtcPMSExtension: isAMOLED: false
02-05 17:42:42.276   992  1558 D PMS     : updateUserActivitySummaryLocked: mWakefulness=Awake, mUserActivitySummary=0x1,23805798,1,7000,3600000, nextTimeout=27397901 (in 3592103 ms)
02-05 17:42:42.286 17788 17812 V Settings:com.android.settings.framework.flag.feature.HtcDisplayFeatureFlags: [supportHomeButton]hasNavigationBar:true
02-05 17:42:42.286 17788 17812 V Settings:com.android.settings.framework.flag.feature.HtcDisplayFeatureFlags: [supportHomeButton]hasMenuKey      :false
02-05 17:42:42.286 17788 17812 V Settings:com.android.settings.framework.flag.feature.HtcDisplayFeatureFlags: [supportHomeButton]hasRecentAppKey :false
02-05 17:42:42.286 17788 17812 V Settings:com.android.settings.framework.flag.feature.HtcDisplayFeatureFlags: [supportHomeButton]hasBackKey      :false
02-05 17:42:42.286 17788 17812 V Settings:com.android.settings.framework.flag.feature.HtcDisplayFeatureFlags: [supportHomeButton]hasHomeKey      :false
02-05 17:42:42.286 17788 17812 V Settings:com.android.settings.framework.flag.feature.HtcDisplayFeatureFlags: [supportHomeButton]support         :false
02-05 17:42:42.286 17788 17812 E Settings:HtcUmcWidgetEnabler: isSupportMusicChannel(): false
02-05 17:42:42.286 17788 17812 V Settings:HtcEntryManager: [17788/17812] << refresh()
02-05 17:42:42.286 17788 17812 V Settings:HtcEntryManager: [17788/17812] << asyncLoadingAllWrapHeaders$.run()
02-05 17:42:42.296  2189  2189 V Perf    : com.google.android.gms.icing.service.IndexWorkerService@fdc9655 onDestroy, 0ms
02-05 17:42:42.296   992  1261 D PMS     : releaseWL(1080633d): PARTIAL_WAKE_LOCK  Icing 0x1 null
02-05 17:42:42.296   992  1261 D HtcPMSExtension: isAMOLED: false
02-05 17:42:42.296   992  1261 D PMS     : updateUserActivitySummaryLocked: mWakefulness=Awake, mUserActivitySummary=0x1,23805816,1,7000,3600000, nextTimeout=27397901 (in 3592084 ms)
02-05 17:42:42.296   992  1515 V ActivityManager: stopService: Intent { act=com.google.android.gms.icing.START_STICKY cmp=com.google.android.gms/.icing.service.IndexWorkerService } type=null pid=2189
02-05 17:42:42.296   992  1513 V ActivityManager: startService: Intent { act=com.google.android.gms.icing.START_STICKY cmp=com.google.android.gms/.icing.service.IndexWorkerService } type=null args=null pid=2189
02-05 17:42:42.306  2189  2189 V Perf    : com.google.android.gms.icing.service.IndexWorkerService@1e23b0d onCreate, 0ms
02-05 17:42:42.306  2189  2189 V Perf    : com.google.android.gms.icing.service.IndexWorkerService@1e23b0d onStartCommand:act=com.google.android.gms.icing.START_STICKY, 0ms
02-05 17:42:42.306   992  1553 D PMS     : acquireWL(11c2dfa9): PARTIAL_WAKE_LOCK  Icing 0x1 2189 10025 null
02-05 17:42:42.306   992  1553 D HtcPMSExtension: isAMOLED: false
02-05 17:42:42.306   992  1553 D PMS     : updateUserActivitySummaryLocked: mWakefulness=Awake, mUserActivitySummary=0x1,23805820,1,7000,3600000, nextTimeout=27397901 (in 3592081 ms)
02-05 17:42:42.326  2189  2189 V Perf    : com.google.android.gms.icing.service.IndexWorkerService@1e23b0d onDestroy, 0ms
02-05 17:42:42.326  2189  2189 V Perf    : com.google.android.gms.icing.service.IndexWorkerService@296620d3 onCreate, 0ms
02-05 17:42:42.326  2189  2189 V Perf    : com.google.android.gms.icing.service.IndexWorkerService@296620d3 onStartCommand:act=com.google.android.gms.icing.START_STICKY, 0ms
02-05 17:42:42.326   992  1267 D PMS     : releaseWL(11c2dfa9): PARTIAL_WAKE_LOCK  Icing 0x1 null
02-05 17:42:42.326   992  1267 D HtcPMSExtension: isAMOLED: false
02-05 17:42:42.326   992  1267 D PMS     : updateUserActivitySummaryLocked: mWakefulness=Awake, mUserActivitySummary=0x1,23805842,1,7000,3600000, nextTimeout=27397901 (in 3592059 ms)
02-05 17:42:42.326   992  1009 V ActivityManager: stopService: Intent { act=com.google.android.gms.icing.START_STICKY cmp=com.google.android.gms/.icing.service.IndexWorkerService } type=null pid=2189
02-05 17:42:42.326   992  2223 V ActivityManager: startService: Intent { act=com.google.android.gms.icing.START_STICKY cmp=com.google.android.gms/.icing.service.IndexWorkerService } type=null args=null pid=2189
02-05 17:42:42.326   992  1584 D PMS     : acquireWL(32477ccf): PARTIAL_WAKE_LOCK  Icing 0x1 2189 10025 null
02-05 17:42:42.326   992  1584 D HtcPMSExtension: isAMOLED: false
02-05 17:42:42.326   992  1584 D PMS     : updateUserActivitySummaryLocked: mWakefulness=Awake, mUserActivitySummary=0x1,23805846,1,7000,3600000, nextTimeout=27397901 (in 3592055 ms)
02-05 17:42:42.346  2189  2189 V Perf    : com.google.android.gms.icing.service.IndexWorkerService@296620d3 onDestroy, 0ms
02-05 17:42:42.346  2189  2189 V Perf    : com.google.android.gms.icing.service.IndexWorkerService@2a047b09 onCreate, 0ms
02-05 17:42:42.346  2189  2189 V Perf    : com.google.android.gms.icing.service.IndexWorkerService@2a047b09 onStartCommand:act=com.google.android.gms.icing.START_STICKY, 0ms
02-05 17:42:42.346  2189  2189 V Perf    : com.google.android.gms.icing.service.IndexWorkerService@2a047b09 onDestroy, 0ms
02-05 17:42:42.346   992  1513 D PMS     : releaseWL(32477ccf): PARTIAL_WAKE_LOCK  Icing 0x1 null
02-05 17:42:42.346   992  1513 D HtcPMSExtension: isAMOLED: false
02-05 17:42:42.346   992  1513 D PMS     : updateUserActivitySummaryLocked: mWakefulness=Awake, mUserActivitySummary=0x1,23805862,1,7000,3600000, nextTimeout=27397901 (in 3592039 ms)
02-05 17:42:42.346   992  2226 V ActivityManager: stopService: Intent { act=com.google.android.gms.icing.START_STICKY cmp=com.google.android.gms/.icing.service.IndexWorkerService } type=null pid=2189
02-05 17:42:42.346   992  1009 V ActivityManager: startService: Intent { act=com.google.android.gms.icing.START_STICKY cmp=com.google.android.gms/.icing.service.IndexWorkerService } type=null args=null pid=2189
02-05 17:42:42.346   992  2223 D PMS     : acquireWL(d40cd65): PARTIAL_WAKE_LOCK  Icing 0x1 2189 10025 null
02-05 17:42:42.346   992  2223 D HtcPMSExtension: isAMOLED: false
02-05 17:42:42.346   992  2223 D PMS     : updateUserActivitySummaryLocked: mWakefulness=Awake, mUserActivitySummary=0x1,23805865,1,7000,3600000, nextTimeout=27397901 (in 3592036 ms)
02-05 17:42:42.346   992  1008 D PMS     : releaseWL(d40cd65): PARTIAL_WAKE_LOCK  Icing 0x1 null
02-05 17:42:42.346   992  1008 D HtcPMSExtension: isAMOLED: false
02-05 17:42:42.346   992  1008 D PMS     : updateUserActivitySummaryLocked: mWakefulness=Awake, mUserActivitySummary=0x1,23805868,1,7000,3600000, nextTimeout=27397901 (in 3592033 ms)
02-05 17:42:42.346   992  1557 V ActivityManager: stopService: Intent { act=com.google.android.gms.icing.START_STICKY cmp=com.google.android.gms/.icing.service.IndexWorkerService } type=null pid=2189
02-05 17:42:42.346   992  1261 V ActivityManager: startService: Intent { act=com.google.android.gms.icing.START_STICKY cmp=com.google.android.gms/.icing.service.IndexWorkerService } type=null args=null pid=2189
02-05 17:42:42.356  2189  2189 V Perf    : com.google.android.gms.icing.service.IndexWorkerService@2f67f72f onCreate, 0ms
02-05 17:42:42.356  2189  2189 V Perf    : com.google.android.gms.icing.service.IndexWorkerService@2f67f72f onStartCommand:act=com.google.android.gms.icing.START_STICKY, 0ms
02-05 17:42:42.356  2189  2189 V Perf    : com.google.android.gms.icing.service.IndexWorkerService@2f67f72f onDestroy, 0ms
02-05 17:42:42.356   992  1090 D InputReader: get power keycode
02-05 17:42:42.356   992  1090 D InputReader: Input event: device=0 type=0x0001 code=0x0074 value=0x00000001 when=23805875511000
02-05 17:42:42.356   992  1090 D InputDispatcher: notifyK-evT=23805875,dev=0,src=0x101,ac=0x0,key=0x1a,meta=0x0,downT=23805875
02-05 17:42:42.356   992  1090 D InputDispatcher: ActualScreenOn=1
02-05 17:42:42.356   992  1090 D InputDispatcher: interceptKeyTq key=26,interactive=1,keyguard=0,policy=0x22000008,isWakeKey=1,repeat=0
02-05 17:42:42.356   614   978 D STT:dumpstate: fds #1 got EV_KEY, type = 1, code=116, value=1
02-05 17:42:42.356   614 17825 D STT:dumpstate: trigger power key begin
02-05 17:42:42.356  2189  2189 V Perf    : com.google.android.gms.icing.service.IndexWorkerService@19f0bec5 onCreate, 0ms
02-05 17:42:42.356   992  1090 D InputManager-JNI: interceptQueue wmA=0,pFlags=0x22000008
02-05 17:42:42.356  2189  2189 V Perf    : com.google.android.gms.icing.service.IndexWorkerService@19f0bec5 onStartCommand:act=com.google.android.gms.icing.START_STICKY, 0ms
02-05 17:42:42.356   992   992 E WifiTrafficPoller: TRAFFIC_STATS_POLL true Token 1241 num clients 15
02-05 17:42:42.356   992   992 E WifiTrafficPoller:  packet count Tx=783354 Rx=166361
02-05 17:42:42.356   992   992 E WifiTrafficPoller: notifying of data activity 3
02-05 17:42:42.356   992  1553 D PMS     : acquireWL(2e916eb): PARTIAL_WAKE_LOCK  Icing 0x1 2189 10025 null
02-05 17:42:42.356   992  1553 D PMS     : updatePSL(0x1,true) (repeat:10)
02-05 17:42:42.356   992  1553 D HtcPMSExtension: isAMOLED: false
02-05 17:42:42.356   992  1553 D PMS     : updateUserActivitySummaryLocked: mWakefulness=Awake, mUserActivitySummary=0x1,23805871,1,7000,3600000, nextTimeout=27397901 (in 3592030 ms)
